Starting Dapr with id inventory-service. HTTP Port: 3507. gRPC Port: 50016
Updating metadata for cliPID: 76384
time="2025-09-23T14:20:45.327754-05:00" level=info msg="Starting Dapr Runtime -- version 1.16.0 -- commit b68296042c975d4ede1ed93ec6b0a579c2b6a020" app_id=inventory-service instance=Cassandras-MacBook-Pro.local scope=dapr.runtime type=log ver=1.16.0
time="2025-09-23T14:20:45.327787-05:00" level=info msg="Log level set to: info" app_id=inventory-service instance=Cassandras-MacBook-Pro.local scope=dapr.runtime type=log ver=1.16.0
time="2025-09-23T14:20:45.327884-05:00" level=warning msg="mTLS is disabled. Skipping certificate request and tls validation" app_id=inventory-service instance=Cassandras-MacBook-Pro.local scope=dapr.runtime.security type=log ver=1.16.0
time="2025-09-23T14:20:45.328219-05:00" level=info msg="Enabled features: SchedulerReminders" app_id=inventory-service instance=Cassandras-MacBook-Pro.local scope=dapr.runtime type=log ver=1.16.0
time="2025-09-23T14:20:45.328274-05:00" level=info msg="metric spec: {\"enabled\":true}" app_id=inventory-service instance=Cassandras-MacBook-Pro.local scope=dapr.runtime.diagnostics type=log ver=1.16.0
time="2025-09-23T14:20:45.328293-05:00" level=info msg="Using default latency distribution buckets: [1 2 3 4 5 6 8 10 13 16 20 25 30 40 50 65 80 100 130 160 200 250 300 400 500 650 800 1000 2000 5000 10000 20000 50000 100000]" app_id=inventory-service instance=Cassandras-MacBook-Pro.local scope=dapr.runtime.diagnostics type=log ver=1.16.0
time="2025-09-23T14:20:45.328346-05:00" level=warning msg="The default value for 'spec.metric.http.increasedCardinality' will change to 'false' in Dapr 1.15 or later" app_id=inventory-service instance=Cassandras-MacBook-Pro.local scope=dapr.runtime.diagnostics type=log ver=1.16.0
time="2025-09-23T14:20:45.328639-05:00" level=info msg="standalone mode configured" app_id=inventory-service instance=Cassandras-MacBook-Pro.local scope=dapr.runtime type=log ver=1.16.0
time="2025-09-23T14:20:45.328682-05:00" level=info msg="app id: inventory-service" app_id=inventory-service instance=Cassandras-MacBook-Pro.local scope=dapr.runtime type=log ver=1.16.0
time="2025-09-23T14:20:45.328792-05:00" level=info msg="metrics server started on 0.0.0.0:54475/" app_id=inventory-service instance=Cassandras-MacBook-Pro.local scope=dapr.runtime type=log ver=1.16.0
time="2025-09-23T14:20:45.328826-05:00" level=info msg="Dapr trace sampler initialized: ParentBased{root:AlwaysOnSampler,remoteParentSampled:AlwaysOnSampler,remoteParentNotSampled:AlwaysOffSampler,localParentSampled:AlwaysOnSampler,localParentNotSampled:AlwaysOffSampler}" app_id=inventory-service instance=Cassandras-MacBook-Pro.local scope=dapr.runtime type=log ver=1.16.0
time="2025-09-23T14:20:45.329109-05:00" level=info msg="local service entry announced: inventory-service -> 172.16.73.126:54476" app_id=inventory-service component="nr (mdns/v1)" instance=Cassandras-MacBook-Pro.local scope=dapr.contrib type=log ver=1.16.0
time="2025-09-23T14:20:45.329127-05:00" level=info msg="Initialized name resolution to mdns" app_id=inventory-service instance=Cassandras-MacBook-Pro.local scope=dapr.runtime type=log ver=1.16.0
time="2025-09-23T14:20:45.329203-05:00" level=info msg="Loading components…" app_id=inventory-service instance=Cassandras-MacBook-Pro.local scope=dapr.runtime type=log ver=1.16.0
time="2025-09-23T14:20:45.329427-05:00" level=info msg="Waiting for all outstanding components to be processed…" app_id=inventory-service instance=Cassandras-MacBook-Pro.local scope=dapr.runtime type=log ver=1.16.0
time="2025-09-23T14:20:45.332085-05:00" level=info msg="Connected and received scheduler hosts addresses: [localhost:50006]" app_id=inventory-service instance=Cassandras-MacBook-Pro.local scope=dapr.runtime.scheduler.watchhosts type=log ver=1.16.0
time="2025-09-23T14:20:45.332178-05:00" level=info msg="Scheduler client initialized for address: localhost:50006" app_id=inventory-service instance=Cassandras-MacBook-Pro.local scope=dapr.runtime.scheduler.clients type=log ver=1.16.0
time="2025-09-23T14:20:45.332197-05:00" level=info msg="Scheduler clients initialized" app_id=inventory-service instance=Cassandras-MacBook-Pro.local scope=dapr.runtime.scheduler.clients type=log ver=1.16.0
time="2025-09-23T14:20:45.336335-05:00" level=info msg="Using 'statestore' as actor state store" app_id=inventory-service instance=Cassandras-MacBook-Pro.local scope=dapr.runtime.processor.state type=log ver=1.16.0
time="2025-09-23T14:20:45.336365-05:00" level=info msg="Component loaded: statestore (state.redis/v1)" app_id=inventory-service instance=Cassandras-MacBook-Pro.local scope=dapr.runtime.processor type=log ver=1.16.0
time="2025-09-23T14:20:45.336377-05:00" level=info msg="All outstanding components processed" app_id=inventory-service instance=Cassandras-MacBook-Pro.local scope=dapr.runtime type=log ver=1.16.0
time="2025-09-23T14:20:45.336383-05:00" level=info msg="Loading endpoints…" app_id=inventory-service instance=Cassandras-MacBook-Pro.local scope=dapr.runtime type=log ver=1.16.0
time="2025-09-23T14:20:45.336486-05:00" level=info msg="Waiting for all outstanding http endpoints to be processed…" app_id=inventory-service instance=Cassandras-MacBook-Pro.local scope=dapr.runtime type=log ver=1.16.0
time="2025-09-23T14:20:45.336496-05:00" level=info msg="All outstanding http endpoints processed" app_id=inventory-service instance=Cassandras-MacBook-Pro.local scope=dapr.runtime type=log ver=1.16.0
time="2025-09-23T14:20:45.336501-05:00" level=info msg="Loading Declarative Subscriptions…" app_id=inventory-service instance=Cassandras-MacBook-Pro.local scope=dapr.runtime type=log ver=1.16.0
time="2025-09-23T14:20:45.336707-05:00" level=info msg="gRPC server listening on TCP address: :50016" app_id=inventory-service instance=Cassandras-MacBook-Pro.local scope=dapr.runtime.grpc.api type=log ver=1.16.0
time="2025-09-23T14:20:45.33672-05:00" level=info msg="Enabled gRPC tracing middleware" app_id=inventory-service instance=Cassandras-MacBook-Pro.local scope=dapr.runtime.grpc.api type=log ver=1.16.0
time="2025-09-23T14:20:45.336725-05:00" level=info msg="Enabled gRPC metrics middleware" app_id=inventory-service instance=Cassandras-MacBook-Pro.local scope=dapr.runtime.grpc.api type=log ver=1.16.0
time="2025-09-23T14:20:45.336766-05:00" level=info msg="Registering workflow engine for gRPC endpoint: [::]:50016" app_id=inventory-service instance=Cassandras-MacBook-Pro.local scope=dapr.runtime.grpc.api type=log ver=1.16.0
time="2025-09-23T14:20:45.336784-05:00" level=info msg="API gRPC server is running on port 50016" app_id=inventory-service instance=Cassandras-MacBook-Pro.local scope=dapr.runtime type=log ver=1.16.0
time="2025-09-23T14:20:45.336798-05:00" level=warning msg="The default value for 'spec.metric.http.increasedCardinality' will change to 'false' in Dapr 1.15 or later" app_id=inventory-service instance=Cassandras-MacBook-Pro.local scope=dapr.runtime.http type=log ver=1.16.0
time="2025-09-23T14:20:45.336839-05:00" level=info msg="Enabled max body size HTTP middleware with size 4194304 bytes" app_id=inventory-service instance=Cassandras-MacBook-Pro.local scope=dapr.runtime.http type=log ver=1.16.0
time="2025-09-23T14:20:45.336844-05:00" level=info msg="Enabled tracing HTTP middleware" app_id=inventory-service instance=Cassandras-MacBook-Pro.local scope=dapr.runtime.http type=log ver=1.16.0
time="2025-09-23T14:20:45.336849-05:00" level=info msg="Enabled metrics HTTP middleware" app_id=inventory-service instance=Cassandras-MacBook-Pro.local scope=dapr.runtime.http type=log ver=1.16.0
time="2025-09-23T14:20:45.337029-05:00" level=info msg="HTTP server listening on TCP address: :3507" app_id=inventory-service instance=Cassandras-MacBook-Pro.local scope=dapr.runtime.http type=log ver=1.16.0
time="2025-09-23T14:20:45.337053-05:00" level=info msg="HTTP server is running on port 3507" app_id=inventory-service instance=Cassandras-MacBook-Pro.local scope=dapr.runtime type=log ver=1.16.0
time="2025-09-23T14:20:45.33706-05:00" level=info msg="The request body size parameter is: 4194304 bytes" app_id=inventory-service instance=Cassandras-MacBook-Pro.local scope=dapr.runtime type=log ver=1.16.0
time="2025-09-23T14:20:45.337097-05:00" level=info msg="gRPC server listening on TCP address: :54476" app_id=inventory-service instance=Cassandras-MacBook-Pro.local scope=dapr.runtime.grpc.internal type=log ver=1.16.0
time="2025-09-23T14:20:45.337106-05:00" level=info msg="Enabled gRPC tracing middleware" app_id=inventory-service instance=Cassandras-MacBook-Pro.local scope=dapr.runtime.grpc.internal type=log ver=1.16.0
time="2025-09-23T14:20:45.337111-05:00" level=info msg="Enabled gRPC metrics middleware" app_id=inventory-service instance=Cassandras-MacBook-Pro.local scope=dapr.runtime.grpc.internal type=log ver=1.16.0
time="2025-09-23T14:20:45.337132-05:00" level=info msg="Internal gRPC server is running on :54476" app_id=inventory-service instance=Cassandras-MacBook-Pro.local scope=dapr.runtime type=log ver=1.16.0
time="2025-09-23T14:20:45.337189-05:00" level=info msg="Using Scheduler service for reminders." app_id=inventory-service instance=Cassandras-MacBook-Pro.local scope=dapr.runtime.actor.reminders.scheduler type=log ver=1.16.0
time="2025-09-23T14:20:45.337204-05:00" level=info msg="application protocol: http. waiting on port 50003.  This will block until the app is listening on that port." app_id=inventory-service instance=Cassandras-MacBook-Pro.local scope=dapr.runtime type=log ver=1.16.0
time="2025-09-23T14:20:45.337225-05:00" level=info msg="Actor runtime started" app_id=inventory-service instance=Cassandras-MacBook-Pro.local scope=dapr.runtime.actor type=log ver=1.16.0
time="2025-09-23T14:20:45.337238-05:00" level=info msg="worker started with backend dapr.actors/v1" app_id=inventory-service instance=Cassandras-MacBook-Pro.local scope=dapr.wfengine.durabletask.backend type=log ver=1.16.0
time="2025-09-23T14:20:45.337256-05:00" level=warning msg="Graceful shutdown timeout is infinite, will wait indefinitely to shutdown" app_id=inventory-service instance=Cassandras-MacBook-Pro.local scope=dapr.runtime.actor type=log ver=1.16.0
time="2025-09-23T14:20:45.337278-05:00" level=info msg="Workflow engine started" app_id=inventory-service instance=Cassandras-MacBook-Pro.local scope=dapr.runtime.wfengine type=log ver=1.16.0
time="2025-09-23T14:20:45.438689-05:00" level=info msg="application discovered on port 50003" app_id=inventory-service instance=Cassandras-MacBook-Pro.local scope=dapr.runtime type=log ver=1.16.0
time="2025-09-23T14:20:45.445224-05:00" level=info msg="Application configuration loaded" app_id=inventory-service instance=Cassandras-MacBook-Pro.local scope=dapr.runtime type=log ver=1.16.0
time="2025-09-23T14:20:45.44525-05:00" level=info msg="Registering hosted actors: []" app_id=inventory-service instance=Cassandras-MacBook-Pro.local scope=dapr.runtime.actor type=log ver=1.16.0
time="2025-09-23T14:20:45.445263-05:00" level=info msg="dapr initialized. Status: Running. Init Elapsed 116ms" app_id=inventory-service instance=Cassandras-MacBook-Pro.local scope=dapr.runtime type=log ver=1.16.0
time="2025-09-23T14:20:45.445326-05:00" level=info msg="Reporting actor types: []" app_id=inventory-service instance=Cassandras-MacBook-Pro.local scope=dapr.runtime.actors.placement type=log ver=1.16.0
time="2025-09-23T14:20:45.44538-05:00" level=info msg="Scheduler stream connected for [JOB_TARGET_TYPE_JOB]" app_id=inventory-service instance=Cassandras-MacBook-Pro.local scope=dapr.runtime.scheduler.cluster type=log ver=1.16.0
time="2025-09-23T14:20:45.445379-05:00" level=info msg="Connected to placement localhost:50005" app_id=inventory-service instance=Cassandras-MacBook-Pro.local scope=dapr.runtime.actors.placement.client.connector.static type=log ver=1.16.0
time="2025-09-23T14:20:45.445387-05:00" level=info msg="Scheduler stream connected for [JOB_TARGET_TYPE_JOB]" app_id=inventory-service instance=Cassandras-MacBook-Pro.local scope=dapr.runtime.scheduler.cluster type=log ver=1.16.0
time="2025-09-23T14:20:45.445387-05:00" level=info msg="Scheduler stream connected for [JOB_TARGET_TYPE_JOB]" app_id=inventory-service instance=Cassandras-MacBook-Pro.local scope=dapr.runtime.scheduler.cluster type=log ver=1.16.0
time="2025-09-23T14:20:45.447556-05:00" level=info msg="Connected to placement localhost:50005" app_id=inventory-service instance=Cassandras-MacBook-Pro.local scope=dapr.runtime.actors.placement.client type=log ver=1.16.0
time="2025-09-23T14:20:45.44949-05:00" level=info msg="Placement tables updated, version: 50" app_id=inventory-service instance=Cassandras-MacBook-Pro.local scope=dapr.runtime.actors.placement type=log ver=1.16.0
time="2025-09-23T14:20:45.449512-05:00" level=info msg="Running actor reminder migration from state store to scheduler" app_id=inventory-service instance=Cassandras-MacBook-Pro.local scope=dapr.runtime.actors.reminders.migration type=log ver=1.16.0
time="2025-09-23T14:20:45.44952-05:00" level=info msg="Skipping migration, no missing scheduler reminders found" app_id=inventory-service instance=Cassandras-MacBook-Pro.local scope=dapr.runtime.actors.reminders.migration type=log ver=1.16.0
time="2025-09-23T14:20:45.449524-05:00" level=info msg="Found 0 missing scheduler reminders from state store" app_id=inventory-service instance=Cassandras-MacBook-Pro.local scope=dapr.runtime.actors.reminders.migration type=log ver=1.16.0
time="2025-09-23T14:20:45.449529-05:00" level=info msg="Migrated 0 reminders from state store to scheduler successfully" app_id=inventory-service instance=Cassandras-MacBook-Pro.local scope=dapr.runtime.actors.reminders.migration type=log ver=1.16.0
time="2025-09-23T14:20:45.649309-05:00" level=info msg="work item stream established by user-agent: [dapr-sdk-java/v1.16.0 grpc-java-netty/1.69.0]" app_id=inventory-service instance=Cassandras-MacBook-Pro.local scope=dapr.runtime.wfengine type=log ver=1.16.0
time="2025-09-23T14:20:45.649381-05:00" level=info msg="Updating actor types: [dapr.internal.default.inventory-service.workflow dapr.internal.default.inventory-service.activity]" app_id=inventory-service instance=Cassandras-MacBook-Pro.local scope=dapr.runtime.actors.placement type=log ver=1.16.0
time="2025-09-23T14:20:45.649441-05:00" level=info msg="Scheduler stream disconnected" app_id=inventory-service instance=Cassandras-MacBook-Pro.local scope=dapr.runtime.scheduler.cluster type=log ver=1.16.0
time="2025-09-23T14:20:45.649444-05:00" level=info msg="Scheduler stream disconnected" app_id=inventory-service instance=Cassandras-MacBook-Pro.local scope=dapr.runtime.scheduler.cluster type=log ver=1.16.0
time="2025-09-23T14:20:45.64945-05:00" level=info msg="Scheduler stream disconnected" app_id=inventory-service instance=Cassandras-MacBook-Pro.local scope=dapr.runtime.scheduler.cluster type=log ver=1.16.0
time="2025-09-23T14:20:45.649532-05:00" level=info msg="Scheduler stream connected for [JOB_TARGET_TYPE_JOB]" app_id=inventory-service instance=Cassandras-MacBook-Pro.local scope=dapr.runtime.scheduler.cluster type=log ver=1.16.0
time="2025-09-23T14:20:45.649532-05:00" level=info msg="Scheduler stream connected for [JOB_TARGET_TYPE_JOB]" app_id=inventory-service instance=Cassandras-MacBook-Pro.local scope=dapr.runtime.scheduler.cluster type=log ver=1.16.0
time="2025-09-23T14:20:45.649538-05:00" level=info msg="Scheduler stream connected for [JOB_TARGET_TYPE_JOB]" app_id=inventory-service instance=Cassandras-MacBook-Pro.local scope=dapr.runtime.scheduler.cluster type=log ver=1.16.0
Updating metadata for app command: java -jar target/inventory-service-1.0.0.jar
Updating metadata for appPID: 76456
You're up and running! Dapr logs will appear here.

time="2025-09-23T14:20:49.185824-05:00" level=info msg="Placement tables updated, version: 52" app_id=inventory-service instance=Cassandras-MacBook-Pro.local scope=dapr.runtime.actors.placement type=log ver=1.16.0
time="2025-09-23T14:20:49.185955-05:00" level=info msg="Running actor reminder migration from state store to scheduler" app_id=inventory-service instance=Cassandras-MacBook-Pro.local scope=dapr.runtime.actors.reminders.migration type=log ver=1.16.0
time="2025-09-23T14:20:49.186218-05:00" level=info msg="Scheduler stream disconnected" app_id=inventory-service instance=Cassandras-MacBook-Pro.local scope=dapr.runtime.scheduler.cluster type=log ver=1.16.0
time="2025-09-23T14:20:49.18628-05:00" level=info msg="Scheduler stream disconnected" app_id=inventory-service instance=Cassandras-MacBook-Pro.local scope=dapr.runtime.scheduler.cluster type=log ver=1.16.0
time="2025-09-23T14:20:49.186304-05:00" level=info msg="Scheduler stream disconnected" app_id=inventory-service instance=Cassandras-MacBook-Pro.local scope=dapr.runtime.scheduler.cluster type=log ver=1.16.0
time="2025-09-23T14:20:49.186455-05:00" level=info msg="Scheduler stream connected for [JOB_TARGET_TYPE_JOB JOB_TARGET_TYPE_ACTOR_REMINDER]" app_id=inventory-service instance=Cassandras-MacBook-Pro.local scope=dapr.runtime.scheduler.cluster type=log ver=1.16.0
time="2025-09-23T14:20:49.186527-05:00" level=info msg="Scheduler stream connected for [JOB_TARGET_TYPE_JOB JOB_TARGET_TYPE_ACTOR_REMINDER]" app_id=inventory-service instance=Cassandras-MacBook-Pro.local scope=dapr.runtime.scheduler.cluster type=log ver=1.16.0
time="2025-09-23T14:20:49.186632-05:00" level=info msg="Scheduler stream connected for [JOB_TARGET_TYPE_JOB JOB_TARGET_TYPE_ACTOR_REMINDER]" app_id=inventory-service instance=Cassandras-MacBook-Pro.local scope=dapr.runtime.scheduler.cluster type=log ver=1.16.0
time="2025-09-23T14:20:49.196517-05:00" level=info msg="Skipping migration, no missing scheduler reminders found" app_id=inventory-service instance=Cassandras-MacBook-Pro.local scope=dapr.runtime.actors.reminders.migration type=log ver=1.16.0
time="2025-09-23T14:20:49.196606-05:00" level=info msg="Found 0 missing scheduler reminders from state store" app_id=inventory-service instance=Cassandras-MacBook-Pro.local scope=dapr.runtime.actors.reminders.migration type=log ver=1.16.0
time="2025-09-23T14:20:49.196628-05:00" level=info msg="Migrated 0 reminders from state store to scheduler successfully" app_id=inventory-service instance=Cassandras-MacBook-Pro.local scope=dapr.runtime.actors.reminders.migration type=log ver=1.16.0
time="2025-09-23T14:23:05.272525-05:00" level=info msg="Received signal 'interrupt'; beginning shutdown" app_id=inventory-service instance=Cassandras-MacBook-Pro.local scope=dapr.signals type=log ver=1.16.0
time="2025-09-23T14:23:05.274765-05:00" level=info msg="backend stopping..." app_id=inventory-service instance=Cassandras-MacBook-Pro.local scope=dapr.wfengine.durabletask.backend type=log ver=1.16.0
time="2025-09-23T14:23:05.274817-05:00" level=info msg="workers stopping and draining..." app_id=inventory-service instance=Cassandras-MacBook-Pro.local scope=dapr.wfengine.durabletask.backend type=log ver=1.16.0
time="2025-09-23T14:23:05.275053-05:00" level=info msg="orchestration-processor: worker stopped" app_id=inventory-service instance=Cassandras-MacBook-Pro.local scope=dapr.wfengine.durabletask.backend type=log ver=1.16.0
time="2025-09-23T14:23:05.275104-05:00" level=info msg="activity-processor: worker stopped" app_id=inventory-service instance=Cassandras-MacBook-Pro.local scope=dapr.wfengine.durabletask.backend type=log ver=1.16.0
time="2025-09-23T14:23:05.275151-05:00" level=info msg="Actor runtime shutting down" app_id=inventory-service instance=Cassandras-MacBook-Pro.local scope=dapr.runtime.actor type=log ver=1.16.0
time="2025-09-23T14:23:05.275251-05:00" level=error msg="Error communicating with placement: rpc error: code = Canceled desc = context canceled" app_id=inventory-service instance=Cassandras-MacBook-Pro.local scope=dapr.runtime.actors.placement.client type=log ver=1.16.0
time="2025-09-23T14:23:05.275365-05:00" level=info msg="Scheduler stream disconnected" app_id=inventory-service instance=Cassandras-MacBook-Pro.local scope=dapr.runtime.scheduler.cluster type=log ver=1.16.0
time="2025-09-23T14:23:05.275408-05:00" level=info msg="Scheduler stream disconnected" app_id=inventory-service instance=Cassandras-MacBook-Pro.local scope=dapr.runtime.scheduler.cluster type=log ver=1.16.0

termination signal received: shutting down
time="2025-09-23T14:23:05.275454-05:00" level=info msg="Scheduler stream disconnected" app_id=inventory-service instance=Cassandras-MacBook-Pro.local scope=dapr.runtime.scheduler.cluster type=log ver=1.16.0
time="2025-09-23T14:23:05.275634-05:00" level=info msg="finished stopping and draining workers!" app_id=inventory-service instance=Cassandras-MacBook-Pro.local scope=dapr.wfengine.durabletask.backend type=log ver=1.16.0
time="2025-09-23T14:23:05.275666-05:00" level=info msg="Workflow engine stopped" app_id=inventory-service instance=Cassandras-MacBook-Pro.local scope=dapr.runtime.wfengine type=log ver=1.16.0
Exited Dapr successfully
Exited App successfully
time="2025-09-23T14:23:05.27672-05:00" level=info msg="Actor runtime stopped" app_id=inventory-service instance=Cassandras-MacBook-Pro.local scope=dapr.runtime.actor type=log ver=1.16.0
