Starting Dapr with id inventory-service. HTTP Port: 3507. gRPC Port: 50016
Updating metadata for cliPID: 56303
time="2025-09-25T10:33:55.451089-05:00" level=info msg="Starting Dapr Runtime -- version 1.16.0 -- commit b68296042c975d4ede1ed93ec6b0a579c2b6a020" app_id=inventory-service instance=Mac-45.lan scope=dapr.runtime type=log ver=1.16.0
time="2025-09-25T10:33:55.45113-05:00" level=info msg="Log level set to: info" app_id=inventory-service instance=Mac-45.lan scope=dapr.runtime type=log ver=1.16.0
time="2025-09-25T10:33:55.451861-05:00" level=warning msg="mTLS is disabled. Skipping certificate request and tls validation" app_id=inventory-service instance=Mac-45.lan scope=dapr.runtime.security type=log ver=1.16.0
time="2025-09-25T10:33:55.452308-05:00" level=info msg="Enabled features: SchedulerReminders" app_id=inventory-service instance=Mac-45.lan scope=dapr.runtime type=log ver=1.16.0
time="2025-09-25T10:33:55.452396-05:00" level=info msg="metric spec: {\"enabled\":true}" app_id=inventory-service instance=Mac-45.lan scope=dapr.runtime.diagnostics type=log ver=1.16.0
time="2025-09-25T10:33:55.452428-05:00" level=info msg="Using default latency distribution buckets: [1 2 3 4 5 6 8 10 13 16 20 25 30 40 50 65 80 100 130 160 200 250 300 400 500 650 800 1000 2000 5000 10000 20000 50000 100000]" app_id=inventory-service instance=Mac-45.lan scope=dapr.runtime.diagnostics type=log ver=1.16.0
time="2025-09-25T10:33:55.452527-05:00" level=warning msg="The default value for 'spec.metric.http.increasedCardinality' will change to 'false' in Dapr 1.15 or later" app_id=inventory-service instance=Mac-45.lan scope=dapr.runtime.diagnostics type=log ver=1.16.0
time="2025-09-25T10:33:55.452875-05:00" level=info msg="standalone mode configured" app_id=inventory-service instance=Mac-45.lan scope=dapr.runtime type=log ver=1.16.0
time="2025-09-25T10:33:55.452889-05:00" level=info msg="app id: inventory-service" app_id=inventory-service instance=Mac-45.lan scope=dapr.runtime type=log ver=1.16.0
time="2025-09-25T10:33:55.453024-05:00" level=info msg="Dapr trace sampler initialized: ParentBased{root:AlwaysOnSampler,remoteParentSampled:AlwaysOnSampler,remoteParentNotSampled:AlwaysOffSampler,localParentSampled:AlwaysOnSampler,localParentNotSampled:AlwaysOffSampler}" app_id=inventory-service instance=Mac-45.lan scope=dapr.runtime type=log ver=1.16.0
time="2025-09-25T10:33:55.453078-05:00" level=info msg="metrics server started on 0.0.0.0:64395/" app_id=inventory-service instance=Mac-45.lan scope=dapr.runtime type=log ver=1.16.0
time="2025-09-25T10:33:55.45332-05:00" level=info msg="local service entry announced: inventory-service -> 192.168.1.82:64396" app_id=inventory-service component="nr (mdns/v1)" instance=Mac-45.lan scope=dapr.contrib type=log ver=1.16.0
time="2025-09-25T10:33:55.453344-05:00" level=info msg="Initialized name resolution to mdns" app_id=inventory-service instance=Mac-45.lan scope=dapr.runtime type=log ver=1.16.0
time="2025-09-25T10:33:55.45346-05:00" level=info msg="Loading components…" app_id=inventory-service instance=Mac-45.lan scope=dapr.runtime type=log ver=1.16.0
time="2025-09-25T10:33:55.453944-05:00" level=info msg="Waiting for all outstanding components to be processed…" app_id=inventory-service instance=Mac-45.lan scope=dapr.runtime type=log ver=1.16.0
time="2025-09-25T10:33:55.458281-05:00" level=info msg="Connected and received scheduler hosts addresses: [localhost:50006]" app_id=inventory-service instance=Mac-45.lan scope=dapr.runtime.scheduler.watchhosts type=log ver=1.16.0
time="2025-09-25T10:33:55.458403-05:00" level=info msg="Scheduler client initialized for address: localhost:50006" app_id=inventory-service instance=Mac-45.lan scope=dapr.runtime.scheduler.clients type=log ver=1.16.0
time="2025-09-25T10:33:55.458416-05:00" level=info msg="Scheduler clients initialized" app_id=inventory-service instance=Mac-45.lan scope=dapr.runtime.scheduler.clients type=log ver=1.16.0
time="2025-09-25T10:33:55.460257-05:00" level=info msg="Using 'statestore' as actor state store" app_id=inventory-service instance=Mac-45.lan scope=dapr.runtime.processor.state type=log ver=1.16.0
time="2025-09-25T10:33:55.460314-05:00" level=info msg="Component loaded: statestore (state.redis/v1)" app_id=inventory-service instance=Mac-45.lan scope=dapr.runtime.processor type=log ver=1.16.0
time="2025-09-25T10:33:55.460342-05:00" level=info msg="All outstanding components processed" app_id=inventory-service instance=Mac-45.lan scope=dapr.runtime type=log ver=1.16.0
time="2025-09-25T10:33:55.46035-05:00" level=info msg="Loading endpoints…" app_id=inventory-service instance=Mac-45.lan scope=dapr.runtime type=log ver=1.16.0
time="2025-09-25T10:33:55.46111-05:00" level=info msg="Waiting for all outstanding http endpoints to be processed…" app_id=inventory-service instance=Mac-45.lan scope=dapr.runtime type=log ver=1.16.0
time="2025-09-25T10:33:55.461123-05:00" level=info msg="All outstanding http endpoints processed" app_id=inventory-service instance=Mac-45.lan scope=dapr.runtime type=log ver=1.16.0
time="2025-09-25T10:33:55.461131-05:00" level=info msg="Loading Declarative Subscriptions…" app_id=inventory-service instance=Mac-45.lan scope=dapr.runtime type=log ver=1.16.0
time="2025-09-25T10:33:55.461356-05:00" level=info msg="gRPC server listening on TCP address: :50016" app_id=inventory-service instance=Mac-45.lan scope=dapr.runtime.grpc.api type=log ver=1.16.0
time="2025-09-25T10:33:55.461369-05:00" level=info msg="Enabled gRPC tracing middleware" app_id=inventory-service instance=Mac-45.lan scope=dapr.runtime.grpc.api type=log ver=1.16.0
time="2025-09-25T10:33:55.461374-05:00" level=info msg="Enabled gRPC metrics middleware" app_id=inventory-service instance=Mac-45.lan scope=dapr.runtime.grpc.api type=log ver=1.16.0
time="2025-09-25T10:33:55.461407-05:00" level=info msg="Registering workflow engine for gRPC endpoint: [::]:50016" app_id=inventory-service instance=Mac-45.lan scope=dapr.runtime.grpc.api type=log ver=1.16.0
time="2025-09-25T10:33:55.461425-05:00" level=info msg="API gRPC server is running on port 50016" app_id=inventory-service instance=Mac-45.lan scope=dapr.runtime type=log ver=1.16.0
time="2025-09-25T10:33:55.461443-05:00" level=warning msg="The default value for 'spec.metric.http.increasedCardinality' will change to 'false' in Dapr 1.15 or later" app_id=inventory-service instance=Mac-45.lan scope=dapr.runtime.http type=log ver=1.16.0
time="2025-09-25T10:33:55.461493-05:00" level=info msg="Enabled max body size HTTP middleware with size 4194304 bytes" app_id=inventory-service instance=Mac-45.lan scope=dapr.runtime.http type=log ver=1.16.0
time="2025-09-25T10:33:55.461502-05:00" level=info msg="Enabled tracing HTTP middleware" app_id=inventory-service instance=Mac-45.lan scope=dapr.runtime.http type=log ver=1.16.0
time="2025-09-25T10:33:55.461507-05:00" level=info msg="Enabled metrics HTTP middleware" app_id=inventory-service instance=Mac-45.lan scope=dapr.runtime.http type=log ver=1.16.0
time="2025-09-25T10:33:55.461687-05:00" level=info msg="HTTP server listening on TCP address: :3507" app_id=inventory-service instance=Mac-45.lan scope=dapr.runtime.http type=log ver=1.16.0
time="2025-09-25T10:33:55.461712-05:00" level=info msg="HTTP server is running on port 3507" app_id=inventory-service instance=Mac-45.lan scope=dapr.runtime type=log ver=1.16.0
time="2025-09-25T10:33:55.461719-05:00" level=info msg="The request body size parameter is: 4194304 bytes" app_id=inventory-service instance=Mac-45.lan scope=dapr.runtime type=log ver=1.16.0
time="2025-09-25T10:33:55.461744-05:00" level=info msg="gRPC server listening on TCP address: :64396" app_id=inventory-service instance=Mac-45.lan scope=dapr.runtime.grpc.internal type=log ver=1.16.0
time="2025-09-25T10:33:55.461754-05:00" level=info msg="Enabled gRPC tracing middleware" app_id=inventory-service instance=Mac-45.lan scope=dapr.runtime.grpc.internal type=log ver=1.16.0
time="2025-09-25T10:33:55.461759-05:00" level=info msg="Enabled gRPC metrics middleware" app_id=inventory-service instance=Mac-45.lan scope=dapr.runtime.grpc.internal type=log ver=1.16.0
time="2025-09-25T10:33:55.461779-05:00" level=info msg="Internal gRPC server is running on :64396" app_id=inventory-service instance=Mac-45.lan scope=dapr.runtime type=log ver=1.16.0
time="2025-09-25T10:33:55.46186-05:00" level=info msg="Using Scheduler service for reminders." app_id=inventory-service instance=Mac-45.lan scope=dapr.runtime.actor.reminders.scheduler type=log ver=1.16.0
time="2025-09-25T10:33:55.461878-05:00" level=info msg="application protocol: http. waiting on port 50003.  This will block until the app is listening on that port." app_id=inventory-service instance=Mac-45.lan scope=dapr.runtime type=log ver=1.16.0
time="2025-09-25T10:33:55.461893-05:00" level=info msg="Actor runtime started" app_id=inventory-service instance=Mac-45.lan scope=dapr.runtime.actor type=log ver=1.16.0
time="2025-09-25T10:33:55.461907-05:00" level=info msg="worker started with backend dapr.actors/v1" app_id=inventory-service instance=Mac-45.lan scope=dapr.wfengine.durabletask.backend type=log ver=1.16.0
time="2025-09-25T10:33:55.461915-05:00" level=warning msg="Graceful shutdown timeout is infinite, will wait indefinitely to shutdown" app_id=inventory-service instance=Mac-45.lan scope=dapr.runtime.actor type=log ver=1.16.0
time="2025-09-25T10:33:55.461933-05:00" level=info msg="Workflow engine started" app_id=inventory-service instance=Mac-45.lan scope=dapr.runtime.wfengine type=log ver=1.16.0
time="2025-09-25T10:33:55.562872-05:00" level=info msg="application discovered on port 50003" app_id=inventory-service instance=Mac-45.lan scope=dapr.runtime type=log ver=1.16.0
time="2025-09-25T10:33:55.58077-05:00" level=info msg="Application configuration loaded" app_id=inventory-service instance=Mac-45.lan scope=dapr.runtime type=log ver=1.16.0
time="2025-09-25T10:33:55.580815-05:00" level=info msg="Registering hosted actors: []" app_id=inventory-service instance=Mac-45.lan scope=dapr.runtime.actor type=log ver=1.16.0
time="2025-09-25T10:33:55.580834-05:00" level=info msg="dapr initialized. Status: Running. Init Elapsed 127ms" app_id=inventory-service instance=Mac-45.lan scope=dapr.runtime type=log ver=1.16.0
time="2025-09-25T10:33:55.580879-05:00" level=info msg="Reporting actor types: []" app_id=inventory-service instance=Mac-45.lan scope=dapr.runtime.actors.placement type=log ver=1.16.0
time="2025-09-25T10:33:55.581009-05:00" level=info msg="Scheduler stream connected for [JOB_TARGET_TYPE_JOB]" app_id=inventory-service instance=Mac-45.lan scope=dapr.runtime.scheduler.cluster type=log ver=1.16.0
time="2025-09-25T10:33:55.581016-05:00" level=info msg="Connected to placement localhost:50005" app_id=inventory-service instance=Mac-45.lan scope=dapr.runtime.actors.placement.client.connector.static type=log ver=1.16.0
time="2025-09-25T10:33:55.581035-05:00" level=info msg="Scheduler stream connected for [JOB_TARGET_TYPE_JOB]" app_id=inventory-service instance=Mac-45.lan scope=dapr.runtime.scheduler.cluster type=log ver=1.16.0
time="2025-09-25T10:33:55.581037-05:00" level=info msg="Scheduler stream connected for [JOB_TARGET_TYPE_JOB]" app_id=inventory-service instance=Mac-45.lan scope=dapr.runtime.scheduler.cluster type=log ver=1.16.0
time="2025-09-25T10:33:55.583066-05:00" level=info msg="Connected to placement localhost:50005" app_id=inventory-service instance=Mac-45.lan scope=dapr.runtime.actors.placement.client type=log ver=1.16.0
time="2025-09-25T10:33:55.584371-05:00" level=info msg="Placement tables updated, version: 100" app_id=inventory-service instance=Mac-45.lan scope=dapr.runtime.actors.placement type=log ver=1.16.0
time="2025-09-25T10:33:55.584398-05:00" level=info msg="Running actor reminder migration from state store to scheduler" app_id=inventory-service instance=Mac-45.lan scope=dapr.runtime.actors.reminders.migration type=log ver=1.16.0
time="2025-09-25T10:33:55.584408-05:00" level=info msg="Skipping migration, no missing scheduler reminders found" app_id=inventory-service instance=Mac-45.lan scope=dapr.runtime.actors.reminders.migration type=log ver=1.16.0
time="2025-09-25T10:33:55.584414-05:00" level=info msg="Found 0 missing scheduler reminders from state store" app_id=inventory-service instance=Mac-45.lan scope=dapr.runtime.actors.reminders.migration type=log ver=1.16.0
time="2025-09-25T10:33:55.58443-05:00" level=info msg="Migrated 0 reminders from state store to scheduler successfully" app_id=inventory-service instance=Mac-45.lan scope=dapr.runtime.actors.reminders.migration type=log ver=1.16.0
time="2025-09-25T10:33:55.846947-05:00" level=info msg="work item stream established by user-agent: [dapr-sdk-java/v1.16.0 grpc-java-netty/1.69.0]" app_id=inventory-service instance=Mac-45.lan scope=dapr.runtime.wfengine type=log ver=1.16.0
time="2025-09-25T10:33:55.847015-05:00" level=info msg="Updating actor types: [dapr.internal.default.inventory-service.activity dapr.internal.default.inventory-service.workflow]" app_id=inventory-service instance=Mac-45.lan scope=dapr.runtime.actors.placement type=log ver=1.16.0
time="2025-09-25T10:33:55.847058-05:00" level=info msg="Scheduler stream disconnected" app_id=inventory-service instance=Mac-45.lan scope=dapr.runtime.scheduler.cluster type=log ver=1.16.0
time="2025-09-25T10:33:55.847064-05:00" level=info msg="Scheduler stream disconnected" app_id=inventory-service instance=Mac-45.lan scope=dapr.runtime.scheduler.cluster type=log ver=1.16.0
time="2025-09-25T10:33:55.847064-05:00" level=info msg="Scheduler stream disconnected" app_id=inventory-service instance=Mac-45.lan scope=dapr.runtime.scheduler.cluster type=log ver=1.16.0
time="2025-09-25T10:33:55.847144-05:00" level=info msg="Scheduler stream connected for [JOB_TARGET_TYPE_JOB]" app_id=inventory-service instance=Mac-45.lan scope=dapr.runtime.scheduler.cluster type=log ver=1.16.0
time="2025-09-25T10:33:55.847145-05:00" level=info msg="Scheduler stream connected for [JOB_TARGET_TYPE_JOB]" app_id=inventory-service instance=Mac-45.lan scope=dapr.runtime.scheduler.cluster type=log ver=1.16.0
time="2025-09-25T10:33:55.847165-05:00" level=info msg="Scheduler stream connected for [JOB_TARGET_TYPE_JOB]" app_id=inventory-service instance=Mac-45.lan scope=dapr.runtime.scheduler.cluster type=log ver=1.16.0
Updating metadata for app command: java -jar target/inventory-service-1.0.0.jar
Updating metadata for appPID: 56340
You're up and running! Dapr logs will appear here.

time="2025-09-25T10:33:59.108687-05:00" level=info msg="Placement tables updated, version: 102" app_id=inventory-service instance=Mac-45.lan scope=dapr.runtime.actors.placement type=log ver=1.16.0
time="2025-09-25T10:33:59.108753-05:00" level=info msg="Running actor reminder migration from state store to scheduler" app_id=inventory-service instance=Mac-45.lan scope=dapr.runtime.actors.reminders.migration type=log ver=1.16.0
time="2025-09-25T10:33:59.108923-05:00" level=info msg="Scheduler stream disconnected" app_id=inventory-service instance=Mac-45.lan scope=dapr.runtime.scheduler.cluster type=log ver=1.16.0
time="2025-09-25T10:33:59.108925-05:00" level=info msg="Scheduler stream disconnected" app_id=inventory-service instance=Mac-45.lan scope=dapr.runtime.scheduler.cluster type=log ver=1.16.0
time="2025-09-25T10:33:59.108932-05:00" level=info msg="Scheduler stream disconnected" app_id=inventory-service instance=Mac-45.lan scope=dapr.runtime.scheduler.cluster type=log ver=1.16.0
time="2025-09-25T10:33:59.109055-05:00" level=info msg="Scheduler stream connected for [JOB_TARGET_TYPE_JOB JOB_TARGET_TYPE_ACTOR_REMINDER]" app_id=inventory-service instance=Mac-45.lan scope=dapr.runtime.scheduler.cluster type=log ver=1.16.0
time="2025-09-25T10:33:59.109057-05:00" level=info msg="Scheduler stream connected for [JOB_TARGET_TYPE_JOB JOB_TARGET_TYPE_ACTOR_REMINDER]" app_id=inventory-service instance=Mac-45.lan scope=dapr.runtime.scheduler.cluster type=log ver=1.16.0
time="2025-09-25T10:33:59.10912-05:00" level=info msg="Scheduler stream connected for [JOB_TARGET_TYPE_JOB JOB_TARGET_TYPE_ACTOR_REMINDER]" app_id=inventory-service instance=Mac-45.lan scope=dapr.runtime.scheduler.cluster type=log ver=1.16.0
time="2025-09-25T10:33:59.117355-05:00" level=info msg="Skipping migration, no missing scheduler reminders found" app_id=inventory-service instance=Mac-45.lan scope=dapr.runtime.actors.reminders.migration type=log ver=1.16.0
time="2025-09-25T10:33:59.117429-05:00" level=info msg="Found 0 missing scheduler reminders from state store" app_id=inventory-service instance=Mac-45.lan scope=dapr.runtime.actors.reminders.migration type=log ver=1.16.0
time="2025-09-25T10:33:59.117443-05:00" level=info msg="Migrated 0 reminders from state store to scheduler successfully" app_id=inventory-service instance=Mac-45.lan scope=dapr.runtime.actors.reminders.migration type=log ver=1.16.0
time="2025-09-25T15:12:46.716589-05:00" level=info msg="Received signal 'interrupt'; beginning shutdown" app_id=inventory-service instance=Mac-45.lan scope=dapr.signals type=log ver=1.16.0
time="2025-09-25T15:12:46.723158-05:00" level=info msg="Actor runtime shutting down" app_id=inventory-service instance=Mac-45.lan scope=dapr.runtime.actor type=log ver=1.16.0
time="2025-09-25T15:12:46.722032-05:00" level=info msg="backend stopping..." app_id=inventory-service instance=Mac-45.lan scope=dapr.wfengine.durabletask.backend type=log ver=1.16.0
time="2025-09-25T15:12:46.724263-05:00" level=info msg="activity-processor: worker stopped" app_id=inventory-service instance=Mac-45.lan scope=dapr.wfengine.durabletask.backend type=log ver=1.16.0
time="2025-09-25T15:12:46.724252-05:00" level=info msg="Scheduler stream disconnected" app_id=inventory-service instance=Mac-45.lan scope=dapr.runtime.scheduler.cluster type=log ver=1.16.0
time="2025-09-25T15:12:46.724472-05:00" level=info msg="orchestration-processor: worker stopped" app_id=inventory-service instance=Mac-45.lan scope=dapr.wfengine.durabletask.backend type=log ver=1.16.0
time="2025-09-25T15:12:46.724484-05:00" level=info msg="workers stopping and draining..." app_id=inventory-service instance=Mac-45.lan scope=dapr.wfengine.durabletask.backend type=log ver=1.16.0
time="2025-09-25T15:12:46.724294-05:00" level=info msg="Scheduler stream disconnected" app_id=inventory-service instance=Mac-45.lan scope=dapr.runtime.scheduler.cluster type=log ver=1.16.0
time="2025-09-25T15:12:46.724471-05:00" level=info msg="Scheduler stream disconnected" app_id=inventory-service instance=Mac-45.lan scope=dapr.runtime.scheduler.cluster type=log ver=1.16.0
time="2025-09-25T15:12:46.725323-05:00" level=info msg="finished stopping and draining workers!" app_id=inventory-service instance=Mac-45.lan scope=dapr.wfengine.durabletask.backend type=log ver=1.16.0
time="2025-09-25T15:12:46.725652-05:00" level=info msg="Workflow engine stopped" app_id=inventory-service instance=Mac-45.lan scope=dapr.runtime.wfengine type=log ver=1.16.0
time="2025-09-25T15:12:46.727255-05:00" level=error msg="Error communicating with placement: rpc error: code = Canceled desc = context canceled" app_id=inventory-service instance=Mac-45.lan scope=dapr.runtime.actors.placement.client type=log ver=1.16.0
time="2025-09-25T15:12:46.729112-05:00" level=info msg="Actor runtime stopped" app_id=inventory-service instance=Mac-45.lan scope=dapr.runtime.actor type=log ver=1.16.0

termination signal received: shutting down
Exited Dapr successfully
Exited App successfully
