Starting Dapr with id inventory-service. HTTP Port: 3507. gRPC Port: 50016
Updating metadata for cliPID: 44914
time="2025-09-24T11:43:07.044524-05:00" level=info msg="Starting Dapr Runtime -- version 1.16.0 -- commit b68296042c975d4ede1ed93ec6b0a579c2b6a020" app_id=inventory-service instance=Cassandras-MacBook-Pro.local scope=dapr.runtime type=log ver=1.16.0
time="2025-09-24T11:43:07.04457-05:00" level=info msg="Log level set to: info" app_id=inventory-service instance=Cassandras-MacBook-Pro.local scope=dapr.runtime type=log ver=1.16.0
time="2025-09-24T11:43:07.044702-05:00" level=warning msg="mTLS is disabled. Skipping certificate request and tls validation" app_id=inventory-service instance=Cassandras-MacBook-Pro.local scope=dapr.runtime.security type=log ver=1.16.0
time="2025-09-24T11:43:07.045138-05:00" level=info msg="Enabled features: SchedulerReminders" app_id=inventory-service instance=Cassandras-MacBook-Pro.local scope=dapr.runtime type=log ver=1.16.0
time="2025-09-24T11:43:07.045204-05:00" level=info msg="metric spec: {\"enabled\":true}" app_id=inventory-service instance=Cassandras-MacBook-Pro.local scope=dapr.runtime.diagnostics type=log ver=1.16.0
time="2025-09-24T11:43:07.04523-05:00" level=info msg="Using default latency distribution buckets: [1 2 3 4 5 6 8 10 13 16 20 25 30 40 50 65 80 100 130 160 200 250 300 400 500 650 800 1000 2000 5000 10000 20000 50000 100000]" app_id=inventory-service instance=Cassandras-MacBook-Pro.local scope=dapr.runtime.diagnostics type=log ver=1.16.0
time="2025-09-24T11:43:07.045302-05:00" level=warning msg="The default value for 'spec.metric.http.increasedCardinality' will change to 'false' in Dapr 1.15 or later" app_id=inventory-service instance=Cassandras-MacBook-Pro.local scope=dapr.runtime.diagnostics type=log ver=1.16.0
time="2025-09-24T11:43:07.045677-05:00" level=info msg="standalone mode configured" app_id=inventory-service instance=Cassandras-MacBook-Pro.local scope=dapr.runtime type=log ver=1.16.0
time="2025-09-24T11:43:07.045698-05:00" level=info msg="app id: inventory-service" app_id=inventory-service instance=Cassandras-MacBook-Pro.local scope=dapr.runtime type=log ver=1.16.0
time="2025-09-24T11:43:07.045778-05:00" level=info msg="metrics server started on 0.0.0.0:53390/" app_id=inventory-service instance=Cassandras-MacBook-Pro.local scope=dapr.runtime type=log ver=1.16.0
time="2025-09-24T11:43:07.045811-05:00" level=info msg="Dapr trace sampler initialized: ParentBased{root:AlwaysOnSampler,remoteParentSampled:AlwaysOnSampler,remoteParentNotSampled:AlwaysOffSampler,localParentSampled:AlwaysOnSampler,localParentNotSampled:AlwaysOffSampler}" app_id=inventory-service instance=Cassandras-MacBook-Pro.local scope=dapr.runtime type=log ver=1.16.0
time="2025-09-24T11:43:07.046067-05:00" level=info msg="local service entry announced: inventory-service -> 192.168.1.125:53391" app_id=inventory-service component="nr (mdns/v1)" instance=Cassandras-MacBook-Pro.local scope=dapr.contrib type=log ver=1.16.0
time="2025-09-24T11:43:07.046082-05:00" level=info msg="Initialized name resolution to mdns" app_id=inventory-service instance=Cassandras-MacBook-Pro.local scope=dapr.runtime type=log ver=1.16.0
time="2025-09-24T11:43:07.046145-05:00" level=info msg="Loading components…" app_id=inventory-service instance=Cassandras-MacBook-Pro.local scope=dapr.runtime type=log ver=1.16.0
time="2025-09-24T11:43:07.0464-05:00" level=info msg="Waiting for all outstanding components to be processed…" app_id=inventory-service instance=Cassandras-MacBook-Pro.local scope=dapr.runtime type=log ver=1.16.0
time="2025-09-24T11:43:07.050773-05:00" level=info msg="Connected and received scheduler hosts addresses: [localhost:50006]" app_id=inventory-service instance=Cassandras-MacBook-Pro.local scope=dapr.runtime.scheduler.watchhosts type=log ver=1.16.0
time="2025-09-24T11:43:07.050855-05:00" level=info msg="Scheduler client initialized for address: localhost:50006" app_id=inventory-service instance=Cassandras-MacBook-Pro.local scope=dapr.runtime.scheduler.clients type=log ver=1.16.0
time="2025-09-24T11:43:07.050867-05:00" level=info msg="Scheduler clients initialized" app_id=inventory-service instance=Cassandras-MacBook-Pro.local scope=dapr.runtime.scheduler.clients type=log ver=1.16.0
time="2025-09-24T11:43:07.053841-05:00" level=info msg="Using 'statestore' as actor state store" app_id=inventory-service instance=Cassandras-MacBook-Pro.local scope=dapr.runtime.processor.state type=log ver=1.16.0
time="2025-09-24T11:43:07.053868-05:00" level=info msg="Component loaded: statestore (state.redis/v1)" app_id=inventory-service instance=Cassandras-MacBook-Pro.local scope=dapr.runtime.processor type=log ver=1.16.0
time="2025-09-24T11:43:07.053878-05:00" level=info msg="All outstanding components processed" app_id=inventory-service instance=Cassandras-MacBook-Pro.local scope=dapr.runtime type=log ver=1.16.0
time="2025-09-24T11:43:07.053884-05:00" level=info msg="Loading endpoints…" app_id=inventory-service instance=Cassandras-MacBook-Pro.local scope=dapr.runtime type=log ver=1.16.0
time="2025-09-24T11:43:07.053994-05:00" level=info msg="Waiting for all outstanding http endpoints to be processed…" app_id=inventory-service instance=Cassandras-MacBook-Pro.local scope=dapr.runtime type=log ver=1.16.0
time="2025-09-24T11:43:07.054004-05:00" level=info msg="All outstanding http endpoints processed" app_id=inventory-service instance=Cassandras-MacBook-Pro.local scope=dapr.runtime type=log ver=1.16.0
time="2025-09-24T11:43:07.054009-05:00" level=info msg="Loading Declarative Subscriptions…" app_id=inventory-service instance=Cassandras-MacBook-Pro.local scope=dapr.runtime type=log ver=1.16.0
time="2025-09-24T11:43:07.054198-05:00" level=info msg="gRPC server listening on TCP address: :50016" app_id=inventory-service instance=Cassandras-MacBook-Pro.local scope=dapr.runtime.grpc.api type=log ver=1.16.0
time="2025-09-24T11:43:07.054207-05:00" level=info msg="Enabled gRPC tracing middleware" app_id=inventory-service instance=Cassandras-MacBook-Pro.local scope=dapr.runtime.grpc.api type=log ver=1.16.0
time="2025-09-24T11:43:07.054212-05:00" level=info msg="Enabled gRPC metrics middleware" app_id=inventory-service instance=Cassandras-MacBook-Pro.local scope=dapr.runtime.grpc.api type=log ver=1.16.0
time="2025-09-24T11:43:07.054242-05:00" level=info msg="Registering workflow engine for gRPC endpoint: [::]:50016" app_id=inventory-service instance=Cassandras-MacBook-Pro.local scope=dapr.runtime.grpc.api type=log ver=1.16.0
time="2025-09-24T11:43:07.054264-05:00" level=info msg="API gRPC server is running on port 50016" app_id=inventory-service instance=Cassandras-MacBook-Pro.local scope=dapr.runtime type=log ver=1.16.0
time="2025-09-24T11:43:07.054278-05:00" level=warning msg="The default value for 'spec.metric.http.increasedCardinality' will change to 'false' in Dapr 1.15 or later" app_id=inventory-service instance=Cassandras-MacBook-Pro.local scope=dapr.runtime.http type=log ver=1.16.0
time="2025-09-24T11:43:07.054306-05:00" level=info msg="Enabled max body size HTTP middleware with size 4194304 bytes" app_id=inventory-service instance=Cassandras-MacBook-Pro.local scope=dapr.runtime.http type=log ver=1.16.0
time="2025-09-24T11:43:07.054312-05:00" level=info msg="Enabled tracing HTTP middleware" app_id=inventory-service instance=Cassandras-MacBook-Pro.local scope=dapr.runtime.http type=log ver=1.16.0
time="2025-09-24T11:43:07.054316-05:00" level=info msg="Enabled metrics HTTP middleware" app_id=inventory-service instance=Cassandras-MacBook-Pro.local scope=dapr.runtime.http type=log ver=1.16.0
time="2025-09-24T11:43:07.054486-05:00" level=info msg="HTTP server listening on TCP address: :3507" app_id=inventory-service instance=Cassandras-MacBook-Pro.local scope=dapr.runtime.http type=log ver=1.16.0
time="2025-09-24T11:43:07.054499-05:00" level=info msg="HTTP server is running on port 3507" app_id=inventory-service instance=Cassandras-MacBook-Pro.local scope=dapr.runtime type=log ver=1.16.0
time="2025-09-24T11:43:07.054506-05:00" level=info msg="The request body size parameter is: 4194304 bytes" app_id=inventory-service instance=Cassandras-MacBook-Pro.local scope=dapr.runtime type=log ver=1.16.0
time="2025-09-24T11:43:07.054535-05:00" level=info msg="gRPC server listening on TCP address: :53391" app_id=inventory-service instance=Cassandras-MacBook-Pro.local scope=dapr.runtime.grpc.internal type=log ver=1.16.0
time="2025-09-24T11:43:07.054541-05:00" level=info msg="Enabled gRPC tracing middleware" app_id=inventory-service instance=Cassandras-MacBook-Pro.local scope=dapr.runtime.grpc.internal type=log ver=1.16.0
time="2025-09-24T11:43:07.054546-05:00" level=info msg="Enabled gRPC metrics middleware" app_id=inventory-service instance=Cassandras-MacBook-Pro.local scope=dapr.runtime.grpc.internal type=log ver=1.16.0
time="2025-09-24T11:43:07.054562-05:00" level=info msg="Internal gRPC server is running on :53391" app_id=inventory-service instance=Cassandras-MacBook-Pro.local scope=dapr.runtime type=log ver=1.16.0
time="2025-09-24T11:43:07.054613-05:00" level=info msg="Using Scheduler service for reminders." app_id=inventory-service instance=Cassandras-MacBook-Pro.local scope=dapr.runtime.actor.reminders.scheduler type=log ver=1.16.0
time="2025-09-24T11:43:07.05463-05:00" level=info msg="application protocol: http. waiting on port 50003.  This will block until the app is listening on that port." app_id=inventory-service instance=Cassandras-MacBook-Pro.local scope=dapr.runtime type=log ver=1.16.0
time="2025-09-24T11:43:07.054654-05:00" level=info msg="Actor runtime started" app_id=inventory-service instance=Cassandras-MacBook-Pro.local scope=dapr.runtime.actor type=log ver=1.16.0
time="2025-09-24T11:43:07.054669-05:00" level=warning msg="Graceful shutdown timeout is infinite, will wait indefinitely to shutdown" app_id=inventory-service instance=Cassandras-MacBook-Pro.local scope=dapr.runtime.actor type=log ver=1.16.0
time="2025-09-24T11:43:07.05468-05:00" level=info msg="worker started with backend dapr.actors/v1" app_id=inventory-service instance=Cassandras-MacBook-Pro.local scope=dapr.wfengine.durabletask.backend type=log ver=1.16.0
time="2025-09-24T11:43:07.0547-05:00" level=info msg="Workflow engine started" app_id=inventory-service instance=Cassandras-MacBook-Pro.local scope=dapr.runtime.wfengine type=log ver=1.16.0
time="2025-09-24T11:43:07.156005-05:00" level=info msg="application discovered on port 50003" app_id=inventory-service instance=Cassandras-MacBook-Pro.local scope=dapr.runtime type=log ver=1.16.0
time="2025-09-24T11:43:07.162983-05:00" level=info msg="Application configuration loaded" app_id=inventory-service instance=Cassandras-MacBook-Pro.local scope=dapr.runtime type=log ver=1.16.0
time="2025-09-24T11:43:07.163011-05:00" level=info msg="Registering hosted actors: []" app_id=inventory-service instance=Cassandras-MacBook-Pro.local scope=dapr.runtime.actor type=log ver=1.16.0
time="2025-09-24T11:43:07.163024-05:00" level=info msg="dapr initialized. Status: Running. Init Elapsed 117ms" app_id=inventory-service instance=Cassandras-MacBook-Pro.local scope=dapr.runtime type=log ver=1.16.0
time="2025-09-24T11:43:07.163076-05:00" level=info msg="Reporting actor types: []" app_id=inventory-service instance=Cassandras-MacBook-Pro.local scope=dapr.runtime.actors.placement type=log ver=1.16.0
time="2025-09-24T11:43:07.163129-05:00" level=info msg="Connected to placement localhost:50005" app_id=inventory-service instance=Cassandras-MacBook-Pro.local scope=dapr.runtime.actors.placement.client.connector.static type=log ver=1.16.0
time="2025-09-24T11:43:07.163191-05:00" level=info msg="Scheduler stream connected for [JOB_TARGET_TYPE_JOB]" app_id=inventory-service instance=Cassandras-MacBook-Pro.local scope=dapr.runtime.scheduler.cluster type=log ver=1.16.0
time="2025-09-24T11:43:07.163214-05:00" level=info msg="Scheduler stream connected for [JOB_TARGET_TYPE_JOB]" app_id=inventory-service instance=Cassandras-MacBook-Pro.local scope=dapr.runtime.scheduler.cluster type=log ver=1.16.0
time="2025-09-24T11:43:07.163196-05:00" level=info msg="Scheduler stream connected for [JOB_TARGET_TYPE_JOB]" app_id=inventory-service instance=Cassandras-MacBook-Pro.local scope=dapr.runtime.scheduler.cluster type=log ver=1.16.0
time="2025-09-24T11:43:07.168871-05:00" level=info msg="Connected to placement localhost:50005" app_id=inventory-service instance=Cassandras-MacBook-Pro.local scope=dapr.runtime.actors.placement.client type=log ver=1.16.0
time="2025-09-24T11:43:07.170935-05:00" level=info msg="Placement tables updated, version: 66" app_id=inventory-service instance=Cassandras-MacBook-Pro.local scope=dapr.runtime.actors.placement type=log ver=1.16.0
time="2025-09-24T11:43:07.17096-05:00" level=info msg="Running actor reminder migration from state store to scheduler" app_id=inventory-service instance=Cassandras-MacBook-Pro.local scope=dapr.runtime.actors.reminders.migration type=log ver=1.16.0
time="2025-09-24T11:43:07.170969-05:00" level=info msg="Skipping migration, no missing scheduler reminders found" app_id=inventory-service instance=Cassandras-MacBook-Pro.local scope=dapr.runtime.actors.reminders.migration type=log ver=1.16.0
time="2025-09-24T11:43:07.170975-05:00" level=info msg="Found 0 missing scheduler reminders from state store" app_id=inventory-service instance=Cassandras-MacBook-Pro.local scope=dapr.runtime.actors.reminders.migration type=log ver=1.16.0
time="2025-09-24T11:43:07.170981-05:00" level=info msg="Migrated 0 reminders from state store to scheduler successfully" app_id=inventory-service instance=Cassandras-MacBook-Pro.local scope=dapr.runtime.actors.reminders.migration type=log ver=1.16.0
time="2025-09-24T11:43:07.37412-05:00" level=info msg="work item stream established by user-agent: [dapr-sdk-java/v1.16.0 grpc-java-netty/1.69.0]" app_id=inventory-service instance=Cassandras-MacBook-Pro.local scope=dapr.runtime.wfengine type=log ver=1.16.0
time="2025-09-24T11:43:07.37418-05:00" level=info msg="Updating actor types: [dapr.internal.default.inventory-service.activity dapr.internal.default.inventory-service.workflow]" app_id=inventory-service instance=Cassandras-MacBook-Pro.local scope=dapr.runtime.actors.placement type=log ver=1.16.0
time="2025-09-24T11:43:07.374228-05:00" level=info msg="Scheduler stream disconnected" app_id=inventory-service instance=Cassandras-MacBook-Pro.local scope=dapr.runtime.scheduler.cluster type=log ver=1.16.0
time="2025-09-24T11:43:07.37423-05:00" level=info msg="Scheduler stream disconnected" app_id=inventory-service instance=Cassandras-MacBook-Pro.local scope=dapr.runtime.scheduler.cluster type=log ver=1.16.0
time="2025-09-24T11:43:07.374232-05:00" level=info msg="Scheduler stream disconnected" app_id=inventory-service instance=Cassandras-MacBook-Pro.local scope=dapr.runtime.scheduler.cluster type=log ver=1.16.0
time="2025-09-24T11:43:07.374304-05:00" level=info msg="Scheduler stream connected for [JOB_TARGET_TYPE_JOB]" app_id=inventory-service instance=Cassandras-MacBook-Pro.local scope=dapr.runtime.scheduler.cluster type=log ver=1.16.0
time="2025-09-24T11:43:07.37431-05:00" level=info msg="Scheduler stream connected for [JOB_TARGET_TYPE_JOB]" app_id=inventory-service instance=Cassandras-MacBook-Pro.local scope=dapr.runtime.scheduler.cluster type=log ver=1.16.0
time="2025-09-24T11:43:07.374352-05:00" level=info msg="Scheduler stream connected for [JOB_TARGET_TYPE_JOB]" app_id=inventory-service instance=Cassandras-MacBook-Pro.local scope=dapr.runtime.scheduler.cluster type=log ver=1.16.0
Updating metadata for app command: java -jar target/inventory-service-1.0.0.jar
Updating metadata for appPID: 45019
You're up and running! Dapr logs will appear here.

time="2025-09-24T11:43:10.609248-05:00" level=info msg="Placement tables updated, version: 68" app_id=inventory-service instance=Cassandras-MacBook-Pro.local scope=dapr.runtime.actors.placement type=log ver=1.16.0
time="2025-09-24T11:43:10.609403-05:00" level=info msg="Running actor reminder migration from state store to scheduler" app_id=inventory-service instance=Cassandras-MacBook-Pro.local scope=dapr.runtime.actors.reminders.migration type=log ver=1.16.0
time="2025-09-24T11:43:10.610039-05:00" level=info msg="Scheduler stream disconnected" app_id=inventory-service instance=Cassandras-MacBook-Pro.local scope=dapr.runtime.scheduler.cluster type=log ver=1.16.0
time="2025-09-24T11:43:10.610088-05:00" level=info msg="Scheduler stream disconnected" app_id=inventory-service instance=Cassandras-MacBook-Pro.local scope=dapr.runtime.scheduler.cluster type=log ver=1.16.0
time="2025-09-24T11:43:10.610105-05:00" level=info msg="Scheduler stream disconnected" app_id=inventory-service instance=Cassandras-MacBook-Pro.local scope=dapr.runtime.scheduler.cluster type=log ver=1.16.0
time="2025-09-24T11:43:10.610356-05:00" level=info msg="Scheduler stream connected for [JOB_TARGET_TYPE_JOB JOB_TARGET_TYPE_ACTOR_REMINDER]" app_id=inventory-service instance=Cassandras-MacBook-Pro.local scope=dapr.runtime.scheduler.cluster type=log ver=1.16.0
time="2025-09-24T11:43:10.610451-05:00" level=info msg="Scheduler stream connected for [JOB_TARGET_TYPE_JOB JOB_TARGET_TYPE_ACTOR_REMINDER]" app_id=inventory-service instance=Cassandras-MacBook-Pro.local scope=dapr.runtime.scheduler.cluster type=log ver=1.16.0
time="2025-09-24T11:43:10.610498-05:00" level=info msg="Scheduler stream connected for [JOB_TARGET_TYPE_JOB JOB_TARGET_TYPE_ACTOR_REMINDER]" app_id=inventory-service instance=Cassandras-MacBook-Pro.local scope=dapr.runtime.scheduler.cluster type=log ver=1.16.0
time="2025-09-24T11:43:10.623164-05:00" level=info msg="Skipping migration, no missing scheduler reminders found" app_id=inventory-service instance=Cassandras-MacBook-Pro.local scope=dapr.runtime.actors.reminders.migration type=log ver=1.16.0
time="2025-09-24T11:43:10.623227-05:00" level=info msg="Found 0 missing scheduler reminders from state store" app_id=inventory-service instance=Cassandras-MacBook-Pro.local scope=dapr.runtime.actors.reminders.migration type=log ver=1.16.0
time="2025-09-24T11:43:10.62325-05:00" level=info msg="Migrated 0 reminders from state store to scheduler successfully" app_id=inventory-service instance=Cassandras-MacBook-Pro.local scope=dapr.runtime.actors.reminders.migration type=log ver=1.16.0
time="2025-09-24T11:43:58.193387-05:00" level=info msg="Received signal 'interrupt'; beginning shutdown" app_id=inventory-service instance=Cassandras-MacBook-Pro.local scope=dapr.signals type=log ver=1.16.0
time="2025-09-24T11:43:58.194757-05:00" level=info msg="Scheduler stream disconnected" app_id=inventory-service instance=Cassandras-MacBook-Pro.local scope=dapr.runtime.scheduler.cluster type=log ver=1.16.0
time="2025-09-24T11:43:58.194799-05:00" level=info msg="Scheduler stream disconnected" app_id=inventory-service instance=Cassandras-MacBook-Pro.local scope=dapr.runtime.scheduler.cluster type=log ver=1.16.0
time="2025-09-24T11:43:58.194834-05:00" level=info msg="Actor runtime shutting down" app_id=inventory-service instance=Cassandras-MacBook-Pro.local scope=dapr.runtime.actor type=log ver=1.16.0
time="2025-09-24T11:43:58.194733-05:00" level=info msg="orchestration-processor: worker stopped" app_id=inventory-service instance=Cassandras-MacBook-Pro.local scope=dapr.wfengine.durabletask.backend type=log ver=1.16.0
time="2025-09-24T11:43:58.194745-05:00" level=info msg="activity-processor: worker stopped" app_id=inventory-service instance=Cassandras-MacBook-Pro.local scope=dapr.wfengine.durabletask.backend type=log ver=1.16.0
time="2025-09-24T11:43:58.194806-05:00" level=info msg="backend stopping..." app_id=inventory-service instance=Cassandras-MacBook-Pro.local scope=dapr.wfengine.durabletask.backend type=log ver=1.16.0
time="2025-09-24T11:43:58.194759-05:00" level=info msg="Scheduler stream disconnected" app_id=inventory-service instance=Cassandras-MacBook-Pro.local scope=dapr.runtime.scheduler.cluster type=log ver=1.16.0
time="2025-09-24T11:43:58.195114-05:00" level=info msg="workers stopping and draining..." app_id=inventory-service instance=Cassandras-MacBook-Pro.local scope=dapr.wfengine.durabletask.backend type=log ver=1.16.0
time="2025-09-24T11:43:58.195148-05:00" level=info msg="finished stopping and draining workers!" app_id=inventory-service instance=Cassandras-MacBook-Pro.local scope=dapr.wfengine.durabletask.backend type=log ver=1.16.0
time="2025-09-24T11:43:58.195179-05:00" level=info msg="Workflow engine stopped" app_id=inventory-service instance=Cassandras-MacBook-Pro.local scope=dapr.runtime.wfengine type=log ver=1.16.0

termination signal received: shutting down
Exited Dapr successfully
Exited App successfully
time="2025-09-24T11:43:58.195584-05:00" level=error msg="Error communicating with placement: rpc error: code = Canceled desc = context canceled" app_id=inventory-service instance=Cassandras-MacBook-Pro.local scope=dapr.runtime.actors.placement.client type=log ver=1.16.0
time="2025-09-24T11:43:58.195652-05:00" level=info msg="Actor runtime stopped" app_id=inventory-service instance=Cassandras-MacBook-Pro.local scope=dapr.runtime.actor type=log ver=1.16.0
