Starting Dapr with id inventory-service. HTTP Port: 3507. gRPC Port: 50016
Updating metadata for cliPID: 55643
time="2025-09-25T10:13:07.209273-05:00" level=info msg="Starting Dapr Runtime -- version 1.16.0 -- commit b68296042c975d4ede1ed93ec6b0a579c2b6a020" app_id=inventory-service instance=Mac-45.lan scope=dapr.runtime type=log ver=1.16.0
time="2025-09-25T10:13:07.209308-05:00" level=info msg="Log level set to: info" app_id=inventory-service instance=Mac-45.lan scope=dapr.runtime type=log ver=1.16.0
time="2025-09-25T10:13:07.209396-05:00" level=warning msg="mTLS is disabled. Skipping certificate request and tls validation" app_id=inventory-service instance=Mac-45.lan scope=dapr.runtime.security type=log ver=1.16.0
time="2025-09-25T10:13:07.209707-05:00" level=info msg="Enabled features: SchedulerReminders" app_id=inventory-service instance=Mac-45.lan scope=dapr.runtime type=log ver=1.16.0
time="2025-09-25T10:13:07.209759-05:00" level=info msg="metric spec: {\"enabled\":true}" app_id=inventory-service instance=Mac-45.lan scope=dapr.runtime.diagnostics type=log ver=1.16.0
time="2025-09-25T10:13:07.209777-05:00" level=info msg="Using default latency distribution buckets: [1 2 3 4 5 6 8 10 13 16 20 25 30 40 50 65 80 100 130 160 200 250 300 400 500 650 800 1000 2000 5000 10000 20000 50000 100000]" app_id=inventory-service instance=Mac-45.lan scope=dapr.runtime.diagnostics type=log ver=1.16.0
time="2025-09-25T10:13:07.209845-05:00" level=warning msg="The default value for 'spec.metric.http.increasedCardinality' will change to 'false' in Dapr 1.15 or later" app_id=inventory-service instance=Mac-45.lan scope=dapr.runtime.diagnostics type=log ver=1.16.0
time="2025-09-25T10:13:07.21014-05:00" level=info msg="standalone mode configured" app_id=inventory-service instance=Mac-45.lan scope=dapr.runtime type=log ver=1.16.0
time="2025-09-25T10:13:07.21015-05:00" level=info msg="app id: inventory-service" app_id=inventory-service instance=Mac-45.lan scope=dapr.runtime type=log ver=1.16.0
time="2025-09-25T10:13:07.210282-05:00" level=info msg="Dapr trace sampler initialized: ParentBased{root:AlwaysOnSampler,remoteParentSampled:AlwaysOnSampler,remoteParentNotSampled:AlwaysOffSampler,localParentSampled:AlwaysOnSampler,localParentNotSampled:AlwaysOffSampler}" app_id=inventory-service instance=Mac-45.lan scope=dapr.runtime type=log ver=1.16.0
time="2025-09-25T10:13:07.210319-05:00" level=info msg="metrics server started on 0.0.0.0:64180/" app_id=inventory-service instance=Mac-45.lan scope=dapr.runtime type=log ver=1.16.0
time="2025-09-25T10:13:07.21149-05:00" level=info msg="local service entry announced: inventory-service -> 192.168.1.82:64181" app_id=inventory-service component="nr (mdns/v1)" instance=Mac-45.lan scope=dapr.contrib type=log ver=1.16.0
time="2025-09-25T10:13:07.211542-05:00" level=info msg="Initialized name resolution to mdns" app_id=inventory-service instance=Mac-45.lan scope=dapr.runtime type=log ver=1.16.0
time="2025-09-25T10:13:07.212075-05:00" level=info msg="Loading components…" app_id=inventory-service instance=Mac-45.lan scope=dapr.runtime type=log ver=1.16.0
time="2025-09-25T10:13:07.21317-05:00" level=info msg="Waiting for all outstanding components to be processed…" app_id=inventory-service instance=Mac-45.lan scope=dapr.runtime type=log ver=1.16.0
time="2025-09-25T10:13:07.214722-05:00" level=info msg="Connected and received scheduler hosts addresses: [localhost:50006]" app_id=inventory-service instance=Mac-45.lan scope=dapr.runtime.scheduler.watchhosts type=log ver=1.16.0
time="2025-09-25T10:13:07.214832-05:00" level=info msg="Scheduler client initialized for address: localhost:50006" app_id=inventory-service instance=Mac-45.lan scope=dapr.runtime.scheduler.clients type=log ver=1.16.0
time="2025-09-25T10:13:07.214844-05:00" level=info msg="Scheduler clients initialized" app_id=inventory-service instance=Mac-45.lan scope=dapr.runtime.scheduler.clients type=log ver=1.16.0
time="2025-09-25T10:13:07.217414-05:00" level=info msg="Using 'statestore' as actor state store" app_id=inventory-service instance=Mac-45.lan scope=dapr.runtime.processor.state type=log ver=1.16.0
time="2025-09-25T10:13:07.217448-05:00" level=info msg="Component loaded: statestore (state.redis/v1)" app_id=inventory-service instance=Mac-45.lan scope=dapr.runtime.processor type=log ver=1.16.0
time="2025-09-25T10:13:07.217459-05:00" level=info msg="All outstanding components processed" app_id=inventory-service instance=Mac-45.lan scope=dapr.runtime type=log ver=1.16.0
time="2025-09-25T10:13:07.217466-05:00" level=info msg="Loading endpoints…" app_id=inventory-service instance=Mac-45.lan scope=dapr.runtime type=log ver=1.16.0
time="2025-09-25T10:13:07.217582-05:00" level=info msg="Waiting for all outstanding http endpoints to be processed…" app_id=inventory-service instance=Mac-45.lan scope=dapr.runtime type=log ver=1.16.0
time="2025-09-25T10:13:07.217592-05:00" level=info msg="All outstanding http endpoints processed" app_id=inventory-service instance=Mac-45.lan scope=dapr.runtime type=log ver=1.16.0
time="2025-09-25T10:13:07.217598-05:00" level=info msg="Loading Declarative Subscriptions…" app_id=inventory-service instance=Mac-45.lan scope=dapr.runtime type=log ver=1.16.0
time="2025-09-25T10:13:07.217769-05:00" level=info msg="gRPC server listening on TCP address: :50016" app_id=inventory-service instance=Mac-45.lan scope=dapr.runtime.grpc.api type=log ver=1.16.0
time="2025-09-25T10:13:07.217779-05:00" level=info msg="Enabled gRPC tracing middleware" app_id=inventory-service instance=Mac-45.lan scope=dapr.runtime.grpc.api type=log ver=1.16.0
time="2025-09-25T10:13:07.217785-05:00" level=info msg="Enabled gRPC metrics middleware" app_id=inventory-service instance=Mac-45.lan scope=dapr.runtime.grpc.api type=log ver=1.16.0
time="2025-09-25T10:13:07.217817-05:00" level=info msg="Registering workflow engine for gRPC endpoint: [::]:50016" app_id=inventory-service instance=Mac-45.lan scope=dapr.runtime.grpc.api type=log ver=1.16.0
time="2025-09-25T10:13:07.217837-05:00" level=info msg="API gRPC server is running on port 50016" app_id=inventory-service instance=Mac-45.lan scope=dapr.runtime type=log ver=1.16.0
time="2025-09-25T10:13:07.217849-05:00" level=warning msg="The default value for 'spec.metric.http.increasedCardinality' will change to 'false' in Dapr 1.15 or later" app_id=inventory-service instance=Mac-45.lan scope=dapr.runtime.http type=log ver=1.16.0
time="2025-09-25T10:13:07.21788-05:00" level=info msg="Enabled max body size HTTP middleware with size 4194304 bytes" app_id=inventory-service instance=Mac-45.lan scope=dapr.runtime.http type=log ver=1.16.0
time="2025-09-25T10:13:07.217885-05:00" level=info msg="Enabled tracing HTTP middleware" app_id=inventory-service instance=Mac-45.lan scope=dapr.runtime.http type=log ver=1.16.0
time="2025-09-25T10:13:07.217889-05:00" level=info msg="Enabled metrics HTTP middleware" app_id=inventory-service instance=Mac-45.lan scope=dapr.runtime.http type=log ver=1.16.0
time="2025-09-25T10:13:07.218049-05:00" level=info msg="HTTP server listening on TCP address: :3507" app_id=inventory-service instance=Mac-45.lan scope=dapr.runtime.http type=log ver=1.16.0
time="2025-09-25T10:13:07.218064-05:00" level=info msg="HTTP server is running on port 3507" app_id=inventory-service instance=Mac-45.lan scope=dapr.runtime type=log ver=1.16.0
time="2025-09-25T10:13:07.218068-05:00" level=info msg="The request body size parameter is: 4194304 bytes" app_id=inventory-service instance=Mac-45.lan scope=dapr.runtime type=log ver=1.16.0
time="2025-09-25T10:13:07.21809-05:00" level=info msg="gRPC server listening on TCP address: :64181" app_id=inventory-service instance=Mac-45.lan scope=dapr.runtime.grpc.internal type=log ver=1.16.0
time="2025-09-25T10:13:07.218096-05:00" level=info msg="Enabled gRPC tracing middleware" app_id=inventory-service instance=Mac-45.lan scope=dapr.runtime.grpc.internal type=log ver=1.16.0
time="2025-09-25T10:13:07.2181-05:00" level=info msg="Enabled gRPC metrics middleware" app_id=inventory-service instance=Mac-45.lan scope=dapr.runtime.grpc.internal type=log ver=1.16.0
time="2025-09-25T10:13:07.218113-05:00" level=info msg="Internal gRPC server is running on :64181" app_id=inventory-service instance=Mac-45.lan scope=dapr.runtime type=log ver=1.16.0
time="2025-09-25T10:13:07.218168-05:00" level=info msg="Using Scheduler service for reminders." app_id=inventory-service instance=Mac-45.lan scope=dapr.runtime.actor.reminders.scheduler type=log ver=1.16.0
time="2025-09-25T10:13:07.218183-05:00" level=info msg="application protocol: http. waiting on port 50003.  This will block until the app is listening on that port." app_id=inventory-service instance=Mac-45.lan scope=dapr.runtime type=log ver=1.16.0
time="2025-09-25T10:13:07.218199-05:00" level=info msg="Actor runtime started" app_id=inventory-service instance=Mac-45.lan scope=dapr.runtime.actor type=log ver=1.16.0
time="2025-09-25T10:13:07.21823-05:00" level=warning msg="Graceful shutdown timeout is infinite, will wait indefinitely to shutdown" app_id=inventory-service instance=Mac-45.lan scope=dapr.runtime.actor type=log ver=1.16.0
time="2025-09-25T10:13:07.218232-05:00" level=info msg="worker started with backend dapr.actors/v1" app_id=inventory-service instance=Mac-45.lan scope=dapr.wfengine.durabletask.backend type=log ver=1.16.0
time="2025-09-25T10:13:07.218254-05:00" level=info msg="Workflow engine started" app_id=inventory-service instance=Mac-45.lan scope=dapr.runtime.wfengine type=log ver=1.16.0
time="2025-09-25T10:13:07.319586-05:00" level=info msg="application discovered on port 50003" app_id=inventory-service instance=Mac-45.lan scope=dapr.runtime type=log ver=1.16.0
time="2025-09-25T10:13:07.325978-05:00" level=info msg="Application configuration loaded" app_id=inventory-service instance=Mac-45.lan scope=dapr.runtime type=log ver=1.16.0
time="2025-09-25T10:13:07.326009-05:00" level=info msg="Registering hosted actors: []" app_id=inventory-service instance=Mac-45.lan scope=dapr.runtime.actor type=log ver=1.16.0
time="2025-09-25T10:13:07.326024-05:00" level=info msg="dapr initialized. Status: Running. Init Elapsed 115ms" app_id=inventory-service instance=Mac-45.lan scope=dapr.runtime type=log ver=1.16.0
time="2025-09-25T10:13:07.326066-05:00" level=info msg="Reporting actor types: []" app_id=inventory-service instance=Mac-45.lan scope=dapr.runtime.actors.placement type=log ver=1.16.0
time="2025-09-25T10:13:07.326165-05:00" level=info msg="Scheduler stream connected for [JOB_TARGET_TYPE_JOB]" app_id=inventory-service instance=Mac-45.lan scope=dapr.runtime.scheduler.cluster type=log ver=1.16.0
time="2025-09-25T10:13:07.326182-05:00" level=info msg="Connected to placement localhost:50005" app_id=inventory-service instance=Mac-45.lan scope=dapr.runtime.actors.placement.client.connector.static type=log ver=1.16.0
time="2025-09-25T10:13:07.326167-05:00" level=info msg="Scheduler stream connected for [JOB_TARGET_TYPE_JOB]" app_id=inventory-service instance=Mac-45.lan scope=dapr.runtime.scheduler.cluster type=log ver=1.16.0
time="2025-09-25T10:13:07.326179-05:00" level=info msg="Scheduler stream connected for [JOB_TARGET_TYPE_JOB]" app_id=inventory-service instance=Mac-45.lan scope=dapr.runtime.scheduler.cluster type=log ver=1.16.0
time="2025-09-25T10:13:07.328434-05:00" level=info msg="Connected to placement localhost:50005" app_id=inventory-service instance=Mac-45.lan scope=dapr.runtime.actors.placement.client type=log ver=1.16.0
time="2025-09-25T10:13:07.329967-05:00" level=info msg="Placement tables updated, version: 92" app_id=inventory-service instance=Mac-45.lan scope=dapr.runtime.actors.placement type=log ver=1.16.0
time="2025-09-25T10:13:07.329992-05:00" level=info msg="Running actor reminder migration from state store to scheduler" app_id=inventory-service instance=Mac-45.lan scope=dapr.runtime.actors.reminders.migration type=log ver=1.16.0
time="2025-09-25T10:13:07.33-05:00" level=info msg="Skipping migration, no missing scheduler reminders found" app_id=inventory-service instance=Mac-45.lan scope=dapr.runtime.actors.reminders.migration type=log ver=1.16.0
time="2025-09-25T10:13:07.330005-05:00" level=info msg="Found 0 missing scheduler reminders from state store" app_id=inventory-service instance=Mac-45.lan scope=dapr.runtime.actors.reminders.migration type=log ver=1.16.0
time="2025-09-25T10:13:07.33002-05:00" level=info msg="Migrated 0 reminders from state store to scheduler successfully" app_id=inventory-service instance=Mac-45.lan scope=dapr.runtime.actors.reminders.migration type=log ver=1.16.0
time="2025-09-25T10:13:07.529149-05:00" level=info msg="work item stream established by user-agent: [dapr-sdk-java/v1.16.0 grpc-java-netty/1.69.0]" app_id=inventory-service instance=Mac-45.lan scope=dapr.runtime.wfengine type=log ver=1.16.0
time="2025-09-25T10:13:07.529222-05:00" level=info msg="Updating actor types: [dapr.internal.default.inventory-service.activity dapr.internal.default.inventory-service.workflow]" app_id=inventory-service instance=Mac-45.lan scope=dapr.runtime.actors.placement type=log ver=1.16.0
time="2025-09-25T10:13:07.529269-05:00" level=info msg="Scheduler stream disconnected" app_id=inventory-service instance=Mac-45.lan scope=dapr.runtime.scheduler.cluster type=log ver=1.16.0
time="2025-09-25T10:13:07.529286-05:00" level=info msg="Scheduler stream disconnected" app_id=inventory-service instance=Mac-45.lan scope=dapr.runtime.scheduler.cluster type=log ver=1.16.0
time="2025-09-25T10:13:07.529311-05:00" level=info msg="Scheduler stream disconnected" app_id=inventory-service instance=Mac-45.lan scope=dapr.runtime.scheduler.cluster type=log ver=1.16.0
time="2025-09-25T10:13:07.5294-05:00" level=info msg="Scheduler stream connected for [JOB_TARGET_TYPE_JOB]" app_id=inventory-service instance=Mac-45.lan scope=dapr.runtime.scheduler.cluster type=log ver=1.16.0
time="2025-09-25T10:13:07.529406-05:00" level=info msg="Scheduler stream connected for [JOB_TARGET_TYPE_JOB]" app_id=inventory-service instance=Mac-45.lan scope=dapr.runtime.scheduler.cluster type=log ver=1.16.0
time="2025-09-25T10:13:07.529423-05:00" level=info msg="Scheduler stream connected for [JOB_TARGET_TYPE_JOB]" app_id=inventory-service instance=Mac-45.lan scope=dapr.runtime.scheduler.cluster type=log ver=1.16.0
Updating metadata for app command: java -jar target/inventory-service-1.0.0.jar
Updating metadata for appPID: 55680
You're up and running! Dapr logs will appear here.

time="2025-09-25T10:13:10.600566-05:00" level=info msg="Placement tables updated, version: 94" app_id=inventory-service instance=Mac-45.lan scope=dapr.runtime.actors.placement type=log ver=1.16.0
time="2025-09-25T10:13:10.600621-05:00" level=info msg="Running actor reminder migration from state store to scheduler" app_id=inventory-service instance=Mac-45.lan scope=dapr.runtime.actors.reminders.migration type=log ver=1.16.0
time="2025-09-25T10:13:10.602318-05:00" level=info msg="Scheduler stream disconnected" app_id=inventory-service instance=Mac-45.lan scope=dapr.runtime.scheduler.cluster type=log ver=1.16.0
time="2025-09-25T10:13:10.602415-05:00" level=info msg="Scheduler stream disconnected" app_id=inventory-service instance=Mac-45.lan scope=dapr.runtime.scheduler.cluster type=log ver=1.16.0
time="2025-09-25T10:13:10.602469-05:00" level=info msg="Scheduler stream disconnected" app_id=inventory-service instance=Mac-45.lan scope=dapr.runtime.scheduler.cluster type=log ver=1.16.0
time="2025-09-25T10:13:10.602663-05:00" level=info msg="Scheduler stream connected for [JOB_TARGET_TYPE_JOB JOB_TARGET_TYPE_ACTOR_REMINDER]" app_id=inventory-service instance=Mac-45.lan scope=dapr.runtime.scheduler.cluster type=log ver=1.16.0
time="2025-09-25T10:13:10.602736-05:00" level=info msg="Scheduler stream connected for [JOB_TARGET_TYPE_JOB JOB_TARGET_TYPE_ACTOR_REMINDER]" app_id=inventory-service instance=Mac-45.lan scope=dapr.runtime.scheduler.cluster type=log ver=1.16.0
time="2025-09-25T10:13:10.602802-05:00" level=info msg="Scheduler stream connected for [JOB_TARGET_TYPE_JOB JOB_TARGET_TYPE_ACTOR_REMINDER]" app_id=inventory-service instance=Mac-45.lan scope=dapr.runtime.scheduler.cluster type=log ver=1.16.0
time="2025-09-25T10:13:10.621224-05:00" level=info msg="Skipping migration, no missing scheduler reminders found" app_id=inventory-service instance=Mac-45.lan scope=dapr.runtime.actors.reminders.migration type=log ver=1.16.0
time="2025-09-25T10:13:10.621306-05:00" level=info msg="Found 0 missing scheduler reminders from state store" app_id=inventory-service instance=Mac-45.lan scope=dapr.runtime.actors.reminders.migration type=log ver=1.16.0
time="2025-09-25T10:13:10.621323-05:00" level=info msg="Migrated 0 reminders from state store to scheduler successfully" app_id=inventory-service instance=Mac-45.lan scope=dapr.runtime.actors.reminders.migration type=log ver=1.16.0
time="2025-09-25T10:16:24.309593-05:00" level=info msg="Received signal 'interrupt'; beginning shutdown" app_id=inventory-service instance=Mac-45.lan scope=dapr.signals type=log ver=1.16.0
time="2025-09-25T10:16:24.310207-05:00" level=info msg="Scheduler stream disconnected" app_id=inventory-service instance=Mac-45.lan scope=dapr.runtime.scheduler.cluster type=log ver=1.16.0
time="2025-09-25T10:16:24.310315-05:00" level=info msg="Scheduler stream disconnected" app_id=inventory-service instance=Mac-45.lan scope=dapr.runtime.scheduler.cluster type=log ver=1.16.0
time="2025-09-25T10:16:24.310359-05:00" level=info msg="Actor runtime shutting down" app_id=inventory-service instance=Mac-45.lan scope=dapr.runtime.actor type=log ver=1.16.0
time="2025-09-25T10:16:24.310418-05:00" level=info msg="Scheduler stream disconnected" app_id=inventory-service instance=Mac-45.lan scope=dapr.runtime.scheduler.cluster type=log ver=1.16.0
time="2025-09-25T10:16:24.310632-05:00" level=error msg="Error communicating with placement: rpc error: code = Canceled desc = context canceled" app_id=inventory-service instance=Mac-45.lan scope=dapr.runtime.actors.placement.client type=log ver=1.16.0
time="2025-09-25T10:16:24.309796-05:00" level=info msg="orchestration-processor: worker stopped" app_id=inventory-service instance=Mac-45.lan scope=dapr.wfengine.durabletask.backend type=log ver=1.16.0
time="2025-09-25T10:16:24.309986-05:00" level=info msg="backend stopping..." app_id=inventory-service instance=Mac-45.lan scope=dapr.wfengine.durabletask.backend type=log ver=1.16.0
time="2025-09-25T10:16:24.31148-05:00" level=info msg="workers stopping and draining..." app_id=inventory-service instance=Mac-45.lan scope=dapr.wfengine.durabletask.backend type=log ver=1.16.0
time="2025-09-25T10:16:24.31141-05:00" level=info msg="activity-processor: worker stopped" app_id=inventory-service instance=Mac-45.lan scope=dapr.wfengine.durabletask.backend type=log ver=1.16.0
time="2025-09-25T10:16:24.311542-05:00" level=info msg="finished stopping and draining workers!" app_id=inventory-service instance=Mac-45.lan scope=dapr.wfengine.durabletask.backend type=log ver=1.16.0
time="2025-09-25T10:16:24.311591-05:00" level=info msg="Workflow engine stopped" app_id=inventory-service instance=Mac-45.lan scope=dapr.runtime.wfengine type=log ver=1.16.0
time="2025-09-25T10:16:24.311856-05:00" level=info msg="Actor runtime stopped" app_id=inventory-service instance=Mac-45.lan scope=dapr.runtime.actor type=log ver=1.16.0

termination signal received: shutting down
Exited Dapr successfully
Exited App successfully
