Starting Dapr with id inventory-service. HTTP Port: 3507. gRPC Port: 50016
Updating metadata for cliPID: 75932
time="2025-09-23T14:20:23.236663-05:00" level=info msg="Starting Dapr Runtime -- version 1.16.0 -- commit b68296042c975d4ede1ed93ec6b0a579c2b6a020" app_id=inventory-service instance=Cassandras-MacBook-Pro.local scope=dapr.runtime type=log ver=1.16.0
time="2025-09-23T14:20:23.236689-05:00" level=info msg="Log level set to: info" app_id=inventory-service instance=Cassandras-MacBook-Pro.local scope=dapr.runtime type=log ver=1.16.0
time="2025-09-23T14:20:23.236775-05:00" level=warning msg="mTLS is disabled. Skipping certificate request and tls validation" app_id=inventory-service instance=Cassandras-MacBook-Pro.local scope=dapr.runtime.security type=log ver=1.16.0
time="2025-09-23T14:20:23.237075-05:00" level=info msg="Enabled features: SchedulerReminders" app_id=inventory-service instance=Cassandras-MacBook-Pro.local scope=dapr.runtime type=log ver=1.16.0
time="2025-09-23T14:20:23.237118-05:00" level=info msg="metric spec: {\"enabled\":true}" app_id=inventory-service instance=Cassandras-MacBook-Pro.local scope=dapr.runtime.diagnostics type=log ver=1.16.0
time="2025-09-23T14:20:23.237133-05:00" level=info msg="Using default latency distribution buckets: [1 2 3 4 5 6 8 10 13 16 20 25 30 40 50 65 80 100 130 160 200 250 300 400 500 650 800 1000 2000 5000 10000 20000 50000 100000]" app_id=inventory-service instance=Cassandras-MacBook-Pro.local scope=dapr.runtime.diagnostics type=log ver=1.16.0
time="2025-09-23T14:20:23.237202-05:00" level=warning msg="The default value for 'spec.metric.http.increasedCardinality' will change to 'false' in Dapr 1.15 or later" app_id=inventory-service instance=Cassandras-MacBook-Pro.local scope=dapr.runtime.diagnostics type=log ver=1.16.0
time="2025-09-23T14:20:23.237475-05:00" level=info msg="standalone mode configured" app_id=inventory-service instance=Cassandras-MacBook-Pro.local scope=dapr.runtime type=log ver=1.16.0
time="2025-09-23T14:20:23.237495-05:00" level=info msg="app id: inventory-service" app_id=inventory-service instance=Cassandras-MacBook-Pro.local scope=dapr.runtime type=log ver=1.16.0
time="2025-09-23T14:20:23.237591-05:00" level=info msg="metrics server started on 0.0.0.0:54159/" app_id=inventory-service instance=Cassandras-MacBook-Pro.local scope=dapr.runtime type=log ver=1.16.0
time="2025-09-23T14:20:23.237593-05:00" level=info msg="Dapr trace sampler initialized: ParentBased{root:AlwaysOnSampler,remoteParentSampled:AlwaysOnSampler,remoteParentNotSampled:AlwaysOffSampler,localParentSampled:AlwaysOnSampler,localParentNotSampled:AlwaysOffSampler}" app_id=inventory-service instance=Cassandras-MacBook-Pro.local scope=dapr.runtime type=log ver=1.16.0
time="2025-09-23T14:20:23.238102-05:00" level=info msg="local service entry announced: inventory-service -> 172.16.73.126:54160" app_id=inventory-service component="nr (mdns/v1)" instance=Cassandras-MacBook-Pro.local scope=dapr.contrib type=log ver=1.16.0
time="2025-09-23T14:20:23.238117-05:00" level=info msg="Initialized name resolution to mdns" app_id=inventory-service instance=Cassandras-MacBook-Pro.local scope=dapr.runtime type=log ver=1.16.0
time="2025-09-23T14:20:23.238205-05:00" level=info msg="Loading components…" app_id=inventory-service instance=Cassandras-MacBook-Pro.local scope=dapr.runtime type=log ver=1.16.0
time="2025-09-23T14:20:23.239192-05:00" level=info msg="Waiting for all outstanding components to be processed…" app_id=inventory-service instance=Cassandras-MacBook-Pro.local scope=dapr.runtime type=log ver=1.16.0
time="2025-09-23T14:20:23.242067-05:00" level=info msg="Connected and received scheduler hosts addresses: [localhost:50006]" app_id=inventory-service instance=Cassandras-MacBook-Pro.local scope=dapr.runtime.scheduler.watchhosts type=log ver=1.16.0
time="2025-09-23T14:20:23.242135-05:00" level=info msg="Scheduler client initialized for address: localhost:50006" app_id=inventory-service instance=Cassandras-MacBook-Pro.local scope=dapr.runtime.scheduler.clients type=log ver=1.16.0
time="2025-09-23T14:20:23.242144-05:00" level=info msg="Scheduler clients initialized" app_id=inventory-service instance=Cassandras-MacBook-Pro.local scope=dapr.runtime.scheduler.clients type=log ver=1.16.0
time="2025-09-23T14:20:23.245625-05:00" level=info msg="Using 'statestore' as actor state store" app_id=inventory-service instance=Cassandras-MacBook-Pro.local scope=dapr.runtime.processor.state type=log ver=1.16.0
time="2025-09-23T14:20:23.245646-05:00" level=info msg="Component loaded: statestore (state.redis/v1)" app_id=inventory-service instance=Cassandras-MacBook-Pro.local scope=dapr.runtime.processor type=log ver=1.16.0
time="2025-09-23T14:20:23.245656-05:00" level=info msg="All outstanding components processed" app_id=inventory-service instance=Cassandras-MacBook-Pro.local scope=dapr.runtime type=log ver=1.16.0
time="2025-09-23T14:20:23.245661-05:00" level=info msg="Loading endpoints…" app_id=inventory-service instance=Cassandras-MacBook-Pro.local scope=dapr.runtime type=log ver=1.16.0
time="2025-09-23T14:20:23.245749-05:00" level=info msg="Waiting for all outstanding http endpoints to be processed…" app_id=inventory-service instance=Cassandras-MacBook-Pro.local scope=dapr.runtime type=log ver=1.16.0
time="2025-09-23T14:20:23.245757-05:00" level=info msg="All outstanding http endpoints processed" app_id=inventory-service instance=Cassandras-MacBook-Pro.local scope=dapr.runtime type=log ver=1.16.0
time="2025-09-23T14:20:23.245762-05:00" level=info msg="Loading Declarative Subscriptions…" app_id=inventory-service instance=Cassandras-MacBook-Pro.local scope=dapr.runtime type=log ver=1.16.0
time="2025-09-23T14:20:23.245913-05:00" level=info msg="gRPC server listening on TCP address: :50016" app_id=inventory-service instance=Cassandras-MacBook-Pro.local scope=dapr.runtime.grpc.api type=log ver=1.16.0
time="2025-09-23T14:20:23.245922-05:00" level=info msg="Enabled gRPC tracing middleware" app_id=inventory-service instance=Cassandras-MacBook-Pro.local scope=dapr.runtime.grpc.api type=log ver=1.16.0
time="2025-09-23T14:20:23.245926-05:00" level=info msg="Enabled gRPC metrics middleware" app_id=inventory-service instance=Cassandras-MacBook-Pro.local scope=dapr.runtime.grpc.api type=log ver=1.16.0
time="2025-09-23T14:20:23.245961-05:00" level=info msg="Registering workflow engine for gRPC endpoint: [::]:50016" app_id=inventory-service instance=Cassandras-MacBook-Pro.local scope=dapr.runtime.grpc.api type=log ver=1.16.0
time="2025-09-23T14:20:23.245981-05:00" level=info msg="API gRPC server is running on port 50016" app_id=inventory-service instance=Cassandras-MacBook-Pro.local scope=dapr.runtime type=log ver=1.16.0
time="2025-09-23T14:20:23.245999-05:00" level=warning msg="The default value for 'spec.metric.http.increasedCardinality' will change to 'false' in Dapr 1.15 or later" app_id=inventory-service instance=Cassandras-MacBook-Pro.local scope=dapr.runtime.http type=log ver=1.16.0
time="2025-09-23T14:20:23.246024-05:00" level=info msg="Enabled max body size HTTP middleware with size 4194304 bytes" app_id=inventory-service instance=Cassandras-MacBook-Pro.local scope=dapr.runtime.http type=log ver=1.16.0
time="2025-09-23T14:20:23.246029-05:00" level=info msg="Enabled tracing HTTP middleware" app_id=inventory-service instance=Cassandras-MacBook-Pro.local scope=dapr.runtime.http type=log ver=1.16.0
time="2025-09-23T14:20:23.246033-05:00" level=info msg="Enabled metrics HTTP middleware" app_id=inventory-service instance=Cassandras-MacBook-Pro.local scope=dapr.runtime.http type=log ver=1.16.0
time="2025-09-23T14:20:23.246212-05:00" level=info msg="HTTP server listening on TCP address: :3507" app_id=inventory-service instance=Cassandras-MacBook-Pro.local scope=dapr.runtime.http type=log ver=1.16.0
time="2025-09-23T14:20:23.246226-05:00" level=info msg="HTTP server is running on port 3507" app_id=inventory-service instance=Cassandras-MacBook-Pro.local scope=dapr.runtime type=log ver=1.16.0
time="2025-09-23T14:20:23.24623-05:00" level=info msg="The request body size parameter is: 4194304 bytes" app_id=inventory-service instance=Cassandras-MacBook-Pro.local scope=dapr.runtime type=log ver=1.16.0
time="2025-09-23T14:20:23.246257-05:00" level=info msg="gRPC server listening on TCP address: :54160" app_id=inventory-service instance=Cassandras-MacBook-Pro.local scope=dapr.runtime.grpc.internal type=log ver=1.16.0
time="2025-09-23T14:20:23.246263-05:00" level=info msg="Enabled gRPC tracing middleware" app_id=inventory-service instance=Cassandras-MacBook-Pro.local scope=dapr.runtime.grpc.internal type=log ver=1.16.0
time="2025-09-23T14:20:23.246274-05:00" level=info msg="Enabled gRPC metrics middleware" app_id=inventory-service instance=Cassandras-MacBook-Pro.local scope=dapr.runtime.grpc.internal type=log ver=1.16.0
time="2025-09-23T14:20:23.246296-05:00" level=info msg="Internal gRPC server is running on :54160" app_id=inventory-service instance=Cassandras-MacBook-Pro.local scope=dapr.runtime type=log ver=1.16.0
time="2025-09-23T14:20:23.246345-05:00" level=info msg="Using Scheduler service for reminders." app_id=inventory-service instance=Cassandras-MacBook-Pro.local scope=dapr.runtime.actor.reminders.scheduler type=log ver=1.16.0
time="2025-09-23T14:20:23.246362-05:00" level=info msg="application protocol: http. waiting on port 50003.  This will block until the app is listening on that port." app_id=inventory-service instance=Cassandras-MacBook-Pro.local scope=dapr.runtime type=log ver=1.16.0
time="2025-09-23T14:20:23.24637-05:00" level=info msg="Actor runtime started" app_id=inventory-service instance=Cassandras-MacBook-Pro.local scope=dapr.runtime.actor type=log ver=1.16.0
time="2025-09-23T14:20:23.246384-05:00" level=info msg="worker started with backend dapr.actors/v1" app_id=inventory-service instance=Cassandras-MacBook-Pro.local scope=dapr.wfengine.durabletask.backend type=log ver=1.16.0
time="2025-09-23T14:20:23.246384-05:00" level=warning msg="Graceful shutdown timeout is infinite, will wait indefinitely to shutdown" app_id=inventory-service instance=Cassandras-MacBook-Pro.local scope=dapr.runtime.actor type=log ver=1.16.0
time="2025-09-23T14:20:23.246396-05:00" level=info msg="Workflow engine started" app_id=inventory-service instance=Cassandras-MacBook-Pro.local scope=dapr.runtime.wfengine type=log ver=1.16.0
Updating metadata for app command: java -jar target/inventory-service-1.0.0.jar
Updating metadata for appPID: 76003
You're up and running! Dapr logs will appear here.

time="2025-09-23T14:20:30.665079-05:00" level=info msg="Received signal 'interrupt'; beginning shutdown" app_id=inventory-service instance=Cassandras-MacBook-Pro.local scope=dapr.signals type=log ver=1.16.0
time="2025-09-23T14:20:30.665144-05:00" level=info msg="backend stopping..." app_id=inventory-service instance=Cassandras-MacBook-Pro.local scope=dapr.wfengine.durabletask.backend type=log ver=1.16.0
time="2025-09-23T14:20:30.66516-05:00" level=info msg="workers stopping and draining..." app_id=inventory-service instance=Cassandras-MacBook-Pro.local scope=dapr.wfengine.durabletask.backend type=log ver=1.16.0
time="2025-09-23T14:20:30.665223-05:00" level=info msg="orchestration-processor: worker stopped" app_id=inventory-service instance=Cassandras-MacBook-Pro.local scope=dapr.wfengine.durabletask.backend type=log ver=1.16.0
time="2025-09-23T14:20:30.665248-05:00" level=info msg="activity-processor: worker stopped" app_id=inventory-service instance=Cassandras-MacBook-Pro.local scope=dapr.wfengine.durabletask.backend type=log ver=1.16.0
time="2025-09-23T14:20:30.665281-05:00" level=info msg="Actor runtime shutting down" app_id=inventory-service instance=Cassandras-MacBook-Pro.local scope=dapr.runtime.actor type=log ver=1.16.0
time="2025-09-23T14:20:30.665305-05:00" level=info msg="finished stopping and draining workers!" app_id=inventory-service instance=Cassandras-MacBook-Pro.local scope=dapr.wfengine.durabletask.backend type=log ver=1.16.0
time="2025-09-23T14:20:30.665325-05:00" level=info msg="Workflow engine stopped" app_id=inventory-service instance=Cassandras-MacBook-Pro.local scope=dapr.runtime.wfengine type=log ver=1.16.0
time="2025-09-23T14:20:30.665446-05:00" level=info msg="Actor runtime stopped" app_id=inventory-service instance=Cassandras-MacBook-Pro.local scope=dapr.runtime.actor type=log ver=1.16.0
time="2025-09-23T14:20:30.665992-05:00" level=info msg="Dapr is shutting down" app_id=inventory-service instance=Cassandras-MacBook-Pro.local scope=dapr.runtime type=log ver=1.16.0

termination signal received: shutting down
Exited Dapr successfully
time="2025-09-23T14:20:30.667407-05:00" level=info msg="stopping mDNS server for app id: inventory-service" app_id=inventory-service component="nr (mdns/v1)" instance=Cassandras-MacBook-Pro.local scope=dapr.contrib type=log ver=1.16.0
time="2025-09-23T14:20:30.666344-05:00" level=info msg="Shutting down component statestore (state.redis/v1)" app_id=inventory-service instance=Cassandras-MacBook-Pro.local scope=dapr.runtime type=log ver=1.16.0
time="2025-09-23T14:20:30.667836-05:00" level=info msg="Dapr runtime stopped" app_id=inventory-service instance=Cassandras-MacBook-Pro.local scope=dapr.runtime type=log ver=1.16.0
