Starting Dapr with id inventory-service. HTTP Port: 3507. gRPC Port: 50016
Updating metadata for cliPID: 54929
time="2025-09-25T09:58:35.382971-05:00" level=info msg="Starting Dapr Runtime -- version 1.16.0 -- commit b68296042c975d4ede1ed93ec6b0a579c2b6a020" app_id=inventory-service instance=Mac-45.lan scope=dapr.runtime type=log ver=1.16.0
time="2025-09-25T09:58:35.383009-05:00" level=info msg="Log level set to: info" app_id=inventory-service instance=Mac-45.lan scope=dapr.runtime type=log ver=1.16.0
time="2025-09-25T09:58:35.383167-05:00" level=warning msg="mTLS is disabled. Skipping certificate request and tls validation" app_id=inventory-service instance=Mac-45.lan scope=dapr.runtime.security type=log ver=1.16.0
time="2025-09-25T09:58:35.38368-05:00" level=info msg="Enabled features: SchedulerReminders" app_id=inventory-service instance=Mac-45.lan scope=dapr.runtime type=log ver=1.16.0
time="2025-09-25T09:58:35.383836-05:00" level=info msg="metric spec: {\"enabled\":true}" app_id=inventory-service instance=Mac-45.lan scope=dapr.runtime.diagnostics type=log ver=1.16.0
time="2025-09-25T09:58:35.383872-05:00" level=info msg="Using default latency distribution buckets: [1 2 3 4 5 6 8 10 13 16 20 25 30 40 50 65 80 100 130 160 200 250 300 400 500 650 800 1000 2000 5000 10000 20000 50000 100000]" app_id=inventory-service instance=Mac-45.lan scope=dapr.runtime.diagnostics type=log ver=1.16.0
time="2025-09-25T09:58:35.383983-05:00" level=warning msg="The default value for 'spec.metric.http.increasedCardinality' will change to 'false' in Dapr 1.15 or later" app_id=inventory-service instance=Mac-45.lan scope=dapr.runtime.diagnostics type=log ver=1.16.0
time="2025-09-25T09:58:35.384396-05:00" level=info msg="standalone mode configured" app_id=inventory-service instance=Mac-45.lan scope=dapr.runtime type=log ver=1.16.0
time="2025-09-25T09:58:35.384458-05:00" level=info msg="app id: inventory-service" app_id=inventory-service instance=Mac-45.lan scope=dapr.runtime type=log ver=1.16.0
time="2025-09-25T09:58:35.384689-05:00" level=info msg="Dapr trace sampler initialized: ParentBased{root:AlwaysOnSampler,remoteParentSampled:AlwaysOnSampler,remoteParentNotSampled:AlwaysOffSampler,localParentSampled:AlwaysOnSampler,localParentNotSampled:AlwaysOffSampler}" app_id=inventory-service instance=Mac-45.lan scope=dapr.runtime type=log ver=1.16.0
time="2025-09-25T09:58:35.384754-05:00" level=info msg="metrics server started on 0.0.0.0:63739/" app_id=inventory-service instance=Mac-45.lan scope=dapr.runtime type=log ver=1.16.0
time="2025-09-25T09:58:35.384993-05:00" level=info msg="local service entry announced: inventory-service -> 192.168.1.82:63740" app_id=inventory-service component="nr (mdns/v1)" instance=Mac-45.lan scope=dapr.contrib type=log ver=1.16.0
time="2025-09-25T09:58:35.385053-05:00" level=info msg="Initialized name resolution to mdns" app_id=inventory-service instance=Mac-45.lan scope=dapr.runtime type=log ver=1.16.0
time="2025-09-25T09:58:35.385139-05:00" level=info msg="Loading components…" app_id=inventory-service instance=Mac-45.lan scope=dapr.runtime type=log ver=1.16.0
time="2025-09-25T09:58:35.385608-05:00" level=info msg="Waiting for all outstanding components to be processed…" app_id=inventory-service instance=Mac-45.lan scope=dapr.runtime type=log ver=1.16.0
time="2025-09-25T09:58:35.393582-05:00" level=info msg="Connected and received scheduler hosts addresses: [localhost:50006]" app_id=inventory-service instance=Mac-45.lan scope=dapr.runtime.scheduler.watchhosts type=log ver=1.16.0
time="2025-09-25T09:58:35.394149-05:00" level=info msg="Scheduler client initialized for address: localhost:50006" app_id=inventory-service instance=Mac-45.lan scope=dapr.runtime.scheduler.clients type=log ver=1.16.0
time="2025-09-25T09:58:35.394204-05:00" level=info msg="Scheduler clients initialized" app_id=inventory-service instance=Mac-45.lan scope=dapr.runtime.scheduler.clients type=log ver=1.16.0
time="2025-09-25T09:58:35.400198-05:00" level=info msg="Using 'statestore' as actor state store" app_id=inventory-service instance=Mac-45.lan scope=dapr.runtime.processor.state type=log ver=1.16.0
time="2025-09-25T09:58:35.400324-05:00" level=info msg="Component loaded: statestore (state.redis/v1)" app_id=inventory-service instance=Mac-45.lan scope=dapr.runtime.processor type=log ver=1.16.0
time="2025-09-25T09:58:35.400434-05:00" level=info msg="All outstanding components processed" app_id=inventory-service instance=Mac-45.lan scope=dapr.runtime type=log ver=1.16.0
time="2025-09-25T09:58:35.400454-05:00" level=info msg="Loading endpoints…" app_id=inventory-service instance=Mac-45.lan scope=dapr.runtime type=log ver=1.16.0
time="2025-09-25T09:58:35.400823-05:00" level=info msg="Waiting for all outstanding http endpoints to be processed…" app_id=inventory-service instance=Mac-45.lan scope=dapr.runtime type=log ver=1.16.0
time="2025-09-25T09:58:35.400847-05:00" level=info msg="All outstanding http endpoints processed" app_id=inventory-service instance=Mac-45.lan scope=dapr.runtime type=log ver=1.16.0
time="2025-09-25T09:58:35.40086-05:00" level=info msg="Loading Declarative Subscriptions…" app_id=inventory-service instance=Mac-45.lan scope=dapr.runtime type=log ver=1.16.0
time="2025-09-25T09:58:35.401363-05:00" level=info msg="gRPC server listening on TCP address: :50016" app_id=inventory-service instance=Mac-45.lan scope=dapr.runtime.grpc.api type=log ver=1.16.0
time="2025-09-25T09:58:35.401386-05:00" level=info msg="Enabled gRPC tracing middleware" app_id=inventory-service instance=Mac-45.lan scope=dapr.runtime.grpc.api type=log ver=1.16.0
time="2025-09-25T09:58:35.401402-05:00" level=info msg="Enabled gRPC metrics middleware" app_id=inventory-service instance=Mac-45.lan scope=dapr.runtime.grpc.api type=log ver=1.16.0
time="2025-09-25T09:58:35.401473-05:00" level=info msg="Registering workflow engine for gRPC endpoint: [::]:50016" app_id=inventory-service instance=Mac-45.lan scope=dapr.runtime.grpc.api type=log ver=1.16.0
time="2025-09-25T09:58:35.401508-05:00" level=info msg="API gRPC server is running on port 50016" app_id=inventory-service instance=Mac-45.lan scope=dapr.runtime type=log ver=1.16.0
time="2025-09-25T09:58:35.401538-05:00" level=warning msg="The default value for 'spec.metric.http.increasedCardinality' will change to 'false' in Dapr 1.15 or later" app_id=inventory-service instance=Mac-45.lan scope=dapr.runtime.http type=log ver=1.16.0
time="2025-09-25T09:58:35.401596-05:00" level=info msg="Enabled max body size HTTP middleware with size 4194304 bytes" app_id=inventory-service instance=Mac-45.lan scope=dapr.runtime.http type=log ver=1.16.0
time="2025-09-25T09:58:35.401608-05:00" level=info msg="Enabled tracing HTTP middleware" app_id=inventory-service instance=Mac-45.lan scope=dapr.runtime.http type=log ver=1.16.0
time="2025-09-25T09:58:35.401617-05:00" level=info msg="Enabled metrics HTTP middleware" app_id=inventory-service instance=Mac-45.lan scope=dapr.runtime.http type=log ver=1.16.0
time="2025-09-25T09:58:35.402043-05:00" level=info msg="HTTP server listening on TCP address: :3507" app_id=inventory-service instance=Mac-45.lan scope=dapr.runtime.http type=log ver=1.16.0
time="2025-09-25T09:58:35.402075-05:00" level=info msg="HTTP server is running on port 3507" app_id=inventory-service instance=Mac-45.lan scope=dapr.runtime type=log ver=1.16.0
time="2025-09-25T09:58:35.402119-05:00" level=info msg="The request body size parameter is: 4194304 bytes" app_id=inventory-service instance=Mac-45.lan scope=dapr.runtime type=log ver=1.16.0
time="2025-09-25T09:58:35.402234-05:00" level=info msg="gRPC server listening on TCP address: :63740" app_id=inventory-service instance=Mac-45.lan scope=dapr.runtime.grpc.internal type=log ver=1.16.0
time="2025-09-25T09:58:35.402249-05:00" level=info msg="Enabled gRPC tracing middleware" app_id=inventory-service instance=Mac-45.lan scope=dapr.runtime.grpc.internal type=log ver=1.16.0
time="2025-09-25T09:58:35.402256-05:00" level=info msg="Enabled gRPC metrics middleware" app_id=inventory-service instance=Mac-45.lan scope=dapr.runtime.grpc.internal type=log ver=1.16.0
time="2025-09-25T09:58:35.40232-05:00" level=info msg="Internal gRPC server is running on :63740" app_id=inventory-service instance=Mac-45.lan scope=dapr.runtime type=log ver=1.16.0
time="2025-09-25T09:58:35.402397-05:00" level=info msg="Using Scheduler service for reminders." app_id=inventory-service instance=Mac-45.lan scope=dapr.runtime.actor.reminders.scheduler type=log ver=1.16.0
time="2025-09-25T09:58:35.402422-05:00" level=info msg="application protocol: http. waiting on port 50003.  This will block until the app is listening on that port." app_id=inventory-service instance=Mac-45.lan scope=dapr.runtime type=log ver=1.16.0
time="2025-09-25T09:58:35.402436-05:00" level=info msg="Actor runtime started" app_id=inventory-service instance=Mac-45.lan scope=dapr.runtime.actor type=log ver=1.16.0
time="2025-09-25T09:58:35.402505-05:00" level=info msg="worker started with backend dapr.actors/v1" app_id=inventory-service instance=Mac-45.lan scope=dapr.wfengine.durabletask.backend type=log ver=1.16.0
time="2025-09-25T09:58:35.402481-05:00" level=warning msg="Graceful shutdown timeout is infinite, will wait indefinitely to shutdown" app_id=inventory-service instance=Mac-45.lan scope=dapr.runtime.actor type=log ver=1.16.0
time="2025-09-25T09:58:35.402544-05:00" level=info msg="Workflow engine started" app_id=inventory-service instance=Mac-45.lan scope=dapr.runtime.wfengine type=log ver=1.16.0
time="2025-09-25T09:58:35.503647-05:00" level=info msg="application discovered on port 50003" app_id=inventory-service instance=Mac-45.lan scope=dapr.runtime type=log ver=1.16.0
time="2025-09-25T09:58:35.511968-05:00" level=info msg="Application configuration loaded" app_id=inventory-service instance=Mac-45.lan scope=dapr.runtime type=log ver=1.16.0
time="2025-09-25T09:58:35.512004-05:00" level=info msg="Registering hosted actors: []" app_id=inventory-service instance=Mac-45.lan scope=dapr.runtime.actor type=log ver=1.16.0
time="2025-09-25T09:58:35.512022-05:00" level=info msg="dapr initialized. Status: Running. Init Elapsed 127ms" app_id=inventory-service instance=Mac-45.lan scope=dapr.runtime type=log ver=1.16.0
time="2025-09-25T09:58:35.51219-05:00" level=info msg="Connected to placement localhost:50005" app_id=inventory-service instance=Mac-45.lan scope=dapr.runtime.actors.placement.client.connector.static type=log ver=1.16.0
time="2025-09-25T09:58:35.512198-05:00" level=info msg="Reporting actor types: []" app_id=inventory-service instance=Mac-45.lan scope=dapr.runtime.actors.placement type=log ver=1.16.0
time="2025-09-25T09:58:35.512237-05:00" level=info msg="Scheduler stream connected for [JOB_TARGET_TYPE_JOB]" app_id=inventory-service instance=Mac-45.lan scope=dapr.runtime.scheduler.cluster type=log ver=1.16.0
time="2025-09-25T09:58:35.512237-05:00" level=info msg="Scheduler stream connected for [JOB_TARGET_TYPE_JOB]" app_id=inventory-service instance=Mac-45.lan scope=dapr.runtime.scheduler.cluster type=log ver=1.16.0
time="2025-09-25T09:58:35.512331-05:00" level=info msg="Scheduler stream connected for [JOB_TARGET_TYPE_JOB]" app_id=inventory-service instance=Mac-45.lan scope=dapr.runtime.scheduler.cluster type=log ver=1.16.0
time="2025-09-25T09:58:35.51438-05:00" level=info msg="Connected to placement localhost:50005" app_id=inventory-service instance=Mac-45.lan scope=dapr.runtime.actors.placement.client type=log ver=1.16.0
time="2025-09-25T09:58:35.515849-05:00" level=info msg="Placement tables updated, version: 76" app_id=inventory-service instance=Mac-45.lan scope=dapr.runtime.actors.placement type=log ver=1.16.0
time="2025-09-25T09:58:35.515874-05:00" level=info msg="Running actor reminder migration from state store to scheduler" app_id=inventory-service instance=Mac-45.lan scope=dapr.runtime.actors.reminders.migration type=log ver=1.16.0
time="2025-09-25T09:58:35.515884-05:00" level=info msg="Skipping migration, no missing scheduler reminders found" app_id=inventory-service instance=Mac-45.lan scope=dapr.runtime.actors.reminders.migration type=log ver=1.16.0
time="2025-09-25T09:58:35.515889-05:00" level=info msg="Found 0 missing scheduler reminders from state store" app_id=inventory-service instance=Mac-45.lan scope=dapr.runtime.actors.reminders.migration type=log ver=1.16.0
time="2025-09-25T09:58:35.515905-05:00" level=info msg="Migrated 0 reminders from state store to scheduler successfully" app_id=inventory-service instance=Mac-45.lan scope=dapr.runtime.actors.reminders.migration type=log ver=1.16.0
time="2025-09-25T09:58:35.723573-05:00" level=info msg="work item stream established by user-agent: [dapr-sdk-java/v1.16.0 grpc-java-netty/1.69.0]" app_id=inventory-service instance=Mac-45.lan scope=dapr.runtime.wfengine type=log ver=1.16.0
time="2025-09-25T09:58:35.723639-05:00" level=info msg="Updating actor types: [dapr.internal.default.inventory-service.activity dapr.internal.default.inventory-service.workflow]" app_id=inventory-service instance=Mac-45.lan scope=dapr.runtime.actors.placement type=log ver=1.16.0
time="2025-09-25T09:58:35.723724-05:00" level=info msg="Scheduler stream disconnected" app_id=inventory-service instance=Mac-45.lan scope=dapr.runtime.scheduler.cluster type=log ver=1.16.0
time="2025-09-25T09:58:35.723729-05:00" level=info msg="Scheduler stream disconnected" app_id=inventory-service instance=Mac-45.lan scope=dapr.runtime.scheduler.cluster type=log ver=1.16.0
time="2025-09-25T09:58:35.723732-05:00" level=info msg="Scheduler stream disconnected" app_id=inventory-service instance=Mac-45.lan scope=dapr.runtime.scheduler.cluster type=log ver=1.16.0
time="2025-09-25T09:58:35.72382-05:00" level=info msg="Scheduler stream connected for [JOB_TARGET_TYPE_JOB]" app_id=inventory-service instance=Mac-45.lan scope=dapr.runtime.scheduler.cluster type=log ver=1.16.0
time="2025-09-25T09:58:35.723844-05:00" level=info msg="Scheduler stream connected for [JOB_TARGET_TYPE_JOB]" app_id=inventory-service instance=Mac-45.lan scope=dapr.runtime.scheduler.cluster type=log ver=1.16.0
time="2025-09-25T09:58:35.723827-05:00" level=info msg="Scheduler stream connected for [JOB_TARGET_TYPE_JOB]" app_id=inventory-service instance=Mac-45.lan scope=dapr.runtime.scheduler.cluster type=log ver=1.16.0
Updating metadata for app command: java -jar target/inventory-service-1.0.0.jar
Updating metadata for appPID: 54967
You're up and running! Dapr logs will appear here.

time="2025-09-25T09:58:39.082156-05:00" level=info msg="Placement tables updated, version: 78" app_id=inventory-service instance=Mac-45.lan scope=dapr.runtime.actors.placement type=log ver=1.16.0
time="2025-09-25T09:58:39.08233-05:00" level=info msg="Running actor reminder migration from state store to scheduler" app_id=inventory-service instance=Mac-45.lan scope=dapr.runtime.actors.reminders.migration type=log ver=1.16.0
time="2025-09-25T09:58:39.082572-05:00" level=info msg="Scheduler stream disconnected" app_id=inventory-service instance=Mac-45.lan scope=dapr.runtime.scheduler.cluster type=log ver=1.16.0
time="2025-09-25T09:58:39.082653-05:00" level=info msg="Scheduler stream disconnected" app_id=inventory-service instance=Mac-45.lan scope=dapr.runtime.scheduler.cluster type=log ver=1.16.0
time="2025-09-25T09:58:39.082665-05:00" level=info msg="Scheduler stream disconnected" app_id=inventory-service instance=Mac-45.lan scope=dapr.runtime.scheduler.cluster type=log ver=1.16.0
time="2025-09-25T09:58:39.082825-05:00" level=info msg="Scheduler stream connected for [JOB_TARGET_TYPE_JOB JOB_TARGET_TYPE_ACTOR_REMINDER]" app_id=inventory-service instance=Mac-45.lan scope=dapr.runtime.scheduler.cluster type=log ver=1.16.0
time="2025-09-25T09:58:39.082904-05:00" level=info msg="Scheduler stream connected for [JOB_TARGET_TYPE_JOB JOB_TARGET_TYPE_ACTOR_REMINDER]" app_id=inventory-service instance=Mac-45.lan scope=dapr.runtime.scheduler.cluster type=log ver=1.16.0
time="2025-09-25T09:58:39.082935-05:00" level=info msg="Scheduler stream connected for [JOB_TARGET_TYPE_JOB JOB_TARGET_TYPE_ACTOR_REMINDER]" app_id=inventory-service instance=Mac-45.lan scope=dapr.runtime.scheduler.cluster type=log ver=1.16.0
time="2025-09-25T09:58:39.091954-05:00" level=info msg="Skipping migration, no missing scheduler reminders found" app_id=inventory-service instance=Mac-45.lan scope=dapr.runtime.actors.reminders.migration type=log ver=1.16.0
time="2025-09-25T09:58:39.09199-05:00" level=info msg="Found 0 missing scheduler reminders from state store" app_id=inventory-service instance=Mac-45.lan scope=dapr.runtime.actors.reminders.migration type=log ver=1.16.0
time="2025-09-25T09:58:39.092002-05:00" level=info msg="Migrated 0 reminders from state store to scheduler successfully" app_id=inventory-service instance=Mac-45.lan scope=dapr.runtime.actors.reminders.migration type=log ver=1.16.0
time="2025-09-25T09:59:44.449802-05:00" level=info msg="Received signal 'interrupt'; beginning shutdown" app_id=inventory-service instance=Mac-45.lan scope=dapr.signals type=log ver=1.16.0
time="2025-09-25T09:59:44.450239-05:00" level=info msg="backend stopping..." app_id=inventory-service instance=Mac-45.lan scope=dapr.wfengine.durabletask.backend type=log ver=1.16.0
time="2025-09-25T09:59:44.450299-05:00" level=info msg="workers stopping and draining..." app_id=inventory-service instance=Mac-45.lan scope=dapr.wfengine.durabletask.backend type=log ver=1.16.0

termination signal received: shutting down
time="2025-09-25T09:59:44.45117-05:00" level=info msg="Scheduler stream disconnected" app_id=inventory-service instance=Mac-45.lan scope=dapr.runtime.scheduler.cluster type=log ver=1.16.0
Exited Dapr successfully
Exited App successfully
time="2025-09-25T09:59:44.451284-05:00" level=info msg="Actor runtime shutting down" app_id=inventory-service instance=Mac-45.lan scope=dapr.runtime.actor type=log ver=1.16.0
