Starting Dapr with id inventory-service. HTTP Port: 3507. gRPC Port: 50016
Updating metadata for cliPID: 43290
time="2025-10-21T10:04:51.83748-05:00" level=info msg="Starting Dapr Runtime -- version 1.16.0 -- commit b68296042c975d4ede1ed93ec6b0a579c2b6a020" app_id=inventory-service instance=Cassandras-MacBook-Pro.local scope=dapr.runtime type=log ver=1.16.0
time="2025-10-21T10:04:51.837514-05:00" level=info msg="Log level set to: info" app_id=inventory-service instance=Cassandras-MacBook-Pro.local scope=dapr.runtime type=log ver=1.16.0
time="2025-10-21T10:04:51.837611-05:00" level=warning msg="mTLS is disabled. Skipping certificate request and tls validation" app_id=inventory-service instance=Cassandras-MacBook-Pro.local scope=dapr.runtime.security type=log ver=1.16.0
time="2025-10-21T10:04:51.837952-05:00" level=info msg="Enabled features: SchedulerReminders" app_id=inventory-service instance=Cassandras-MacBook-Pro.local scope=dapr.runtime type=log ver=1.16.0
time="2025-10-21T10:04:51.838005-05:00" level=info msg="metric spec: {\"enabled\":true}" app_id=inventory-service instance=Cassandras-MacBook-Pro.local scope=dapr.runtime.diagnostics type=log ver=1.16.0
time="2025-10-21T10:04:51.838027-05:00" level=info msg="Using default latency distribution buckets: [1 2 3 4 5 6 8 10 13 16 20 25 30 40 50 65 80 100 130 160 200 250 300 400 500 650 800 1000 2000 5000 10000 20000 50000 100000]" app_id=inventory-service instance=Cassandras-MacBook-Pro.local scope=dapr.runtime.diagnostics type=log ver=1.16.0
time="2025-10-21T10:04:51.838083-05:00" level=warning msg="The default value for 'spec.metric.http.increasedCardinality' will change to 'false' in Dapr 1.15 or later" app_id=inventory-service instance=Cassandras-MacBook-Pro.local scope=dapr.runtime.diagnostics type=log ver=1.16.0
time="2025-10-21T10:04:51.838426-05:00" level=info msg="standalone mode configured" app_id=inventory-service instance=Cassandras-MacBook-Pro.local scope=dapr.runtime type=log ver=1.16.0
time="2025-10-21T10:04:51.838456-05:00" level=info msg="app id: inventory-service" app_id=inventory-service instance=Cassandras-MacBook-Pro.local scope=dapr.runtime type=log ver=1.16.0
time="2025-10-21T10:04:51.838601-05:00" level=info msg="metrics server started on 0.0.0.0:49210/" app_id=inventory-service instance=Cassandras-MacBook-Pro.local scope=dapr.runtime type=log ver=1.16.0
time="2025-10-21T10:04:51.838722-05:00" level=info msg="Dapr trace sampler initialized: ParentBased{root:AlwaysOnSampler,remoteParentSampled:AlwaysOnSampler,remoteParentNotSampled:AlwaysOffSampler,localParentSampled:AlwaysOnSampler,localParentNotSampled:AlwaysOffSampler}" app_id=inventory-service instance=Cassandras-MacBook-Pro.local scope=dapr.runtime type=log ver=1.16.0
time="2025-10-21T10:04:51.839086-05:00" level=info msg="local service entry announced: inventory-service -> 192.168.1.125:49211" app_id=inventory-service component="nr (mdns/v1)" instance=Cassandras-MacBook-Pro.local scope=dapr.contrib type=log ver=1.16.0
time="2025-10-21T10:04:51.839106-05:00" level=info msg="Initialized name resolution to mdns" app_id=inventory-service instance=Cassandras-MacBook-Pro.local scope=dapr.runtime type=log ver=1.16.0
time="2025-10-21T10:04:51.839203-05:00" level=info msg="Loading components…" app_id=inventory-service instance=Cassandras-MacBook-Pro.local scope=dapr.runtime type=log ver=1.16.0
time="2025-10-21T10:04:51.839521-05:00" level=info msg="Waiting for all outstanding components to be processed…" app_id=inventory-service instance=Cassandras-MacBook-Pro.local scope=dapr.runtime type=log ver=1.16.0
time="2025-10-21T10:04:51.842498-05:00" level=info msg="Connected and received scheduler hosts addresses: [localhost:50006]" app_id=inventory-service instance=Cassandras-MacBook-Pro.local scope=dapr.runtime.scheduler.watchhosts type=log ver=1.16.0
time="2025-10-21T10:04:51.842615-05:00" level=info msg="Scheduler client initialized for address: localhost:50006" app_id=inventory-service instance=Cassandras-MacBook-Pro.local scope=dapr.runtime.scheduler.clients type=log ver=1.16.0
time="2025-10-21T10:04:51.84263-05:00" level=info msg="Scheduler clients initialized" app_id=inventory-service instance=Cassandras-MacBook-Pro.local scope=dapr.runtime.scheduler.clients type=log ver=1.16.0
time="2025-10-21T10:04:51.845382-05:00" level=info msg="Using 'statestore' as actor state store" app_id=inventory-service instance=Cassandras-MacBook-Pro.local scope=dapr.runtime.processor.state type=log ver=1.16.0
time="2025-10-21T10:04:51.84541-05:00" level=info msg="Component loaded: statestore (state.redis/v1)" app_id=inventory-service instance=Cassandras-MacBook-Pro.local scope=dapr.runtime.processor type=log ver=1.16.0
time="2025-10-21T10:04:51.845423-05:00" level=info msg="All outstanding components processed" app_id=inventory-service instance=Cassandras-MacBook-Pro.local scope=dapr.runtime type=log ver=1.16.0
time="2025-10-21T10:04:51.845434-05:00" level=info msg="Loading endpoints…" app_id=inventory-service instance=Cassandras-MacBook-Pro.local scope=dapr.runtime type=log ver=1.16.0
time="2025-10-21T10:04:51.845554-05:00" level=info msg="Waiting for all outstanding http endpoints to be processed…" app_id=inventory-service instance=Cassandras-MacBook-Pro.local scope=dapr.runtime type=log ver=1.16.0
time="2025-10-21T10:04:51.845564-05:00" level=info msg="All outstanding http endpoints processed" app_id=inventory-service instance=Cassandras-MacBook-Pro.local scope=dapr.runtime type=log ver=1.16.0
time="2025-10-21T10:04:51.84557-05:00" level=info msg="Loading Declarative Subscriptions…" app_id=inventory-service instance=Cassandras-MacBook-Pro.local scope=dapr.runtime type=log ver=1.16.0
time="2025-10-21T10:04:51.845743-05:00" level=info msg="gRPC server listening on TCP address: :50016" app_id=inventory-service instance=Cassandras-MacBook-Pro.local scope=dapr.runtime.grpc.api type=log ver=1.16.0
time="2025-10-21T10:04:51.845753-05:00" level=info msg="Enabled gRPC tracing middleware" app_id=inventory-service instance=Cassandras-MacBook-Pro.local scope=dapr.runtime.grpc.api type=log ver=1.16.0
time="2025-10-21T10:04:51.845757-05:00" level=info msg="Enabled gRPC metrics middleware" app_id=inventory-service instance=Cassandras-MacBook-Pro.local scope=dapr.runtime.grpc.api type=log ver=1.16.0
time="2025-10-21T10:04:51.845786-05:00" level=info msg="Registering workflow engine for gRPC endpoint: [::]:50016" app_id=inventory-service instance=Cassandras-MacBook-Pro.local scope=dapr.runtime.grpc.api type=log ver=1.16.0
time="2025-10-21T10:04:51.845803-05:00" level=info msg="API gRPC server is running on port 50016" app_id=inventory-service instance=Cassandras-MacBook-Pro.local scope=dapr.runtime type=log ver=1.16.0
time="2025-10-21T10:04:51.845818-05:00" level=warning msg="The default value for 'spec.metric.http.increasedCardinality' will change to 'false' in Dapr 1.15 or later" app_id=inventory-service instance=Cassandras-MacBook-Pro.local scope=dapr.runtime.http type=log ver=1.16.0
time="2025-10-21T10:04:51.845846-05:00" level=info msg="Enabled max body size HTTP middleware with size 4194304 bytes" app_id=inventory-service instance=Cassandras-MacBook-Pro.local scope=dapr.runtime.http type=log ver=1.16.0
time="2025-10-21T10:04:51.845855-05:00" level=info msg="Enabled tracing HTTP middleware" app_id=inventory-service instance=Cassandras-MacBook-Pro.local scope=dapr.runtime.http type=log ver=1.16.0
time="2025-10-21T10:04:51.84586-05:00" level=info msg="Enabled metrics HTTP middleware" app_id=inventory-service instance=Cassandras-MacBook-Pro.local scope=dapr.runtime.http type=log ver=1.16.0
time="2025-10-21T10:04:51.846041-05:00" level=info msg="HTTP server listening on TCP address: :3507" app_id=inventory-service instance=Cassandras-MacBook-Pro.local scope=dapr.runtime.http type=log ver=1.16.0
time="2025-10-21T10:04:51.846058-05:00" level=info msg="HTTP server is running on port 3507" app_id=inventory-service instance=Cassandras-MacBook-Pro.local scope=dapr.runtime type=log ver=1.16.0
time="2025-10-21T10:04:51.846063-05:00" level=info msg="The request body size parameter is: 4194304 bytes" app_id=inventory-service instance=Cassandras-MacBook-Pro.local scope=dapr.runtime type=log ver=1.16.0
time="2025-10-21T10:04:51.846095-05:00" level=info msg="gRPC server listening on TCP address: :49211" app_id=inventory-service instance=Cassandras-MacBook-Pro.local scope=dapr.runtime.grpc.internal type=log ver=1.16.0
time="2025-10-21T10:04:51.846102-05:00" level=info msg="Enabled gRPC tracing middleware" app_id=inventory-service instance=Cassandras-MacBook-Pro.local scope=dapr.runtime.grpc.internal type=log ver=1.16.0
time="2025-10-21T10:04:51.846106-05:00" level=info msg="Enabled gRPC metrics middleware" app_id=inventory-service instance=Cassandras-MacBook-Pro.local scope=dapr.runtime.grpc.internal type=log ver=1.16.0
time="2025-10-21T10:04:51.846121-05:00" level=info msg="Internal gRPC server is running on :49211" app_id=inventory-service instance=Cassandras-MacBook-Pro.local scope=dapr.runtime type=log ver=1.16.0
time="2025-10-21T10:04:51.846186-05:00" level=info msg="Using Scheduler service for reminders." app_id=inventory-service instance=Cassandras-MacBook-Pro.local scope=dapr.runtime.actor.reminders.scheduler type=log ver=1.16.0
time="2025-10-21T10:04:51.846211-05:00" level=info msg="application protocol: http. waiting on port 50003.  This will block until the app is listening on that port." app_id=inventory-service instance=Cassandras-MacBook-Pro.local scope=dapr.runtime type=log ver=1.16.0
time="2025-10-21T10:04:51.846257-05:00" level=info msg="Actor runtime started" app_id=inventory-service instance=Cassandras-MacBook-Pro.local scope=dapr.runtime.actor type=log ver=1.16.0
time="2025-10-21T10:04:51.846264-05:00" level=warning msg="Graceful shutdown timeout is infinite, will wait indefinitely to shutdown" app_id=inventory-service instance=Cassandras-MacBook-Pro.local scope=dapr.runtime.actor type=log ver=1.16.0
time="2025-10-21T10:04:51.846304-05:00" level=info msg="worker started with backend dapr.actors/v1" app_id=inventory-service instance=Cassandras-MacBook-Pro.local scope=dapr.wfengine.durabletask.backend type=log ver=1.16.0
time="2025-10-21T10:04:51.846396-05:00" level=info msg="Workflow engine started" app_id=inventory-service instance=Cassandras-MacBook-Pro.local scope=dapr.runtime.wfengine type=log ver=1.16.0
Updating metadata for app command: java -jar target/inventory-service-1.0.0.jar
Updating metadata for appPID: 43398
You're up and running! Dapr logs will appear here.

time="2025-10-21T10:04:56.593335-05:00" level=info msg="Received signal 'interrupt'; beginning shutdown" app_id=inventory-service instance=Cassandras-MacBook-Pro.local scope=dapr.signals type=log ver=1.16.0

termination signal received: shutting down
time="2025-10-21T10:04:56.60423-05:00" level=info msg="backend stopping..." app_id=inventory-service instance=Cassandras-MacBook-Pro.local scope=dapr.wfengine.durabletask.backend type=log ver=1.16.0
time="2025-10-21T10:04:56.604252-05:00" level=info msg="Actor runtime shutting down" app_id=inventory-service instance=Cassandras-MacBook-Pro.local scope=dapr.runtime.actor type=log ver=1.16.0
time="2025-10-21T10:04:56.604848-05:00" level=info msg="Actor runtime stopped" app_id=inventory-service instance=Cassandras-MacBook-Pro.local scope=dapr.runtime.actor type=log ver=1.16.0
time="2025-10-21T10:04:56.604797-05:00" level=info msg="workers stopping and draining..." app_id=inventory-service instance=Cassandras-MacBook-Pro.local scope=dapr.wfengine.durabletask.backend type=log ver=1.16.0
time="2025-10-21T10:04:56.604269-05:00" level=info msg="activity-processor: worker stopped" app_id=inventory-service instance=Cassandras-MacBook-Pro.local scope=dapr.wfengine.durabletask.backend type=log ver=1.16.0
time="2025-10-21T10:04:56.604282-05:00" level=info msg="orchestration-processor: worker stopped" app_id=inventory-service instance=Cassandras-MacBook-Pro.local scope=dapr.wfengine.durabletask.backend type=log ver=1.16.0
time="2025-10-21T10:04:56.604906-05:00" level=info msg="finished stopping and draining workers!" app_id=inventory-service instance=Cassandras-MacBook-Pro.local scope=dapr.wfengine.durabletask.backend type=log ver=1.16.0
time="2025-10-21T10:04:56.60492-05:00" level=info msg="Workflow engine stopped" app_id=inventory-service instance=Cassandras-MacBook-Pro.local scope=dapr.runtime.wfengine type=log ver=1.16.0
Exited Dapr successfully
