Starting Dapr with id inventory-service. HTTP Port: 3507. gRPC Port: 50016
Updating metadata for cliPID: 44416
time="2025-10-21T10:05:31.223915-05:00" level=info msg="Starting Dapr Runtime -- version 1.16.0 -- commit b68296042c975d4ede1ed93ec6b0a579c2b6a020" app_id=inventory-service instance=Cassandras-MacBook-Pro.local scope=dapr.runtime type=log ver=1.16.0
time="2025-10-21T10:05:31.223958-05:00" level=info msg="Log level set to: info" app_id=inventory-service instance=Cassandras-MacBook-Pro.local scope=dapr.runtime type=log ver=1.16.0
time="2025-10-21T10:05:31.22409-05:00" level=warning msg="mTLS is disabled. Skipping certificate request and tls validation" app_id=inventory-service instance=Cassandras-MacBook-Pro.local scope=dapr.runtime.security type=log ver=1.16.0
time="2025-10-21T10:05:31.224451-05:00" level=info msg="Enabled features: SchedulerReminders" app_id=inventory-service instance=Cassandras-MacBook-Pro.local scope=dapr.runtime type=log ver=1.16.0
time="2025-10-21T10:05:31.224503-05:00" level=info msg="metric spec: {\"enabled\":true}" app_id=inventory-service instance=Cassandras-MacBook-Pro.local scope=dapr.runtime.diagnostics type=log ver=1.16.0
time="2025-10-21T10:05:31.224528-05:00" level=info msg="Using default latency distribution buckets: [1 2 3 4 5 6 8 10 13 16 20 25 30 40 50 65 80 100 130 160 200 250 300 400 500 650 800 1000 2000 5000 10000 20000 50000 100000]" app_id=inventory-service instance=Cassandras-MacBook-Pro.local scope=dapr.runtime.diagnostics type=log ver=1.16.0
time="2025-10-21T10:05:31.2246-05:00" level=warning msg="The default value for 'spec.metric.http.increasedCardinality' will change to 'false' in Dapr 1.15 or later" app_id=inventory-service instance=Cassandras-MacBook-Pro.local scope=dapr.runtime.diagnostics type=log ver=1.16.0
time="2025-10-21T10:05:31.224948-05:00" level=info msg="standalone mode configured" app_id=inventory-service instance=Cassandras-MacBook-Pro.local scope=dapr.runtime type=log ver=1.16.0
time="2025-10-21T10:05:31.224978-05:00" level=info msg="app id: inventory-service" app_id=inventory-service instance=Cassandras-MacBook-Pro.local scope=dapr.runtime type=log ver=1.16.0
time="2025-10-21T10:05:31.225143-05:00" level=info msg="Dapr trace sampler initialized: ParentBased{root:AlwaysOnSampler,remoteParentSampled:AlwaysOnSampler,remoteParentNotSampled:AlwaysOffSampler,localParentSampled:AlwaysOnSampler,localParentNotSampled:AlwaysOffSampler}" app_id=inventory-service instance=Cassandras-MacBook-Pro.local scope=dapr.runtime type=log ver=1.16.0
time="2025-10-21T10:05:31.225288-05:00" level=info msg="metrics server started on 0.0.0.0:49458/" app_id=inventory-service instance=Cassandras-MacBook-Pro.local scope=dapr.runtime type=log ver=1.16.0
time="2025-10-21T10:05:31.225409-05:00" level=info msg="local service entry announced: inventory-service -> 192.168.1.125:49459" app_id=inventory-service component="nr (mdns/v1)" instance=Cassandras-MacBook-Pro.local scope=dapr.contrib type=log ver=1.16.0
time="2025-10-21T10:05:31.225423-05:00" level=info msg="Initialized name resolution to mdns" app_id=inventory-service instance=Cassandras-MacBook-Pro.local scope=dapr.runtime type=log ver=1.16.0
time="2025-10-21T10:05:31.225487-05:00" level=info msg="Loading components…" app_id=inventory-service instance=Cassandras-MacBook-Pro.local scope=dapr.runtime type=log ver=1.16.0
time="2025-10-21T10:05:31.225787-05:00" level=info msg="Waiting for all outstanding components to be processed…" app_id=inventory-service instance=Cassandras-MacBook-Pro.local scope=dapr.runtime type=log ver=1.16.0
time="2025-10-21T10:05:31.232522-05:00" level=info msg="Connected and received scheduler hosts addresses: [localhost:50006]" app_id=inventory-service instance=Cassandras-MacBook-Pro.local scope=dapr.runtime.scheduler.watchhosts type=log ver=1.16.0
time="2025-10-21T10:05:31.232603-05:00" level=info msg="Scheduler client initialized for address: localhost:50006" app_id=inventory-service instance=Cassandras-MacBook-Pro.local scope=dapr.runtime.scheduler.clients type=log ver=1.16.0
time="2025-10-21T10:05:31.232613-05:00" level=info msg="Scheduler clients initialized" app_id=inventory-service instance=Cassandras-MacBook-Pro.local scope=dapr.runtime.scheduler.clients type=log ver=1.16.0
time="2025-10-21T10:05:31.235976-05:00" level=info msg="Using 'statestore' as actor state store" app_id=inventory-service instance=Cassandras-MacBook-Pro.local scope=dapr.runtime.processor.state type=log ver=1.16.0
time="2025-10-21T10:05:31.236007-05:00" level=info msg="Component loaded: statestore (state.redis/v1)" app_id=inventory-service instance=Cassandras-MacBook-Pro.local scope=dapr.runtime.processor type=log ver=1.16.0
time="2025-10-21T10:05:31.236023-05:00" level=info msg="All outstanding components processed" app_id=inventory-service instance=Cassandras-MacBook-Pro.local scope=dapr.runtime type=log ver=1.16.0
time="2025-10-21T10:05:31.23603-05:00" level=info msg="Loading endpoints…" app_id=inventory-service instance=Cassandras-MacBook-Pro.local scope=dapr.runtime type=log ver=1.16.0
time="2025-10-21T10:05:31.236135-05:00" level=info msg="Waiting for all outstanding http endpoints to be processed…" app_id=inventory-service instance=Cassandras-MacBook-Pro.local scope=dapr.runtime type=log ver=1.16.0
time="2025-10-21T10:05:31.236143-05:00" level=info msg="All outstanding http endpoints processed" app_id=inventory-service instance=Cassandras-MacBook-Pro.local scope=dapr.runtime type=log ver=1.16.0
time="2025-10-21T10:05:31.236152-05:00" level=info msg="Loading Declarative Subscriptions…" app_id=inventory-service instance=Cassandras-MacBook-Pro.local scope=dapr.runtime type=log ver=1.16.0
time="2025-10-21T10:05:31.236323-05:00" level=info msg="gRPC server listening on TCP address: :50016" app_id=inventory-service instance=Cassandras-MacBook-Pro.local scope=dapr.runtime.grpc.api type=log ver=1.16.0
time="2025-10-21T10:05:31.236332-05:00" level=info msg="Enabled gRPC tracing middleware" app_id=inventory-service instance=Cassandras-MacBook-Pro.local scope=dapr.runtime.grpc.api type=log ver=1.16.0
time="2025-10-21T10:05:31.236337-05:00" level=info msg="Enabled gRPC metrics middleware" app_id=inventory-service instance=Cassandras-MacBook-Pro.local scope=dapr.runtime.grpc.api type=log ver=1.16.0
time="2025-10-21T10:05:31.23637-05:00" level=info msg="Registering workflow engine for gRPC endpoint: [::]:50016" app_id=inventory-service instance=Cassandras-MacBook-Pro.local scope=dapr.runtime.grpc.api type=log ver=1.16.0
time="2025-10-21T10:05:31.236385-05:00" level=info msg="API gRPC server is running on port 50016" app_id=inventory-service instance=Cassandras-MacBook-Pro.local scope=dapr.runtime type=log ver=1.16.0
time="2025-10-21T10:05:31.236406-05:00" level=warning msg="The default value for 'spec.metric.http.increasedCardinality' will change to 'false' in Dapr 1.15 or later" app_id=inventory-service instance=Cassandras-MacBook-Pro.local scope=dapr.runtime.http type=log ver=1.16.0
time="2025-10-21T10:05:31.236437-05:00" level=info msg="Enabled max body size HTTP middleware with size 4194304 bytes" app_id=inventory-service instance=Cassandras-MacBook-Pro.local scope=dapr.runtime.http type=log ver=1.16.0
time="2025-10-21T10:05:31.236443-05:00" level=info msg="Enabled tracing HTTP middleware" app_id=inventory-service instance=Cassandras-MacBook-Pro.local scope=dapr.runtime.http type=log ver=1.16.0
time="2025-10-21T10:05:31.236447-05:00" level=info msg="Enabled metrics HTTP middleware" app_id=inventory-service instance=Cassandras-MacBook-Pro.local scope=dapr.runtime.http type=log ver=1.16.0
time="2025-10-21T10:05:31.23662-05:00" level=info msg="HTTP server listening on TCP address: :3507" app_id=inventory-service instance=Cassandras-MacBook-Pro.local scope=dapr.runtime.http type=log ver=1.16.0
time="2025-10-21T10:05:31.236633-05:00" level=info msg="HTTP server is running on port 3507" app_id=inventory-service instance=Cassandras-MacBook-Pro.local scope=dapr.runtime type=log ver=1.16.0
time="2025-10-21T10:05:31.236637-05:00" level=info msg="The request body size parameter is: 4194304 bytes" app_id=inventory-service instance=Cassandras-MacBook-Pro.local scope=dapr.runtime type=log ver=1.16.0
time="2025-10-21T10:05:31.23667-05:00" level=info msg="gRPC server listening on TCP address: :49459" app_id=inventory-service instance=Cassandras-MacBook-Pro.local scope=dapr.runtime.grpc.internal type=log ver=1.16.0
time="2025-10-21T10:05:31.236677-05:00" level=info msg="Enabled gRPC tracing middleware" app_id=inventory-service instance=Cassandras-MacBook-Pro.local scope=dapr.runtime.grpc.internal type=log ver=1.16.0
time="2025-10-21T10:05:31.236681-05:00" level=info msg="Enabled gRPC metrics middleware" app_id=inventory-service instance=Cassandras-MacBook-Pro.local scope=dapr.runtime.grpc.internal type=log ver=1.16.0
time="2025-10-21T10:05:31.236695-05:00" level=info msg="Internal gRPC server is running on :49459" app_id=inventory-service instance=Cassandras-MacBook-Pro.local scope=dapr.runtime type=log ver=1.16.0
time="2025-10-21T10:05:31.236753-05:00" level=info msg="Using Scheduler service for reminders." app_id=inventory-service instance=Cassandras-MacBook-Pro.local scope=dapr.runtime.actor.reminders.scheduler type=log ver=1.16.0
time="2025-10-21T10:05:31.236768-05:00" level=info msg="application protocol: http. waiting on port 50003.  This will block until the app is listening on that port." app_id=inventory-service instance=Cassandras-MacBook-Pro.local scope=dapr.runtime type=log ver=1.16.0
time="2025-10-21T10:05:31.236783-05:00" level=info msg="Actor runtime started" app_id=inventory-service instance=Cassandras-MacBook-Pro.local scope=dapr.runtime.actor type=log ver=1.16.0
time="2025-10-21T10:05:31.236796-05:00" level=warning msg="Graceful shutdown timeout is infinite, will wait indefinitely to shutdown" app_id=inventory-service instance=Cassandras-MacBook-Pro.local scope=dapr.runtime.actor type=log ver=1.16.0
time="2025-10-21T10:05:31.236802-05:00" level=info msg="worker started with backend dapr.actors/v1" app_id=inventory-service instance=Cassandras-MacBook-Pro.local scope=dapr.wfengine.durabletask.backend type=log ver=1.16.0
time="2025-10-21T10:05:31.236849-05:00" level=info msg="Workflow engine started" app_id=inventory-service instance=Cassandras-MacBook-Pro.local scope=dapr.runtime.wfengine type=log ver=1.16.0
time="2025-10-21T10:05:31.337313-05:00" level=info msg="application discovered on port 50003" app_id=inventory-service instance=Cassandras-MacBook-Pro.local scope=dapr.runtime type=log ver=1.16.0
time="2025-10-21T10:05:31.344773-05:00" level=info msg="Application configuration loaded" app_id=inventory-service instance=Cassandras-MacBook-Pro.local scope=dapr.runtime type=log ver=1.16.0
time="2025-10-21T10:05:31.344807-05:00" level=info msg="Registering hosted actors: []" app_id=inventory-service instance=Cassandras-MacBook-Pro.local scope=dapr.runtime.actor type=log ver=1.16.0
time="2025-10-21T10:05:31.344823-05:00" level=info msg="dapr initialized. Status: Running. Init Elapsed 119ms" app_id=inventory-service instance=Cassandras-MacBook-Pro.local scope=dapr.runtime type=log ver=1.16.0
time="2025-10-21T10:05:31.344883-05:00" level=info msg="Reporting actor types: []" app_id=inventory-service instance=Cassandras-MacBook-Pro.local scope=dapr.runtime.actors.placement type=log ver=1.16.0
time="2025-10-21T10:05:31.344974-05:00" level=info msg="Scheduler stream connected for [JOB_TARGET_TYPE_JOB]" app_id=inventory-service instance=Cassandras-MacBook-Pro.local scope=dapr.runtime.scheduler.cluster type=log ver=1.16.0
time="2025-10-21T10:05:31.344989-05:00" level=info msg="Scheduler stream connected for [JOB_TARGET_TYPE_JOB]" app_id=inventory-service instance=Cassandras-MacBook-Pro.local scope=dapr.runtime.scheduler.cluster type=log ver=1.16.0
time="2025-10-21T10:05:31.345026-05:00" level=info msg="Scheduler stream connected for [JOB_TARGET_TYPE_JOB]" app_id=inventory-service instance=Cassandras-MacBook-Pro.local scope=dapr.runtime.scheduler.cluster type=log ver=1.16.0
time="2025-10-21T10:05:31.345035-05:00" level=info msg="Connected to placement localhost:50005" app_id=inventory-service instance=Cassandras-MacBook-Pro.local scope=dapr.runtime.actors.placement.client.connector.static type=log ver=1.16.0
time="2025-10-21T10:05:31.347003-05:00" level=info msg="Connected to placement localhost:50005" app_id=inventory-service instance=Cassandras-MacBook-Pro.local scope=dapr.runtime.actors.placement.client type=log ver=1.16.0
time="2025-10-21T10:05:31.348606-05:00" level=info msg="Placement tables updated, version: 110" app_id=inventory-service instance=Cassandras-MacBook-Pro.local scope=dapr.runtime.actors.placement type=log ver=1.16.0
time="2025-10-21T10:05:31.348629-05:00" level=info msg="Running actor reminder migration from state store to scheduler" app_id=inventory-service instance=Cassandras-MacBook-Pro.local scope=dapr.runtime.actors.reminders.migration type=log ver=1.16.0
time="2025-10-21T10:05:31.348636-05:00" level=info msg="Skipping migration, no missing scheduler reminders found" app_id=inventory-service instance=Cassandras-MacBook-Pro.local scope=dapr.runtime.actors.reminders.migration type=log ver=1.16.0
time="2025-10-21T10:05:31.348642-05:00" level=info msg="Found 0 missing scheduler reminders from state store" app_id=inventory-service instance=Cassandras-MacBook-Pro.local scope=dapr.runtime.actors.reminders.migration type=log ver=1.16.0
time="2025-10-21T10:05:31.348646-05:00" level=info msg="Migrated 0 reminders from state store to scheduler successfully" app_id=inventory-service instance=Cassandras-MacBook-Pro.local scope=dapr.runtime.actors.reminders.migration type=log ver=1.16.0
time="2025-10-21T10:05:31.554678-05:00" level=info msg="work item stream established by user-agent: [dapr-sdk-java/v1.16.0 grpc-java-netty/1.69.0]" app_id=inventory-service instance=Cassandras-MacBook-Pro.local scope=dapr.runtime.wfengine type=log ver=1.16.0
time="2025-10-21T10:05:31.554744-05:00" level=info msg="Updating actor types: [dapr.internal.default.inventory-service.activity dapr.internal.default.inventory-service.workflow]" app_id=inventory-service instance=Cassandras-MacBook-Pro.local scope=dapr.runtime.actors.placement type=log ver=1.16.0
time="2025-10-21T10:05:31.554782-05:00" level=info msg="Scheduler stream disconnected" app_id=inventory-service instance=Cassandras-MacBook-Pro.local scope=dapr.runtime.scheduler.cluster type=log ver=1.16.0
time="2025-10-21T10:05:31.554783-05:00" level=info msg="Scheduler stream disconnected" app_id=inventory-service instance=Cassandras-MacBook-Pro.local scope=dapr.runtime.scheduler.cluster type=log ver=1.16.0
time="2025-10-21T10:05:31.554786-05:00" level=info msg="Scheduler stream disconnected" app_id=inventory-service instance=Cassandras-MacBook-Pro.local scope=dapr.runtime.scheduler.cluster type=log ver=1.16.0
time="2025-10-21T10:05:31.554853-05:00" level=info msg="Scheduler stream connected for [JOB_TARGET_TYPE_JOB]" app_id=inventory-service instance=Cassandras-MacBook-Pro.local scope=dapr.runtime.scheduler.cluster type=log ver=1.16.0
time="2025-10-21T10:05:31.554853-05:00" level=info msg="Scheduler stream connected for [JOB_TARGET_TYPE_JOB]" app_id=inventory-service instance=Cassandras-MacBook-Pro.local scope=dapr.runtime.scheduler.cluster type=log ver=1.16.0
time="2025-10-21T10:05:31.554855-05:00" level=info msg="Scheduler stream connected for [JOB_TARGET_TYPE_JOB]" app_id=inventory-service instance=Cassandras-MacBook-Pro.local scope=dapr.runtime.scheduler.cluster type=log ver=1.16.0
Updating metadata for app command: java -jar target/inventory-service-1.0.0.jar
Updating metadata for appPID: 44493
You're up and running! Dapr logs will appear here.

time="2025-10-21T10:05:34.697391-05:00" level=info msg="Placement tables updated, version: 112" app_id=inventory-service instance=Cassandras-MacBook-Pro.local scope=dapr.runtime.actors.placement type=log ver=1.16.0
time="2025-10-21T10:05:34.697439-05:00" level=info msg="Running actor reminder migration from state store to scheduler" app_id=inventory-service instance=Cassandras-MacBook-Pro.local scope=dapr.runtime.actors.reminders.migration type=log ver=1.16.0
time="2025-10-21T10:05:34.697915-05:00" level=info msg="Scheduler stream disconnected" app_id=inventory-service instance=Cassandras-MacBook-Pro.local scope=dapr.runtime.scheduler.cluster type=log ver=1.16.0
time="2025-10-21T10:05:34.697987-05:00" level=info msg="Scheduler stream disconnected" app_id=inventory-service instance=Cassandras-MacBook-Pro.local scope=dapr.runtime.scheduler.cluster type=log ver=1.16.0
time="2025-10-21T10:05:34.698013-05:00" level=info msg="Scheduler stream disconnected" app_id=inventory-service instance=Cassandras-MacBook-Pro.local scope=dapr.runtime.scheduler.cluster type=log ver=1.16.0
time="2025-10-21T10:05:34.698128-05:00" level=info msg="Scheduler stream connected for [JOB_TARGET_TYPE_JOB JOB_TARGET_TYPE_ACTOR_REMINDER]" app_id=inventory-service instance=Cassandras-MacBook-Pro.local scope=dapr.runtime.scheduler.cluster type=log ver=1.16.0
time="2025-10-21T10:05:34.69821-05:00" level=info msg="Scheduler stream connected for [JOB_TARGET_TYPE_JOB JOB_TARGET_TYPE_ACTOR_REMINDER]" app_id=inventory-service instance=Cassandras-MacBook-Pro.local scope=dapr.runtime.scheduler.cluster type=log ver=1.16.0
time="2025-10-21T10:05:34.698253-05:00" level=info msg="Scheduler stream connected for [JOB_TARGET_TYPE_JOB JOB_TARGET_TYPE_ACTOR_REMINDER]" app_id=inventory-service instance=Cassandras-MacBook-Pro.local scope=dapr.runtime.scheduler.cluster type=log ver=1.16.0
time="2025-10-21T10:05:34.706448-05:00" level=info msg="Skipping migration, no missing scheduler reminders found" app_id=inventory-service instance=Cassandras-MacBook-Pro.local scope=dapr.runtime.actors.reminders.migration type=log ver=1.16.0
time="2025-10-21T10:05:34.706508-05:00" level=info msg="Found 0 missing scheduler reminders from state store" app_id=inventory-service instance=Cassandras-MacBook-Pro.local scope=dapr.runtime.actors.reminders.migration type=log ver=1.16.0
time="2025-10-21T10:05:34.706527-05:00" level=info msg="Migrated 0 reminders from state store to scheduler successfully" app_id=inventory-service instance=Cassandras-MacBook-Pro.local scope=dapr.runtime.actors.reminders.migration type=log ver=1.16.0
time="2025-10-21T10:06:47.402186-05:00" level=info msg="Received signal 'interrupt'; beginning shutdown" app_id=inventory-service instance=Cassandras-MacBook-Pro.local scope=dapr.signals type=log ver=1.16.0
time="2025-10-21T10:06:47.402553-05:00" level=info msg="backend stopping..." app_id=inventory-service instance=Cassandras-MacBook-Pro.local scope=dapr.wfengine.durabletask.backend type=log ver=1.16.0
time="2025-10-21T10:06:47.402576-05:00" level=info msg="workers stopping and draining..." app_id=inventory-service instance=Cassandras-MacBook-Pro.local scope=dapr.wfengine.durabletask.backend type=log ver=1.16.0
time="2025-10-21T10:06:47.402812-05:00" level=info msg="Actor runtime shutting down" app_id=inventory-service instance=Cassandras-MacBook-Pro.local scope=dapr.runtime.actor type=log ver=1.16.0
time="2025-10-21T10:06:47.402922-05:00" level=error msg="Error communicating with placement: rpc error: code = Canceled desc = context canceled" app_id=inventory-service instance=Cassandras-MacBook-Pro.local scope=dapr.runtime.actors.placement.client type=log ver=1.16.0
time="2025-10-21T10:06:47.402746-05:00" level=info msg="activity-processor: worker stopped" app_id=inventory-service instance=Cassandras-MacBook-Pro.local scope=dapr.wfengine.durabletask.backend type=log ver=1.16.0

termination signal received: shutting down
Exited Dapr successfully
Exited App successfully
time="2025-10-21T10:06:47.403098-05:00" level=info msg="Scheduler stream disconnected" app_id=inventory-service instance=Cassandras-MacBook-Pro.local scope=dapr.runtime.scheduler.cluster type=log ver=1.16.0
