Starting Dapr with id ai-recommendation-service. HTTP Port: 3508. gRPC Port: 50017
Updating metadata for cliPID: 32043
time="2025-09-24T11:30:47.269333-05:00" level=info msg="Starting Dapr Runtime -- version 1.16.0 -- commit b68296042c975d4ede1ed93ec6b0a579c2b6a020" app_id=ai-recommendation-service instance=Cassandras-MacBook-Pro.local scope=dapr.runtime type=log ver=1.16.0
time="2025-09-24T11:30:47.269374-05:00" level=info msg="Log level set to: info" app_id=ai-recommendation-service instance=Cassandras-MacBook-Pro.local scope=dapr.runtime type=log ver=1.16.0
time="2025-09-24T11:30:47.269574-05:00" level=warning msg="mTLS is disabled. Skipping certificate request and tls validation" app_id=ai-recommendation-service instance=Cassandras-MacBook-Pro.local scope=dapr.runtime.security type=log ver=1.16.0
time="2025-09-24T11:30:47.270181-05:00" level=info msg="Enabled features: SchedulerReminders" app_id=ai-recommendation-service instance=Cassandras-MacBook-Pro.local scope=dapr.runtime type=log ver=1.16.0
time="2025-09-24T11:30:47.270244-05:00" level=info msg="metric spec: {\"enabled\":true}" app_id=ai-recommendation-service instance=Cassandras-MacBook-Pro.local scope=dapr.runtime.diagnostics type=log ver=1.16.0
time="2025-09-24T11:30:47.270266-05:00" level=info msg="Using default latency distribution buckets: [1 2 3 4 5 6 8 10 13 16 20 25 30 40 50 65 80 100 130 160 200 250 300 400 500 650 800 1000 2000 5000 10000 20000 50000 100000]" app_id=ai-recommendation-service instance=Cassandras-MacBook-Pro.local scope=dapr.runtime.diagnostics type=log ver=1.16.0
time="2025-09-24T11:30:47.270336-05:00" level=warning msg="The default value for 'spec.metric.http.increasedCardinality' will change to 'false' in Dapr 1.15 or later" app_id=ai-recommendation-service instance=Cassandras-MacBook-Pro.local scope=dapr.runtime.diagnostics type=log ver=1.16.0
time="2025-09-24T11:30:47.270724-05:00" level=info msg="standalone mode configured" app_id=ai-recommendation-service instance=Cassandras-MacBook-Pro.local scope=dapr.runtime type=log ver=1.16.0
time="2025-09-24T11:30:47.270758-05:00" level=info msg="app id: ai-recommendation-service" app_id=ai-recommendation-service instance=Cassandras-MacBook-Pro.local scope=dapr.runtime type=log ver=1.16.0
time="2025-09-24T11:30:47.270859-05:00" level=info msg="metrics server started on 0.0.0.0:52878/" app_id=ai-recommendation-service instance=Cassandras-MacBook-Pro.local scope=dapr.runtime type=log ver=1.16.0
time="2025-09-24T11:30:47.270863-05:00" level=info msg="Dapr trace sampler initialized: ParentBased{root:AlwaysOnSampler,remoteParentSampled:AlwaysOnSampler,remoteParentNotSampled:AlwaysOffSampler,localParentSampled:AlwaysOnSampler,localParentNotSampled:AlwaysOffSampler}" app_id=ai-recommendation-service instance=Cassandras-MacBook-Pro.local scope=dapr.runtime type=log ver=1.16.0
time="2025-09-24T11:30:47.271186-05:00" level=info msg="local service entry announced: ai-recommendation-service -> 192.168.1.125:52879" app_id=ai-recommendation-service component="nr (mdns/v1)" instance=Cassandras-MacBook-Pro.local scope=dapr.contrib type=log ver=1.16.0
time="2025-09-24T11:30:47.2712-05:00" level=info msg="Initialized name resolution to mdns" app_id=ai-recommendation-service instance=Cassandras-MacBook-Pro.local scope=dapr.runtime type=log ver=1.16.0
time="2025-09-24T11:30:47.271264-05:00" level=info msg="Loading components…" app_id=ai-recommendation-service instance=Cassandras-MacBook-Pro.local scope=dapr.runtime type=log ver=1.16.0
time="2025-09-24T11:30:47.2715-05:00" level=info msg="Waiting for all outstanding components to be processed…" app_id=ai-recommendation-service instance=Cassandras-MacBook-Pro.local scope=dapr.runtime type=log ver=1.16.0
time="2025-09-24T11:30:47.274889-05:00" level=info msg="Connected and received scheduler hosts addresses: [localhost:50006]" app_id=ai-recommendation-service instance=Cassandras-MacBook-Pro.local scope=dapr.runtime.scheduler.watchhosts type=log ver=1.16.0
time="2025-09-24T11:30:47.274983-05:00" level=info msg="Scheduler client initialized for address: localhost:50006" app_id=ai-recommendation-service instance=Cassandras-MacBook-Pro.local scope=dapr.runtime.scheduler.clients type=log ver=1.16.0
time="2025-09-24T11:30:47.275007-05:00" level=info msg="Scheduler clients initialized" app_id=ai-recommendation-service instance=Cassandras-MacBook-Pro.local scope=dapr.runtime.scheduler.clients type=log ver=1.16.0
time="2025-09-24T11:30:47.27748-05:00" level=info msg="Using 'statestore' as actor state store" app_id=ai-recommendation-service instance=Cassandras-MacBook-Pro.local scope=dapr.runtime.processor.state type=log ver=1.16.0
time="2025-09-24T11:30:47.277505-05:00" level=info msg="Component loaded: statestore (state.redis/v1)" app_id=ai-recommendation-service instance=Cassandras-MacBook-Pro.local scope=dapr.runtime.processor type=log ver=1.16.0
time="2025-09-24T11:30:47.277514-05:00" level=info msg="All outstanding components processed" app_id=ai-recommendation-service instance=Cassandras-MacBook-Pro.local scope=dapr.runtime type=log ver=1.16.0
time="2025-09-24T11:30:47.27752-05:00" level=info msg="Loading endpoints…" app_id=ai-recommendation-service instance=Cassandras-MacBook-Pro.local scope=dapr.runtime type=log ver=1.16.0
time="2025-09-24T11:30:47.27765-05:00" level=info msg="Waiting for all outstanding http endpoints to be processed…" app_id=ai-recommendation-service instance=Cassandras-MacBook-Pro.local scope=dapr.runtime type=log ver=1.16.0
time="2025-09-24T11:30:47.277659-05:00" level=info msg="All outstanding http endpoints processed" app_id=ai-recommendation-service instance=Cassandras-MacBook-Pro.local scope=dapr.runtime type=log ver=1.16.0
time="2025-09-24T11:30:47.277666-05:00" level=info msg="Loading Declarative Subscriptions…" app_id=ai-recommendation-service instance=Cassandras-MacBook-Pro.local scope=dapr.runtime type=log ver=1.16.0
time="2025-09-24T11:30:47.277866-05:00" level=info msg="gRPC server listening on TCP address: :50017" app_id=ai-recommendation-service instance=Cassandras-MacBook-Pro.local scope=dapr.runtime.grpc.api type=log ver=1.16.0
time="2025-09-24T11:30:47.277876-05:00" level=info msg="Enabled gRPC tracing middleware" app_id=ai-recommendation-service instance=Cassandras-MacBook-Pro.local scope=dapr.runtime.grpc.api type=log ver=1.16.0
time="2025-09-24T11:30:47.27788-05:00" level=info msg="Enabled gRPC metrics middleware" app_id=ai-recommendation-service instance=Cassandras-MacBook-Pro.local scope=dapr.runtime.grpc.api type=log ver=1.16.0
time="2025-09-24T11:30:47.277914-05:00" level=info msg="Registering workflow engine for gRPC endpoint: [::]:50017" app_id=ai-recommendation-service instance=Cassandras-MacBook-Pro.local scope=dapr.runtime.grpc.api type=log ver=1.16.0
time="2025-09-24T11:30:47.27793-05:00" level=info msg="API gRPC server is running on port 50017" app_id=ai-recommendation-service instance=Cassandras-MacBook-Pro.local scope=dapr.runtime type=log ver=1.16.0
time="2025-09-24T11:30:47.277943-05:00" level=warning msg="The default value for 'spec.metric.http.increasedCardinality' will change to 'false' in Dapr 1.15 or later" app_id=ai-recommendation-service instance=Cassandras-MacBook-Pro.local scope=dapr.runtime.http type=log ver=1.16.0
time="2025-09-24T11:30:47.277968-05:00" level=info msg="Enabled max body size HTTP middleware with size 4194304 bytes" app_id=ai-recommendation-service instance=Cassandras-MacBook-Pro.local scope=dapr.runtime.http type=log ver=1.16.0
time="2025-09-24T11:30:47.277973-05:00" level=info msg="Enabled tracing HTTP middleware" app_id=ai-recommendation-service instance=Cassandras-MacBook-Pro.local scope=dapr.runtime.http type=log ver=1.16.0
time="2025-09-24T11:30:47.277977-05:00" level=info msg="Enabled metrics HTTP middleware" app_id=ai-recommendation-service instance=Cassandras-MacBook-Pro.local scope=dapr.runtime.http type=log ver=1.16.0
time="2025-09-24T11:30:47.27811-05:00" level=info msg="HTTP server listening on TCP address: :3508" app_id=ai-recommendation-service instance=Cassandras-MacBook-Pro.local scope=dapr.runtime.http type=log ver=1.16.0
time="2025-09-24T11:30:47.278125-05:00" level=info msg="HTTP server is running on port 3508" app_id=ai-recommendation-service instance=Cassandras-MacBook-Pro.local scope=dapr.runtime type=log ver=1.16.0
time="2025-09-24T11:30:47.278136-05:00" level=info msg="The request body size parameter is: 4194304 bytes" app_id=ai-recommendation-service instance=Cassandras-MacBook-Pro.local scope=dapr.runtime type=log ver=1.16.0
time="2025-09-24T11:30:47.278155-05:00" level=info msg="gRPC server listening on TCP address: :52879" app_id=ai-recommendation-service instance=Cassandras-MacBook-Pro.local scope=dapr.runtime.grpc.internal type=log ver=1.16.0
time="2025-09-24T11:30:47.27816-05:00" level=info msg="Enabled gRPC tracing middleware" app_id=ai-recommendation-service instance=Cassandras-MacBook-Pro.local scope=dapr.runtime.grpc.internal type=log ver=1.16.0
time="2025-09-24T11:30:47.278164-05:00" level=info msg="Enabled gRPC metrics middleware" app_id=ai-recommendation-service instance=Cassandras-MacBook-Pro.local scope=dapr.runtime.grpc.internal type=log ver=1.16.0
time="2025-09-24T11:30:47.278176-05:00" level=info msg="Internal gRPC server is running on :52879" app_id=ai-recommendation-service instance=Cassandras-MacBook-Pro.local scope=dapr.runtime type=log ver=1.16.0
time="2025-09-24T11:30:47.278221-05:00" level=info msg="Using Scheduler service for reminders." app_id=ai-recommendation-service instance=Cassandras-MacBook-Pro.local scope=dapr.runtime.actor.reminders.scheduler type=log ver=1.16.0
time="2025-09-24T11:30:47.278235-05:00" level=info msg="application protocol: http. waiting on port 50004.  This will block until the app is listening on that port." app_id=ai-recommendation-service instance=Cassandras-MacBook-Pro.local scope=dapr.runtime type=log ver=1.16.0
time="2025-09-24T11:30:47.278247-05:00" level=info msg="Actor runtime started" app_id=ai-recommendation-service instance=Cassandras-MacBook-Pro.local scope=dapr.runtime.actor type=log ver=1.16.0
time="2025-09-24T11:30:47.278256-05:00" level=warning msg="Graceful shutdown timeout is infinite, will wait indefinitely to shutdown" app_id=ai-recommendation-service instance=Cassandras-MacBook-Pro.local scope=dapr.runtime.actor type=log ver=1.16.0
time="2025-09-24T11:30:47.278264-05:00" level=info msg="worker started with backend dapr.actors/v1" app_id=ai-recommendation-service instance=Cassandras-MacBook-Pro.local scope=dapr.wfengine.durabletask.backend type=log ver=1.16.0
time="2025-09-24T11:30:47.278285-05:00" level=info msg="Workflow engine started" app_id=ai-recommendation-service instance=Cassandras-MacBook-Pro.local scope=dapr.runtime.wfengine type=log ver=1.16.0
time="2025-09-24T11:30:47.379655-05:00" level=info msg="application discovered on port 50004" app_id=ai-recommendation-service instance=Cassandras-MacBook-Pro.local scope=dapr.runtime type=log ver=1.16.0
time="2025-09-24T11:30:47.385894-05:00" level=info msg="Application configuration loaded" app_id=ai-recommendation-service instance=Cassandras-MacBook-Pro.local scope=dapr.runtime type=log ver=1.16.0
time="2025-09-24T11:30:47.385929-05:00" level=info msg="Registering hosted actors: []" app_id=ai-recommendation-service instance=Cassandras-MacBook-Pro.local scope=dapr.runtime.actor type=log ver=1.16.0
time="2025-09-24T11:30:47.385947-05:00" level=info msg="dapr initialized. Status: Running. Init Elapsed 115ms" app_id=ai-recommendation-service instance=Cassandras-MacBook-Pro.local scope=dapr.runtime type=log ver=1.16.0
time="2025-09-24T11:30:47.385987-05:00" level=info msg="Reporting actor types: []" app_id=ai-recommendation-service instance=Cassandras-MacBook-Pro.local scope=dapr.runtime.actors.placement type=log ver=1.16.0
time="2025-09-24T11:30:47.386082-05:00" level=info msg="Connected to placement localhost:50005" app_id=ai-recommendation-service instance=Cassandras-MacBook-Pro.local scope=dapr.runtime.actors.placement.client.connector.static type=log ver=1.16.0
time="2025-09-24T11:30:47.386098-05:00" level=info msg="Scheduler stream connected for [JOB_TARGET_TYPE_JOB]" app_id=ai-recommendation-service instance=Cassandras-MacBook-Pro.local scope=dapr.runtime.scheduler.cluster type=log ver=1.16.0
time="2025-09-24T11:30:47.386103-05:00" level=info msg="Scheduler stream connected for [JOB_TARGET_TYPE_JOB]" app_id=ai-recommendation-service instance=Cassandras-MacBook-Pro.local scope=dapr.runtime.scheduler.cluster type=log ver=1.16.0
time="2025-09-24T11:30:47.386105-05:00" level=info msg="Scheduler stream connected for [JOB_TARGET_TYPE_JOB]" app_id=ai-recommendation-service instance=Cassandras-MacBook-Pro.local scope=dapr.runtime.scheduler.cluster type=log ver=1.16.0
time="2025-09-24T11:30:47.388824-05:00" level=info msg="Connected to placement localhost:50005" app_id=ai-recommendation-service instance=Cassandras-MacBook-Pro.local scope=dapr.runtime.actors.placement.client type=log ver=1.16.0
time="2025-09-24T11:30:47.39039-05:00" level=info msg="Placement tables updated, version: 59" app_id=ai-recommendation-service instance=Cassandras-MacBook-Pro.local scope=dapr.runtime.actors.placement type=log ver=1.16.0
time="2025-09-24T11:30:47.390409-05:00" level=info msg="Running actor reminder migration from state store to scheduler" app_id=ai-recommendation-service instance=Cassandras-MacBook-Pro.local scope=dapr.runtime.actors.reminders.migration type=log ver=1.16.0
time="2025-09-24T11:30:47.390416-05:00" level=info msg="Skipping migration, no missing scheduler reminders found" app_id=ai-recommendation-service instance=Cassandras-MacBook-Pro.local scope=dapr.runtime.actors.reminders.migration type=log ver=1.16.0
time="2025-09-24T11:30:47.390422-05:00" level=info msg="Found 0 missing scheduler reminders from state store" app_id=ai-recommendation-service instance=Cassandras-MacBook-Pro.local scope=dapr.runtime.actors.reminders.migration type=log ver=1.16.0
time="2025-09-24T11:30:47.390426-05:00" level=info msg="Migrated 0 reminders from state store to scheduler successfully" app_id=ai-recommendation-service instance=Cassandras-MacBook-Pro.local scope=dapr.runtime.actors.reminders.migration type=log ver=1.16.0
time="2025-09-24T11:30:47.584999-05:00" level=info msg="work item stream established by user-agent: [dapr-sdk-java/v1.16.0 grpc-java-netty/1.69.0]" app_id=ai-recommendation-service instance=Cassandras-MacBook-Pro.local scope=dapr.runtime.wfengine type=log ver=1.16.0
time="2025-09-24T11:30:47.585094-05:00" level=info msg="Updating actor types: [dapr.internal.default.ai-recommendation-service.workflow dapr.internal.default.ai-recommendation-service.activity]" app_id=ai-recommendation-service instance=Cassandras-MacBook-Pro.local scope=dapr.runtime.actors.placement type=log ver=1.16.0
time="2025-09-24T11:30:47.585131-05:00" level=info msg="Scheduler stream disconnected" app_id=ai-recommendation-service instance=Cassandras-MacBook-Pro.local scope=dapr.runtime.scheduler.cluster type=log ver=1.16.0
time="2025-09-24T11:30:47.585136-05:00" level=info msg="Scheduler stream disconnected" app_id=ai-recommendation-service instance=Cassandras-MacBook-Pro.local scope=dapr.runtime.scheduler.cluster type=log ver=1.16.0
time="2025-09-24T11:30:47.585144-05:00" level=info msg="Scheduler stream disconnected" app_id=ai-recommendation-service instance=Cassandras-MacBook-Pro.local scope=dapr.runtime.scheduler.cluster type=log ver=1.16.0
time="2025-09-24T11:30:47.585215-05:00" level=info msg="Scheduler stream connected for [JOB_TARGET_TYPE_JOB]" app_id=ai-recommendation-service instance=Cassandras-MacBook-Pro.local scope=dapr.runtime.scheduler.cluster type=log ver=1.16.0
time="2025-09-24T11:30:47.585224-05:00" level=info msg="Scheduler stream connected for [JOB_TARGET_TYPE_JOB]" app_id=ai-recommendation-service instance=Cassandras-MacBook-Pro.local scope=dapr.runtime.scheduler.cluster type=log ver=1.16.0
time="2025-09-24T11:30:47.585218-05:00" level=info msg="Scheduler stream connected for [JOB_TARGET_TYPE_JOB]" app_id=ai-recommendation-service instance=Cassandras-MacBook-Pro.local scope=dapr.runtime.scheduler.cluster type=log ver=1.16.0
Updating metadata for app command: java -jar target/ai-recommendation-service-1.0.0.jar
Updating metadata for appPID: 32162
You're up and running! Dapr logs will appear here.

time="2025-09-24T11:30:49.612124-05:00" level=info msg="Placement tables updated, version: 60" app_id=ai-recommendation-service instance=Cassandras-MacBook-Pro.local scope=dapr.runtime.actors.placement type=log ver=1.16.0
time="2025-09-24T11:30:49.61216-05:00" level=info msg="Running actor reminder migration from state store to scheduler" app_id=ai-recommendation-service instance=Cassandras-MacBook-Pro.local scope=dapr.runtime.actors.reminders.migration type=log ver=1.16.0
time="2025-09-24T11:30:49.612266-05:00" level=info msg="Scheduler stream disconnected" app_id=ai-recommendation-service instance=Cassandras-MacBook-Pro.local scope=dapr.runtime.scheduler.cluster type=log ver=1.16.0
time="2025-09-24T11:30:49.612268-05:00" level=info msg="Scheduler stream disconnected" app_id=ai-recommendation-service instance=Cassandras-MacBook-Pro.local scope=dapr.runtime.scheduler.cluster type=log ver=1.16.0
time="2025-09-24T11:30:49.612273-05:00" level=info msg="Scheduler stream disconnected" app_id=ai-recommendation-service instance=Cassandras-MacBook-Pro.local scope=dapr.runtime.scheduler.cluster type=log ver=1.16.0
time="2025-09-24T11:30:49.612407-05:00" level=info msg="Scheduler stream connected for [JOB_TARGET_TYPE_JOB JOB_TARGET_TYPE_ACTOR_REMINDER]" app_id=ai-recommendation-service instance=Cassandras-MacBook-Pro.local scope=dapr.runtime.scheduler.cluster type=log ver=1.16.0
time="2025-09-24T11:30:49.612456-05:00" level=info msg="Scheduler stream connected for [JOB_TARGET_TYPE_JOB JOB_TARGET_TYPE_ACTOR_REMINDER]" app_id=ai-recommendation-service instance=Cassandras-MacBook-Pro.local scope=dapr.runtime.scheduler.cluster type=log ver=1.16.0
time="2025-09-24T11:30:49.612474-05:00" level=info msg="Scheduler stream connected for [JOB_TARGET_TYPE_JOB JOB_TARGET_TYPE_ACTOR_REMINDER]" app_id=ai-recommendation-service instance=Cassandras-MacBook-Pro.local scope=dapr.runtime.scheduler.cluster type=log ver=1.16.0
time="2025-09-24T11:30:49.623203-05:00" level=info msg="Skipping migration, no missing scheduler reminders found" app_id=ai-recommendation-service instance=Cassandras-MacBook-Pro.local scope=dapr.runtime.actors.reminders.migration type=log ver=1.16.0
time="2025-09-24T11:30:49.623229-05:00" level=info msg="Found 0 missing scheduler reminders from state store" app_id=ai-recommendation-service instance=Cassandras-MacBook-Pro.local scope=dapr.runtime.actors.reminders.migration type=log ver=1.16.0
time="2025-09-24T11:30:49.62324-05:00" level=info msg="Migrated 0 reminders from state store to scheduler successfully" app_id=ai-recommendation-service instance=Cassandras-MacBook-Pro.local scope=dapr.runtime.actors.reminders.migration type=log ver=1.16.0
time="2025-09-24T11:42:32.223918-05:00" level=info msg="Received signal 'interrupt'; beginning shutdown" app_id=ai-recommendation-service instance=Cassandras-MacBook-Pro.local scope=dapr.signals type=log ver=1.16.0
time="2025-09-24T11:42:32.225084-05:00" level=info msg="backend stopping..." app_id=ai-recommendation-service instance=Cassandras-MacBook-Pro.local scope=dapr.wfengine.durabletask.backend type=log ver=1.16.0
time="2025-09-24T11:42:32.225248-05:00" level=info msg="workers stopping and draining..." app_id=ai-recommendation-service instance=Cassandras-MacBook-Pro.local scope=dapr.wfengine.durabletask.backend type=log ver=1.16.0
time="2025-09-24T11:42:32.225376-05:00" level=info msg="orchestration-processor: worker stopped" app_id=ai-recommendation-service instance=Cassandras-MacBook-Pro.local scope=dapr.wfengine.durabletask.backend type=log ver=1.16.0
time="2025-09-24T11:42:32.225417-05:00" level=info msg="activity-processor: worker stopped" app_id=ai-recommendation-service instance=Cassandras-MacBook-Pro.local scope=dapr.wfengine.durabletask.backend type=log ver=1.16.0
time="2025-09-24T11:42:32.225648-05:00" level=info msg="Actor runtime shutting down" app_id=ai-recommendation-service instance=Cassandras-MacBook-Pro.local scope=dapr.runtime.actor type=log ver=1.16.0
time="2025-09-24T11:42:32.22577-05:00" level=info msg="Scheduler stream disconnected" app_id=ai-recommendation-service instance=Cassandras-MacBook-Pro.local scope=dapr.runtime.scheduler.cluster type=log ver=1.16.0
time="2025-09-24T11:42:32.225842-05:00" level=info msg="Scheduler stream disconnected" app_id=ai-recommendation-service instance=Cassandras-MacBook-Pro.local scope=dapr.runtime.scheduler.cluster type=log ver=1.16.0
time="2025-09-24T11:42:32.225878-05:00" level=info msg="Scheduler stream disconnected" app_id=ai-recommendation-service instance=Cassandras-MacBook-Pro.local scope=dapr.runtime.scheduler.cluster type=log ver=1.16.0
time="2025-09-24T11:42:32.225951-05:00" level=info msg="finished stopping and draining workers!" app_id=ai-recommendation-service instance=Cassandras-MacBook-Pro.local scope=dapr.wfengine.durabletask.backend type=log ver=1.16.0
time="2025-09-24T11:42:32.225972-05:00" level=info msg="Workflow engine stopped" app_id=ai-recommendation-service instance=Cassandras-MacBook-Pro.local scope=dapr.runtime.wfengine type=log ver=1.16.0
time="2025-09-24T11:42:32.226055-05:00" level=error msg="Error communicating with placement: rpc error: code = Canceled desc = context canceled" app_id=ai-recommendation-service instance=Cassandras-MacBook-Pro.local scope=dapr.runtime.actors.placement.client type=log ver=1.16.0
time="2025-09-24T11:42:32.226382-05:00" level=info msg="Actor runtime stopped" app_id=ai-recommendation-service instance=Cassandras-MacBook-Pro.local scope=dapr.runtime.actor type=log ver=1.16.0

termination signal received: shutting down
Exited Dapr successfully
Exited App successfully
