Starting Dapr with id ai-recommendation-service. HTTP Port: 3508. gRPC Port: 50017
Updating metadata for cliPID: 43290
time="2025-10-21T10:04:52.874903-05:00" level=info msg="Starting Dapr Runtime -- version 1.16.0 -- commit b68296042c975d4ede1ed93ec6b0a579c2b6a020" app_id=ai-recommendation-service instance=Cassandras-MacBook-Pro.local scope=dapr.runtime type=log ver=1.16.0
time="2025-10-21T10:04:52.874931-05:00" level=info msg="Log level set to: info" app_id=ai-recommendation-service instance=Cassandras-MacBook-Pro.local scope=dapr.runtime type=log ver=1.16.0
time="2025-10-21T10:04:52.875013-05:00" level=warning msg="mTLS is disabled. Skipping certificate request and tls validation" app_id=ai-recommendation-service instance=Cassandras-MacBook-Pro.local scope=dapr.runtime.security type=log ver=1.16.0
time="2025-10-21T10:04:52.875297-05:00" level=info msg="Enabled features: SchedulerReminders" app_id=ai-recommendation-service instance=Cassandras-MacBook-Pro.local scope=dapr.runtime type=log ver=1.16.0
time="2025-10-21T10:04:52.87534-05:00" level=info msg="metric spec: {\"enabled\":true}" app_id=ai-recommendation-service instance=Cassandras-MacBook-Pro.local scope=dapr.runtime.diagnostics type=log ver=1.16.0
time="2025-10-21T10:04:52.87536-05:00" level=info msg="Using default latency distribution buckets: [1 2 3 4 5 6 8 10 13 16 20 25 30 40 50 65 80 100 130 160 200 250 300 400 500 650 800 1000 2000 5000 10000 20000 50000 100000]" app_id=ai-recommendation-service instance=Cassandras-MacBook-Pro.local scope=dapr.runtime.diagnostics type=log ver=1.16.0
time="2025-10-21T10:04:52.875427-05:00" level=warning msg="The default value for 'spec.metric.http.increasedCardinality' will change to 'false' in Dapr 1.15 or later" app_id=ai-recommendation-service instance=Cassandras-MacBook-Pro.local scope=dapr.runtime.diagnostics type=log ver=1.16.0
time="2025-10-21T10:04:52.875709-05:00" level=info msg="standalone mode configured" app_id=ai-recommendation-service instance=Cassandras-MacBook-Pro.local scope=dapr.runtime type=log ver=1.16.0
time="2025-10-21T10:04:52.875718-05:00" level=info msg="app id: ai-recommendation-service" app_id=ai-recommendation-service instance=Cassandras-MacBook-Pro.local scope=dapr.runtime type=log ver=1.16.0
time="2025-10-21T10:04:52.876113-05:00" level=info msg="Dapr trace sampler initialized: ParentBased{root:AlwaysOnSampler,remoteParentSampled:AlwaysOnSampler,remoteParentNotSampled:AlwaysOffSampler,localParentSampled:AlwaysOnSampler,localParentNotSampled:AlwaysOffSampler}" app_id=ai-recommendation-service instance=Cassandras-MacBook-Pro.local scope=dapr.runtime type=log ver=1.16.0
time="2025-10-21T10:04:52.8763-05:00" level=info msg="metrics server started on 0.0.0.0:49250/" app_id=ai-recommendation-service instance=Cassandras-MacBook-Pro.local scope=dapr.runtime type=log ver=1.16.0
time="2025-10-21T10:04:52.87648-05:00" level=info msg="local service entry announced: ai-recommendation-service -> 192.168.1.125:49251" app_id=ai-recommendation-service component="nr (mdns/v1)" instance=Cassandras-MacBook-Pro.local scope=dapr.contrib type=log ver=1.16.0
time="2025-10-21T10:04:52.876504-05:00" level=info msg="Initialized name resolution to mdns" app_id=ai-recommendation-service instance=Cassandras-MacBook-Pro.local scope=dapr.runtime type=log ver=1.16.0
time="2025-10-21T10:04:52.876573-05:00" level=info msg="Loading components…" app_id=ai-recommendation-service instance=Cassandras-MacBook-Pro.local scope=dapr.runtime type=log ver=1.16.0
time="2025-10-21T10:04:52.876898-05:00" level=info msg="Waiting for all outstanding components to be processed…" app_id=ai-recommendation-service instance=Cassandras-MacBook-Pro.local scope=dapr.runtime type=log ver=1.16.0
time="2025-10-21T10:04:52.879672-05:00" level=info msg="Connected and received scheduler hosts addresses: [localhost:50006]" app_id=ai-recommendation-service instance=Cassandras-MacBook-Pro.local scope=dapr.runtime.scheduler.watchhosts type=log ver=1.16.0
time="2025-10-21T10:04:52.879772-05:00" level=info msg="Scheduler client initialized for address: localhost:50006" app_id=ai-recommendation-service instance=Cassandras-MacBook-Pro.local scope=dapr.runtime.scheduler.clients type=log ver=1.16.0
time="2025-10-21T10:04:52.879795-05:00" level=info msg="Scheduler clients initialized" app_id=ai-recommendation-service instance=Cassandras-MacBook-Pro.local scope=dapr.runtime.scheduler.clients type=log ver=1.16.0
time="2025-10-21T10:04:52.882342-05:00" level=info msg="Using 'statestore' as actor state store" app_id=ai-recommendation-service instance=Cassandras-MacBook-Pro.local scope=dapr.runtime.processor.state type=log ver=1.16.0
time="2025-10-21T10:04:52.882373-05:00" level=info msg="Component loaded: statestore (state.redis/v1)" app_id=ai-recommendation-service instance=Cassandras-MacBook-Pro.local scope=dapr.runtime.processor type=log ver=1.16.0
time="2025-10-21T10:04:52.882387-05:00" level=info msg="All outstanding components processed" app_id=ai-recommendation-service instance=Cassandras-MacBook-Pro.local scope=dapr.runtime type=log ver=1.16.0
time="2025-10-21T10:04:52.882396-05:00" level=info msg="Loading endpoints…" app_id=ai-recommendation-service instance=Cassandras-MacBook-Pro.local scope=dapr.runtime type=log ver=1.16.0
time="2025-10-21T10:04:52.882505-05:00" level=info msg="Waiting for all outstanding http endpoints to be processed…" app_id=ai-recommendation-service instance=Cassandras-MacBook-Pro.local scope=dapr.runtime type=log ver=1.16.0
time="2025-10-21T10:04:52.882514-05:00" level=info msg="All outstanding http endpoints processed" app_id=ai-recommendation-service instance=Cassandras-MacBook-Pro.local scope=dapr.runtime type=log ver=1.16.0
time="2025-10-21T10:04:52.882521-05:00" level=info msg="Loading Declarative Subscriptions…" app_id=ai-recommendation-service instance=Cassandras-MacBook-Pro.local scope=dapr.runtime type=log ver=1.16.0
time="2025-10-21T10:04:52.882712-05:00" level=info msg="gRPC server listening on TCP address: :50017" app_id=ai-recommendation-service instance=Cassandras-MacBook-Pro.local scope=dapr.runtime.grpc.api type=log ver=1.16.0
time="2025-10-21T10:04:52.882723-05:00" level=info msg="Enabled gRPC tracing middleware" app_id=ai-recommendation-service instance=Cassandras-MacBook-Pro.local scope=dapr.runtime.grpc.api type=log ver=1.16.0
time="2025-10-21T10:04:52.882728-05:00" level=info msg="Enabled gRPC metrics middleware" app_id=ai-recommendation-service instance=Cassandras-MacBook-Pro.local scope=dapr.runtime.grpc.api type=log ver=1.16.0
time="2025-10-21T10:04:52.882765-05:00" level=info msg="Registering workflow engine for gRPC endpoint: [::]:50017" app_id=ai-recommendation-service instance=Cassandras-MacBook-Pro.local scope=dapr.runtime.grpc.api type=log ver=1.16.0
time="2025-10-21T10:04:52.882782-05:00" level=info msg="API gRPC server is running on port 50017" app_id=ai-recommendation-service instance=Cassandras-MacBook-Pro.local scope=dapr.runtime type=log ver=1.16.0
time="2025-10-21T10:04:52.882799-05:00" level=warning msg="The default value for 'spec.metric.http.increasedCardinality' will change to 'false' in Dapr 1.15 or later" app_id=ai-recommendation-service instance=Cassandras-MacBook-Pro.local scope=dapr.runtime.http type=log ver=1.16.0
time="2025-10-21T10:04:52.882828-05:00" level=info msg="Enabled max body size HTTP middleware with size 4194304 bytes" app_id=ai-recommendation-service instance=Cassandras-MacBook-Pro.local scope=dapr.runtime.http type=log ver=1.16.0
time="2025-10-21T10:04:52.882835-05:00" level=info msg="Enabled tracing HTTP middleware" app_id=ai-recommendation-service instance=Cassandras-MacBook-Pro.local scope=dapr.runtime.http type=log ver=1.16.0
time="2025-10-21T10:04:52.88284-05:00" level=info msg="Enabled metrics HTTP middleware" app_id=ai-recommendation-service instance=Cassandras-MacBook-Pro.local scope=dapr.runtime.http type=log ver=1.16.0
time="2025-10-21T10:04:52.882994-05:00" level=info msg="HTTP server listening on TCP address: :3508" app_id=ai-recommendation-service instance=Cassandras-MacBook-Pro.local scope=dapr.runtime.http type=log ver=1.16.0
time="2025-10-21T10:04:52.883008-05:00" level=info msg="HTTP server is running on port 3508" app_id=ai-recommendation-service instance=Cassandras-MacBook-Pro.local scope=dapr.runtime type=log ver=1.16.0
time="2025-10-21T10:04:52.883026-05:00" level=info msg="The request body size parameter is: 4194304 bytes" app_id=ai-recommendation-service instance=Cassandras-MacBook-Pro.local scope=dapr.runtime type=log ver=1.16.0
time="2025-10-21T10:04:52.883048-05:00" level=info msg="gRPC server listening on TCP address: :49251" app_id=ai-recommendation-service instance=Cassandras-MacBook-Pro.local scope=dapr.runtime.grpc.internal type=log ver=1.16.0
time="2025-10-21T10:04:52.883055-05:00" level=info msg="Enabled gRPC tracing middleware" app_id=ai-recommendation-service instance=Cassandras-MacBook-Pro.local scope=dapr.runtime.grpc.internal type=log ver=1.16.0
time="2025-10-21T10:04:52.88306-05:00" level=info msg="Enabled gRPC metrics middleware" app_id=ai-recommendation-service instance=Cassandras-MacBook-Pro.local scope=dapr.runtime.grpc.internal type=log ver=1.16.0
time="2025-10-21T10:04:52.883074-05:00" level=info msg="Internal gRPC server is running on :49251" app_id=ai-recommendation-service instance=Cassandras-MacBook-Pro.local scope=dapr.runtime type=log ver=1.16.0
time="2025-10-21T10:04:52.883134-05:00" level=info msg="Using Scheduler service for reminders." app_id=ai-recommendation-service instance=Cassandras-MacBook-Pro.local scope=dapr.runtime.actor.reminders.scheduler type=log ver=1.16.0
time="2025-10-21T10:04:52.883151-05:00" level=info msg="application protocol: http. waiting on port 50004.  This will block until the app is listening on that port." app_id=ai-recommendation-service instance=Cassandras-MacBook-Pro.local scope=dapr.runtime type=log ver=1.16.0
time="2025-10-21T10:04:52.883165-05:00" level=info msg="Actor runtime started" app_id=ai-recommendation-service instance=Cassandras-MacBook-Pro.local scope=dapr.runtime.actor type=log ver=1.16.0
time="2025-10-21T10:04:52.883179-05:00" level=warning msg="Graceful shutdown timeout is infinite, will wait indefinitely to shutdown" app_id=ai-recommendation-service instance=Cassandras-MacBook-Pro.local scope=dapr.runtime.actor type=log ver=1.16.0
time="2025-10-21T10:04:52.883191-05:00" level=info msg="worker started with backend dapr.actors/v1" app_id=ai-recommendation-service instance=Cassandras-MacBook-Pro.local scope=dapr.wfengine.durabletask.backend type=log ver=1.16.0
time="2025-10-21T10:04:52.883223-05:00" level=info msg="Workflow engine started" app_id=ai-recommendation-service instance=Cassandras-MacBook-Pro.local scope=dapr.runtime.wfengine type=log ver=1.16.0
Updating metadata for app command: java -jar target/ai-recommendation-service-1.0.0.jar
Updating metadata for appPID: 43407
You're up and running! Dapr logs will appear here.

time="2025-10-21T10:04:56.59331-05:00" level=info msg="Received signal 'interrupt'; beginning shutdown" app_id=ai-recommendation-service instance=Cassandras-MacBook-Pro.local scope=dapr.signals type=log ver=1.16.0
time="2025-10-21T10:04:56.604505-05:00" level=info msg="backend stopping..." app_id=ai-recommendation-service instance=Cassandras-MacBook-Pro.local scope=dapr.wfengine.durabletask.backend type=log ver=1.16.0
time="2025-10-21T10:04:56.604522-05:00" level=info msg="workers stopping and draining..." app_id=ai-recommendation-service instance=Cassandras-MacBook-Pro.local scope=dapr.wfengine.durabletask.backend type=log ver=1.16.0
time="2025-10-21T10:04:56.604501-05:00" level=info msg="Actor runtime shutting down" app_id=ai-recommendation-service instance=Cassandras-MacBook-Pro.local scope=dapr.runtime.actor type=log ver=1.16.0
time="2025-10-21T10:04:56.604525-05:00" level=info msg="activity-processor: worker stopped" app_id=ai-recommendation-service instance=Cassandras-MacBook-Pro.local scope=dapr.wfengine.durabletask.backend type=log ver=1.16.0
time="2025-10-21T10:04:56.604886-05:00" level=info msg="Actor runtime stopped" app_id=ai-recommendation-service instance=Cassandras-MacBook-Pro.local scope=dapr.runtime.actor type=log ver=1.16.0
time="2025-10-21T10:04:56.604536-05:00" level=info msg="orchestration-processor: worker stopped" app_id=ai-recommendation-service instance=Cassandras-MacBook-Pro.local scope=dapr.wfengine.durabletask.backend type=log ver=1.16.0
time="2025-10-21T10:04:56.604929-05:00" level=info msg="finished stopping and draining workers!" app_id=ai-recommendation-service instance=Cassandras-MacBook-Pro.local scope=dapr.wfengine.durabletask.backend type=log ver=1.16.0
time="2025-10-21T10:04:56.605618-05:00" level=info msg="Workflow engine stopped" app_id=ai-recommendation-service instance=Cassandras-MacBook-Pro.local scope=dapr.runtime.wfengine type=log ver=1.16.0

termination signal received: shutting down
time="2025-10-21T10:04:56.60581-05:00" level=info msg="Dapr is shutting down" app_id=ai-recommendation-service instance=Cassandras-MacBook-Pro.local scope=dapr.runtime type=log ver=1.16.0
time="2025-10-21T10:04:56.605963-05:00" level=info msg="Shutting down component statestore (state.redis/v1)" app_id=ai-recommendation-service instance=Cassandras-MacBook-Pro.local scope=dapr.runtime type=log ver=1.16.0
time="2025-10-21T10:04:56.605996-05:00" level=info msg="Dapr runtime stopped" app_id=ai-recommendation-service instance=Cassandras-MacBook-Pro.local scope=dapr.runtime type=log ver=1.16.0
time="2025-10-21T10:04:56.605854-05:00" level=info msg="Closing HTTP server [::]:3508…" app_id=ai-recommendation-service instance=Cassandras-MacBook-Pro.local scope=dapr.runtime.http type=log ver=1.16.0
Exited Dapr successfully
