Starting Dapr with id ai-recommendation-service. HTTP Port: 3508. gRPC Port: 50017
Updating metadata for cliPID: 44416
time="2025-10-21T10:05:32.247801-05:00" level=info msg="Starting Dapr Runtime -- version 1.16.0 -- commit b68296042c975d4ede1ed93ec6b0a579c2b6a020" app_id=ai-recommendation-service instance=Cassandras-MacBook-Pro.local scope=dapr.runtime type=log ver=1.16.0
time="2025-10-21T10:05:32.247839-05:00" level=info msg="Log level set to: info" app_id=ai-recommendation-service instance=Cassandras-MacBook-Pro.local scope=dapr.runtime type=log ver=1.16.0
time="2025-10-21T10:05:32.24794-05:00" level=warning msg="mTLS is disabled. Skipping certificate request and tls validation" app_id=ai-recommendation-service instance=Cassandras-MacBook-Pro.local scope=dapr.runtime.security type=log ver=1.16.0
time="2025-10-21T10:05:32.248274-05:00" level=info msg="Enabled features: SchedulerReminders" app_id=ai-recommendation-service instance=Cassandras-MacBook-Pro.local scope=dapr.runtime type=log ver=1.16.0
time="2025-10-21T10:05:32.248325-05:00" level=info msg="metric spec: {\"enabled\":true}" app_id=ai-recommendation-service instance=Cassandras-MacBook-Pro.local scope=dapr.runtime.diagnostics type=log ver=1.16.0
time="2025-10-21T10:05:32.248344-05:00" level=info msg="Using default latency distribution buckets: [1 2 3 4 5 6 8 10 13 16 20 25 30 40 50 65 80 100 130 160 200 250 300 400 500 650 800 1000 2000 5000 10000 20000 50000 100000]" app_id=ai-recommendation-service instance=Cassandras-MacBook-Pro.local scope=dapr.runtime.diagnostics type=log ver=1.16.0
time="2025-10-21T10:05:32.248411-05:00" level=warning msg="The default value for 'spec.metric.http.increasedCardinality' will change to 'false' in Dapr 1.15 or later" app_id=ai-recommendation-service instance=Cassandras-MacBook-Pro.local scope=dapr.runtime.diagnostics type=log ver=1.16.0
time="2025-10-21T10:05:32.24872-05:00" level=info msg="standalone mode configured" app_id=ai-recommendation-service instance=Cassandras-MacBook-Pro.local scope=dapr.runtime type=log ver=1.16.0
time="2025-10-21T10:05:32.248754-05:00" level=info msg="app id: ai-recommendation-service" app_id=ai-recommendation-service instance=Cassandras-MacBook-Pro.local scope=dapr.runtime type=log ver=1.16.0
time="2025-10-21T10:05:32.248864-05:00" level=info msg="metrics server started on 0.0.0.0:49485/" app_id=ai-recommendation-service instance=Cassandras-MacBook-Pro.local scope=dapr.runtime type=log ver=1.16.0
time="2025-10-21T10:05:32.248874-05:00" level=info msg="Dapr trace sampler initialized: ParentBased{root:AlwaysOnSampler,remoteParentSampled:AlwaysOnSampler,remoteParentNotSampled:AlwaysOffSampler,localParentSampled:AlwaysOnSampler,localParentNotSampled:AlwaysOffSampler}" app_id=ai-recommendation-service instance=Cassandras-MacBook-Pro.local scope=dapr.runtime type=log ver=1.16.0
time="2025-10-21T10:05:32.249298-05:00" level=info msg="local service entry announced: ai-recommendation-service -> 192.168.1.125:49486" app_id=ai-recommendation-service component="nr (mdns/v1)" instance=Cassandras-MacBook-Pro.local scope=dapr.contrib type=log ver=1.16.0
time="2025-10-21T10:05:32.249319-05:00" level=info msg="Initialized name resolution to mdns" app_id=ai-recommendation-service instance=Cassandras-MacBook-Pro.local scope=dapr.runtime type=log ver=1.16.0
time="2025-10-21T10:05:32.249411-05:00" level=info msg="Loading components…" app_id=ai-recommendation-service instance=Cassandras-MacBook-Pro.local scope=dapr.runtime type=log ver=1.16.0
time="2025-10-21T10:05:32.249708-05:00" level=info msg="Waiting for all outstanding components to be processed…" app_id=ai-recommendation-service instance=Cassandras-MacBook-Pro.local scope=dapr.runtime type=log ver=1.16.0
time="2025-10-21T10:05:32.25498-05:00" level=info msg="Connected and received scheduler hosts addresses: [localhost:50006]" app_id=ai-recommendation-service instance=Cassandras-MacBook-Pro.local scope=dapr.runtime.scheduler.watchhosts type=log ver=1.16.0
time="2025-10-21T10:05:32.255071-05:00" level=info msg="Scheduler client initialized for address: localhost:50006" app_id=ai-recommendation-service instance=Cassandras-MacBook-Pro.local scope=dapr.runtime.scheduler.clients type=log ver=1.16.0
time="2025-10-21T10:05:32.255094-05:00" level=info msg="Scheduler clients initialized" app_id=ai-recommendation-service instance=Cassandras-MacBook-Pro.local scope=dapr.runtime.scheduler.clients type=log ver=1.16.0
time="2025-10-21T10:05:32.258744-05:00" level=info msg="Using 'statestore' as actor state store" app_id=ai-recommendation-service instance=Cassandras-MacBook-Pro.local scope=dapr.runtime.processor.state type=log ver=1.16.0
time="2025-10-21T10:05:32.258778-05:00" level=info msg="Component loaded: statestore (state.redis/v1)" app_id=ai-recommendation-service instance=Cassandras-MacBook-Pro.local scope=dapr.runtime.processor type=log ver=1.16.0
time="2025-10-21T10:05:32.258791-05:00" level=info msg="All outstanding components processed" app_id=ai-recommendation-service instance=Cassandras-MacBook-Pro.local scope=dapr.runtime type=log ver=1.16.0
time="2025-10-21T10:05:32.258798-05:00" level=info msg="Loading endpoints…" app_id=ai-recommendation-service instance=Cassandras-MacBook-Pro.local scope=dapr.runtime type=log ver=1.16.0
time="2025-10-21T10:05:32.258925-05:00" level=info msg="Waiting for all outstanding http endpoints to be processed…" app_id=ai-recommendation-service instance=Cassandras-MacBook-Pro.local scope=dapr.runtime type=log ver=1.16.0
time="2025-10-21T10:05:32.258934-05:00" level=info msg="All outstanding http endpoints processed" app_id=ai-recommendation-service instance=Cassandras-MacBook-Pro.local scope=dapr.runtime type=log ver=1.16.0
time="2025-10-21T10:05:32.258939-05:00" level=info msg="Loading Declarative Subscriptions…" app_id=ai-recommendation-service instance=Cassandras-MacBook-Pro.local scope=dapr.runtime type=log ver=1.16.0
time="2025-10-21T10:05:32.259111-05:00" level=info msg="gRPC server listening on TCP address: :50017" app_id=ai-recommendation-service instance=Cassandras-MacBook-Pro.local scope=dapr.runtime.grpc.api type=log ver=1.16.0
time="2025-10-21T10:05:32.25912-05:00" level=info msg="Enabled gRPC tracing middleware" app_id=ai-recommendation-service instance=Cassandras-MacBook-Pro.local scope=dapr.runtime.grpc.api type=log ver=1.16.0
time="2025-10-21T10:05:32.259125-05:00" level=info msg="Enabled gRPC metrics middleware" app_id=ai-recommendation-service instance=Cassandras-MacBook-Pro.local scope=dapr.runtime.grpc.api type=log ver=1.16.0
time="2025-10-21T10:05:32.259157-05:00" level=info msg="Registering workflow engine for gRPC endpoint: [::]:50017" app_id=ai-recommendation-service instance=Cassandras-MacBook-Pro.local scope=dapr.runtime.grpc.api type=log ver=1.16.0
time="2025-10-21T10:05:32.259172-05:00" level=info msg="API gRPC server is running on port 50017" app_id=ai-recommendation-service instance=Cassandras-MacBook-Pro.local scope=dapr.runtime type=log ver=1.16.0
time="2025-10-21T10:05:32.259185-05:00" level=warning msg="The default value for 'spec.metric.http.increasedCardinality' will change to 'false' in Dapr 1.15 or later" app_id=ai-recommendation-service instance=Cassandras-MacBook-Pro.local scope=dapr.runtime.http type=log ver=1.16.0
time="2025-10-21T10:05:32.259218-05:00" level=info msg="Enabled max body size HTTP middleware with size 4194304 bytes" app_id=ai-recommendation-service instance=Cassandras-MacBook-Pro.local scope=dapr.runtime.http type=log ver=1.16.0
time="2025-10-21T10:05:32.259224-05:00" level=info msg="Enabled tracing HTTP middleware" app_id=ai-recommendation-service instance=Cassandras-MacBook-Pro.local scope=dapr.runtime.http type=log ver=1.16.0
time="2025-10-21T10:05:32.259228-05:00" level=info msg="Enabled metrics HTTP middleware" app_id=ai-recommendation-service instance=Cassandras-MacBook-Pro.local scope=dapr.runtime.http type=log ver=1.16.0
time="2025-10-21T10:05:32.259386-05:00" level=info msg="HTTP server listening on TCP address: :3508" app_id=ai-recommendation-service instance=Cassandras-MacBook-Pro.local scope=dapr.runtime.http type=log ver=1.16.0
time="2025-10-21T10:05:32.259399-05:00" level=info msg="HTTP server is running on port 3508" app_id=ai-recommendation-service instance=Cassandras-MacBook-Pro.local scope=dapr.runtime type=log ver=1.16.0
time="2025-10-21T10:05:32.259412-05:00" level=info msg="The request body size parameter is: 4194304 bytes" app_id=ai-recommendation-service instance=Cassandras-MacBook-Pro.local scope=dapr.runtime type=log ver=1.16.0
time="2025-10-21T10:05:32.259433-05:00" level=info msg="gRPC server listening on TCP address: :49486" app_id=ai-recommendation-service instance=Cassandras-MacBook-Pro.local scope=dapr.runtime.grpc.internal type=log ver=1.16.0
time="2025-10-21T10:05:32.259439-05:00" level=info msg="Enabled gRPC tracing middleware" app_id=ai-recommendation-service instance=Cassandras-MacBook-Pro.local scope=dapr.runtime.grpc.internal type=log ver=1.16.0
time="2025-10-21T10:05:32.259443-05:00" level=info msg="Enabled gRPC metrics middleware" app_id=ai-recommendation-service instance=Cassandras-MacBook-Pro.local scope=dapr.runtime.grpc.internal type=log ver=1.16.0
time="2025-10-21T10:05:32.259455-05:00" level=info msg="Internal gRPC server is running on :49486" app_id=ai-recommendation-service instance=Cassandras-MacBook-Pro.local scope=dapr.runtime type=log ver=1.16.0
time="2025-10-21T10:05:32.259511-05:00" level=info msg="Using Scheduler service for reminders." app_id=ai-recommendation-service instance=Cassandras-MacBook-Pro.local scope=dapr.runtime.actor.reminders.scheduler type=log ver=1.16.0
time="2025-10-21T10:05:32.259526-05:00" level=info msg="application protocol: http. waiting on port 50004.  This will block until the app is listening on that port." app_id=ai-recommendation-service instance=Cassandras-MacBook-Pro.local scope=dapr.runtime type=log ver=1.16.0
time="2025-10-21T10:05:32.259541-05:00" level=info msg="Actor runtime started" app_id=ai-recommendation-service instance=Cassandras-MacBook-Pro.local scope=dapr.runtime.actor type=log ver=1.16.0
time="2025-10-21T10:05:32.259555-05:00" level=info msg="worker started with backend dapr.actors/v1" app_id=ai-recommendation-service instance=Cassandras-MacBook-Pro.local scope=dapr.wfengine.durabletask.backend type=log ver=1.16.0
time="2025-10-21T10:05:32.259554-05:00" level=warning msg="Graceful shutdown timeout is infinite, will wait indefinitely to shutdown" app_id=ai-recommendation-service instance=Cassandras-MacBook-Pro.local scope=dapr.runtime.actor type=log ver=1.16.0
time="2025-10-21T10:05:32.259572-05:00" level=info msg="Workflow engine started" app_id=ai-recommendation-service instance=Cassandras-MacBook-Pro.local scope=dapr.runtime.wfengine type=log ver=1.16.0
time="2025-10-21T10:05:32.360517-05:00" level=info msg="application discovered on port 50004" app_id=ai-recommendation-service instance=Cassandras-MacBook-Pro.local scope=dapr.runtime type=log ver=1.16.0
time="2025-10-21T10:05:32.368521-05:00" level=info msg="Application configuration loaded" app_id=ai-recommendation-service instance=Cassandras-MacBook-Pro.local scope=dapr.runtime type=log ver=1.16.0
time="2025-10-21T10:05:32.368549-05:00" level=info msg="Registering hosted actors: []" app_id=ai-recommendation-service instance=Cassandras-MacBook-Pro.local scope=dapr.runtime.actor type=log ver=1.16.0
time="2025-10-21T10:05:32.368562-05:00" level=info msg="dapr initialized. Status: Running. Init Elapsed 119ms" app_id=ai-recommendation-service instance=Cassandras-MacBook-Pro.local scope=dapr.runtime type=log ver=1.16.0
time="2025-10-21T10:05:32.368588-05:00" level=info msg="Reporting actor types: []" app_id=ai-recommendation-service instance=Cassandras-MacBook-Pro.local scope=dapr.runtime.actors.placement type=log ver=1.16.0
time="2025-10-21T10:05:32.368701-05:00" level=info msg="Scheduler stream connected for [JOB_TARGET_TYPE_JOB]" app_id=ai-recommendation-service instance=Cassandras-MacBook-Pro.local scope=dapr.runtime.scheduler.cluster type=log ver=1.16.0
time="2025-10-21T10:05:32.368714-05:00" level=info msg="Scheduler stream connected for [JOB_TARGET_TYPE_JOB]" app_id=ai-recommendation-service instance=Cassandras-MacBook-Pro.local scope=dapr.runtime.scheduler.cluster type=log ver=1.16.0
time="2025-10-21T10:05:32.36872-05:00" level=info msg="Connected to placement localhost:50005" app_id=ai-recommendation-service instance=Cassandras-MacBook-Pro.local scope=dapr.runtime.actors.placement.client.connector.static type=log ver=1.16.0
time="2025-10-21T10:05:32.368703-05:00" level=info msg="Scheduler stream connected for [JOB_TARGET_TYPE_JOB]" app_id=ai-recommendation-service instance=Cassandras-MacBook-Pro.local scope=dapr.runtime.scheduler.cluster type=log ver=1.16.0
time="2025-10-21T10:05:32.370122-05:00" level=info msg="Connected to placement localhost:50005" app_id=ai-recommendation-service instance=Cassandras-MacBook-Pro.local scope=dapr.runtime.actors.placement.client type=log ver=1.16.0
time="2025-10-21T10:05:32.37107-05:00" level=info msg="Placement tables updated, version: 111" app_id=ai-recommendation-service instance=Cassandras-MacBook-Pro.local scope=dapr.runtime.actors.placement type=log ver=1.16.0
time="2025-10-21T10:05:32.371097-05:00" level=info msg="Running actor reminder migration from state store to scheduler" app_id=ai-recommendation-service instance=Cassandras-MacBook-Pro.local scope=dapr.runtime.actors.reminders.migration type=log ver=1.16.0
time="2025-10-21T10:05:32.371107-05:00" level=info msg="Skipping migration, no missing scheduler reminders found" app_id=ai-recommendation-service instance=Cassandras-MacBook-Pro.local scope=dapr.runtime.actors.reminders.migration type=log ver=1.16.0
time="2025-10-21T10:05:32.371121-05:00" level=info msg="Found 0 missing scheduler reminders from state store" app_id=ai-recommendation-service instance=Cassandras-MacBook-Pro.local scope=dapr.runtime.actors.reminders.migration type=log ver=1.16.0
time="2025-10-21T10:05:32.371126-05:00" level=info msg="Migrated 0 reminders from state store to scheduler successfully" app_id=ai-recommendation-service instance=Cassandras-MacBook-Pro.local scope=dapr.runtime.actors.reminders.migration type=log ver=1.16.0
time="2025-10-21T10:05:32.575829-05:00" level=info msg="work item stream established by user-agent: [dapr-sdk-java/v1.16.0 grpc-java-netty/1.69.0]" app_id=ai-recommendation-service instance=Cassandras-MacBook-Pro.local scope=dapr.runtime.wfengine type=log ver=1.16.0
time="2025-10-21T10:05:32.575887-05:00" level=info msg="Updating actor types: [dapr.internal.default.ai-recommendation-service.activity dapr.internal.default.ai-recommendation-service.workflow]" app_id=ai-recommendation-service instance=Cassandras-MacBook-Pro.local scope=dapr.runtime.actors.placement type=log ver=1.16.0
time="2025-10-21T10:05:32.575944-05:00" level=info msg="Scheduler stream disconnected" app_id=ai-recommendation-service instance=Cassandras-MacBook-Pro.local scope=dapr.runtime.scheduler.cluster type=log ver=1.16.0
time="2025-10-21T10:05:32.575951-05:00" level=info msg="Scheduler stream disconnected" app_id=ai-recommendation-service instance=Cassandras-MacBook-Pro.local scope=dapr.runtime.scheduler.cluster type=log ver=1.16.0
time="2025-10-21T10:05:32.575989-05:00" level=info msg="Scheduler stream disconnected" app_id=ai-recommendation-service instance=Cassandras-MacBook-Pro.local scope=dapr.runtime.scheduler.cluster type=log ver=1.16.0
time="2025-10-21T10:05:32.576044-05:00" level=info msg="Scheduler stream connected for [JOB_TARGET_TYPE_JOB]" app_id=ai-recommendation-service instance=Cassandras-MacBook-Pro.local scope=dapr.runtime.scheduler.cluster type=log ver=1.16.0
time="2025-10-21T10:05:32.576045-05:00" level=info msg="Scheduler stream connected for [JOB_TARGET_TYPE_JOB]" app_id=ai-recommendation-service instance=Cassandras-MacBook-Pro.local scope=dapr.runtime.scheduler.cluster type=log ver=1.16.0
time="2025-10-21T10:05:32.576064-05:00" level=info msg="Scheduler stream connected for [JOB_TARGET_TYPE_JOB]" app_id=ai-recommendation-service instance=Cassandras-MacBook-Pro.local scope=dapr.runtime.scheduler.cluster type=log ver=1.16.0
Updating metadata for app command: java -jar target/ai-recommendation-service-1.0.0.jar
Updating metadata for appPID: 44535
You're up and running! Dapr logs will appear here.

time="2025-10-21T10:05:34.69746-05:00" level=info msg="Placement tables updated, version: 112" app_id=ai-recommendation-service instance=Cassandras-MacBook-Pro.local scope=dapr.runtime.actors.placement type=log ver=1.16.0
time="2025-10-21T10:05:34.697514-05:00" level=info msg="Running actor reminder migration from state store to scheduler" app_id=ai-recommendation-service instance=Cassandras-MacBook-Pro.local scope=dapr.runtime.actors.reminders.migration type=log ver=1.16.0
time="2025-10-21T10:05:34.69802-05:00" level=info msg="Scheduler stream disconnected" app_id=ai-recommendation-service instance=Cassandras-MacBook-Pro.local scope=dapr.runtime.scheduler.cluster type=log ver=1.16.0
time="2025-10-21T10:05:34.698043-05:00" level=info msg="Scheduler stream disconnected" app_id=ai-recommendation-service instance=Cassandras-MacBook-Pro.local scope=dapr.runtime.scheduler.cluster type=log ver=1.16.0
time="2025-10-21T10:05:34.698057-05:00" level=info msg="Scheduler stream disconnected" app_id=ai-recommendation-service instance=Cassandras-MacBook-Pro.local scope=dapr.runtime.scheduler.cluster type=log ver=1.16.0
time="2025-10-21T10:05:34.698138-05:00" level=info msg="Scheduler stream connected for [JOB_TARGET_TYPE_JOB JOB_TARGET_TYPE_ACTOR_REMINDER]" app_id=ai-recommendation-service instance=Cassandras-MacBook-Pro.local scope=dapr.runtime.scheduler.cluster type=log ver=1.16.0
time="2025-10-21T10:05:34.698183-05:00" level=info msg="Scheduler stream connected for [JOB_TARGET_TYPE_JOB JOB_TARGET_TYPE_ACTOR_REMINDER]" app_id=ai-recommendation-service instance=Cassandras-MacBook-Pro.local scope=dapr.runtime.scheduler.cluster type=log ver=1.16.0
time="2025-10-21T10:05:34.698188-05:00" level=info msg="Scheduler stream connected for [JOB_TARGET_TYPE_JOB JOB_TARGET_TYPE_ACTOR_REMINDER]" app_id=ai-recommendation-service instance=Cassandras-MacBook-Pro.local scope=dapr.runtime.scheduler.cluster type=log ver=1.16.0
time="2025-10-21T10:05:34.706448-05:00" level=info msg="Skipping migration, no missing scheduler reminders found" app_id=ai-recommendation-service instance=Cassandras-MacBook-Pro.local scope=dapr.runtime.actors.reminders.migration type=log ver=1.16.0
time="2025-10-21T10:05:34.706613-05:00" level=info msg="Found 0 missing scheduler reminders from state store" app_id=ai-recommendation-service instance=Cassandras-MacBook-Pro.local scope=dapr.runtime.actors.reminders.migration type=log ver=1.16.0
time="2025-10-21T10:05:34.706631-05:00" level=info msg="Migrated 0 reminders from state store to scheduler successfully" app_id=ai-recommendation-service instance=Cassandras-MacBook-Pro.local scope=dapr.runtime.actors.reminders.migration type=log ver=1.16.0
time="2025-10-21T10:06:47.402121-05:00" level=info msg="Received signal 'interrupt'; beginning shutdown" app_id=ai-recommendation-service instance=Cassandras-MacBook-Pro.local scope=dapr.signals type=log ver=1.16.0
time="2025-10-21T10:06:47.402517-05:00" level=info msg="backend stopping..." app_id=ai-recommendation-service instance=Cassandras-MacBook-Pro.local scope=dapr.wfengine.durabletask.backend type=log ver=1.16.0
time="2025-10-21T10:06:47.402539-05:00" level=info msg="workers stopping and draining..." app_id=ai-recommendation-service instance=Cassandras-MacBook-Pro.local scope=dapr.wfengine.durabletask.backend type=log ver=1.16.0
time="2025-10-21T10:06:47.402978-05:00" level=info msg="Actor runtime shutting down" app_id=ai-recommendation-service instance=Cassandras-MacBook-Pro.local scope=dapr.runtime.actor type=log ver=1.16.0
time="2025-10-21T10:06:47.403089-05:00" level=info msg="orchestration-processor: worker stopped" app_id=ai-recommendation-service instance=Cassandras-MacBook-Pro.local scope=dapr.wfengine.durabletask.backend type=log ver=1.16.0
time="2025-10-21T10:06:47.403126-05:00" level=error msg="Error communicating with placement: rpc error: code = Canceled desc = context canceled" app_id=ai-recommendation-service instance=Cassandras-MacBook-Pro.local scope=dapr.runtime.actors.placement.client type=log ver=1.16.0
time="2025-10-21T10:06:47.403196-05:00" level=info msg="Actor runtime stopped" app_id=ai-recommendation-service instance=Cassandras-MacBook-Pro.local scope=dapr.runtime.actor type=log ver=1.16.0
time="2025-10-21T10:06:47.403014-05:00" level=info msg="Scheduler stream disconnected" app_id=ai-recommendation-service instance=Cassandras-MacBook-Pro.local scope=dapr.runtime.scheduler.cluster type=log ver=1.16.0
time="2025-10-21T10:06:47.403033-05:00" level=info msg="Scheduler stream disconnected" app_id=ai-recommendation-service instance=Cassandras-MacBook-Pro.local scope=dapr.runtime.scheduler.cluster type=log ver=1.16.0
time="2025-10-21T10:06:47.403045-05:00" level=info msg="Scheduler stream disconnected" app_id=ai-recommendation-service instance=Cassandras-MacBook-Pro.local scope=dapr.runtime.scheduler.cluster type=log ver=1.16.0
time="2025-10-21T10:06:47.403259-05:00" level=info msg="activity-processor: worker stopped" app_id=ai-recommendation-service instance=Cassandras-MacBook-Pro.local scope=dapr.wfengine.durabletask.backend type=log ver=1.16.0
time="2025-10-21T10:06:47.403285-05:00" level=info msg="finished stopping and draining workers!" app_id=ai-recommendation-service instance=Cassandras-MacBook-Pro.local scope=dapr.wfengine.durabletask.backend type=log ver=1.16.0
time="2025-10-21T10:06:47.403301-05:00" level=info msg="Workflow engine stopped" app_id=ai-recommendation-service instance=Cassandras-MacBook-Pro.local scope=dapr.runtime.wfengine type=log ver=1.16.0

termination signal received: shutting down
Exited Dapr successfully
Exited App successfully
