Starting Dapr with id ai-recommendation-service. HTTP Port: 3508. gRPC Port: 50017
Updating metadata for cliPID: 55643
time="2025-09-25T10:13:08.244736-05:00" level=info msg="Starting Dapr Runtime -- version 1.16.0 -- commit b68296042c975d4ede1ed93ec6b0a579c2b6a020" app_id=ai-recommendation-service instance=Mac-45.lan scope=dapr.runtime type=log ver=1.16.0
time="2025-09-25T10:13:08.244772-05:00" level=info msg="Log level set to: info" app_id=ai-recommendation-service instance=Mac-45.lan scope=dapr.runtime type=log ver=1.16.0
time="2025-09-25T10:13:08.244903-05:00" level=warning msg="mTLS is disabled. Skipping certificate request and tls validation" app_id=ai-recommendation-service instance=Mac-45.lan scope=dapr.runtime.security type=log ver=1.16.0
time="2025-09-25T10:13:08.245251-05:00" level=info msg="Enabled features: SchedulerReminders" app_id=ai-recommendation-service instance=Mac-45.lan scope=dapr.runtime type=log ver=1.16.0
time="2025-09-25T10:13:08.245319-05:00" level=info msg="metric spec: {\"enabled\":true}" app_id=ai-recommendation-service instance=Mac-45.lan scope=dapr.runtime.diagnostics type=log ver=1.16.0
time="2025-09-25T10:13:08.245348-05:00" level=info msg="Using default latency distribution buckets: [1 2 3 4 5 6 8 10 13 16 20 25 30 40 50 65 80 100 130 160 200 250 300 400 500 650 800 1000 2000 5000 10000 20000 50000 100000]" app_id=ai-recommendation-service instance=Mac-45.lan scope=dapr.runtime.diagnostics type=log ver=1.16.0
time="2025-09-25T10:13:08.245429-05:00" level=warning msg="The default value for 'spec.metric.http.increasedCardinality' will change to 'false' in Dapr 1.15 or later" app_id=ai-recommendation-service instance=Mac-45.lan scope=dapr.runtime.diagnostics type=log ver=1.16.0
time="2025-09-25T10:13:08.245759-05:00" level=info msg="standalone mode configured" app_id=ai-recommendation-service instance=Mac-45.lan scope=dapr.runtime type=log ver=1.16.0
time="2025-09-25T10:13:08.245783-05:00" level=info msg="app id: ai-recommendation-service" app_id=ai-recommendation-service instance=Mac-45.lan scope=dapr.runtime type=log ver=1.16.0
time="2025-09-25T10:13:08.245891-05:00" level=info msg="metrics server started on 0.0.0.0:64205/" app_id=ai-recommendation-service instance=Mac-45.lan scope=dapr.runtime type=log ver=1.16.0
time="2025-09-25T10:13:08.245917-05:00" level=info msg="Dapr trace sampler initialized: ParentBased{root:AlwaysOnSampler,remoteParentSampled:AlwaysOnSampler,remoteParentNotSampled:AlwaysOffSampler,localParentSampled:AlwaysOnSampler,localParentNotSampled:AlwaysOffSampler}" app_id=ai-recommendation-service instance=Mac-45.lan scope=dapr.runtime type=log ver=1.16.0
time="2025-09-25T10:13:08.246208-05:00" level=info msg="local service entry announced: ai-recommendation-service -> 192.168.1.82:64206" app_id=ai-recommendation-service component="nr (mdns/v1)" instance=Mac-45.lan scope=dapr.contrib type=log ver=1.16.0
time="2025-09-25T10:13:08.246222-05:00" level=info msg="Initialized name resolution to mdns" app_id=ai-recommendation-service instance=Mac-45.lan scope=dapr.runtime type=log ver=1.16.0
time="2025-09-25T10:13:08.246285-05:00" level=info msg="Loading components…" app_id=ai-recommendation-service instance=Mac-45.lan scope=dapr.runtime type=log ver=1.16.0
time="2025-09-25T10:13:08.246529-05:00" level=info msg="Waiting for all outstanding components to be processed…" app_id=ai-recommendation-service instance=Mac-45.lan scope=dapr.runtime type=log ver=1.16.0
time="2025-09-25T10:13:08.249642-05:00" level=info msg="Connected and received scheduler hosts addresses: [localhost:50006]" app_id=ai-recommendation-service instance=Mac-45.lan scope=dapr.runtime.scheduler.watchhosts type=log ver=1.16.0
time="2025-09-25T10:13:08.249744-05:00" level=info msg="Scheduler client initialized for address: localhost:50006" app_id=ai-recommendation-service instance=Mac-45.lan scope=dapr.runtime.scheduler.clients type=log ver=1.16.0
time="2025-09-25T10:13:08.249755-05:00" level=info msg="Scheduler clients initialized" app_id=ai-recommendation-service instance=Mac-45.lan scope=dapr.runtime.scheduler.clients type=log ver=1.16.0
time="2025-09-25T10:13:08.252142-05:00" level=info msg="Using 'statestore' as actor state store" app_id=ai-recommendation-service instance=Mac-45.lan scope=dapr.runtime.processor.state type=log ver=1.16.0
time="2025-09-25T10:13:08.25217-05:00" level=info msg="Component loaded: statestore (state.redis/v1)" app_id=ai-recommendation-service instance=Mac-45.lan scope=dapr.runtime.processor type=log ver=1.16.0
time="2025-09-25T10:13:08.252182-05:00" level=info msg="All outstanding components processed" app_id=ai-recommendation-service instance=Mac-45.lan scope=dapr.runtime type=log ver=1.16.0
time="2025-09-25T10:13:08.252189-05:00" level=info msg="Loading endpoints…" app_id=ai-recommendation-service instance=Mac-45.lan scope=dapr.runtime type=log ver=1.16.0
time="2025-09-25T10:13:08.252314-05:00" level=info msg="Waiting for all outstanding http endpoints to be processed…" app_id=ai-recommendation-service instance=Mac-45.lan scope=dapr.runtime type=log ver=1.16.0
time="2025-09-25T10:13:08.252324-05:00" level=info msg="All outstanding http endpoints processed" app_id=ai-recommendation-service instance=Mac-45.lan scope=dapr.runtime type=log ver=1.16.0
time="2025-09-25T10:13:08.25233-05:00" level=info msg="Loading Declarative Subscriptions…" app_id=ai-recommendation-service instance=Mac-45.lan scope=dapr.runtime type=log ver=1.16.0
time="2025-09-25T10:13:08.252509-05:00" level=info msg="gRPC server listening on TCP address: :50017" app_id=ai-recommendation-service instance=Mac-45.lan scope=dapr.runtime.grpc.api type=log ver=1.16.0
time="2025-09-25T10:13:08.252518-05:00" level=info msg="Enabled gRPC tracing middleware" app_id=ai-recommendation-service instance=Mac-45.lan scope=dapr.runtime.grpc.api type=log ver=1.16.0
time="2025-09-25T10:13:08.252522-05:00" level=info msg="Enabled gRPC metrics middleware" app_id=ai-recommendation-service instance=Mac-45.lan scope=dapr.runtime.grpc.api type=log ver=1.16.0
time="2025-09-25T10:13:08.25255-05:00" level=info msg="Registering workflow engine for gRPC endpoint: [::]:50017" app_id=ai-recommendation-service instance=Mac-45.lan scope=dapr.runtime.grpc.api type=log ver=1.16.0
time="2025-09-25T10:13:08.252566-05:00" level=info msg="API gRPC server is running on port 50017" app_id=ai-recommendation-service instance=Mac-45.lan scope=dapr.runtime type=log ver=1.16.0
time="2025-09-25T10:13:08.252577-05:00" level=warning msg="The default value for 'spec.metric.http.increasedCardinality' will change to 'false' in Dapr 1.15 or later" app_id=ai-recommendation-service instance=Mac-45.lan scope=dapr.runtime.http type=log ver=1.16.0
time="2025-09-25T10:13:08.252609-05:00" level=info msg="Enabled max body size HTTP middleware with size 4194304 bytes" app_id=ai-recommendation-service instance=Mac-45.lan scope=dapr.runtime.http type=log ver=1.16.0
time="2025-09-25T10:13:08.252614-05:00" level=info msg="Enabled tracing HTTP middleware" app_id=ai-recommendation-service instance=Mac-45.lan scope=dapr.runtime.http type=log ver=1.16.0
time="2025-09-25T10:13:08.252617-05:00" level=info msg="Enabled metrics HTTP middleware" app_id=ai-recommendation-service instance=Mac-45.lan scope=dapr.runtime.http type=log ver=1.16.0
time="2025-09-25T10:13:08.252757-05:00" level=info msg="HTTP server listening on TCP address: :3508" app_id=ai-recommendation-service instance=Mac-45.lan scope=dapr.runtime.http type=log ver=1.16.0
time="2025-09-25T10:13:08.252772-05:00" level=info msg="HTTP server is running on port 3508" app_id=ai-recommendation-service instance=Mac-45.lan scope=dapr.runtime type=log ver=1.16.0
time="2025-09-25T10:13:08.252776-05:00" level=info msg="The request body size parameter is: 4194304 bytes" app_id=ai-recommendation-service instance=Mac-45.lan scope=dapr.runtime type=log ver=1.16.0
time="2025-09-25T10:13:08.252795-05:00" level=info msg="gRPC server listening on TCP address: :64206" app_id=ai-recommendation-service instance=Mac-45.lan scope=dapr.runtime.grpc.internal type=log ver=1.16.0
time="2025-09-25T10:13:08.2528-05:00" level=info msg="Enabled gRPC tracing middleware" app_id=ai-recommendation-service instance=Mac-45.lan scope=dapr.runtime.grpc.internal type=log ver=1.16.0
time="2025-09-25T10:13:08.252811-05:00" level=info msg="Enabled gRPC metrics middleware" app_id=ai-recommendation-service instance=Mac-45.lan scope=dapr.runtime.grpc.internal type=log ver=1.16.0
time="2025-09-25T10:13:08.252824-05:00" level=info msg="Internal gRPC server is running on :64206" app_id=ai-recommendation-service instance=Mac-45.lan scope=dapr.runtime type=log ver=1.16.0
time="2025-09-25T10:13:08.252874-05:00" level=info msg="Using Scheduler service for reminders." app_id=ai-recommendation-service instance=Mac-45.lan scope=dapr.runtime.actor.reminders.scheduler type=log ver=1.16.0
time="2025-09-25T10:13:08.252888-05:00" level=info msg="application protocol: http. waiting on port 50004.  This will block until the app is listening on that port." app_id=ai-recommendation-service instance=Mac-45.lan scope=dapr.runtime type=log ver=1.16.0
time="2025-09-25T10:13:08.252901-05:00" level=info msg="Actor runtime started" app_id=ai-recommendation-service instance=Mac-45.lan scope=dapr.runtime.actor type=log ver=1.16.0
time="2025-09-25T10:13:08.252925-05:00" level=warning msg="Graceful shutdown timeout is infinite, will wait indefinitely to shutdown" app_id=ai-recommendation-service instance=Mac-45.lan scope=dapr.runtime.actor type=log ver=1.16.0
time="2025-09-25T10:13:08.252915-05:00" level=info msg="worker started with backend dapr.actors/v1" app_id=ai-recommendation-service instance=Mac-45.lan scope=dapr.wfengine.durabletask.backend type=log ver=1.16.0
time="2025-09-25T10:13:08.252951-05:00" level=info msg="Workflow engine started" app_id=ai-recommendation-service instance=Mac-45.lan scope=dapr.runtime.wfengine type=log ver=1.16.0
time="2025-09-25T10:13:08.354296-05:00" level=info msg="application discovered on port 50004" app_id=ai-recommendation-service instance=Mac-45.lan scope=dapr.runtime type=log ver=1.16.0
time="2025-09-25T10:13:08.360659-05:00" level=info msg="Application configuration loaded" app_id=ai-recommendation-service instance=Mac-45.lan scope=dapr.runtime type=log ver=1.16.0
time="2025-09-25T10:13:08.360689-05:00" level=info msg="Registering hosted actors: []" app_id=ai-recommendation-service instance=Mac-45.lan scope=dapr.runtime.actor type=log ver=1.16.0
time="2025-09-25T10:13:08.360702-05:00" level=info msg="dapr initialized. Status: Running. Init Elapsed 114ms" app_id=ai-recommendation-service instance=Mac-45.lan scope=dapr.runtime type=log ver=1.16.0
time="2025-09-25T10:13:08.360834-05:00" level=info msg="Scheduler stream connected for [JOB_TARGET_TYPE_JOB]" app_id=ai-recommendation-service instance=Mac-45.lan scope=dapr.runtime.scheduler.cluster type=log ver=1.16.0
time="2025-09-25T10:13:08.360836-05:00" level=info msg="Connected to placement localhost:50005" app_id=ai-recommendation-service instance=Mac-45.lan scope=dapr.runtime.actors.placement.client.connector.static type=log ver=1.16.0
time="2025-09-25T10:13:08.360837-05:00" level=info msg="Scheduler stream connected for [JOB_TARGET_TYPE_JOB]" app_id=ai-recommendation-service instance=Mac-45.lan scope=dapr.runtime.scheduler.cluster type=log ver=1.16.0
time="2025-09-25T10:13:08.360842-05:00" level=info msg="Scheduler stream connected for [JOB_TARGET_TYPE_JOB]" app_id=ai-recommendation-service instance=Mac-45.lan scope=dapr.runtime.scheduler.cluster type=log ver=1.16.0
time="2025-09-25T10:13:08.360972-05:00" level=info msg="Reporting actor types: []" app_id=ai-recommendation-service instance=Mac-45.lan scope=dapr.runtime.actors.placement type=log ver=1.16.0
time="2025-09-25T10:13:08.363777-05:00" level=info msg="Connected to placement localhost:50005" app_id=ai-recommendation-service instance=Mac-45.lan scope=dapr.runtime.actors.placement.client type=log ver=1.16.0
time="2025-09-25T10:13:08.36508-05:00" level=info msg="Placement tables updated, version: 93" app_id=ai-recommendation-service instance=Mac-45.lan scope=dapr.runtime.actors.placement type=log ver=1.16.0
time="2025-09-25T10:13:08.365104-05:00" level=info msg="Running actor reminder migration from state store to scheduler" app_id=ai-recommendation-service instance=Mac-45.lan scope=dapr.runtime.actors.reminders.migration type=log ver=1.16.0
time="2025-09-25T10:13:08.36512-05:00" level=info msg="Skipping migration, no missing scheduler reminders found" app_id=ai-recommendation-service instance=Mac-45.lan scope=dapr.runtime.actors.reminders.migration type=log ver=1.16.0
time="2025-09-25T10:13:08.365125-05:00" level=info msg="Found 0 missing scheduler reminders from state store" app_id=ai-recommendation-service instance=Mac-45.lan scope=dapr.runtime.actors.reminders.migration type=log ver=1.16.0
time="2025-09-25T10:13:08.365129-05:00" level=info msg="Migrated 0 reminders from state store to scheduler successfully" app_id=ai-recommendation-service instance=Mac-45.lan scope=dapr.runtime.actors.reminders.migration type=log ver=1.16.0
time="2025-09-25T10:13:08.566341-05:00" level=info msg="work item stream established by user-agent: [dapr-sdk-java/v1.16.0 grpc-java-netty/1.69.0]" app_id=ai-recommendation-service instance=Mac-45.lan scope=dapr.runtime.wfengine type=log ver=1.16.0
time="2025-09-25T10:13:08.566397-05:00" level=info msg="Updating actor types: [dapr.internal.default.ai-recommendation-service.workflow dapr.internal.default.ai-recommendation-service.activity]" app_id=ai-recommendation-service instance=Mac-45.lan scope=dapr.runtime.actors.placement type=log ver=1.16.0
time="2025-09-25T10:13:08.566447-05:00" level=info msg="Scheduler stream disconnected" app_id=ai-recommendation-service instance=Mac-45.lan scope=dapr.runtime.scheduler.cluster type=log ver=1.16.0
time="2025-09-25T10:13:08.566448-05:00" level=info msg="Scheduler stream disconnected" app_id=ai-recommendation-service instance=Mac-45.lan scope=dapr.runtime.scheduler.cluster type=log ver=1.16.0
time="2025-09-25T10:13:08.566502-05:00" level=info msg="Scheduler stream disconnected" app_id=ai-recommendation-service instance=Mac-45.lan scope=dapr.runtime.scheduler.cluster type=log ver=1.16.0
time="2025-09-25T10:13:08.566556-05:00" level=info msg="Scheduler stream connected for [JOB_TARGET_TYPE_JOB]" app_id=ai-recommendation-service instance=Mac-45.lan scope=dapr.runtime.scheduler.cluster type=log ver=1.16.0
time="2025-09-25T10:13:08.566576-05:00" level=info msg="Scheduler stream connected for [JOB_TARGET_TYPE_JOB]" app_id=ai-recommendation-service instance=Mac-45.lan scope=dapr.runtime.scheduler.cluster type=log ver=1.16.0
time="2025-09-25T10:13:08.566613-05:00" level=info msg="Scheduler stream connected for [JOB_TARGET_TYPE_JOB]" app_id=ai-recommendation-service instance=Mac-45.lan scope=dapr.runtime.scheduler.cluster type=log ver=1.16.0
Updating metadata for app command: java -jar target/ai-recommendation-service-1.0.0.jar
Updating metadata for appPID: 55689
You're up and running! Dapr logs will appear here.

time="2025-09-25T10:13:10.600496-05:00" level=info msg="Placement tables updated, version: 94" app_id=ai-recommendation-service instance=Mac-45.lan scope=dapr.runtime.actors.placement type=log ver=1.16.0
time="2025-09-25T10:13:10.600621-05:00" level=info msg="Running actor reminder migration from state store to scheduler" app_id=ai-recommendation-service instance=Mac-45.lan scope=dapr.runtime.actors.reminders.migration type=log ver=1.16.0
time="2025-09-25T10:13:10.601287-05:00" level=info msg="Scheduler stream disconnected" app_id=ai-recommendation-service instance=Mac-45.lan scope=dapr.runtime.scheduler.cluster type=log ver=1.16.0
time="2025-09-25T10:13:10.601341-05:00" level=info msg="Scheduler stream disconnected" app_id=ai-recommendation-service instance=Mac-45.lan scope=dapr.runtime.scheduler.cluster type=log ver=1.16.0
time="2025-09-25T10:13:10.601361-05:00" level=info msg="Scheduler stream disconnected" app_id=ai-recommendation-service instance=Mac-45.lan scope=dapr.runtime.scheduler.cluster type=log ver=1.16.0
time="2025-09-25T10:13:10.601848-05:00" level=info msg="Scheduler stream connected for [JOB_TARGET_TYPE_JOB JOB_TARGET_TYPE_ACTOR_REMINDER]" app_id=ai-recommendation-service instance=Mac-45.lan scope=dapr.runtime.scheduler.cluster type=log ver=1.16.0
time="2025-09-25T10:13:10.601945-05:00" level=info msg="Scheduler stream connected for [JOB_TARGET_TYPE_JOB JOB_TARGET_TYPE_ACTOR_REMINDER]" app_id=ai-recommendation-service instance=Mac-45.lan scope=dapr.runtime.scheduler.cluster type=log ver=1.16.0
time="2025-09-25T10:13:10.602286-05:00" level=info msg="Scheduler stream connected for [JOB_TARGET_TYPE_JOB JOB_TARGET_TYPE_ACTOR_REMINDER]" app_id=ai-recommendation-service instance=Mac-45.lan scope=dapr.runtime.scheduler.cluster type=log ver=1.16.0
time="2025-09-25T10:13:10.619901-05:00" level=info msg="Skipping migration, no missing scheduler reminders found" app_id=ai-recommendation-service instance=Mac-45.lan scope=dapr.runtime.actors.reminders.migration type=log ver=1.16.0
time="2025-09-25T10:13:10.619994-05:00" level=info msg="Found 0 missing scheduler reminders from state store" app_id=ai-recommendation-service instance=Mac-45.lan scope=dapr.runtime.actors.reminders.migration type=log ver=1.16.0
time="2025-09-25T10:13:10.620014-05:00" level=info msg="Migrated 0 reminders from state store to scheduler successfully" app_id=ai-recommendation-service instance=Mac-45.lan scope=dapr.runtime.actors.reminders.migration type=log ver=1.16.0
time="2025-09-25T10:16:24.309567-05:00" level=info msg="Received signal 'interrupt'; beginning shutdown" app_id=ai-recommendation-service instance=Mac-45.lan scope=dapr.signals type=log ver=1.16.0
time="2025-09-25T10:16:24.309895-05:00" level=info msg="backend stopping..." app_id=ai-recommendation-service instance=Mac-45.lan scope=dapr.wfengine.durabletask.backend type=log ver=1.16.0
time="2025-09-25T10:16:24.309953-05:00" level=info msg="workers stopping and draining..." app_id=ai-recommendation-service instance=Mac-45.lan scope=dapr.wfengine.durabletask.backend type=log ver=1.16.0
time="2025-09-25T10:16:24.310205-05:00" level=info msg="Scheduler stream disconnected" app_id=ai-recommendation-service instance=Mac-45.lan scope=dapr.runtime.scheduler.cluster type=log ver=1.16.0
time="2025-09-25T10:16:24.310244-05:00" level=info msg="Scheduler stream disconnected" app_id=ai-recommendation-service instance=Mac-45.lan scope=dapr.runtime.scheduler.cluster type=log ver=1.16.0
time="2025-09-25T10:16:24.310335-05:00" level=info msg="Actor runtime shutting down" app_id=ai-recommendation-service instance=Mac-45.lan scope=dapr.runtime.actor type=log ver=1.16.0
time="2025-09-25T10:16:24.310403-05:00" level=error msg="Error communicating with placement: rpc error: code = Canceled desc = context canceled" app_id=ai-recommendation-service instance=Mac-45.lan scope=dapr.runtime.actors.placement.client type=log ver=1.16.0
time="2025-09-25T10:16:24.310467-05:00" level=info msg="Scheduler stream disconnected" app_id=ai-recommendation-service instance=Mac-45.lan scope=dapr.runtime.scheduler.cluster type=log ver=1.16.0
time="2025-09-25T10:16:24.311118-05:00" level=info msg="activity-processor: worker stopped" app_id=ai-recommendation-service instance=Mac-45.lan scope=dapr.wfengine.durabletask.backend type=log ver=1.16.0
time="2025-09-25T10:16:24.311417-05:00" level=info msg="Actor runtime stopped" app_id=ai-recommendation-service instance=Mac-45.lan scope=dapr.runtime.actor type=log ver=1.16.0
time="2025-09-25T10:16:24.311585-05:00" level=info msg="orchestration-processor: worker stopped" app_id=ai-recommendation-service instance=Mac-45.lan scope=dapr.wfengine.durabletask.backend type=log ver=1.16.0
time="2025-09-25T10:16:24.311631-05:00" level=info msg="finished stopping and draining workers!" app_id=ai-recommendation-service instance=Mac-45.lan scope=dapr.wfengine.durabletask.backend type=log ver=1.16.0
time="2025-09-25T10:16:24.311666-05:00" level=info msg="Workflow engine stopped" app_id=ai-recommendation-service instance=Mac-45.lan scope=dapr.runtime.wfengine type=log ver=1.16.0

termination signal received: shutting down
Exited Dapr successfully
Exited App successfully
