Starting Dapr with id ai-recommendation-service. HTTP Port: 3508. gRPC Port: 50017
Updating metadata for cliPID: 54929
time="2025-09-25T09:58:36.395482-05:00" level=info msg="Starting Dapr Runtime -- version 1.16.0 -- commit b68296042c975d4ede1ed93ec6b0a579c2b6a020" app_id=ai-recommendation-service instance=Mac-45.lan scope=dapr.runtime type=log ver=1.16.0
time="2025-09-25T09:58:36.39552-05:00" level=info msg="Log level set to: info" app_id=ai-recommendation-service instance=Mac-45.lan scope=dapr.runtime type=log ver=1.16.0
time="2025-09-25T09:58:36.395652-05:00" level=warning msg="mTLS is disabled. Skipping certificate request and tls validation" app_id=ai-recommendation-service instance=Mac-45.lan scope=dapr.runtime.security type=log ver=1.16.0
time="2025-09-25T09:58:36.395987-05:00" level=info msg="Enabled features: SchedulerReminders" app_id=ai-recommendation-service instance=Mac-45.lan scope=dapr.runtime type=log ver=1.16.0
time="2025-09-25T09:58:36.396056-05:00" level=info msg="metric spec: {\"enabled\":true}" app_id=ai-recommendation-service instance=Mac-45.lan scope=dapr.runtime.diagnostics type=log ver=1.16.0
time="2025-09-25T09:58:36.396081-05:00" level=info msg="Using default latency distribution buckets: [1 2 3 4 5 6 8 10 13 16 20 25 30 40 50 65 80 100 130 160 200 250 300 400 500 650 800 1000 2000 5000 10000 20000 50000 100000]" app_id=ai-recommendation-service instance=Mac-45.lan scope=dapr.runtime.diagnostics type=log ver=1.16.0
time="2025-09-25T09:58:36.396162-05:00" level=warning msg="The default value for 'spec.metric.http.increasedCardinality' will change to 'false' in Dapr 1.15 or later" app_id=ai-recommendation-service instance=Mac-45.lan scope=dapr.runtime.diagnostics type=log ver=1.16.0
time="2025-09-25T09:58:36.396486-05:00" level=info msg="standalone mode configured" app_id=ai-recommendation-service instance=Mac-45.lan scope=dapr.runtime type=log ver=1.16.0
time="2025-09-25T09:58:36.396528-05:00" level=info msg="app id: ai-recommendation-service" app_id=ai-recommendation-service instance=Mac-45.lan scope=dapr.runtime type=log ver=1.16.0
time="2025-09-25T09:58:36.396644-05:00" level=info msg="metrics server started on 0.0.0.0:63764/" app_id=ai-recommendation-service instance=Mac-45.lan scope=dapr.runtime type=log ver=1.16.0
time="2025-09-25T09:58:36.396692-05:00" level=info msg="Dapr trace sampler initialized: ParentBased{root:AlwaysOnSampler,remoteParentSampled:AlwaysOnSampler,remoteParentNotSampled:AlwaysOffSampler,localParentSampled:AlwaysOnSampler,localParentNotSampled:AlwaysOffSampler}" app_id=ai-recommendation-service instance=Mac-45.lan scope=dapr.runtime type=log ver=1.16.0
time="2025-09-25T09:58:36.397021-05:00" level=info msg="local service entry announced: ai-recommendation-service -> 192.168.1.82:63765" app_id=ai-recommendation-service component="nr (mdns/v1)" instance=Mac-45.lan scope=dapr.contrib type=log ver=1.16.0
time="2025-09-25T09:58:36.397041-05:00" level=info msg="Initialized name resolution to mdns" app_id=ai-recommendation-service instance=Mac-45.lan scope=dapr.runtime type=log ver=1.16.0
time="2025-09-25T09:58:36.397113-05:00" level=info msg="Loading components…" app_id=ai-recommendation-service instance=Mac-45.lan scope=dapr.runtime type=log ver=1.16.0
time="2025-09-25T09:58:36.397405-05:00" level=info msg="Waiting for all outstanding components to be processed…" app_id=ai-recommendation-service instance=Mac-45.lan scope=dapr.runtime type=log ver=1.16.0
time="2025-09-25T09:58:36.401521-05:00" level=info msg="Connected and received scheduler hosts addresses: [localhost:50006]" app_id=ai-recommendation-service instance=Mac-45.lan scope=dapr.runtime.scheduler.watchhosts type=log ver=1.16.0
time="2025-09-25T09:58:36.401616-05:00" level=info msg="Scheduler client initialized for address: localhost:50006" app_id=ai-recommendation-service instance=Mac-45.lan scope=dapr.runtime.scheduler.clients type=log ver=1.16.0
time="2025-09-25T09:58:36.401627-05:00" level=info msg="Scheduler clients initialized" app_id=ai-recommendation-service instance=Mac-45.lan scope=dapr.runtime.scheduler.clients type=log ver=1.16.0
time="2025-09-25T09:58:36.405399-05:00" level=info msg="Using 'statestore' as actor state store" app_id=ai-recommendation-service instance=Mac-45.lan scope=dapr.runtime.processor.state type=log ver=1.16.0
time="2025-09-25T09:58:36.405437-05:00" level=info msg="Component loaded: statestore (state.redis/v1)" app_id=ai-recommendation-service instance=Mac-45.lan scope=dapr.runtime.processor type=log ver=1.16.0
time="2025-09-25T09:58:36.405447-05:00" level=info msg="All outstanding components processed" app_id=ai-recommendation-service instance=Mac-45.lan scope=dapr.runtime type=log ver=1.16.0
time="2025-09-25T09:58:36.405456-05:00" level=info msg="Loading endpoints…" app_id=ai-recommendation-service instance=Mac-45.lan scope=dapr.runtime type=log ver=1.16.0
time="2025-09-25T09:58:36.405588-05:00" level=info msg="Waiting for all outstanding http endpoints to be processed…" app_id=ai-recommendation-service instance=Mac-45.lan scope=dapr.runtime type=log ver=1.16.0
time="2025-09-25T09:58:36.405597-05:00" level=info msg="All outstanding http endpoints processed" app_id=ai-recommendation-service instance=Mac-45.lan scope=dapr.runtime type=log ver=1.16.0
time="2025-09-25T09:58:36.405603-05:00" level=info msg="Loading Declarative Subscriptions…" app_id=ai-recommendation-service instance=Mac-45.lan scope=dapr.runtime type=log ver=1.16.0
time="2025-09-25T09:58:36.405784-05:00" level=info msg="gRPC server listening on TCP address: :50017" app_id=ai-recommendation-service instance=Mac-45.lan scope=dapr.runtime.grpc.api type=log ver=1.16.0
time="2025-09-25T09:58:36.405795-05:00" level=info msg="Enabled gRPC tracing middleware" app_id=ai-recommendation-service instance=Mac-45.lan scope=dapr.runtime.grpc.api type=log ver=1.16.0
time="2025-09-25T09:58:36.405799-05:00" level=info msg="Enabled gRPC metrics middleware" app_id=ai-recommendation-service instance=Mac-45.lan scope=dapr.runtime.grpc.api type=log ver=1.16.0
time="2025-09-25T09:58:36.405836-05:00" level=info msg="Registering workflow engine for gRPC endpoint: [::]:50017" app_id=ai-recommendation-service instance=Mac-45.lan scope=dapr.runtime.grpc.api type=log ver=1.16.0
time="2025-09-25T09:58:36.405861-05:00" level=info msg="API gRPC server is running on port 50017" app_id=ai-recommendation-service instance=Mac-45.lan scope=dapr.runtime type=log ver=1.16.0
time="2025-09-25T09:58:36.405879-05:00" level=warning msg="The default value for 'spec.metric.http.increasedCardinality' will change to 'false' in Dapr 1.15 or later" app_id=ai-recommendation-service instance=Mac-45.lan scope=dapr.runtime.http type=log ver=1.16.0
time="2025-09-25T09:58:36.405908-05:00" level=info msg="Enabled max body size HTTP middleware with size 4194304 bytes" app_id=ai-recommendation-service instance=Mac-45.lan scope=dapr.runtime.http type=log ver=1.16.0
time="2025-09-25T09:58:36.405914-05:00" level=info msg="Enabled tracing HTTP middleware" app_id=ai-recommendation-service instance=Mac-45.lan scope=dapr.runtime.http type=log ver=1.16.0
time="2025-09-25T09:58:36.405918-05:00" level=info msg="Enabled metrics HTTP middleware" app_id=ai-recommendation-service instance=Mac-45.lan scope=dapr.runtime.http type=log ver=1.16.0
time="2025-09-25T09:58:36.406073-05:00" level=info msg="HTTP server listening on TCP address: :3508" app_id=ai-recommendation-service instance=Mac-45.lan scope=dapr.runtime.http type=log ver=1.16.0
time="2025-09-25T09:58:36.406087-05:00" level=info msg="HTTP server is running on port 3508" app_id=ai-recommendation-service instance=Mac-45.lan scope=dapr.runtime type=log ver=1.16.0
time="2025-09-25T09:58:36.406093-05:00" level=info msg="The request body size parameter is: 4194304 bytes" app_id=ai-recommendation-service instance=Mac-45.lan scope=dapr.runtime type=log ver=1.16.0
time="2025-09-25T09:58:36.406117-05:00" level=info msg="gRPC server listening on TCP address: :63765" app_id=ai-recommendation-service instance=Mac-45.lan scope=dapr.runtime.grpc.internal type=log ver=1.16.0
time="2025-09-25T09:58:36.406483-05:00" level=info msg="Enabled gRPC tracing middleware" app_id=ai-recommendation-service instance=Mac-45.lan scope=dapr.runtime.grpc.internal type=log ver=1.16.0
time="2025-09-25T09:58:36.406511-05:00" level=info msg="Enabled gRPC metrics middleware" app_id=ai-recommendation-service instance=Mac-45.lan scope=dapr.runtime.grpc.internal type=log ver=1.16.0
time="2025-09-25T09:58:36.406536-05:00" level=info msg="Internal gRPC server is running on :63765" app_id=ai-recommendation-service instance=Mac-45.lan scope=dapr.runtime type=log ver=1.16.0
time="2025-09-25T09:58:36.406625-05:00" level=info msg="Using Scheduler service for reminders." app_id=ai-recommendation-service instance=Mac-45.lan scope=dapr.runtime.actor.reminders.scheduler type=log ver=1.16.0
time="2025-09-25T09:58:36.406646-05:00" level=info msg="application protocol: http. waiting on port 50004.  This will block until the app is listening on that port." app_id=ai-recommendation-service instance=Mac-45.lan scope=dapr.runtime type=log ver=1.16.0
time="2025-09-25T09:58:36.406663-05:00" level=info msg="Actor runtime started" app_id=ai-recommendation-service instance=Mac-45.lan scope=dapr.runtime.actor type=log ver=1.16.0
time="2025-09-25T09:58:36.406677-05:00" level=warning msg="Graceful shutdown timeout is infinite, will wait indefinitely to shutdown" app_id=ai-recommendation-service instance=Mac-45.lan scope=dapr.runtime.actor type=log ver=1.16.0
time="2025-09-25T09:58:36.406682-05:00" level=info msg="worker started with backend dapr.actors/v1" app_id=ai-recommendation-service instance=Mac-45.lan scope=dapr.wfengine.durabletask.backend type=log ver=1.16.0
time="2025-09-25T09:58:36.406712-05:00" level=info msg="Workflow engine started" app_id=ai-recommendation-service instance=Mac-45.lan scope=dapr.runtime.wfengine type=log ver=1.16.0
time="2025-09-25T09:58:36.508093-05:00" level=info msg="application discovered on port 50004" app_id=ai-recommendation-service instance=Mac-45.lan scope=dapr.runtime type=log ver=1.16.0
time="2025-09-25T09:58:36.514793-05:00" level=info msg="Application configuration loaded" app_id=ai-recommendation-service instance=Mac-45.lan scope=dapr.runtime type=log ver=1.16.0
time="2025-09-25T09:58:36.514828-05:00" level=info msg="Registering hosted actors: []" app_id=ai-recommendation-service instance=Mac-45.lan scope=dapr.runtime.actor type=log ver=1.16.0
time="2025-09-25T09:58:36.514846-05:00" level=info msg="dapr initialized. Status: Running. Init Elapsed 118ms" app_id=ai-recommendation-service instance=Mac-45.lan scope=dapr.runtime type=log ver=1.16.0
time="2025-09-25T09:58:36.514883-05:00" level=info msg="Reporting actor types: []" app_id=ai-recommendation-service instance=Mac-45.lan scope=dapr.runtime.actors.placement type=log ver=1.16.0
time="2025-09-25T09:58:36.514972-05:00" level=info msg="Connected to placement localhost:50005" app_id=ai-recommendation-service instance=Mac-45.lan scope=dapr.runtime.actors.placement.client.connector.static type=log ver=1.16.0
time="2025-09-25T09:58:36.514989-05:00" level=info msg="Scheduler stream connected for [JOB_TARGET_TYPE_JOB]" app_id=ai-recommendation-service instance=Mac-45.lan scope=dapr.runtime.scheduler.cluster type=log ver=1.16.0
time="2025-09-25T09:58:36.515002-05:00" level=info msg="Scheduler stream connected for [JOB_TARGET_TYPE_JOB]" app_id=ai-recommendation-service instance=Mac-45.lan scope=dapr.runtime.scheduler.cluster type=log ver=1.16.0
time="2025-09-25T09:58:36.514997-05:00" level=info msg="Scheduler stream connected for [JOB_TARGET_TYPE_JOB]" app_id=ai-recommendation-service instance=Mac-45.lan scope=dapr.runtime.scheduler.cluster type=log ver=1.16.0
time="2025-09-25T09:58:36.517552-05:00" level=info msg="Connected to placement localhost:50005" app_id=ai-recommendation-service instance=Mac-45.lan scope=dapr.runtime.actors.placement.client type=log ver=1.16.0
time="2025-09-25T09:58:36.519496-05:00" level=info msg="Placement tables updated, version: 77" app_id=ai-recommendation-service instance=Mac-45.lan scope=dapr.runtime.actors.placement type=log ver=1.16.0
time="2025-09-25T09:58:36.519524-05:00" level=info msg="Running actor reminder migration from state store to scheduler" app_id=ai-recommendation-service instance=Mac-45.lan scope=dapr.runtime.actors.reminders.migration type=log ver=1.16.0
time="2025-09-25T09:58:36.519545-05:00" level=info msg="Skipping migration, no missing scheduler reminders found" app_id=ai-recommendation-service instance=Mac-45.lan scope=dapr.runtime.actors.reminders.migration type=log ver=1.16.0
time="2025-09-25T09:58:36.519551-05:00" level=info msg="Found 0 missing scheduler reminders from state store" app_id=ai-recommendation-service instance=Mac-45.lan scope=dapr.runtime.actors.reminders.migration type=log ver=1.16.0
time="2025-09-25T09:58:36.519556-05:00" level=info msg="Migrated 0 reminders from state store to scheduler successfully" app_id=ai-recommendation-service instance=Mac-45.lan scope=dapr.runtime.actors.reminders.migration type=log ver=1.16.0
time="2025-09-25T09:58:36.718544-05:00" level=info msg="work item stream established by user-agent: [dapr-sdk-java/v1.16.0 grpc-java-netty/1.69.0]" app_id=ai-recommendation-service instance=Mac-45.lan scope=dapr.runtime.wfengine type=log ver=1.16.0
time="2025-09-25T09:58:36.718603-05:00" level=info msg="Updating actor types: [dapr.internal.default.ai-recommendation-service.workflow dapr.internal.default.ai-recommendation-service.activity]" app_id=ai-recommendation-service instance=Mac-45.lan scope=dapr.runtime.actors.placement type=log ver=1.16.0
time="2025-09-25T09:58:36.718647-05:00" level=info msg="Scheduler stream disconnected" app_id=ai-recommendation-service instance=Mac-45.lan scope=dapr.runtime.scheduler.cluster type=log ver=1.16.0
time="2025-09-25T09:58:36.718649-05:00" level=info msg="Scheduler stream disconnected" app_id=ai-recommendation-service instance=Mac-45.lan scope=dapr.runtime.scheduler.cluster type=log ver=1.16.0
time="2025-09-25T09:58:36.718651-05:00" level=info msg="Scheduler stream disconnected" app_id=ai-recommendation-service instance=Mac-45.lan scope=dapr.runtime.scheduler.cluster type=log ver=1.16.0
time="2025-09-25T09:58:36.718763-05:00" level=info msg="Scheduler stream connected for [JOB_TARGET_TYPE_JOB]" app_id=ai-recommendation-service instance=Mac-45.lan scope=dapr.runtime.scheduler.cluster type=log ver=1.16.0
time="2025-09-25T09:58:36.718763-05:00" level=info msg="Scheduler stream connected for [JOB_TARGET_TYPE_JOB]" app_id=ai-recommendation-service instance=Mac-45.lan scope=dapr.runtime.scheduler.cluster type=log ver=1.16.0
time="2025-09-25T09:58:36.718771-05:00" level=info msg="Scheduler stream connected for [JOB_TARGET_TYPE_JOB]" app_id=ai-recommendation-service instance=Mac-45.lan scope=dapr.runtime.scheduler.cluster type=log ver=1.16.0
Updating metadata for app command: java -jar target/ai-recommendation-service-1.0.0.jar
Updating metadata for appPID: 54976
You're up and running! Dapr logs will appear here.

time="2025-09-25T09:58:39.082249-05:00" level=info msg="Placement tables updated, version: 78" app_id=ai-recommendation-service instance=Mac-45.lan scope=dapr.runtime.actors.placement type=log ver=1.16.0
time="2025-09-25T09:58:39.082338-05:00" level=info msg="Running actor reminder migration from state store to scheduler" app_id=ai-recommendation-service instance=Mac-45.lan scope=dapr.runtime.actors.reminders.migration type=log ver=1.16.0
time="2025-09-25T09:58:39.083188-05:00" level=info msg="Scheduler stream disconnected" app_id=ai-recommendation-service instance=Mac-45.lan scope=dapr.runtime.scheduler.cluster type=log ver=1.16.0
time="2025-09-25T09:58:39.083243-05:00" level=info msg="Scheduler stream disconnected" app_id=ai-recommendation-service instance=Mac-45.lan scope=dapr.runtime.scheduler.cluster type=log ver=1.16.0
time="2025-09-25T09:58:39.083254-05:00" level=info msg="Scheduler stream disconnected" app_id=ai-recommendation-service instance=Mac-45.lan scope=dapr.runtime.scheduler.cluster type=log ver=1.16.0
time="2025-09-25T09:58:39.08336-05:00" level=info msg="Scheduler stream connected for [JOB_TARGET_TYPE_JOB JOB_TARGET_TYPE_ACTOR_REMINDER]" app_id=ai-recommendation-service instance=Mac-45.lan scope=dapr.runtime.scheduler.cluster type=log ver=1.16.0
time="2025-09-25T09:58:39.083364-05:00" level=info msg="Scheduler stream connected for [JOB_TARGET_TYPE_JOB JOB_TARGET_TYPE_ACTOR_REMINDER]" app_id=ai-recommendation-service instance=Mac-45.lan scope=dapr.runtime.scheduler.cluster type=log ver=1.16.0
time="2025-09-25T09:58:39.083419-05:00" level=info msg="Scheduler stream connected for [JOB_TARGET_TYPE_JOB JOB_TARGET_TYPE_ACTOR_REMINDER]" app_id=ai-recommendation-service instance=Mac-45.lan scope=dapr.runtime.scheduler.cluster type=log ver=1.16.0
time="2025-09-25T09:58:39.091816-05:00" level=info msg="Skipping migration, no missing scheduler reminders found" app_id=ai-recommendation-service instance=Mac-45.lan scope=dapr.runtime.actors.reminders.migration type=log ver=1.16.0
time="2025-09-25T09:58:39.091842-05:00" level=info msg="Found 0 missing scheduler reminders from state store" app_id=ai-recommendation-service instance=Mac-45.lan scope=dapr.runtime.actors.reminders.migration type=log ver=1.16.0
time="2025-09-25T09:58:39.091857-05:00" level=info msg="Migrated 0 reminders from state store to scheduler successfully" app_id=ai-recommendation-service instance=Mac-45.lan scope=dapr.runtime.actors.reminders.migration type=log ver=1.16.0
time="2025-09-25T09:59:44.449604-05:00" level=info msg="Received signal 'interrupt'; beginning shutdown" app_id=ai-recommendation-service instance=Mac-45.lan scope=dapr.signals type=log ver=1.16.0
time="2025-09-25T09:59:44.450156-05:00" level=info msg="backend stopping..." app_id=ai-recommendation-service instance=Mac-45.lan scope=dapr.wfengine.durabletask.backend type=log ver=1.16.0
time="2025-09-25T09:59:44.450204-05:00" level=info msg="workers stopping and draining..." app_id=ai-recommendation-service instance=Mac-45.lan scope=dapr.wfengine.durabletask.backend type=log ver=1.16.0
time="2025-09-25T09:59:44.45124-05:00" level=info msg="Scheduler stream disconnected" app_id=ai-recommendation-service instance=Mac-45.lan scope=dapr.runtime.scheduler.cluster type=log ver=1.16.0
time="2025-09-25T09:59:44.451307-05:00" level=info msg="Scheduler stream disconnected" app_id=ai-recommendation-service instance=Mac-45.lan scope=dapr.runtime.scheduler.cluster type=log ver=1.16.0
time="2025-09-25T09:59:44.451359-05:00" level=info msg="Actor runtime shutting down" app_id=ai-recommendation-service instance=Mac-45.lan scope=dapr.runtime.actor type=log ver=1.16.0
time="2025-09-25T09:59:44.451465-05:00" level=error msg="Error communicating with placement: rpc error: code = Canceled desc = context canceled" app_id=ai-recommendation-service instance=Mac-45.lan scope=dapr.runtime.actors.placement.client type=log ver=1.16.0
time="2025-09-25T09:59:44.45132-05:00" level=info msg="Scheduler stream disconnected" app_id=ai-recommendation-service instance=Mac-45.lan scope=dapr.runtime.scheduler.cluster type=log ver=1.16.0
time="2025-09-25T09:59:44.451697-05:00" level=info msg="orchestration-processor: worker stopped" app_id=ai-recommendation-service instance=Mac-45.lan scope=dapr.wfengine.durabletask.backend type=log ver=1.16.0

termination signal received: shutting down
Exited Dapr successfully
Exited App successfully
time="2025-09-25T09:59:44.451974-05:00" level=info msg="activity-processor: worker stopped" app_id=ai-recommendation-service instance=Mac-45.lan scope=dapr.wfengine.durabletask.backend type=log ver=1.16.0
time="2025-09-25T09:59:44.452294-05:00" level=info msg="finished stopping and draining workers!" app_id=ai-recommendation-service instance=Mac-45.lan scope=dapr.wfengine.durabletask.backend type=log ver=1.16.0
time="2025-09-25T09:59:44.45235-05:00" level=info msg="Workflow engine stopped" app_id=ai-recommendation-service instance=Mac-45.lan scope=dapr.runtime.wfengine type=log ver=1.16.0
time="2025-09-25T09:59:44.452461-05:00" level=info msg="Actor runtime stopped" app_id=ai-recommendation-service instance=Mac-45.lan scope=dapr.runtime.actor type=log ver=1.16.0
