Starting Dapr with id ai-recommendation-service. HTTP Port: 3508. gRPC Port: 50017
Updating metadata for cliPID: 75932
time="2025-09-23T14:20:24.275783-05:00" level=info msg="Starting Dapr Runtime -- version 1.16.0 -- commit b68296042c975d4ede1ed93ec6b0a579c2b6a020" app_id=ai-recommendation-service instance=Cassandras-MacBook-Pro.local scope=dapr.runtime type=log ver=1.16.0
time="2025-09-23T14:20:24.275822-05:00" level=info msg="Log level set to: info" app_id=ai-recommendation-service instance=Cassandras-MacBook-Pro.local scope=dapr.runtime type=log ver=1.16.0
time="2025-09-23T14:20:24.27596-05:00" level=warning msg="mTLS is disabled. Skipping certificate request and tls validation" app_id=ai-recommendation-service instance=Cassandras-MacBook-Pro.local scope=dapr.runtime.security type=log ver=1.16.0
time="2025-09-23T14:20:24.276539-05:00" level=info msg="Enabled features: SchedulerReminders" app_id=ai-recommendation-service instance=Cassandras-MacBook-Pro.local scope=dapr.runtime type=log ver=1.16.0
time="2025-09-23T14:20:24.276593-05:00" level=info msg="metric spec: {\"enabled\":true}" app_id=ai-recommendation-service instance=Cassandras-MacBook-Pro.local scope=dapr.runtime.diagnostics type=log ver=1.16.0
time="2025-09-23T14:20:24.276618-05:00" level=info msg="Using default latency distribution buckets: [1 2 3 4 5 6 8 10 13 16 20 25 30 40 50 65 80 100 130 160 200 250 300 400 500 650 800 1000 2000 5000 10000 20000 50000 100000]" app_id=ai-recommendation-service instance=Cassandras-MacBook-Pro.local scope=dapr.runtime.diagnostics type=log ver=1.16.0
time="2025-09-23T14:20:24.276688-05:00" level=warning msg="The default value for 'spec.metric.http.increasedCardinality' will change to 'false' in Dapr 1.15 or later" app_id=ai-recommendation-service instance=Cassandras-MacBook-Pro.local scope=dapr.runtime.diagnostics type=log ver=1.16.0
time="2025-09-23T14:20:24.277022-05:00" level=info msg="standalone mode configured" app_id=ai-recommendation-service instance=Cassandras-MacBook-Pro.local scope=dapr.runtime type=log ver=1.16.0
time="2025-09-23T14:20:24.277047-05:00" level=info msg="app id: ai-recommendation-service" app_id=ai-recommendation-service instance=Cassandras-MacBook-Pro.local scope=dapr.runtime type=log ver=1.16.0
time="2025-09-23T14:20:24.277176-05:00" level=info msg="Dapr trace sampler initialized: ParentBased{root:AlwaysOnSampler,remoteParentSampled:AlwaysOnSampler,remoteParentNotSampled:AlwaysOffSampler,localParentSampled:AlwaysOnSampler,localParentNotSampled:AlwaysOffSampler}" app_id=ai-recommendation-service instance=Cassandras-MacBook-Pro.local scope=dapr.runtime type=log ver=1.16.0
time="2025-09-23T14:20:24.277187-05:00" level=info msg="metrics server started on 0.0.0.0:54199/" app_id=ai-recommendation-service instance=Cassandras-MacBook-Pro.local scope=dapr.runtime type=log ver=1.16.0
time="2025-09-23T14:20:24.277459-05:00" level=info msg="local service entry announced: ai-recommendation-service -> 172.16.73.126:54200" app_id=ai-recommendation-service component="nr (mdns/v1)" instance=Cassandras-MacBook-Pro.local scope=dapr.contrib type=log ver=1.16.0
time="2025-09-23T14:20:24.277482-05:00" level=info msg="Initialized name resolution to mdns" app_id=ai-recommendation-service instance=Cassandras-MacBook-Pro.local scope=dapr.runtime type=log ver=1.16.0
time="2025-09-23T14:20:24.277553-05:00" level=info msg="Loading components…" app_id=ai-recommendation-service instance=Cassandras-MacBook-Pro.local scope=dapr.runtime type=log ver=1.16.0
time="2025-09-23T14:20:24.277828-05:00" level=info msg="Waiting for all outstanding components to be processed…" app_id=ai-recommendation-service instance=Cassandras-MacBook-Pro.local scope=dapr.runtime type=log ver=1.16.0
time="2025-09-23T14:20:24.281452-05:00" level=info msg="Connected and received scheduler hosts addresses: [localhost:50006]" app_id=ai-recommendation-service instance=Cassandras-MacBook-Pro.local scope=dapr.runtime.scheduler.watchhosts type=log ver=1.16.0
time="2025-09-23T14:20:24.281536-05:00" level=info msg="Scheduler client initialized for address: localhost:50006" app_id=ai-recommendation-service instance=Cassandras-MacBook-Pro.local scope=dapr.runtime.scheduler.clients type=log ver=1.16.0
time="2025-09-23T14:20:24.281555-05:00" level=info msg="Scheduler clients initialized" app_id=ai-recommendation-service instance=Cassandras-MacBook-Pro.local scope=dapr.runtime.scheduler.clients type=log ver=1.16.0
time="2025-09-23T14:20:24.28703-05:00" level=info msg="Using 'statestore' as actor state store" app_id=ai-recommendation-service instance=Cassandras-MacBook-Pro.local scope=dapr.runtime.processor.state type=log ver=1.16.0
time="2025-09-23T14:20:24.287059-05:00" level=info msg="Component loaded: statestore (state.redis/v1)" app_id=ai-recommendation-service instance=Cassandras-MacBook-Pro.local scope=dapr.runtime.processor type=log ver=1.16.0
time="2025-09-23T14:20:24.287071-05:00" level=info msg="All outstanding components processed" app_id=ai-recommendation-service instance=Cassandras-MacBook-Pro.local scope=dapr.runtime type=log ver=1.16.0
time="2025-09-23T14:20:24.287079-05:00" level=info msg="Loading endpoints…" app_id=ai-recommendation-service instance=Cassandras-MacBook-Pro.local scope=dapr.runtime type=log ver=1.16.0
time="2025-09-23T14:20:24.2872-05:00" level=info msg="Waiting for all outstanding http endpoints to be processed…" app_id=ai-recommendation-service instance=Cassandras-MacBook-Pro.local scope=dapr.runtime type=log ver=1.16.0
time="2025-09-23T14:20:24.287213-05:00" level=info msg="All outstanding http endpoints processed" app_id=ai-recommendation-service instance=Cassandras-MacBook-Pro.local scope=dapr.runtime type=log ver=1.16.0
time="2025-09-23T14:20:24.28722-05:00" level=info msg="Loading Declarative Subscriptions…" app_id=ai-recommendation-service instance=Cassandras-MacBook-Pro.local scope=dapr.runtime type=log ver=1.16.0
time="2025-09-23T14:20:24.287396-05:00" level=info msg="gRPC server listening on TCP address: :50017" app_id=ai-recommendation-service instance=Cassandras-MacBook-Pro.local scope=dapr.runtime.grpc.api type=log ver=1.16.0
time="2025-09-23T14:20:24.287405-05:00" level=info msg="Enabled gRPC tracing middleware" app_id=ai-recommendation-service instance=Cassandras-MacBook-Pro.local scope=dapr.runtime.grpc.api type=log ver=1.16.0
time="2025-09-23T14:20:24.28741-05:00" level=info msg="Enabled gRPC metrics middleware" app_id=ai-recommendation-service instance=Cassandras-MacBook-Pro.local scope=dapr.runtime.grpc.api type=log ver=1.16.0
time="2025-09-23T14:20:24.287441-05:00" level=info msg="Registering workflow engine for gRPC endpoint: [::]:50017" app_id=ai-recommendation-service instance=Cassandras-MacBook-Pro.local scope=dapr.runtime.grpc.api type=log ver=1.16.0
time="2025-09-23T14:20:24.287457-05:00" level=info msg="API gRPC server is running on port 50017" app_id=ai-recommendation-service instance=Cassandras-MacBook-Pro.local scope=dapr.runtime type=log ver=1.16.0
time="2025-09-23T14:20:24.287471-05:00" level=warning msg="The default value for 'spec.metric.http.increasedCardinality' will change to 'false' in Dapr 1.15 or later" app_id=ai-recommendation-service instance=Cassandras-MacBook-Pro.local scope=dapr.runtime.http type=log ver=1.16.0
time="2025-09-23T14:20:24.287503-05:00" level=info msg="Enabled max body size HTTP middleware with size 4194304 bytes" app_id=ai-recommendation-service instance=Cassandras-MacBook-Pro.local scope=dapr.runtime.http type=log ver=1.16.0
time="2025-09-23T14:20:24.287508-05:00" level=info msg="Enabled tracing HTTP middleware" app_id=ai-recommendation-service instance=Cassandras-MacBook-Pro.local scope=dapr.runtime.http type=log ver=1.16.0
time="2025-09-23T14:20:24.287513-05:00" level=info msg="Enabled metrics HTTP middleware" app_id=ai-recommendation-service instance=Cassandras-MacBook-Pro.local scope=dapr.runtime.http type=log ver=1.16.0
time="2025-09-23T14:20:24.287677-05:00" level=info msg="HTTP server listening on TCP address: :3508" app_id=ai-recommendation-service instance=Cassandras-MacBook-Pro.local scope=dapr.runtime.http type=log ver=1.16.0
time="2025-09-23T14:20:24.287689-05:00" level=info msg="HTTP server is running on port 3508" app_id=ai-recommendation-service instance=Cassandras-MacBook-Pro.local scope=dapr.runtime type=log ver=1.16.0
time="2025-09-23T14:20:24.2877-05:00" level=info msg="The request body size parameter is: 4194304 bytes" app_id=ai-recommendation-service instance=Cassandras-MacBook-Pro.local scope=dapr.runtime type=log ver=1.16.0
time="2025-09-23T14:20:24.287722-05:00" level=info msg="gRPC server listening on TCP address: :54200" app_id=ai-recommendation-service instance=Cassandras-MacBook-Pro.local scope=dapr.runtime.grpc.internal type=log ver=1.16.0
time="2025-09-23T14:20:24.287728-05:00" level=info msg="Enabled gRPC tracing middleware" app_id=ai-recommendation-service instance=Cassandras-MacBook-Pro.local scope=dapr.runtime.grpc.internal type=log ver=1.16.0
time="2025-09-23T14:20:24.287732-05:00" level=info msg="Enabled gRPC metrics middleware" app_id=ai-recommendation-service instance=Cassandras-MacBook-Pro.local scope=dapr.runtime.grpc.internal type=log ver=1.16.0
time="2025-09-23T14:20:24.287746-05:00" level=info msg="Internal gRPC server is running on :54200" app_id=ai-recommendation-service instance=Cassandras-MacBook-Pro.local scope=dapr.runtime type=log ver=1.16.0
time="2025-09-23T14:20:24.287799-05:00" level=info msg="Using Scheduler service for reminders." app_id=ai-recommendation-service instance=Cassandras-MacBook-Pro.local scope=dapr.runtime.actor.reminders.scheduler type=log ver=1.16.0
time="2025-09-23T14:20:24.287814-05:00" level=info msg="application protocol: http. waiting on port 50004.  This will block until the app is listening on that port." app_id=ai-recommendation-service instance=Cassandras-MacBook-Pro.local scope=dapr.runtime type=log ver=1.16.0
time="2025-09-23T14:20:24.287829-05:00" level=info msg="Actor runtime started" app_id=ai-recommendation-service instance=Cassandras-MacBook-Pro.local scope=dapr.runtime.actor type=log ver=1.16.0
time="2025-09-23T14:20:24.287843-05:00" level=info msg="worker started with backend dapr.actors/v1" app_id=ai-recommendation-service instance=Cassandras-MacBook-Pro.local scope=dapr.wfengine.durabletask.backend type=log ver=1.16.0
time="2025-09-23T14:20:24.28785-05:00" level=warning msg="Graceful shutdown timeout is infinite, will wait indefinitely to shutdown" app_id=ai-recommendation-service instance=Cassandras-MacBook-Pro.local scope=dapr.runtime.actor type=log ver=1.16.0
time="2025-09-23T14:20:24.287866-05:00" level=info msg="Workflow engine started" app_id=ai-recommendation-service instance=Cassandras-MacBook-Pro.local scope=dapr.runtime.wfengine type=log ver=1.16.0
Updating metadata for app command: java -jar target/ai-recommendation-service-1.0.0.jar
Updating metadata for appPID: 76014
You're up and running! Dapr logs will appear here.

time="2025-09-23T14:20:30.66448-05:00" level=info msg="Received signal 'interrupt'; beginning shutdown" app_id=ai-recommendation-service instance=Cassandras-MacBook-Pro.local scope=dapr.signals type=log ver=1.16.0
time="2025-09-23T14:20:30.664632-05:00" level=info msg="backend stopping..." app_id=ai-recommendation-service instance=Cassandras-MacBook-Pro.local scope=dapr.wfengine.durabletask.backend type=log ver=1.16.0
time="2025-09-23T14:20:30.664659-05:00" level=info msg="workers stopping and draining..." app_id=ai-recommendation-service instance=Cassandras-MacBook-Pro.local scope=dapr.wfengine.durabletask.backend type=log ver=1.16.0
time="2025-09-23T14:20:30.664891-05:00" level=info msg="activity-processor: worker stopped" app_id=ai-recommendation-service instance=Cassandras-MacBook-Pro.local scope=dapr.wfengine.durabletask.backend type=log ver=1.16.0
time="2025-09-23T14:20:30.664932-05:00" level=info msg="Actor runtime shutting down" app_id=ai-recommendation-service instance=Cassandras-MacBook-Pro.local scope=dapr.runtime.actor type=log ver=1.16.0
time="2025-09-23T14:20:30.66526-05:00" level=info msg="Actor runtime stopped" app_id=ai-recommendation-service instance=Cassandras-MacBook-Pro.local scope=dapr.runtime.actor type=log ver=1.16.0
time="2025-09-23T14:20:30.666744-05:00" level=info msg="orchestration-processor: worker stopped" app_id=ai-recommendation-service instance=Cassandras-MacBook-Pro.local scope=dapr.wfengine.durabletask.backend type=log ver=1.16.0
time="2025-09-23T14:20:30.666795-05:00" level=info msg="finished stopping and draining workers!" app_id=ai-recommendation-service instance=Cassandras-MacBook-Pro.local scope=dapr.wfengine.durabletask.backend type=log ver=1.16.0
time="2025-09-23T14:20:30.666818-05:00" level=info msg="Workflow engine stopped" app_id=ai-recommendation-service instance=Cassandras-MacBook-Pro.local scope=dapr.runtime.wfengine type=log ver=1.16.0

termination signal received: shutting down
Exited Dapr successfully
