Starting Dapr with id payment-service. HTTP Port: 3506. gRPC Port: 50015
Updating metadata for cliPID: 32043
time="2025-09-24T11:30:45.191235-05:00" level=info msg="Starting Dapr Runtime -- version 1.16.0 -- commit b68296042c975d4ede1ed93ec6b0a579c2b6a020" app_id=payment-service instance=Cassandras-MacBook-Pro.local scope=dapr.runtime type=log ver=1.16.0
time="2025-09-24T11:30:45.191285-05:00" level=info msg="Log level set to: info" app_id=payment-service instance=Cassandras-MacBook-Pro.local scope=dapr.runtime type=log ver=1.16.0
time="2025-09-24T11:30:45.191407-05:00" level=warning msg="mTLS is disabled. Skipping certificate request and tls validation" app_id=payment-service instance=Cassandras-MacBook-Pro.local scope=dapr.runtime.security type=log ver=1.16.0
time="2025-09-24T11:30:45.191764-05:00" level=info msg="Enabled features: SchedulerReminders" app_id=payment-service instance=Cassandras-MacBook-Pro.local scope=dapr.runtime type=log ver=1.16.0
time="2025-09-24T11:30:45.19183-05:00" level=info msg="metric spec: {\"enabled\":true}" app_id=payment-service instance=Cassandras-MacBook-Pro.local scope=dapr.runtime.diagnostics type=log ver=1.16.0
time="2025-09-24T11:30:45.191855-05:00" level=info msg="Using default latency distribution buckets: [1 2 3 4 5 6 8 10 13 16 20 25 30 40 50 65 80 100 130 160 200 250 300 400 500 650 800 1000 2000 5000 10000 20000 50000 100000]" app_id=payment-service instance=Cassandras-MacBook-Pro.local scope=dapr.runtime.diagnostics type=log ver=1.16.0
time="2025-09-24T11:30:45.191933-05:00" level=warning msg="The default value for 'spec.metric.http.increasedCardinality' will change to 'false' in Dapr 1.15 or later" app_id=payment-service instance=Cassandras-MacBook-Pro.local scope=dapr.runtime.diagnostics type=log ver=1.16.0
time="2025-09-24T11:30:45.192277-05:00" level=info msg="standalone mode configured" app_id=payment-service instance=Cassandras-MacBook-Pro.local scope=dapr.runtime type=log ver=1.16.0
time="2025-09-24T11:30:45.192319-05:00" level=info msg="app id: payment-service" app_id=payment-service instance=Cassandras-MacBook-Pro.local scope=dapr.runtime type=log ver=1.16.0
time="2025-09-24T11:30:45.192416-05:00" level=info msg="metrics server started on 0.0.0.0:52825/" app_id=payment-service instance=Cassandras-MacBook-Pro.local scope=dapr.runtime type=log ver=1.16.0
time="2025-09-24T11:30:45.192468-05:00" level=info msg="Dapr trace sampler initialized: ParentBased{root:AlwaysOnSampler,remoteParentSampled:AlwaysOnSampler,remoteParentNotSampled:AlwaysOffSampler,localParentSampled:AlwaysOnSampler,localParentNotSampled:AlwaysOffSampler}" app_id=payment-service instance=Cassandras-MacBook-Pro.local scope=dapr.runtime type=log ver=1.16.0
time="2025-09-24T11:30:45.192759-05:00" level=info msg="local service entry announced: payment-service -> 192.168.1.125:52826" app_id=payment-service component="nr (mdns/v1)" instance=Cassandras-MacBook-Pro.local scope=dapr.contrib type=log ver=1.16.0
time="2025-09-24T11:30:45.192779-05:00" level=info msg="Initialized name resolution to mdns" app_id=payment-service instance=Cassandras-MacBook-Pro.local scope=dapr.runtime type=log ver=1.16.0
time="2025-09-24T11:30:45.192844-05:00" level=info msg="Loading components…" app_id=payment-service instance=Cassandras-MacBook-Pro.local scope=dapr.runtime type=log ver=1.16.0
time="2025-09-24T11:30:45.193163-05:00" level=info msg="Waiting for all outstanding components to be processed…" app_id=payment-service instance=Cassandras-MacBook-Pro.local scope=dapr.runtime type=log ver=1.16.0
time="2025-09-24T11:30:45.19662-05:00" level=info msg="Connected and received scheduler hosts addresses: [localhost:50006]" app_id=payment-service instance=Cassandras-MacBook-Pro.local scope=dapr.runtime.scheduler.watchhosts type=log ver=1.16.0
time="2025-09-24T11:30:45.196747-05:00" level=info msg="Scheduler client initialized for address: localhost:50006" app_id=payment-service instance=Cassandras-MacBook-Pro.local scope=dapr.runtime.scheduler.clients type=log ver=1.16.0
time="2025-09-24T11:30:45.196761-05:00" level=info msg="Scheduler clients initialized" app_id=payment-service instance=Cassandras-MacBook-Pro.local scope=dapr.runtime.scheduler.clients type=log ver=1.16.0
time="2025-09-24T11:30:45.198604-05:00" level=info msg="Using 'statestore' as actor state store" app_id=payment-service instance=Cassandras-MacBook-Pro.local scope=dapr.runtime.processor.state type=log ver=1.16.0
time="2025-09-24T11:30:45.198634-05:00" level=info msg="Component loaded: statestore (state.redis/v1)" app_id=payment-service instance=Cassandras-MacBook-Pro.local scope=dapr.runtime.processor type=log ver=1.16.0
time="2025-09-24T11:30:45.198647-05:00" level=info msg="All outstanding components processed" app_id=payment-service instance=Cassandras-MacBook-Pro.local scope=dapr.runtime type=log ver=1.16.0
time="2025-09-24T11:30:45.198654-05:00" level=info msg="Loading endpoints…" app_id=payment-service instance=Cassandras-MacBook-Pro.local scope=dapr.runtime type=log ver=1.16.0
time="2025-09-24T11:30:45.198805-05:00" level=info msg="Waiting for all outstanding http endpoints to be processed…" app_id=payment-service instance=Cassandras-MacBook-Pro.local scope=dapr.runtime type=log ver=1.16.0
time="2025-09-24T11:30:45.198814-05:00" level=info msg="All outstanding http endpoints processed" app_id=payment-service instance=Cassandras-MacBook-Pro.local scope=dapr.runtime type=log ver=1.16.0
time="2025-09-24T11:30:45.19882-05:00" level=info msg="Loading Declarative Subscriptions…" app_id=payment-service instance=Cassandras-MacBook-Pro.local scope=dapr.runtime type=log ver=1.16.0
time="2025-09-24T11:30:45.199025-05:00" level=info msg="gRPC server listening on TCP address: :50015" app_id=payment-service instance=Cassandras-MacBook-Pro.local scope=dapr.runtime.grpc.api type=log ver=1.16.0
time="2025-09-24T11:30:45.199036-05:00" level=info msg="Enabled gRPC tracing middleware" app_id=payment-service instance=Cassandras-MacBook-Pro.local scope=dapr.runtime.grpc.api type=log ver=1.16.0
time="2025-09-24T11:30:45.19904-05:00" level=info msg="Enabled gRPC metrics middleware" app_id=payment-service instance=Cassandras-MacBook-Pro.local scope=dapr.runtime.grpc.api type=log ver=1.16.0
time="2025-09-24T11:30:45.199075-05:00" level=info msg="Registering workflow engine for gRPC endpoint: [::]:50015" app_id=payment-service instance=Cassandras-MacBook-Pro.local scope=dapr.runtime.grpc.api type=log ver=1.16.0
time="2025-09-24T11:30:45.199091-05:00" level=info msg="API gRPC server is running on port 50015" app_id=payment-service instance=Cassandras-MacBook-Pro.local scope=dapr.runtime type=log ver=1.16.0
time="2025-09-24T11:30:45.199106-05:00" level=warning msg="The default value for 'spec.metric.http.increasedCardinality' will change to 'false' in Dapr 1.15 or later" app_id=payment-service instance=Cassandras-MacBook-Pro.local scope=dapr.runtime.http type=log ver=1.16.0
time="2025-09-24T11:30:45.199133-05:00" level=info msg="Enabled max body size HTTP middleware with size 4194304 bytes" app_id=payment-service instance=Cassandras-MacBook-Pro.local scope=dapr.runtime.http type=log ver=1.16.0
time="2025-09-24T11:30:45.199142-05:00" level=info msg="Enabled tracing HTTP middleware" app_id=payment-service instance=Cassandras-MacBook-Pro.local scope=dapr.runtime.http type=log ver=1.16.0
time="2025-09-24T11:30:45.199146-05:00" level=info msg="Enabled metrics HTTP middleware" app_id=payment-service instance=Cassandras-MacBook-Pro.local scope=dapr.runtime.http type=log ver=1.16.0
time="2025-09-24T11:30:45.199314-05:00" level=info msg="HTTP server listening on TCP address: :3506" app_id=payment-service instance=Cassandras-MacBook-Pro.local scope=dapr.runtime.http type=log ver=1.16.0
time="2025-09-24T11:30:45.199328-05:00" level=info msg="HTTP server is running on port 3506" app_id=payment-service instance=Cassandras-MacBook-Pro.local scope=dapr.runtime type=log ver=1.16.0
time="2025-09-24T11:30:45.199333-05:00" level=info msg="The request body size parameter is: 4194304 bytes" app_id=payment-service instance=Cassandras-MacBook-Pro.local scope=dapr.runtime type=log ver=1.16.0
time="2025-09-24T11:30:45.199354-05:00" level=info msg="gRPC server listening on TCP address: :52826" app_id=payment-service instance=Cassandras-MacBook-Pro.local scope=dapr.runtime.grpc.internal type=log ver=1.16.0
time="2025-09-24T11:30:45.199369-05:00" level=info msg="Enabled gRPC tracing middleware" app_id=payment-service instance=Cassandras-MacBook-Pro.local scope=dapr.runtime.grpc.internal type=log ver=1.16.0
time="2025-09-24T11:30:45.199372-05:00" level=info msg="Enabled gRPC metrics middleware" app_id=payment-service instance=Cassandras-MacBook-Pro.local scope=dapr.runtime.grpc.internal type=log ver=1.16.0
time="2025-09-24T11:30:45.199389-05:00" level=info msg="Internal gRPC server is running on :52826" app_id=payment-service instance=Cassandras-MacBook-Pro.local scope=dapr.runtime type=log ver=1.16.0
time="2025-09-24T11:30:45.199446-05:00" level=info msg="Using Scheduler service for reminders." app_id=payment-service instance=Cassandras-MacBook-Pro.local scope=dapr.runtime.actor.reminders.scheduler type=log ver=1.16.0
time="2025-09-24T11:30:45.199463-05:00" level=info msg="application protocol: http. waiting on port 50002.  This will block until the app is listening on that port." app_id=payment-service instance=Cassandras-MacBook-Pro.local scope=dapr.runtime type=log ver=1.16.0
time="2025-09-24T11:30:45.199476-05:00" level=info msg="Actor runtime started" app_id=payment-service instance=Cassandras-MacBook-Pro.local scope=dapr.runtime.actor type=log ver=1.16.0
time="2025-09-24T11:30:45.199485-05:00" level=info msg="worker started with backend dapr.actors/v1" app_id=payment-service instance=Cassandras-MacBook-Pro.local scope=dapr.wfengine.durabletask.backend type=log ver=1.16.0
time="2025-09-24T11:30:45.199491-05:00" level=warning msg="Graceful shutdown timeout is infinite, will wait indefinitely to shutdown" app_id=payment-service instance=Cassandras-MacBook-Pro.local scope=dapr.runtime.actor type=log ver=1.16.0
time="2025-09-24T11:30:45.19951-05:00" level=info msg="Workflow engine started" app_id=payment-service instance=Cassandras-MacBook-Pro.local scope=dapr.runtime.wfengine type=log ver=1.16.0
time="2025-09-24T11:30:45.401799-05:00" level=info msg="application discovered on port 50002" app_id=payment-service instance=Cassandras-MacBook-Pro.local scope=dapr.runtime type=log ver=1.16.0
time="2025-09-24T11:30:45.410742-05:00" level=info msg="Application configuration loaded" app_id=payment-service instance=Cassandras-MacBook-Pro.local scope=dapr.runtime type=log ver=1.16.0
time="2025-09-24T11:30:45.410785-05:00" level=info msg="Registering hosted actors: []" app_id=payment-service instance=Cassandras-MacBook-Pro.local scope=dapr.runtime.actor type=log ver=1.16.0
time="2025-09-24T11:30:45.410809-05:00" level=info msg="dapr initialized. Status: Running. Init Elapsed 218ms" app_id=payment-service instance=Cassandras-MacBook-Pro.local scope=dapr.runtime type=log ver=1.16.0
time="2025-09-24T11:30:45.410859-05:00" level=info msg="Reporting actor types: []" app_id=payment-service instance=Cassandras-MacBook-Pro.local scope=dapr.runtime.actors.placement type=log ver=1.16.0
time="2025-09-24T11:30:45.410982-05:00" level=info msg="Connected to placement localhost:50005" app_id=payment-service instance=Cassandras-MacBook-Pro.local scope=dapr.runtime.actors.placement.client.connector.static type=log ver=1.16.0
time="2025-09-24T11:30:45.41101-05:00" level=info msg="Scheduler stream connected for [JOB_TARGET_TYPE_JOB]" app_id=payment-service instance=Cassandras-MacBook-Pro.local scope=dapr.runtime.scheduler.cluster type=log ver=1.16.0
time="2025-09-24T11:30:45.411015-05:00" level=info msg="Scheduler stream connected for [JOB_TARGET_TYPE_JOB]" app_id=payment-service instance=Cassandras-MacBook-Pro.local scope=dapr.runtime.scheduler.cluster type=log ver=1.16.0
time="2025-09-24T11:30:45.411016-05:00" level=info msg="Scheduler stream connected for [JOB_TARGET_TYPE_JOB]" app_id=payment-service instance=Cassandras-MacBook-Pro.local scope=dapr.runtime.scheduler.cluster type=log ver=1.16.0
time="2025-09-24T11:30:45.413076-05:00" level=info msg="Connected to placement localhost:50005" app_id=payment-service instance=Cassandras-MacBook-Pro.local scope=dapr.runtime.actors.placement.client type=log ver=1.16.0
time="2025-09-24T11:30:45.41601-05:00" level=info msg="Placement tables updated, version: 57" app_id=payment-service instance=Cassandras-MacBook-Pro.local scope=dapr.runtime.actors.placement type=log ver=1.16.0
time="2025-09-24T11:30:45.416042-05:00" level=info msg="Running actor reminder migration from state store to scheduler" app_id=payment-service instance=Cassandras-MacBook-Pro.local scope=dapr.runtime.actors.reminders.migration type=log ver=1.16.0
time="2025-09-24T11:30:45.416053-05:00" level=info msg="Skipping migration, no missing scheduler reminders found" app_id=payment-service instance=Cassandras-MacBook-Pro.local scope=dapr.runtime.actors.reminders.migration type=log ver=1.16.0
time="2025-09-24T11:30:45.416059-05:00" level=info msg="Found 0 missing scheduler reminders from state store" app_id=payment-service instance=Cassandras-MacBook-Pro.local scope=dapr.runtime.actors.reminders.migration type=log ver=1.16.0
time="2025-09-24T11:30:45.416064-05:00" level=info msg="Migrated 0 reminders from state store to scheduler successfully" app_id=payment-service instance=Cassandras-MacBook-Pro.local scope=dapr.runtime.actors.reminders.migration type=log ver=1.16.0
time="2025-09-24T11:30:45.741503-05:00" level=info msg="work item stream established by user-agent: [dapr-sdk-java/v1.16.0 grpc-java-netty/1.69.0]" app_id=payment-service instance=Cassandras-MacBook-Pro.local scope=dapr.runtime.wfengine type=log ver=1.16.0
time="2025-09-24T11:30:45.74157-05:00" level=info msg="Updating actor types: [dapr.internal.default.payment-service.activity dapr.internal.default.payment-service.workflow]" app_id=payment-service instance=Cassandras-MacBook-Pro.local scope=dapr.runtime.actors.placement type=log ver=1.16.0
time="2025-09-24T11:30:45.741807-05:00" level=info msg="Scheduler stream disconnected" app_id=payment-service instance=Cassandras-MacBook-Pro.local scope=dapr.runtime.scheduler.cluster type=log ver=1.16.0
time="2025-09-24T11:30:45.741812-05:00" level=info msg="Scheduler stream disconnected" app_id=payment-service instance=Cassandras-MacBook-Pro.local scope=dapr.runtime.scheduler.cluster type=log ver=1.16.0
time="2025-09-24T11:30:45.741821-05:00" level=info msg="Scheduler stream disconnected" app_id=payment-service instance=Cassandras-MacBook-Pro.local scope=dapr.runtime.scheduler.cluster type=log ver=1.16.0
time="2025-09-24T11:30:45.741898-05:00" level=info msg="Scheduler stream connected for [JOB_TARGET_TYPE_JOB]" app_id=payment-service instance=Cassandras-MacBook-Pro.local scope=dapr.runtime.scheduler.cluster type=log ver=1.16.0
time="2025-09-24T11:30:45.741898-05:00" level=info msg="Scheduler stream connected for [JOB_TARGET_TYPE_JOB]" app_id=payment-service instance=Cassandras-MacBook-Pro.local scope=dapr.runtime.scheduler.cluster type=log ver=1.16.0
time="2025-09-24T11:30:45.741927-05:00" level=info msg="Scheduler stream connected for [JOB_TARGET_TYPE_JOB]" app_id=payment-service instance=Cassandras-MacBook-Pro.local scope=dapr.runtime.scheduler.cluster type=log ver=1.16.0
Updating metadata for app command: java -jar target/payment-service-1.0.0.jar
Updating metadata for appPID: 32109
You're up and running! Dapr logs will appear here.

time="2025-09-24T11:30:49.612074-05:00" level=info msg="Placement tables updated, version: 60" app_id=payment-service instance=Cassandras-MacBook-Pro.local scope=dapr.runtime.actors.placement type=log ver=1.16.0
time="2025-09-24T11:30:49.612129-05:00" level=info msg="Running actor reminder migration from state store to scheduler" app_id=payment-service instance=Cassandras-MacBook-Pro.local scope=dapr.runtime.actors.reminders.migration type=log ver=1.16.0
time="2025-09-24T11:30:49.612187-05:00" level=info msg="Scheduler stream disconnected" app_id=payment-service instance=Cassandras-MacBook-Pro.local scope=dapr.runtime.scheduler.cluster type=log ver=1.16.0
time="2025-09-24T11:30:49.61219-05:00" level=info msg="Scheduler stream disconnected" app_id=payment-service instance=Cassandras-MacBook-Pro.local scope=dapr.runtime.scheduler.cluster type=log ver=1.16.0
time="2025-09-24T11:30:49.612194-05:00" level=info msg="Scheduler stream disconnected" app_id=payment-service instance=Cassandras-MacBook-Pro.local scope=dapr.runtime.scheduler.cluster type=log ver=1.16.0
time="2025-09-24T11:30:49.612338-05:00" level=info msg="Scheduler stream connected for [JOB_TARGET_TYPE_JOB JOB_TARGET_TYPE_ACTOR_REMINDER]" app_id=payment-service instance=Cassandras-MacBook-Pro.local scope=dapr.runtime.scheduler.cluster type=log ver=1.16.0
time="2025-09-24T11:30:49.612383-05:00" level=info msg="Scheduler stream connected for [JOB_TARGET_TYPE_JOB JOB_TARGET_TYPE_ACTOR_REMINDER]" app_id=payment-service instance=Cassandras-MacBook-Pro.local scope=dapr.runtime.scheduler.cluster type=log ver=1.16.0
time="2025-09-24T11:30:49.612384-05:00" level=info msg="Scheduler stream connected for [JOB_TARGET_TYPE_JOB JOB_TARGET_TYPE_ACTOR_REMINDER]" app_id=payment-service instance=Cassandras-MacBook-Pro.local scope=dapr.runtime.scheduler.cluster type=log ver=1.16.0
time="2025-09-24T11:30:49.623219-05:00" level=info msg="Skipping migration, no missing scheduler reminders found" app_id=payment-service instance=Cassandras-MacBook-Pro.local scope=dapr.runtime.actors.reminders.migration type=log ver=1.16.0
time="2025-09-24T11:30:49.623242-05:00" level=info msg="Found 0 missing scheduler reminders from state store" app_id=payment-service instance=Cassandras-MacBook-Pro.local scope=dapr.runtime.actors.reminders.migration type=log ver=1.16.0
time="2025-09-24T11:30:49.623254-05:00" level=info msg="Migrated 0 reminders from state store to scheduler successfully" app_id=payment-service instance=Cassandras-MacBook-Pro.local scope=dapr.runtime.actors.reminders.migration type=log ver=1.16.0
time="2025-09-24T11:42:32.223986-05:00" level=info msg="Received signal 'interrupt'; beginning shutdown" app_id=payment-service instance=Cassandras-MacBook-Pro.local scope=dapr.signals type=log ver=1.16.0
time="2025-09-24T11:42:32.225118-05:00" level=info msg="backend stopping..." app_id=payment-service instance=Cassandras-MacBook-Pro.local scope=dapr.wfengine.durabletask.backend type=log ver=1.16.0
time="2025-09-24T11:42:32.225175-05:00" level=info msg="workers stopping and draining..." app_id=payment-service instance=Cassandras-MacBook-Pro.local scope=dapr.wfengine.durabletask.backend type=log ver=1.16.0

termination signal received: shutting down
time="2025-09-24T11:42:32.225341-05:00" level=info msg="orchestration-processor: worker stopped" app_id=payment-service instance=Cassandras-MacBook-Pro.local scope=dapr.wfengine.durabletask.backend type=log ver=1.16.0
time="2025-09-24T11:42:32.225415-05:00" level=info msg="activity-processor: worker stopped" app_id=payment-service instance=Cassandras-MacBook-Pro.local scope=dapr.wfengine.durabletask.backend type=log ver=1.16.0
time="2025-09-24T11:42:32.225442-05:00" level=info msg="finished stopping and draining workers!" app_id=payment-service instance=Cassandras-MacBook-Pro.local scope=dapr.wfengine.durabletask.backend type=log ver=1.16.0
time="2025-09-24T11:42:32.22547-05:00" level=info msg="Workflow engine stopped" app_id=payment-service instance=Cassandras-MacBook-Pro.local scope=dapr.runtime.wfengine type=log ver=1.16.0
Exited Dapr successfully
time="2025-09-24T11:42:32.225487-05:00" level=info msg="Actor runtime shutting down" app_id=payment-service instance=Cassandras-MacBook-Pro.local scope=dapr.runtime.actor type=log ver=1.16.0
Exited App successfully
time="2025-09-24T11:42:32.225835-05:00" level=info msg="Scheduler stream disconnected" app_id=payment-service instance=Cassandras-MacBook-Pro.local scope=dapr.runtime.scheduler.cluster type=log ver=1.16.0
time="2025-09-24T11:42:32.225884-05:00" level=info msg="Scheduler stream disconnected" app_id=payment-service instance=Cassandras-MacBook-Pro.local scope=dapr.runtime.scheduler.cluster type=log ver=1.16.0
time="2025-09-24T11:42:32.22595-05:00" level=info msg="Scheduler stream disconnected" app_id=payment-service instance=Cassandras-MacBook-Pro.local scope=dapr.runtime.scheduler.cluster type=log ver=1.16.0
