Starting Dapr with id payment-service. HTTP Port: 3506. gRPC Port: 50015
Updating metadata for cliPID: 54929
time="2025-09-25T09:58:34.334717-05:00" level=info msg="Starting Dapr Runtime -- version 1.16.0 -- commit b68296042c975d4ede1ed93ec6b0a579c2b6a020" app_id=payment-service instance=Mac-45.lan scope=dapr.runtime type=log ver=1.16.0
time="2025-09-25T09:58:34.334751-05:00" level=info msg="Log level set to: info" app_id=payment-service instance=Mac-45.lan scope=dapr.runtime type=log ver=1.16.0
time="2025-09-25T09:58:34.334831-05:00" level=warning msg="mTLS is disabled. Skipping certificate request and tls validation" app_id=payment-service instance=Mac-45.lan scope=dapr.runtime.security type=log ver=1.16.0
time="2025-09-25T09:58:34.335159-05:00" level=info msg="Enabled features: SchedulerReminders" app_id=payment-service instance=Mac-45.lan scope=dapr.runtime type=log ver=1.16.0
time="2025-09-25T09:58:34.335201-05:00" level=info msg="metric spec: {\"enabled\":true}" app_id=payment-service instance=Mac-45.lan scope=dapr.runtime.diagnostics type=log ver=1.16.0
time="2025-09-25T09:58:34.335221-05:00" level=info msg="Using default latency distribution buckets: [1 2 3 4 5 6 8 10 13 16 20 25 30 40 50 65 80 100 130 160 200 250 300 400 500 650 800 1000 2000 5000 10000 20000 50000 100000]" app_id=payment-service instance=Mac-45.lan scope=dapr.runtime.diagnostics type=log ver=1.16.0
time="2025-09-25T09:58:34.335296-05:00" level=warning msg="The default value for 'spec.metric.http.increasedCardinality' will change to 'false' in Dapr 1.15 or later" app_id=payment-service instance=Mac-45.lan scope=dapr.runtime.diagnostics type=log ver=1.16.0
time="2025-09-25T09:58:34.335637-05:00" level=info msg="standalone mode configured" app_id=payment-service instance=Mac-45.lan scope=dapr.runtime type=log ver=1.16.0
time="2025-09-25T09:58:34.33568-05:00" level=info msg="app id: payment-service" app_id=payment-service instance=Mac-45.lan scope=dapr.runtime type=log ver=1.16.0
time="2025-09-25T09:58:34.335736-05:00" level=info msg="metrics server started on 0.0.0.0:63713/" app_id=payment-service instance=Mac-45.lan scope=dapr.runtime type=log ver=1.16.0
time="2025-09-25T09:58:34.335829-05:00" level=info msg="Dapr trace sampler initialized: ParentBased{root:AlwaysOnSampler,remoteParentSampled:AlwaysOnSampler,remoteParentNotSampled:AlwaysOffSampler,localParentSampled:AlwaysOnSampler,localParentNotSampled:AlwaysOffSampler}" app_id=payment-service instance=Mac-45.lan scope=dapr.runtime type=log ver=1.16.0
time="2025-09-25T09:58:34.336154-05:00" level=info msg="local service entry announced: payment-service -> 192.168.1.82:63714" app_id=payment-service component="nr (mdns/v1)" instance=Mac-45.lan scope=dapr.contrib type=log ver=1.16.0
time="2025-09-25T09:58:34.336168-05:00" level=info msg="Initialized name resolution to mdns" app_id=payment-service instance=Mac-45.lan scope=dapr.runtime type=log ver=1.16.0
time="2025-09-25T09:58:34.336247-05:00" level=info msg="Loading components…" app_id=payment-service instance=Mac-45.lan scope=dapr.runtime type=log ver=1.16.0
time="2025-09-25T09:58:34.336535-05:00" level=info msg="Waiting for all outstanding components to be processed…" app_id=payment-service instance=Mac-45.lan scope=dapr.runtime type=log ver=1.16.0
time="2025-09-25T09:58:34.338229-05:00" level=info msg="Connected and received scheduler hosts addresses: [localhost:50006]" app_id=payment-service instance=Mac-45.lan scope=dapr.runtime.scheduler.watchhosts type=log ver=1.16.0
time="2025-09-25T09:58:34.338333-05:00" level=info msg="Scheduler client initialized for address: localhost:50006" app_id=payment-service instance=Mac-45.lan scope=dapr.runtime.scheduler.clients type=log ver=1.16.0
time="2025-09-25T09:58:34.338344-05:00" level=info msg="Scheduler clients initialized" app_id=payment-service instance=Mac-45.lan scope=dapr.runtime.scheduler.clients type=log ver=1.16.0
time="2025-09-25T09:58:34.340172-05:00" level=info msg="Using 'statestore' as actor state store" app_id=payment-service instance=Mac-45.lan scope=dapr.runtime.processor.state type=log ver=1.16.0
time="2025-09-25T09:58:34.340217-05:00" level=info msg="Component loaded: statestore (state.redis/v1)" app_id=payment-service instance=Mac-45.lan scope=dapr.runtime.processor type=log ver=1.16.0
time="2025-09-25T09:58:34.340229-05:00" level=info msg="All outstanding components processed" app_id=payment-service instance=Mac-45.lan scope=dapr.runtime type=log ver=1.16.0
time="2025-09-25T09:58:34.340236-05:00" level=info msg="Loading endpoints…" app_id=payment-service instance=Mac-45.lan scope=dapr.runtime type=log ver=1.16.0
time="2025-09-25T09:58:34.340339-05:00" level=info msg="Waiting for all outstanding http endpoints to be processed…" app_id=payment-service instance=Mac-45.lan scope=dapr.runtime type=log ver=1.16.0
time="2025-09-25T09:58:34.340347-05:00" level=info msg="All outstanding http endpoints processed" app_id=payment-service instance=Mac-45.lan scope=dapr.runtime type=log ver=1.16.0
time="2025-09-25T09:58:34.340353-05:00" level=info msg="Loading Declarative Subscriptions…" app_id=payment-service instance=Mac-45.lan scope=dapr.runtime type=log ver=1.16.0
time="2025-09-25T09:58:34.340521-05:00" level=info msg="gRPC server listening on TCP address: :50015" app_id=payment-service instance=Mac-45.lan scope=dapr.runtime.grpc.api type=log ver=1.16.0
time="2025-09-25T09:58:34.340531-05:00" level=info msg="Enabled gRPC tracing middleware" app_id=payment-service instance=Mac-45.lan scope=dapr.runtime.grpc.api type=log ver=1.16.0
time="2025-09-25T09:58:34.340535-05:00" level=info msg="Enabled gRPC metrics middleware" app_id=payment-service instance=Mac-45.lan scope=dapr.runtime.grpc.api type=log ver=1.16.0
time="2025-09-25T09:58:34.3406-05:00" level=info msg="Registering workflow engine for gRPC endpoint: [::]:50015" app_id=payment-service instance=Mac-45.lan scope=dapr.runtime.grpc.api type=log ver=1.16.0
time="2025-09-25T09:58:34.34062-05:00" level=info msg="API gRPC server is running on port 50015" app_id=payment-service instance=Mac-45.lan scope=dapr.runtime type=log ver=1.16.0
time="2025-09-25T09:58:34.340637-05:00" level=warning msg="The default value for 'spec.metric.http.increasedCardinality' will change to 'false' in Dapr 1.15 or later" app_id=payment-service instance=Mac-45.lan scope=dapr.runtime.http type=log ver=1.16.0
time="2025-09-25T09:58:34.340669-05:00" level=info msg="Enabled max body size HTTP middleware with size 4194304 bytes" app_id=payment-service instance=Mac-45.lan scope=dapr.runtime.http type=log ver=1.16.0
time="2025-09-25T09:58:34.340676-05:00" level=info msg="Enabled tracing HTTP middleware" app_id=payment-service instance=Mac-45.lan scope=dapr.runtime.http type=log ver=1.16.0
time="2025-09-25T09:58:34.34068-05:00" level=info msg="Enabled metrics HTTP middleware" app_id=payment-service instance=Mac-45.lan scope=dapr.runtime.http type=log ver=1.16.0
time="2025-09-25T09:58:34.340853-05:00" level=info msg="HTTP server listening on TCP address: :3506" app_id=payment-service instance=Mac-45.lan scope=dapr.runtime.http type=log ver=1.16.0
time="2025-09-25T09:58:34.340873-05:00" level=info msg="HTTP server is running on port 3506" app_id=payment-service instance=Mac-45.lan scope=dapr.runtime type=log ver=1.16.0
time="2025-09-25T09:58:34.340879-05:00" level=info msg="The request body size parameter is: 4194304 bytes" app_id=payment-service instance=Mac-45.lan scope=dapr.runtime type=log ver=1.16.0
time="2025-09-25T09:58:34.340908-05:00" level=info msg="gRPC server listening on TCP address: :63714" app_id=payment-service instance=Mac-45.lan scope=dapr.runtime.grpc.internal type=log ver=1.16.0
time="2025-09-25T09:58:34.340917-05:00" level=info msg="Enabled gRPC tracing middleware" app_id=payment-service instance=Mac-45.lan scope=dapr.runtime.grpc.internal type=log ver=1.16.0
time="2025-09-25T09:58:34.340922-05:00" level=info msg="Enabled gRPC metrics middleware" app_id=payment-service instance=Mac-45.lan scope=dapr.runtime.grpc.internal type=log ver=1.16.0
time="2025-09-25T09:58:34.340937-05:00" level=info msg="Internal gRPC server is running on :63714" app_id=payment-service instance=Mac-45.lan scope=dapr.runtime type=log ver=1.16.0
time="2025-09-25T09:58:34.341001-05:00" level=info msg="Using Scheduler service for reminders." app_id=payment-service instance=Mac-45.lan scope=dapr.runtime.actor.reminders.scheduler type=log ver=1.16.0
time="2025-09-25T09:58:34.341018-05:00" level=info msg="application protocol: http. waiting on port 50002.  This will block until the app is listening on that port." app_id=payment-service instance=Mac-45.lan scope=dapr.runtime type=log ver=1.16.0
time="2025-09-25T09:58:34.341037-05:00" level=info msg="Actor runtime started" app_id=payment-service instance=Mac-45.lan scope=dapr.runtime.actor type=log ver=1.16.0
time="2025-09-25T09:58:34.341051-05:00" level=warning msg="Graceful shutdown timeout is infinite, will wait indefinitely to shutdown" app_id=payment-service instance=Mac-45.lan scope=dapr.runtime.actor type=log ver=1.16.0
time="2025-09-25T09:58:34.341198-05:00" level=info msg="worker started with backend dapr.actors/v1" app_id=payment-service instance=Mac-45.lan scope=dapr.wfengine.durabletask.backend type=log ver=1.16.0
time="2025-09-25T09:58:34.341218-05:00" level=info msg="Workflow engine started" app_id=payment-service instance=Mac-45.lan scope=dapr.runtime.wfengine type=log ver=1.16.0
time="2025-09-25T09:58:34.543637-05:00" level=info msg="application discovered on port 50002" app_id=payment-service instance=Mac-45.lan scope=dapr.runtime type=log ver=1.16.0
time="2025-09-25T09:58:34.551336-05:00" level=info msg="Application configuration loaded" app_id=payment-service instance=Mac-45.lan scope=dapr.runtime type=log ver=1.16.0
time="2025-09-25T09:58:34.551369-05:00" level=info msg="Registering hosted actors: []" app_id=payment-service instance=Mac-45.lan scope=dapr.runtime.actor type=log ver=1.16.0
time="2025-09-25T09:58:34.551392-05:00" level=info msg="dapr initialized. Status: Running. Init Elapsed 215ms" app_id=payment-service instance=Mac-45.lan scope=dapr.runtime type=log ver=1.16.0
time="2025-09-25T09:58:34.55145-05:00" level=info msg="Reporting actor types: []" app_id=payment-service instance=Mac-45.lan scope=dapr.runtime.actors.placement type=log ver=1.16.0
time="2025-09-25T09:58:34.551565-05:00" level=info msg="Connected to placement localhost:50005" app_id=payment-service instance=Mac-45.lan scope=dapr.runtime.actors.placement.client.connector.static type=log ver=1.16.0
time="2025-09-25T09:58:34.551591-05:00" level=info msg="Scheduler stream connected for [JOB_TARGET_TYPE_JOB]" app_id=payment-service instance=Mac-45.lan scope=dapr.runtime.scheduler.cluster type=log ver=1.16.0
time="2025-09-25T09:58:34.551595-05:00" level=info msg="Scheduler stream connected for [JOB_TARGET_TYPE_JOB]" app_id=payment-service instance=Mac-45.lan scope=dapr.runtime.scheduler.cluster type=log ver=1.16.0
time="2025-09-25T09:58:34.55163-05:00" level=info msg="Scheduler stream connected for [JOB_TARGET_TYPE_JOB]" app_id=payment-service instance=Mac-45.lan scope=dapr.runtime.scheduler.cluster type=log ver=1.16.0
time="2025-09-25T09:58:34.553497-05:00" level=info msg="Connected to placement localhost:50005" app_id=payment-service instance=Mac-45.lan scope=dapr.runtime.actors.placement.client type=log ver=1.16.0
time="2025-09-25T09:58:34.555956-05:00" level=info msg="Placement tables updated, version: 75" app_id=payment-service instance=Mac-45.lan scope=dapr.runtime.actors.placement type=log ver=1.16.0
time="2025-09-25T09:58:34.555983-05:00" level=info msg="Running actor reminder migration from state store to scheduler" app_id=payment-service instance=Mac-45.lan scope=dapr.runtime.actors.reminders.migration type=log ver=1.16.0
time="2025-09-25T09:58:34.555994-05:00" level=info msg="Skipping migration, no missing scheduler reminders found" app_id=payment-service instance=Mac-45.lan scope=dapr.runtime.actors.reminders.migration type=log ver=1.16.0
time="2025-09-25T09:58:34.556-05:00" level=info msg="Found 0 missing scheduler reminders from state store" app_id=payment-service instance=Mac-45.lan scope=dapr.runtime.actors.reminders.migration type=log ver=1.16.0
time="2025-09-25T09:58:34.556005-05:00" level=info msg="Migrated 0 reminders from state store to scheduler successfully" app_id=payment-service instance=Mac-45.lan scope=dapr.runtime.actors.reminders.migration type=log ver=1.16.0
time="2025-09-25T09:58:34.785171-05:00" level=info msg="work item stream established by user-agent: [dapr-sdk-java/v1.16.0 grpc-java-netty/1.69.0]" app_id=payment-service instance=Mac-45.lan scope=dapr.runtime.wfengine type=log ver=1.16.0
time="2025-09-25T09:58:34.785247-05:00" level=info msg="Updating actor types: [dapr.internal.default.payment-service.activity dapr.internal.default.payment-service.workflow]" app_id=payment-service instance=Mac-45.lan scope=dapr.runtime.actors.placement type=log ver=1.16.0
time="2025-09-25T09:58:34.7853-05:00" level=info msg="Scheduler stream disconnected" app_id=payment-service instance=Mac-45.lan scope=dapr.runtime.scheduler.cluster type=log ver=1.16.0
time="2025-09-25T09:58:34.785302-05:00" level=info msg="Scheduler stream disconnected" app_id=payment-service instance=Mac-45.lan scope=dapr.runtime.scheduler.cluster type=log ver=1.16.0
time="2025-09-25T09:58:34.785308-05:00" level=info msg="Scheduler stream disconnected" app_id=payment-service instance=Mac-45.lan scope=dapr.runtime.scheduler.cluster type=log ver=1.16.0
time="2025-09-25T09:58:34.785374-05:00" level=info msg="Scheduler stream connected for [JOB_TARGET_TYPE_JOB]" app_id=payment-service instance=Mac-45.lan scope=dapr.runtime.scheduler.cluster type=log ver=1.16.0
time="2025-09-25T09:58:34.78539-05:00" level=info msg="Scheduler stream connected for [JOB_TARGET_TYPE_JOB]" app_id=payment-service instance=Mac-45.lan scope=dapr.runtime.scheduler.cluster type=log ver=1.16.0
time="2025-09-25T09:58:34.78539-05:00" level=info msg="Scheduler stream connected for [JOB_TARGET_TYPE_JOB]" app_id=payment-service instance=Mac-45.lan scope=dapr.runtime.scheduler.cluster type=log ver=1.16.0
Updating metadata for app command: java -jar target/payment-service-1.0.0.jar
Updating metadata for appPID: 54960
You're up and running! Dapr logs will appear here.

time="2025-09-25T09:58:39.082159-05:00" level=info msg="Placement tables updated, version: 78" app_id=payment-service instance=Mac-45.lan scope=dapr.runtime.actors.placement type=log ver=1.16.0
time="2025-09-25T09:58:39.08228-05:00" level=info msg="Running actor reminder migration from state store to scheduler" app_id=payment-service instance=Mac-45.lan scope=dapr.runtime.actors.reminders.migration type=log ver=1.16.0
time="2025-09-25T09:58:39.08262-05:00" level=info msg="Scheduler stream disconnected" app_id=payment-service instance=Mac-45.lan scope=dapr.runtime.scheduler.cluster type=log ver=1.16.0
time="2025-09-25T09:58:39.082681-05:00" level=info msg="Scheduler stream disconnected" app_id=payment-service instance=Mac-45.lan scope=dapr.runtime.scheduler.cluster type=log ver=1.16.0
time="2025-09-25T09:58:39.082699-05:00" level=info msg="Scheduler stream disconnected" app_id=payment-service instance=Mac-45.lan scope=dapr.runtime.scheduler.cluster type=log ver=1.16.0
time="2025-09-25T09:58:39.082844-05:00" level=info msg="Scheduler stream connected for [JOB_TARGET_TYPE_JOB JOB_TARGET_TYPE_ACTOR_REMINDER]" app_id=payment-service instance=Mac-45.lan scope=dapr.runtime.scheduler.cluster type=log ver=1.16.0
time="2025-09-25T09:58:39.082876-05:00" level=info msg="Scheduler stream connected for [JOB_TARGET_TYPE_JOB JOB_TARGET_TYPE_ACTOR_REMINDER]" app_id=payment-service instance=Mac-45.lan scope=dapr.runtime.scheduler.cluster type=log ver=1.16.0
time="2025-09-25T09:58:39.082907-05:00" level=info msg="Scheduler stream connected for [JOB_TARGET_TYPE_JOB JOB_TARGET_TYPE_ACTOR_REMINDER]" app_id=payment-service instance=Mac-45.lan scope=dapr.runtime.scheduler.cluster type=log ver=1.16.0
time="2025-09-25T09:58:39.091708-05:00" level=info msg="Skipping migration, no missing scheduler reminders found" app_id=payment-service instance=Mac-45.lan scope=dapr.runtime.actors.reminders.migration type=log ver=1.16.0
time="2025-09-25T09:58:39.091768-05:00" level=info msg="Found 0 missing scheduler reminders from state store" app_id=payment-service instance=Mac-45.lan scope=dapr.runtime.actors.reminders.migration type=log ver=1.16.0
time="2025-09-25T09:58:39.091816-05:00" level=info msg="Migrated 0 reminders from state store to scheduler successfully" app_id=payment-service instance=Mac-45.lan scope=dapr.runtime.actors.reminders.migration type=log ver=1.16.0
time="2025-09-25T09:59:44.450125-05:00" level=info msg="Received signal 'interrupt'; beginning shutdown" app_id=payment-service instance=Mac-45.lan scope=dapr.signals type=log ver=1.16.0
time="2025-09-25T09:59:44.450604-05:00" level=info msg="backend stopping..." app_id=payment-service instance=Mac-45.lan scope=dapr.wfengine.durabletask.backend type=log ver=1.16.0
time="2025-09-25T09:59:44.450636-05:00" level=info msg="workers stopping and draining..." app_id=payment-service instance=Mac-45.lan scope=dapr.wfengine.durabletask.backend type=log ver=1.16.0

termination signal received: shutting down
Exited Dapr successfully
Exited App successfully
