Starting Dapr with id payment-service. HTTP Port: 3506. gRPC Port: 50015
Updating metadata for cliPID: 76384
time="2025-09-23T14:20:44.27952-05:00" level=info msg="Starting Dapr Runtime -- version 1.16.0 -- commit b68296042c975d4ede1ed93ec6b0a579c2b6a020" app_id=payment-service instance=Cassandras-MacBook-Pro.local scope=dapr.runtime type=log ver=1.16.0
time="2025-09-23T14:20:44.279552-05:00" level=info msg="Log level set to: info" app_id=payment-service instance=Cassandras-MacBook-Pro.local scope=dapr.runtime type=log ver=1.16.0
time="2025-09-23T14:20:44.279648-05:00" level=warning msg="mTLS is disabled. Skipping certificate request and tls validation" app_id=payment-service instance=Cassandras-MacBook-Pro.local scope=dapr.runtime.security type=log ver=1.16.0
time="2025-09-23T14:20:44.279951-05:00" level=info msg="Enabled features: SchedulerReminders" app_id=payment-service instance=Cassandras-MacBook-Pro.local scope=dapr.runtime type=log ver=1.16.0
time="2025-09-23T14:20:44.279993-05:00" level=info msg="metric spec: {\"enabled\":true}" app_id=payment-service instance=Cassandras-MacBook-Pro.local scope=dapr.runtime.diagnostics type=log ver=1.16.0
time="2025-09-23T14:20:44.280014-05:00" level=info msg="Using default latency distribution buckets: [1 2 3 4 5 6 8 10 13 16 20 25 30 40 50 65 80 100 130 160 200 250 300 400 500 650 800 1000 2000 5000 10000 20000 50000 100000]" app_id=payment-service instance=Cassandras-MacBook-Pro.local scope=dapr.runtime.diagnostics type=log ver=1.16.0
time="2025-09-23T14:20:44.280063-05:00" level=warning msg="The default value for 'spec.metric.http.increasedCardinality' will change to 'false' in Dapr 1.15 or later" app_id=payment-service instance=Cassandras-MacBook-Pro.local scope=dapr.runtime.diagnostics type=log ver=1.16.0
time="2025-09-23T14:20:44.280326-05:00" level=info msg="standalone mode configured" app_id=payment-service instance=Cassandras-MacBook-Pro.local scope=dapr.runtime type=log ver=1.16.0
time="2025-09-23T14:20:44.280367-05:00" level=info msg="app id: payment-service" app_id=payment-service instance=Cassandras-MacBook-Pro.local scope=dapr.runtime type=log ver=1.16.0
time="2025-09-23T14:20:44.280451-05:00" level=info msg="metrics server started on 0.0.0.0:54450/" app_id=payment-service instance=Cassandras-MacBook-Pro.local scope=dapr.runtime type=log ver=1.16.0
time="2025-09-23T14:20:44.280503-05:00" level=info msg="Dapr trace sampler initialized: ParentBased{root:AlwaysOnSampler,remoteParentSampled:AlwaysOnSampler,remoteParentNotSampled:AlwaysOffSampler,localParentSampled:AlwaysOnSampler,localParentNotSampled:AlwaysOffSampler}" app_id=payment-service instance=Cassandras-MacBook-Pro.local scope=dapr.runtime type=log ver=1.16.0
time="2025-09-23T14:20:44.280775-05:00" level=info msg="local service entry announced: payment-service -> 172.16.73.126:54451" app_id=payment-service component="nr (mdns/v1)" instance=Cassandras-MacBook-Pro.local scope=dapr.contrib type=log ver=1.16.0
time="2025-09-23T14:20:44.28079-05:00" level=info msg="Initialized name resolution to mdns" app_id=payment-service instance=Cassandras-MacBook-Pro.local scope=dapr.runtime type=log ver=1.16.0
time="2025-09-23T14:20:44.280856-05:00" level=info msg="Loading components…" app_id=payment-service instance=Cassandras-MacBook-Pro.local scope=dapr.runtime type=log ver=1.16.0
time="2025-09-23T14:20:44.281138-05:00" level=info msg="Waiting for all outstanding components to be processed…" app_id=payment-service instance=Cassandras-MacBook-Pro.local scope=dapr.runtime type=log ver=1.16.0
time="2025-09-23T14:20:44.288954-05:00" level=info msg="Connected and received scheduler hosts addresses: [localhost:50006]" app_id=payment-service instance=Cassandras-MacBook-Pro.local scope=dapr.runtime.scheduler.watchhosts type=log ver=1.16.0
time="2025-09-23T14:20:44.289063-05:00" level=info msg="Scheduler client initialized for address: localhost:50006" app_id=payment-service instance=Cassandras-MacBook-Pro.local scope=dapr.runtime.scheduler.clients type=log ver=1.16.0
time="2025-09-23T14:20:44.289076-05:00" level=info msg="Scheduler clients initialized" app_id=payment-service instance=Cassandras-MacBook-Pro.local scope=dapr.runtime.scheduler.clients type=log ver=1.16.0
time="2025-09-23T14:20:44.293046-05:00" level=info msg="Using 'statestore' as actor state store" app_id=payment-service instance=Cassandras-MacBook-Pro.local scope=dapr.runtime.processor.state type=log ver=1.16.0
time="2025-09-23T14:20:44.293076-05:00" level=info msg="Component loaded: statestore (state.redis/v1)" app_id=payment-service instance=Cassandras-MacBook-Pro.local scope=dapr.runtime.processor type=log ver=1.16.0
time="2025-09-23T14:20:44.29309-05:00" level=info msg="All outstanding components processed" app_id=payment-service instance=Cassandras-MacBook-Pro.local scope=dapr.runtime type=log ver=1.16.0
time="2025-09-23T14:20:44.293098-05:00" level=info msg="Loading endpoints…" app_id=payment-service instance=Cassandras-MacBook-Pro.local scope=dapr.runtime type=log ver=1.16.0
time="2025-09-23T14:20:44.293234-05:00" level=info msg="Waiting for all outstanding http endpoints to be processed…" app_id=payment-service instance=Cassandras-MacBook-Pro.local scope=dapr.runtime type=log ver=1.16.0
time="2025-09-23T14:20:44.293245-05:00" level=info msg="All outstanding http endpoints processed" app_id=payment-service instance=Cassandras-MacBook-Pro.local scope=dapr.runtime type=log ver=1.16.0
time="2025-09-23T14:20:44.293251-05:00" level=info msg="Loading Declarative Subscriptions…" app_id=payment-service instance=Cassandras-MacBook-Pro.local scope=dapr.runtime type=log ver=1.16.0
time="2025-09-23T14:20:44.293441-05:00" level=info msg="gRPC server listening on TCP address: :50015" app_id=payment-service instance=Cassandras-MacBook-Pro.local scope=dapr.runtime.grpc.api type=log ver=1.16.0
time="2025-09-23T14:20:44.293455-05:00" level=info msg="Enabled gRPC tracing middleware" app_id=payment-service instance=Cassandras-MacBook-Pro.local scope=dapr.runtime.grpc.api type=log ver=1.16.0
time="2025-09-23T14:20:44.29346-05:00" level=info msg="Enabled gRPC metrics middleware" app_id=payment-service instance=Cassandras-MacBook-Pro.local scope=dapr.runtime.grpc.api type=log ver=1.16.0
time="2025-09-23T14:20:44.293497-05:00" level=info msg="Registering workflow engine for gRPC endpoint: [::]:50015" app_id=payment-service instance=Cassandras-MacBook-Pro.local scope=dapr.runtime.grpc.api type=log ver=1.16.0
time="2025-09-23T14:20:44.293515-05:00" level=info msg="API gRPC server is running on port 50015" app_id=payment-service instance=Cassandras-MacBook-Pro.local scope=dapr.runtime type=log ver=1.16.0
time="2025-09-23T14:20:44.293528-05:00" level=warning msg="The default value for 'spec.metric.http.increasedCardinality' will change to 'false' in Dapr 1.15 or later" app_id=payment-service instance=Cassandras-MacBook-Pro.local scope=dapr.runtime.http type=log ver=1.16.0
time="2025-09-23T14:20:44.293566-05:00" level=info msg="Enabled max body size HTTP middleware with size 4194304 bytes" app_id=payment-service instance=Cassandras-MacBook-Pro.local scope=dapr.runtime.http type=log ver=1.16.0
time="2025-09-23T14:20:44.293572-05:00" level=info msg="Enabled tracing HTTP middleware" app_id=payment-service instance=Cassandras-MacBook-Pro.local scope=dapr.runtime.http type=log ver=1.16.0
time="2025-09-23T14:20:44.293577-05:00" level=info msg="Enabled metrics HTTP middleware" app_id=payment-service instance=Cassandras-MacBook-Pro.local scope=dapr.runtime.http type=log ver=1.16.0
time="2025-09-23T14:20:44.293784-05:00" level=info msg="HTTP server listening on TCP address: :3506" app_id=payment-service instance=Cassandras-MacBook-Pro.local scope=dapr.runtime.http type=log ver=1.16.0
time="2025-09-23T14:20:44.293799-05:00" level=info msg="HTTP server is running on port 3506" app_id=payment-service instance=Cassandras-MacBook-Pro.local scope=dapr.runtime type=log ver=1.16.0
time="2025-09-23T14:20:44.293804-05:00" level=info msg="The request body size parameter is: 4194304 bytes" app_id=payment-service instance=Cassandras-MacBook-Pro.local scope=dapr.runtime type=log ver=1.16.0
time="2025-09-23T14:20:44.293827-05:00" level=info msg="gRPC server listening on TCP address: :54451" app_id=payment-service instance=Cassandras-MacBook-Pro.local scope=dapr.runtime.grpc.internal type=log ver=1.16.0
time="2025-09-23T14:20:44.293843-05:00" level=info msg="Enabled gRPC tracing middleware" app_id=payment-service instance=Cassandras-MacBook-Pro.local scope=dapr.runtime.grpc.internal type=log ver=1.16.0
time="2025-09-23T14:20:44.293847-05:00" level=info msg="Enabled gRPC metrics middleware" app_id=payment-service instance=Cassandras-MacBook-Pro.local scope=dapr.runtime.grpc.internal type=log ver=1.16.0
time="2025-09-23T14:20:44.293862-05:00" level=info msg="Internal gRPC server is running on :54451" app_id=payment-service instance=Cassandras-MacBook-Pro.local scope=dapr.runtime type=log ver=1.16.0
time="2025-09-23T14:20:44.293931-05:00" level=info msg="Using Scheduler service for reminders." app_id=payment-service instance=Cassandras-MacBook-Pro.local scope=dapr.runtime.actor.reminders.scheduler type=log ver=1.16.0
time="2025-09-23T14:20:44.293952-05:00" level=info msg="application protocol: http. waiting on port 50002.  This will block until the app is listening on that port." app_id=payment-service instance=Cassandras-MacBook-Pro.local scope=dapr.runtime type=log ver=1.16.0
time="2025-09-23T14:20:44.293972-05:00" level=info msg="Actor runtime started" app_id=payment-service instance=Cassandras-MacBook-Pro.local scope=dapr.runtime.actor type=log ver=1.16.0
time="2025-09-23T14:20:44.293986-05:00" level=info msg="worker started with backend dapr.actors/v1" app_id=payment-service instance=Cassandras-MacBook-Pro.local scope=dapr.wfengine.durabletask.backend type=log ver=1.16.0
time="2025-09-23T14:20:44.293996-05:00" level=warning msg="Graceful shutdown timeout is infinite, will wait indefinitely to shutdown" app_id=payment-service instance=Cassandras-MacBook-Pro.local scope=dapr.runtime.actor type=log ver=1.16.0
time="2025-09-23T14:20:44.294012-05:00" level=info msg="Workflow engine started" app_id=payment-service instance=Cassandras-MacBook-Pro.local scope=dapr.runtime.wfengine type=log ver=1.16.0
time="2025-09-23T14:20:44.395378-05:00" level=info msg="application discovered on port 50002" app_id=payment-service instance=Cassandras-MacBook-Pro.local scope=dapr.runtime type=log ver=1.16.0
time="2025-09-23T14:20:44.401806-05:00" level=info msg="Application configuration loaded" app_id=payment-service instance=Cassandras-MacBook-Pro.local scope=dapr.runtime type=log ver=1.16.0
time="2025-09-23T14:20:44.401838-05:00" level=info msg="Registering hosted actors: []" app_id=payment-service instance=Cassandras-MacBook-Pro.local scope=dapr.runtime.actor type=log ver=1.16.0
time="2025-09-23T14:20:44.401852-05:00" level=info msg="dapr initialized. Status: Running. Init Elapsed 121ms" app_id=payment-service instance=Cassandras-MacBook-Pro.local scope=dapr.runtime type=log ver=1.16.0
time="2025-09-23T14:20:44.401982-05:00" level=info msg="Scheduler stream connected for [JOB_TARGET_TYPE_JOB]" app_id=payment-service instance=Cassandras-MacBook-Pro.local scope=dapr.runtime.scheduler.cluster type=log ver=1.16.0
time="2025-09-23T14:20:44.401998-05:00" level=info msg="Connected to placement localhost:50005" app_id=payment-service instance=Cassandras-MacBook-Pro.local scope=dapr.runtime.actors.placement.client.connector.static type=log ver=1.16.0
time="2025-09-23T14:20:44.401989-05:00" level=info msg="Scheduler stream connected for [JOB_TARGET_TYPE_JOB]" app_id=payment-service instance=Cassandras-MacBook-Pro.local scope=dapr.runtime.scheduler.cluster type=log ver=1.16.0
time="2025-09-23T14:20:44.402003-05:00" level=info msg="Scheduler stream connected for [JOB_TARGET_TYPE_JOB]" app_id=payment-service instance=Cassandras-MacBook-Pro.local scope=dapr.runtime.scheduler.cluster type=log ver=1.16.0
time="2025-09-23T14:20:44.402102-05:00" level=info msg="Reporting actor types: []" app_id=payment-service instance=Cassandras-MacBook-Pro.local scope=dapr.runtime.actors.placement type=log ver=1.16.0
time="2025-09-23T14:20:44.404685-05:00" level=info msg="Connected to placement localhost:50005" app_id=payment-service instance=Cassandras-MacBook-Pro.local scope=dapr.runtime.actors.placement.client type=log ver=1.16.0
time="2025-09-23T14:20:44.406112-05:00" level=info msg="Placement tables updated, version: 49" app_id=payment-service instance=Cassandras-MacBook-Pro.local scope=dapr.runtime.actors.placement type=log ver=1.16.0
time="2025-09-23T14:20:44.406142-05:00" level=info msg="Running actor reminder migration from state store to scheduler" app_id=payment-service instance=Cassandras-MacBook-Pro.local scope=dapr.runtime.actors.reminders.migration type=log ver=1.16.0
time="2025-09-23T14:20:44.406152-05:00" level=info msg="Skipping migration, no missing scheduler reminders found" app_id=payment-service instance=Cassandras-MacBook-Pro.local scope=dapr.runtime.actors.reminders.migration type=log ver=1.16.0
time="2025-09-23T14:20:44.406158-05:00" level=info msg="Found 0 missing scheduler reminders from state store" app_id=payment-service instance=Cassandras-MacBook-Pro.local scope=dapr.runtime.actors.reminders.migration type=log ver=1.16.0
time="2025-09-23T14:20:44.406163-05:00" level=info msg="Migrated 0 reminders from state store to scheduler successfully" app_id=payment-service instance=Cassandras-MacBook-Pro.local scope=dapr.runtime.actors.reminders.migration type=log ver=1.16.0
time="2025-09-23T14:20:44.586941-05:00" level=info msg="work item stream established by user-agent: [dapr-sdk-java/v1.16.0 grpc-java-netty/1.69.0]" app_id=payment-service instance=Cassandras-MacBook-Pro.local scope=dapr.runtime.wfengine type=log ver=1.16.0
time="2025-09-23T14:20:44.587017-05:00" level=info msg="Updating actor types: [dapr.internal.default.payment-service.workflow dapr.internal.default.payment-service.activity]" app_id=payment-service instance=Cassandras-MacBook-Pro.local scope=dapr.runtime.actors.placement type=log ver=1.16.0
time="2025-09-23T14:20:44.58707-05:00" level=info msg="Scheduler stream disconnected" app_id=payment-service instance=Cassandras-MacBook-Pro.local scope=dapr.runtime.scheduler.cluster type=log ver=1.16.0
time="2025-09-23T14:20:44.587078-05:00" level=info msg="Scheduler stream disconnected" app_id=payment-service instance=Cassandras-MacBook-Pro.local scope=dapr.runtime.scheduler.cluster type=log ver=1.16.0
time="2025-09-23T14:20:44.587114-05:00" level=info msg="Scheduler stream disconnected" app_id=payment-service instance=Cassandras-MacBook-Pro.local scope=dapr.runtime.scheduler.cluster type=log ver=1.16.0
time="2025-09-23T14:20:44.587181-05:00" level=info msg="Scheduler stream connected for [JOB_TARGET_TYPE_JOB]" app_id=payment-service instance=Cassandras-MacBook-Pro.local scope=dapr.runtime.scheduler.cluster type=log ver=1.16.0
time="2025-09-23T14:20:44.587182-05:00" level=info msg="Scheduler stream connected for [JOB_TARGET_TYPE_JOB]" app_id=payment-service instance=Cassandras-MacBook-Pro.local scope=dapr.runtime.scheduler.cluster type=log ver=1.16.0
time="2025-09-23T14:20:44.587188-05:00" level=info msg="Scheduler stream connected for [JOB_TARGET_TYPE_JOB]" app_id=payment-service instance=Cassandras-MacBook-Pro.local scope=dapr.runtime.scheduler.cluster type=log ver=1.16.0
Updating metadata for app command: java -jar target/payment-service-1.0.0.jar
Updating metadata for appPID: 76415
You're up and running! Dapr logs will appear here.

time="2025-09-23T14:20:49.185855-05:00" level=info msg="Placement tables updated, version: 52" app_id=payment-service instance=Cassandras-MacBook-Pro.local scope=dapr.runtime.actors.placement type=log ver=1.16.0
time="2025-09-23T14:20:49.185964-05:00" level=info msg="Running actor reminder migration from state store to scheduler" app_id=payment-service instance=Cassandras-MacBook-Pro.local scope=dapr.runtime.actors.reminders.migration type=log ver=1.16.0
time="2025-09-23T14:20:49.186203-05:00" level=info msg="Scheduler stream disconnected" app_id=payment-service instance=Cassandras-MacBook-Pro.local scope=dapr.runtime.scheduler.cluster type=log ver=1.16.0
time="2025-09-23T14:20:49.186254-05:00" level=info msg="Scheduler stream disconnected" app_id=payment-service instance=Cassandras-MacBook-Pro.local scope=dapr.runtime.scheduler.cluster type=log ver=1.16.0
time="2025-09-23T14:20:49.186303-05:00" level=info msg="Scheduler stream disconnected" app_id=payment-service instance=Cassandras-MacBook-Pro.local scope=dapr.runtime.scheduler.cluster type=log ver=1.16.0
time="2025-09-23T14:20:49.186456-05:00" level=info msg="Scheduler stream connected for [JOB_TARGET_TYPE_JOB JOB_TARGET_TYPE_ACTOR_REMINDER]" app_id=payment-service instance=Cassandras-MacBook-Pro.local scope=dapr.runtime.scheduler.cluster type=log ver=1.16.0
time="2025-09-23T14:20:49.186552-05:00" level=info msg="Scheduler stream connected for [JOB_TARGET_TYPE_JOB JOB_TARGET_TYPE_ACTOR_REMINDER]" app_id=payment-service instance=Cassandras-MacBook-Pro.local scope=dapr.runtime.scheduler.cluster type=log ver=1.16.0
time="2025-09-23T14:20:49.186602-05:00" level=info msg="Scheduler stream connected for [JOB_TARGET_TYPE_JOB JOB_TARGET_TYPE_ACTOR_REMINDER]" app_id=payment-service instance=Cassandras-MacBook-Pro.local scope=dapr.runtime.scheduler.cluster type=log ver=1.16.0
time="2025-09-23T14:20:49.196517-05:00" level=info msg="Skipping migration, no missing scheduler reminders found" app_id=payment-service instance=Cassandras-MacBook-Pro.local scope=dapr.runtime.actors.reminders.migration type=log ver=1.16.0
time="2025-09-23T14:20:49.196606-05:00" level=info msg="Found 0 missing scheduler reminders from state store" app_id=payment-service instance=Cassandras-MacBook-Pro.local scope=dapr.runtime.actors.reminders.migration type=log ver=1.16.0
time="2025-09-23T14:20:49.196628-05:00" level=info msg="Migrated 0 reminders from state store to scheduler successfully" app_id=payment-service instance=Cassandras-MacBook-Pro.local scope=dapr.runtime.actors.reminders.migration type=log ver=1.16.0
time="2025-09-23T14:23:05.272861-05:00" level=info msg="Received signal 'interrupt'; beginning shutdown" app_id=payment-service instance=Cassandras-MacBook-Pro.local scope=dapr.signals type=log ver=1.16.0
time="2025-09-23T14:23:05.273387-05:00" level=info msg="Actor runtime shutting down" app_id=payment-service instance=Cassandras-MacBook-Pro.local scope=dapr.runtime.actor type=log ver=1.16.0
time="2025-09-23T14:23:05.273424-05:00" level=info msg="activity-processor: worker stopped" app_id=payment-service instance=Cassandras-MacBook-Pro.local scope=dapr.wfengine.durabletask.backend type=log ver=1.16.0
time="2025-09-23T14:23:05.273516-05:00" level=error msg="Error communicating with placement: rpc error: code = Canceled desc = context canceled" app_id=payment-service instance=Cassandras-MacBook-Pro.local scope=dapr.runtime.actors.placement.client type=log ver=1.16.0
time="2025-09-23T14:23:05.273627-05:00" level=info msg="backend stopping..." app_id=payment-service instance=Cassandras-MacBook-Pro.local scope=dapr.wfengine.durabletask.backend type=log ver=1.16.0
time="2025-09-23T14:23:05.273649-05:00" level=info msg="Scheduler stream disconnected" app_id=payment-service instance=Cassandras-MacBook-Pro.local scope=dapr.runtime.scheduler.cluster type=log ver=1.16.0
time="2025-09-23T14:23:05.273706-05:00" level=info msg="Scheduler stream disconnected" app_id=payment-service instance=Cassandras-MacBook-Pro.local scope=dapr.runtime.scheduler.cluster type=log ver=1.16.0
time="2025-09-23T14:23:05.273742-05:00" level=info msg="Scheduler stream disconnected" app_id=payment-service instance=Cassandras-MacBook-Pro.local scope=dapr.runtime.scheduler.cluster type=log ver=1.16.0
time="2025-09-23T14:23:05.273663-05:00" level=info msg="workers stopping and draining..." app_id=payment-service instance=Cassandras-MacBook-Pro.local scope=dapr.wfengine.durabletask.backend type=log ver=1.16.0
time="2025-09-23T14:23:05.274004-05:00" level=info msg="orchestration-processor: worker stopped" app_id=payment-service instance=Cassandras-MacBook-Pro.local scope=dapr.wfengine.durabletask.backend type=log ver=1.16.0
time="2025-09-23T14:23:05.274311-05:00" level=info msg="Actor runtime stopped" app_id=payment-service instance=Cassandras-MacBook-Pro.local scope=dapr.runtime.actor type=log ver=1.16.0
time="2025-09-23T14:23:05.274312-05:00" level=info msg="finished stopping and draining workers!" app_id=payment-service instance=Cassandras-MacBook-Pro.local scope=dapr.wfengine.durabletask.backend type=log ver=1.16.0

termination signal received: shutting down
Exited Dapr successfully
Exited App successfully
time="2025-09-23T14:23:05.274444-05:00" level=info msg="Workflow engine stopped" app_id=payment-service instance=Cassandras-MacBook-Pro.local scope=dapr.runtime.wfengine type=log ver=1.16.0
