Starting Dapr with id payment-service. HTTP Port: 3506. gRPC Port: 50015
Updating metadata for cliPID: 44416
time="2025-10-21T10:05:30.186064-05:00" level=info msg="Starting Dapr Runtime -- version 1.16.0 -- commit b68296042c975d4ede1ed93ec6b0a579c2b6a020" app_id=payment-service instance=Cassandras-MacBook-Pro.local scope=dapr.runtime type=log ver=1.16.0
time="2025-10-21T10:05:30.1861-05:00" level=info msg="Log level set to: info" app_id=payment-service instance=Cassandras-MacBook-Pro.local scope=dapr.runtime type=log ver=1.16.0
time="2025-10-21T10:05:30.18619-05:00" level=warning msg="mTLS is disabled. Skipping certificate request and tls validation" app_id=payment-service instance=Cassandras-MacBook-Pro.local scope=dapr.runtime.security type=log ver=1.16.0
time="2025-10-21T10:05:30.186519-05:00" level=info msg="Enabled features: SchedulerReminders" app_id=payment-service instance=Cassandras-MacBook-Pro.local scope=dapr.runtime type=log ver=1.16.0
time="2025-10-21T10:05:30.186572-05:00" level=info msg="metric spec: {\"enabled\":true}" app_id=payment-service instance=Cassandras-MacBook-Pro.local scope=dapr.runtime.diagnostics type=log ver=1.16.0
time="2025-10-21T10:05:30.186592-05:00" level=info msg="Using default latency distribution buckets: [1 2 3 4 5 6 8 10 13 16 20 25 30 40 50 65 80 100 130 160 200 250 300 400 500 650 800 1000 2000 5000 10000 20000 50000 100000]" app_id=payment-service instance=Cassandras-MacBook-Pro.local scope=dapr.runtime.diagnostics type=log ver=1.16.0
time="2025-10-21T10:05:30.186649-05:00" level=warning msg="The default value for 'spec.metric.http.increasedCardinality' will change to 'false' in Dapr 1.15 or later" app_id=payment-service instance=Cassandras-MacBook-Pro.local scope=dapr.runtime.diagnostics type=log ver=1.16.0
time="2025-10-21T10:05:30.186924-05:00" level=info msg="standalone mode configured" app_id=payment-service instance=Cassandras-MacBook-Pro.local scope=dapr.runtime type=log ver=1.16.0
time="2025-10-21T10:05:30.186946-05:00" level=info msg="app id: payment-service" app_id=payment-service instance=Cassandras-MacBook-Pro.local scope=dapr.runtime type=log ver=1.16.0
time="2025-10-21T10:05:30.187057-05:00" level=info msg="metrics server started on 0.0.0.0:49433/" app_id=payment-service instance=Cassandras-MacBook-Pro.local scope=dapr.runtime type=log ver=1.16.0
time="2025-10-21T10:05:30.18706-05:00" level=info msg="Dapr trace sampler initialized: ParentBased{root:AlwaysOnSampler,remoteParentSampled:AlwaysOnSampler,remoteParentNotSampled:AlwaysOffSampler,localParentSampled:AlwaysOnSampler,localParentNotSampled:AlwaysOffSampler}" app_id=payment-service instance=Cassandras-MacBook-Pro.local scope=dapr.runtime type=log ver=1.16.0
time="2025-10-21T10:05:30.187375-05:00" level=info msg="local service entry announced: payment-service -> 192.168.1.125:49434" app_id=payment-service component="nr (mdns/v1)" instance=Cassandras-MacBook-Pro.local scope=dapr.contrib type=log ver=1.16.0
time="2025-10-21T10:05:30.18739-05:00" level=info msg="Initialized name resolution to mdns" app_id=payment-service instance=Cassandras-MacBook-Pro.local scope=dapr.runtime type=log ver=1.16.0
time="2025-10-21T10:05:30.187462-05:00" level=info msg="Loading components…" app_id=payment-service instance=Cassandras-MacBook-Pro.local scope=dapr.runtime type=log ver=1.16.0
time="2025-10-21T10:05:30.187807-05:00" level=info msg="Waiting for all outstanding components to be processed…" app_id=payment-service instance=Cassandras-MacBook-Pro.local scope=dapr.runtime type=log ver=1.16.0
time="2025-10-21T10:05:30.191917-05:00" level=info msg="Connected and received scheduler hosts addresses: [localhost:50006]" app_id=payment-service instance=Cassandras-MacBook-Pro.local scope=dapr.runtime.scheduler.watchhosts type=log ver=1.16.0
time="2025-10-21T10:05:30.192042-05:00" level=info msg="Scheduler client initialized for address: localhost:50006" app_id=payment-service instance=Cassandras-MacBook-Pro.local scope=dapr.runtime.scheduler.clients type=log ver=1.16.0
time="2025-10-21T10:05:30.19206-05:00" level=info msg="Scheduler clients initialized" app_id=payment-service instance=Cassandras-MacBook-Pro.local scope=dapr.runtime.scheduler.clients type=log ver=1.16.0
time="2025-10-21T10:05:30.194804-05:00" level=info msg="Using 'statestore' as actor state store" app_id=payment-service instance=Cassandras-MacBook-Pro.local scope=dapr.runtime.processor.state type=log ver=1.16.0
time="2025-10-21T10:05:30.194839-05:00" level=info msg="Component loaded: statestore (state.redis/v1)" app_id=payment-service instance=Cassandras-MacBook-Pro.local scope=dapr.runtime.processor type=log ver=1.16.0
time="2025-10-21T10:05:30.194854-05:00" level=info msg="All outstanding components processed" app_id=payment-service instance=Cassandras-MacBook-Pro.local scope=dapr.runtime type=log ver=1.16.0
time="2025-10-21T10:05:30.194862-05:00" level=info msg="Loading endpoints…" app_id=payment-service instance=Cassandras-MacBook-Pro.local scope=dapr.runtime type=log ver=1.16.0
time="2025-10-21T10:05:30.194988-05:00" level=info msg="Waiting for all outstanding http endpoints to be processed…" app_id=payment-service instance=Cassandras-MacBook-Pro.local scope=dapr.runtime type=log ver=1.16.0
time="2025-10-21T10:05:30.194997-05:00" level=info msg="All outstanding http endpoints processed" app_id=payment-service instance=Cassandras-MacBook-Pro.local scope=dapr.runtime type=log ver=1.16.0
time="2025-10-21T10:05:30.195002-05:00" level=info msg="Loading Declarative Subscriptions…" app_id=payment-service instance=Cassandras-MacBook-Pro.local scope=dapr.runtime type=log ver=1.16.0
time="2025-10-21T10:05:30.195172-05:00" level=info msg="gRPC server listening on TCP address: :50015" app_id=payment-service instance=Cassandras-MacBook-Pro.local scope=dapr.runtime.grpc.api type=log ver=1.16.0
time="2025-10-21T10:05:30.195181-05:00" level=info msg="Enabled gRPC tracing middleware" app_id=payment-service instance=Cassandras-MacBook-Pro.local scope=dapr.runtime.grpc.api type=log ver=1.16.0
time="2025-10-21T10:05:30.195186-05:00" level=info msg="Enabled gRPC metrics middleware" app_id=payment-service instance=Cassandras-MacBook-Pro.local scope=dapr.runtime.grpc.api type=log ver=1.16.0
time="2025-10-21T10:05:30.195217-05:00" level=info msg="Registering workflow engine for gRPC endpoint: [::]:50015" app_id=payment-service instance=Cassandras-MacBook-Pro.local scope=dapr.runtime.grpc.api type=log ver=1.16.0
time="2025-10-21T10:05:30.195234-05:00" level=info msg="API gRPC server is running on port 50015" app_id=payment-service instance=Cassandras-MacBook-Pro.local scope=dapr.runtime type=log ver=1.16.0
time="2025-10-21T10:05:30.195436-05:00" level=warning msg="The default value for 'spec.metric.http.increasedCardinality' will change to 'false' in Dapr 1.15 or later" app_id=payment-service instance=Cassandras-MacBook-Pro.local scope=dapr.runtime.http type=log ver=1.16.0
time="2025-10-21T10:05:30.195469-05:00" level=info msg="Enabled max body size HTTP middleware with size 4194304 bytes" app_id=payment-service instance=Cassandras-MacBook-Pro.local scope=dapr.runtime.http type=log ver=1.16.0
time="2025-10-21T10:05:30.195476-05:00" level=info msg="Enabled tracing HTTP middleware" app_id=payment-service instance=Cassandras-MacBook-Pro.local scope=dapr.runtime.http type=log ver=1.16.0
time="2025-10-21T10:05:30.195481-05:00" level=info msg="Enabled metrics HTTP middleware" app_id=payment-service instance=Cassandras-MacBook-Pro.local scope=dapr.runtime.http type=log ver=1.16.0
time="2025-10-21T10:05:30.195632-05:00" level=info msg="HTTP server listening on TCP address: :3506" app_id=payment-service instance=Cassandras-MacBook-Pro.local scope=dapr.runtime.http type=log ver=1.16.0
time="2025-10-21T10:05:30.19565-05:00" level=info msg="HTTP server is running on port 3506" app_id=payment-service instance=Cassandras-MacBook-Pro.local scope=dapr.runtime type=log ver=1.16.0
time="2025-10-21T10:05:30.195656-05:00" level=info msg="The request body size parameter is: 4194304 bytes" app_id=payment-service instance=Cassandras-MacBook-Pro.local scope=dapr.runtime type=log ver=1.16.0
time="2025-10-21T10:05:30.195678-05:00" level=info msg="gRPC server listening on TCP address: :49434" app_id=payment-service instance=Cassandras-MacBook-Pro.local scope=dapr.runtime.grpc.internal type=log ver=1.16.0
time="2025-10-21T10:05:30.195694-05:00" level=info msg="Enabled gRPC tracing middleware" app_id=payment-service instance=Cassandras-MacBook-Pro.local scope=dapr.runtime.grpc.internal type=log ver=1.16.0
time="2025-10-21T10:05:30.195698-05:00" level=info msg="Enabled gRPC metrics middleware" app_id=payment-service instance=Cassandras-MacBook-Pro.local scope=dapr.runtime.grpc.internal type=log ver=1.16.0
time="2025-10-21T10:05:30.195713-05:00" level=info msg="Internal gRPC server is running on :49434" app_id=payment-service instance=Cassandras-MacBook-Pro.local scope=dapr.runtime type=log ver=1.16.0
time="2025-10-21T10:05:30.195771-05:00" level=info msg="Using Scheduler service for reminders." app_id=payment-service instance=Cassandras-MacBook-Pro.local scope=dapr.runtime.actor.reminders.scheduler type=log ver=1.16.0
time="2025-10-21T10:05:30.195785-05:00" level=info msg="application protocol: http. waiting on port 50002.  This will block until the app is listening on that port." app_id=payment-service instance=Cassandras-MacBook-Pro.local scope=dapr.runtime type=log ver=1.16.0
time="2025-10-21T10:05:30.195797-05:00" level=info msg="Actor runtime started" app_id=payment-service instance=Cassandras-MacBook-Pro.local scope=dapr.runtime.actor type=log ver=1.16.0
time="2025-10-21T10:05:30.195805-05:00" level=info msg="worker started with backend dapr.actors/v1" app_id=payment-service instance=Cassandras-MacBook-Pro.local scope=dapr.wfengine.durabletask.backend type=log ver=1.16.0
time="2025-10-21T10:05:30.195809-05:00" level=warning msg="Graceful shutdown timeout is infinite, will wait indefinitely to shutdown" app_id=payment-service instance=Cassandras-MacBook-Pro.local scope=dapr.runtime.actor type=log ver=1.16.0
time="2025-10-21T10:05:30.195823-05:00" level=info msg="Workflow engine started" app_id=payment-service instance=Cassandras-MacBook-Pro.local scope=dapr.runtime.wfengine type=log ver=1.16.0
time="2025-10-21T10:05:30.297181-05:00" level=info msg="application discovered on port 50002" app_id=payment-service instance=Cassandras-MacBook-Pro.local scope=dapr.runtime type=log ver=1.16.0
time="2025-10-21T10:05:30.304411-05:00" level=info msg="Application configuration loaded" app_id=payment-service instance=Cassandras-MacBook-Pro.local scope=dapr.runtime type=log ver=1.16.0
time="2025-10-21T10:05:30.304446-05:00" level=info msg="Registering hosted actors: []" app_id=payment-service instance=Cassandras-MacBook-Pro.local scope=dapr.runtime.actor type=log ver=1.16.0
time="2025-10-21T10:05:30.304457-05:00" level=info msg="dapr initialized. Status: Running. Init Elapsed 117ms" app_id=payment-service instance=Cassandras-MacBook-Pro.local scope=dapr.runtime type=log ver=1.16.0
time="2025-10-21T10:05:30.304546-05:00" level=info msg="Reporting actor types: []" app_id=payment-service instance=Cassandras-MacBook-Pro.local scope=dapr.runtime.actors.placement type=log ver=1.16.0
time="2025-10-21T10:05:30.304587-05:00" level=info msg="Scheduler stream connected for [JOB_TARGET_TYPE_JOB]" app_id=payment-service instance=Cassandras-MacBook-Pro.local scope=dapr.runtime.scheduler.cluster type=log ver=1.16.0
time="2025-10-21T10:05:30.3046-05:00" level=info msg="Scheduler stream connected for [JOB_TARGET_TYPE_JOB]" app_id=payment-service instance=Cassandras-MacBook-Pro.local scope=dapr.runtime.scheduler.cluster type=log ver=1.16.0
time="2025-10-21T10:05:30.304601-05:00" level=info msg="Connected to placement localhost:50005" app_id=payment-service instance=Cassandras-MacBook-Pro.local scope=dapr.runtime.actors.placement.client.connector.static type=log ver=1.16.0
time="2025-10-21T10:05:30.304597-05:00" level=info msg="Scheduler stream connected for [JOB_TARGET_TYPE_JOB]" app_id=payment-service instance=Cassandras-MacBook-Pro.local scope=dapr.runtime.scheduler.cluster type=log ver=1.16.0
time="2025-10-21T10:05:30.307557-05:00" level=info msg="Connected to placement localhost:50005" app_id=payment-service instance=Cassandras-MacBook-Pro.local scope=dapr.runtime.actors.placement.client type=log ver=1.16.0
time="2025-10-21T10:05:30.309231-05:00" level=info msg="Placement tables updated, version: 109" app_id=payment-service instance=Cassandras-MacBook-Pro.local scope=dapr.runtime.actors.placement type=log ver=1.16.0
time="2025-10-21T10:05:30.30926-05:00" level=info msg="Running actor reminder migration from state store to scheduler" app_id=payment-service instance=Cassandras-MacBook-Pro.local scope=dapr.runtime.actors.reminders.migration type=log ver=1.16.0
time="2025-10-21T10:05:30.30927-05:00" level=info msg="Skipping migration, no missing scheduler reminders found" app_id=payment-service instance=Cassandras-MacBook-Pro.local scope=dapr.runtime.actors.reminders.migration type=log ver=1.16.0
time="2025-10-21T10:05:30.309275-05:00" level=info msg="Found 0 missing scheduler reminders from state store" app_id=payment-service instance=Cassandras-MacBook-Pro.local scope=dapr.runtime.actors.reminders.migration type=log ver=1.16.0
time="2025-10-21T10:05:30.30928-05:00" level=info msg="Migrated 0 reminders from state store to scheduler successfully" app_id=payment-service instance=Cassandras-MacBook-Pro.local scope=dapr.runtime.actors.reminders.migration type=log ver=1.16.0
time="2025-10-21T10:05:30.521772-05:00" level=info msg="work item stream established by user-agent: [dapr-sdk-java/v1.16.0 grpc-java-netty/1.69.0]" app_id=payment-service instance=Cassandras-MacBook-Pro.local scope=dapr.runtime.wfengine type=log ver=1.16.0
time="2025-10-21T10:05:30.521835-05:00" level=info msg="Updating actor types: [dapr.internal.default.payment-service.activity dapr.internal.default.payment-service.workflow]" app_id=payment-service instance=Cassandras-MacBook-Pro.local scope=dapr.runtime.actors.placement type=log ver=1.16.0
time="2025-10-21T10:05:30.521914-05:00" level=info msg="Scheduler stream disconnected" app_id=payment-service instance=Cassandras-MacBook-Pro.local scope=dapr.runtime.scheduler.cluster type=log ver=1.16.0
time="2025-10-21T10:05:30.521919-05:00" level=info msg="Scheduler stream disconnected" app_id=payment-service instance=Cassandras-MacBook-Pro.local scope=dapr.runtime.scheduler.cluster type=log ver=1.16.0
time="2025-10-21T10:05:30.522047-05:00" level=info msg="Scheduler stream disconnected" app_id=payment-service instance=Cassandras-MacBook-Pro.local scope=dapr.runtime.scheduler.cluster type=log ver=1.16.0
time="2025-10-21T10:05:30.522107-05:00" level=info msg="Scheduler stream connected for [JOB_TARGET_TYPE_JOB]" app_id=payment-service instance=Cassandras-MacBook-Pro.local scope=dapr.runtime.scheduler.cluster type=log ver=1.16.0
time="2025-10-21T10:05:30.522107-05:00" level=info msg="Scheduler stream connected for [JOB_TARGET_TYPE_JOB]" app_id=payment-service instance=Cassandras-MacBook-Pro.local scope=dapr.runtime.scheduler.cluster type=log ver=1.16.0
time="2025-10-21T10:05:30.522107-05:00" level=info msg="Scheduler stream connected for [JOB_TARGET_TYPE_JOB]" app_id=payment-service instance=Cassandras-MacBook-Pro.local scope=dapr.runtime.scheduler.cluster type=log ver=1.16.0
Updating metadata for app command: java -jar target/payment-service-1.0.0.jar
Updating metadata for appPID: 44486
You're up and running! Dapr logs will appear here.

time="2025-10-21T10:05:34.697103-05:00" level=info msg="Placement tables updated, version: 112" app_id=payment-service instance=Cassandras-MacBook-Pro.local scope=dapr.runtime.actors.placement type=log ver=1.16.0
time="2025-10-21T10:05:34.697199-05:00" level=info msg="Running actor reminder migration from state store to scheduler" app_id=payment-service instance=Cassandras-MacBook-Pro.local scope=dapr.runtime.actors.reminders.migration type=log ver=1.16.0
time="2025-10-21T10:05:34.697996-05:00" level=info msg="Scheduler stream disconnected" app_id=payment-service instance=Cassandras-MacBook-Pro.local scope=dapr.runtime.scheduler.cluster type=log ver=1.16.0
time="2025-10-21T10:05:34.698015-05:00" level=info msg="Scheduler stream disconnected" app_id=payment-service instance=Cassandras-MacBook-Pro.local scope=dapr.runtime.scheduler.cluster type=log ver=1.16.0
time="2025-10-21T10:05:34.698043-05:00" level=info msg="Scheduler stream disconnected" app_id=payment-service instance=Cassandras-MacBook-Pro.local scope=dapr.runtime.scheduler.cluster type=log ver=1.16.0
time="2025-10-21T10:05:34.698292-05:00" level=info msg="Scheduler stream connected for [JOB_TARGET_TYPE_JOB JOB_TARGET_TYPE_ACTOR_REMINDER]" app_id=payment-service instance=Cassandras-MacBook-Pro.local scope=dapr.runtime.scheduler.cluster type=log ver=1.16.0
time="2025-10-21T10:05:34.698355-05:00" level=info msg="Scheduler stream connected for [JOB_TARGET_TYPE_JOB JOB_TARGET_TYPE_ACTOR_REMINDER]" app_id=payment-service instance=Cassandras-MacBook-Pro.local scope=dapr.runtime.scheduler.cluster type=log ver=1.16.0
time="2025-10-21T10:05:34.698369-05:00" level=info msg="Scheduler stream connected for [JOB_TARGET_TYPE_JOB JOB_TARGET_TYPE_ACTOR_REMINDER]" app_id=payment-service instance=Cassandras-MacBook-Pro.local scope=dapr.runtime.scheduler.cluster type=log ver=1.16.0
time="2025-10-21T10:05:34.706548-05:00" level=info msg="Skipping migration, no missing scheduler reminders found" app_id=payment-service instance=Cassandras-MacBook-Pro.local scope=dapr.runtime.actors.reminders.migration type=log ver=1.16.0
time="2025-10-21T10:05:34.706571-05:00" level=info msg="Found 0 missing scheduler reminders from state store" app_id=payment-service instance=Cassandras-MacBook-Pro.local scope=dapr.runtime.actors.reminders.migration type=log ver=1.16.0
time="2025-10-21T10:05:34.706595-05:00" level=info msg="Migrated 0 reminders from state store to scheduler successfully" app_id=payment-service instance=Cassandras-MacBook-Pro.local scope=dapr.runtime.actors.reminders.migration type=log ver=1.16.0
time="2025-10-21T10:06:47.402111-05:00" level=info msg="Received signal 'interrupt'; beginning shutdown" app_id=payment-service instance=Cassandras-MacBook-Pro.local scope=dapr.signals type=log ver=1.16.0
time="2025-10-21T10:06:47.402467-05:00" level=info msg="Actor runtime shutting down" app_id=payment-service instance=Cassandras-MacBook-Pro.local scope=dapr.runtime.actor type=log ver=1.16.0
time="2025-10-21T10:06:47.402601-05:00" level=error msg="Error communicating with placement: rpc error: code = Canceled desc = context canceled" app_id=payment-service instance=Cassandras-MacBook-Pro.local scope=dapr.runtime.actors.placement.client type=log ver=1.16.0
time="2025-10-21T10:06:47.402749-05:00" level=info msg="Scheduler stream disconnected" app_id=payment-service instance=Cassandras-MacBook-Pro.local scope=dapr.runtime.scheduler.cluster type=log ver=1.16.0
time="2025-10-21T10:06:47.40278-05:00" level=info msg="Scheduler stream disconnected" app_id=payment-service instance=Cassandras-MacBook-Pro.local scope=dapr.runtime.scheduler.cluster type=log ver=1.16.0
time="2025-10-21T10:06:47.402794-05:00" level=info msg="Scheduler stream disconnected" app_id=payment-service instance=Cassandras-MacBook-Pro.local scope=dapr.runtime.scheduler.cluster type=log ver=1.16.0

termination signal received: shutting down
time="2025-10-21T10:06:47.402872-05:00" level=info msg="backend stopping..." app_id=payment-service instance=Cassandras-MacBook-Pro.local scope=dapr.wfengine.durabletask.backend type=log ver=1.16.0
time="2025-10-21T10:06:47.40289-05:00" level=info msg="workers stopping and draining..." app_id=payment-service instance=Cassandras-MacBook-Pro.local scope=dapr.wfengine.durabletask.backend type=log ver=1.16.0
Exited Dapr successfully
Exited App successfully
time="2025-10-21T10:06:47.403067-05:00" level=info msg="activity-processor: worker stopped" app_id=payment-service instance=Cassandras-MacBook-Pro.local scope=dapr.wfengine.durabletask.backend type=log ver=1.16.0
time="2025-10-21T10:06:47.403179-05:00" level=info msg="Actor runtime stopped" app_id=payment-service instance=Cassandras-MacBook-Pro.local scope=dapr.runtime.actor type=log ver=1.16.0
time="2025-10-21T10:06:47.403413-05:00" level=info msg="orchestration-processor: worker stopped" app_id=payment-service instance=Cassandras-MacBook-Pro.local scope=dapr.wfengine.durabletask.backend type=log ver=1.16.0
