Starting Dapr with id payment-service. HTTP Port: 3506. gRPC Port: 50015
Updating metadata for cliPID: 56303
time="2025-09-25T10:33:54.439903-05:00" level=info msg="Starting Dapr Runtime -- version 1.16.0 -- commit b68296042c975d4ede1ed93ec6b0a579c2b6a020" app_id=payment-service instance=Mac-45.lan scope=dapr.runtime type=log ver=1.16.0
time="2025-09-25T10:33:54.440118-05:00" level=info msg="Log level set to: info" app_id=payment-service instance=Mac-45.lan scope=dapr.runtime type=log ver=1.16.0
time="2025-09-25T10:33:54.440365-05:00" level=warning msg="mTLS is disabled. Skipping certificate request and tls validation" app_id=payment-service instance=Mac-45.lan scope=dapr.runtime.security type=log ver=1.16.0
time="2025-09-25T10:33:54.441158-05:00" level=info msg="Enabled features: SchedulerReminders" app_id=payment-service instance=Mac-45.lan scope=dapr.runtime type=log ver=1.16.0
time="2025-09-25T10:33:54.441425-05:00" level=info msg="metric spec: {\"enabled\":true}" app_id=payment-service instance=Mac-45.lan scope=dapr.runtime.diagnostics type=log ver=1.16.0
time="2025-09-25T10:33:54.441562-05:00" level=info msg="Using default latency distribution buckets: [1 2 3 4 5 6 8 10 13 16 20 25 30 40 50 65 80 100 130 160 200 250 300 400 500 650 800 1000 2000 5000 10000 20000 50000 100000]" app_id=payment-service instance=Mac-45.lan scope=dapr.runtime.diagnostics type=log ver=1.16.0
time="2025-09-25T10:33:54.441918-05:00" level=warning msg="The default value for 'spec.metric.http.increasedCardinality' will change to 'false' in Dapr 1.15 or later" app_id=payment-service instance=Mac-45.lan scope=dapr.runtime.diagnostics type=log ver=1.16.0
time="2025-09-25T10:33:54.443698-05:00" level=info msg="standalone mode configured" app_id=payment-service instance=Mac-45.lan scope=dapr.runtime type=log ver=1.16.0
time="2025-09-25T10:33:54.443792-05:00" level=info msg="app id: payment-service" app_id=payment-service instance=Mac-45.lan scope=dapr.runtime type=log ver=1.16.0
time="2025-09-25T10:33:54.444349-05:00" level=info msg="Dapr trace sampler initialized: ParentBased{root:AlwaysOnSampler,remoteParentSampled:AlwaysOnSampler,remoteParentNotSampled:AlwaysOffSampler,localParentSampled:AlwaysOnSampler,localParentNotSampled:AlwaysOffSampler}" app_id=payment-service instance=Mac-45.lan scope=dapr.runtime type=log ver=1.16.0
time="2025-09-25T10:33:54.444496-05:00" level=info msg="metrics server started on 0.0.0.0:64369/" app_id=payment-service instance=Mac-45.lan scope=dapr.runtime type=log ver=1.16.0
time="2025-09-25T10:33:54.449012-05:00" level=info msg="local service entry announced: payment-service -> 192.168.1.82:64370" app_id=payment-service component="nr (mdns/v1)" instance=Mac-45.lan scope=dapr.contrib type=log ver=1.16.0
time="2025-09-25T10:33:54.449662-05:00" level=info msg="Initialized name resolution to mdns" app_id=payment-service instance=Mac-45.lan scope=dapr.runtime type=log ver=1.16.0
time="2025-09-25T10:33:54.453266-05:00" level=info msg="Loading components…" app_id=payment-service instance=Mac-45.lan scope=dapr.runtime type=log ver=1.16.0
time="2025-09-25T10:33:54.455472-05:00" level=info msg="Waiting for all outstanding components to be processed…" app_id=payment-service instance=Mac-45.lan scope=dapr.runtime type=log ver=1.16.0
time="2025-09-25T10:33:54.458161-05:00" level=info msg="Connected and received scheduler hosts addresses: [localhost:50006]" app_id=payment-service instance=Mac-45.lan scope=dapr.runtime.scheduler.watchhosts type=log ver=1.16.0
time="2025-09-25T10:33:54.458407-05:00" level=info msg="Scheduler client initialized for address: localhost:50006" app_id=payment-service instance=Mac-45.lan scope=dapr.runtime.scheduler.clients type=log ver=1.16.0
time="2025-09-25T10:33:54.458431-05:00" level=info msg="Scheduler clients initialized" app_id=payment-service instance=Mac-45.lan scope=dapr.runtime.scheduler.clients type=log ver=1.16.0
time="2025-09-25T10:33:54.464376-05:00" level=info msg="Using 'statestore' as actor state store" app_id=payment-service instance=Mac-45.lan scope=dapr.runtime.processor.state type=log ver=1.16.0
time="2025-09-25T10:33:54.464435-05:00" level=info msg="Component loaded: statestore (state.redis/v1)" app_id=payment-service instance=Mac-45.lan scope=dapr.runtime.processor type=log ver=1.16.0
time="2025-09-25T10:33:54.46445-05:00" level=info msg="All outstanding components processed" app_id=payment-service instance=Mac-45.lan scope=dapr.runtime type=log ver=1.16.0
time="2025-09-25T10:33:54.464458-05:00" level=info msg="Loading endpoints…" app_id=payment-service instance=Mac-45.lan scope=dapr.runtime type=log ver=1.16.0
time="2025-09-25T10:33:54.464992-05:00" level=info msg="Waiting for all outstanding http endpoints to be processed…" app_id=payment-service instance=Mac-45.lan scope=dapr.runtime type=log ver=1.16.0
time="2025-09-25T10:33:54.465038-05:00" level=info msg="All outstanding http endpoints processed" app_id=payment-service instance=Mac-45.lan scope=dapr.runtime type=log ver=1.16.0
time="2025-09-25T10:33:54.465056-05:00" level=info msg="Loading Declarative Subscriptions…" app_id=payment-service instance=Mac-45.lan scope=dapr.runtime type=log ver=1.16.0
time="2025-09-25T10:33:54.465543-05:00" level=info msg="gRPC server listening on TCP address: :50015" app_id=payment-service instance=Mac-45.lan scope=dapr.runtime.grpc.api type=log ver=1.16.0
time="2025-09-25T10:33:54.465574-05:00" level=info msg="Enabled gRPC tracing middleware" app_id=payment-service instance=Mac-45.lan scope=dapr.runtime.grpc.api type=log ver=1.16.0
time="2025-09-25T10:33:54.465586-05:00" level=info msg="Enabled gRPC metrics middleware" app_id=payment-service instance=Mac-45.lan scope=dapr.runtime.grpc.api type=log ver=1.16.0
time="2025-09-25T10:33:54.465664-05:00" level=info msg="Registering workflow engine for gRPC endpoint: [::]:50015" app_id=payment-service instance=Mac-45.lan scope=dapr.runtime.grpc.api type=log ver=1.16.0
time="2025-09-25T10:33:54.465709-05:00" level=info msg="API gRPC server is running on port 50015" app_id=payment-service instance=Mac-45.lan scope=dapr.runtime type=log ver=1.16.0
time="2025-09-25T10:33:54.465742-05:00" level=warning msg="The default value for 'spec.metric.http.increasedCardinality' will change to 'false' in Dapr 1.15 or later" app_id=payment-service instance=Mac-45.lan scope=dapr.runtime.http type=log ver=1.16.0
time="2025-09-25T10:33:54.465807-05:00" level=info msg="Enabled max body size HTTP middleware with size 4194304 bytes" app_id=payment-service instance=Mac-45.lan scope=dapr.runtime.http type=log ver=1.16.0
time="2025-09-25T10:33:54.465819-05:00" level=info msg="Enabled tracing HTTP middleware" app_id=payment-service instance=Mac-45.lan scope=dapr.runtime.http type=log ver=1.16.0
time="2025-09-25T10:33:54.465829-05:00" level=info msg="Enabled metrics HTTP middleware" app_id=payment-service instance=Mac-45.lan scope=dapr.runtime.http type=log ver=1.16.0
time="2025-09-25T10:33:54.466177-05:00" level=info msg="HTTP server listening on TCP address: :3506" app_id=payment-service instance=Mac-45.lan scope=dapr.runtime.http type=log ver=1.16.0
time="2025-09-25T10:33:54.466214-05:00" level=info msg="HTTP server is running on port 3506" app_id=payment-service instance=Mac-45.lan scope=dapr.runtime type=log ver=1.16.0
time="2025-09-25T10:33:54.466227-05:00" level=info msg="The request body size parameter is: 4194304 bytes" app_id=payment-service instance=Mac-45.lan scope=dapr.runtime type=log ver=1.16.0
time="2025-09-25T10:33:54.466278-05:00" level=info msg="gRPC server listening on TCP address: :64370" app_id=payment-service instance=Mac-45.lan scope=dapr.runtime.grpc.internal type=log ver=1.16.0
time="2025-09-25T10:33:54.466294-05:00" level=info msg="Enabled gRPC tracing middleware" app_id=payment-service instance=Mac-45.lan scope=dapr.runtime.grpc.internal type=log ver=1.16.0
time="2025-09-25T10:33:54.466303-05:00" level=info msg="Enabled gRPC metrics middleware" app_id=payment-service instance=Mac-45.lan scope=dapr.runtime.grpc.internal type=log ver=1.16.0
time="2025-09-25T10:33:54.466333-05:00" level=info msg="Internal gRPC server is running on :64370" app_id=payment-service instance=Mac-45.lan scope=dapr.runtime type=log ver=1.16.0
time="2025-09-25T10:33:54.46648-05:00" level=info msg="Using Scheduler service for reminders." app_id=payment-service instance=Mac-45.lan scope=dapr.runtime.actor.reminders.scheduler type=log ver=1.16.0
time="2025-09-25T10:33:54.466516-05:00" level=info msg="application protocol: http. waiting on port 50002.  This will block until the app is listening on that port." app_id=payment-service instance=Mac-45.lan scope=dapr.runtime type=log ver=1.16.0
time="2025-09-25T10:33:54.466577-05:00" level=info msg="Actor runtime started" app_id=payment-service instance=Mac-45.lan scope=dapr.runtime.actor type=log ver=1.16.0
time="2025-09-25T10:33:54.466606-05:00" level=warning msg="Graceful shutdown timeout is infinite, will wait indefinitely to shutdown" app_id=payment-service instance=Mac-45.lan scope=dapr.runtime.actor type=log ver=1.16.0
time="2025-09-25T10:33:54.466767-05:00" level=info msg="worker started with backend dapr.actors/v1" app_id=payment-service instance=Mac-45.lan scope=dapr.wfengine.durabletask.backend type=log ver=1.16.0
time="2025-09-25T10:33:54.466793-05:00" level=info msg="Workflow engine started" app_id=payment-service instance=Mac-45.lan scope=dapr.runtime.wfengine type=log ver=1.16.0
time="2025-09-25T10:33:54.668429-05:00" level=info msg="application discovered on port 50002" app_id=payment-service instance=Mac-45.lan scope=dapr.runtime type=log ver=1.16.0
time="2025-09-25T10:33:54.68382-05:00" level=info msg="Application configuration loaded" app_id=payment-service instance=Mac-45.lan scope=dapr.runtime type=log ver=1.16.0
time="2025-09-25T10:33:54.683862-05:00" level=info msg="Registering hosted actors: []" app_id=payment-service instance=Mac-45.lan scope=dapr.runtime.actor type=log ver=1.16.0
time="2025-09-25T10:33:54.683878-05:00" level=info msg="dapr initialized. Status: Running. Init Elapsed 240ms" app_id=payment-service instance=Mac-45.lan scope=dapr.runtime type=log ver=1.16.0
time="2025-09-25T10:33:54.683967-05:00" level=info msg="Reporting actor types: []" app_id=payment-service instance=Mac-45.lan scope=dapr.runtime.actors.placement type=log ver=1.16.0
time="2025-09-25T10:33:54.684024-05:00" level=info msg="Scheduler stream connected for [JOB_TARGET_TYPE_JOB]" app_id=payment-service instance=Mac-45.lan scope=dapr.runtime.scheduler.cluster type=log ver=1.16.0
time="2025-09-25T10:33:54.684039-05:00" level=info msg="Scheduler stream connected for [JOB_TARGET_TYPE_JOB]" app_id=payment-service instance=Mac-45.lan scope=dapr.runtime.scheduler.cluster type=log ver=1.16.0
time="2025-09-25T10:33:54.684062-05:00" level=info msg="Connected to placement localhost:50005" app_id=payment-service instance=Mac-45.lan scope=dapr.runtime.actors.placement.client.connector.static type=log ver=1.16.0
time="2025-09-25T10:33:54.684159-05:00" level=info msg="Scheduler stream connected for [JOB_TARGET_TYPE_JOB]" app_id=payment-service instance=Mac-45.lan scope=dapr.runtime.scheduler.cluster type=log ver=1.16.0
time="2025-09-25T10:33:54.68594-05:00" level=info msg="Connected to placement localhost:50005" app_id=payment-service instance=Mac-45.lan scope=dapr.runtime.actors.placement.client type=log ver=1.16.0
time="2025-09-25T10:33:54.687614-05:00" level=info msg="Placement tables updated, version: 99" app_id=payment-service instance=Mac-45.lan scope=dapr.runtime.actors.placement type=log ver=1.16.0
time="2025-09-25T10:33:54.687642-05:00" level=info msg="Running actor reminder migration from state store to scheduler" app_id=payment-service instance=Mac-45.lan scope=dapr.runtime.actors.reminders.migration type=log ver=1.16.0
time="2025-09-25T10:33:54.687653-05:00" level=info msg="Skipping migration, no missing scheduler reminders found" app_id=payment-service instance=Mac-45.lan scope=dapr.runtime.actors.reminders.migration type=log ver=1.16.0
time="2025-09-25T10:33:54.687658-05:00" level=info msg="Found 0 missing scheduler reminders from state store" app_id=payment-service instance=Mac-45.lan scope=dapr.runtime.actors.reminders.migration type=log ver=1.16.0
time="2025-09-25T10:33:54.687663-05:00" level=info msg="Migrated 0 reminders from state store to scheduler successfully" app_id=payment-service instance=Mac-45.lan scope=dapr.runtime.actors.reminders.migration type=log ver=1.16.0
time="2025-09-25T10:33:55.086554-05:00" level=info msg="work item stream established by user-agent: [dapr-sdk-java/v1.16.0 grpc-java-netty/1.69.0]" app_id=payment-service instance=Mac-45.lan scope=dapr.runtime.wfengine type=log ver=1.16.0
time="2025-09-25T10:33:55.08663-05:00" level=info msg="Updating actor types: [dapr.internal.default.payment-service.activity dapr.internal.default.payment-service.workflow]" app_id=payment-service instance=Mac-45.lan scope=dapr.runtime.actors.placement type=log ver=1.16.0
time="2025-09-25T10:33:55.086907-05:00" level=info msg="Scheduler stream disconnected" app_id=payment-service instance=Mac-45.lan scope=dapr.runtime.scheduler.cluster type=log ver=1.16.0
time="2025-09-25T10:33:55.086912-05:00" level=info msg="Scheduler stream disconnected" app_id=payment-service instance=Mac-45.lan scope=dapr.runtime.scheduler.cluster type=log ver=1.16.0
time="2025-09-25T10:33:55.086934-05:00" level=info msg="Scheduler stream disconnected" app_id=payment-service instance=Mac-45.lan scope=dapr.runtime.scheduler.cluster type=log ver=1.16.0
time="2025-09-25T10:33:55.08703-05:00" level=info msg="Scheduler stream connected for [JOB_TARGET_TYPE_JOB]" app_id=payment-service instance=Mac-45.lan scope=dapr.runtime.scheduler.cluster type=log ver=1.16.0
time="2025-09-25T10:33:55.087033-05:00" level=info msg="Scheduler stream connected for [JOB_TARGET_TYPE_JOB]" app_id=payment-service instance=Mac-45.lan scope=dapr.runtime.scheduler.cluster type=log ver=1.16.0
time="2025-09-25T10:33:55.087045-05:00" level=info msg="Scheduler stream connected for [JOB_TARGET_TYPE_JOB]" app_id=payment-service instance=Mac-45.lan scope=dapr.runtime.scheduler.cluster type=log ver=1.16.0
Updating metadata for app command: java -jar target/payment-service-1.0.0.jar
Updating metadata for appPID: 56333
You're up and running! Dapr logs will appear here.

time="2025-09-25T10:33:59.108222-05:00" level=info msg="Placement tables updated, version: 102" app_id=payment-service instance=Mac-45.lan scope=dapr.runtime.actors.placement type=log ver=1.16.0
time="2025-09-25T10:33:59.108316-05:00" level=info msg="Running actor reminder migration from state store to scheduler" app_id=payment-service instance=Mac-45.lan scope=dapr.runtime.actors.reminders.migration type=log ver=1.16.0
time="2025-09-25T10:33:59.108468-05:00" level=info msg="Scheduler stream disconnected" app_id=payment-service instance=Mac-45.lan scope=dapr.runtime.scheduler.cluster type=log ver=1.16.0
time="2025-09-25T10:33:59.108469-05:00" level=info msg="Scheduler stream disconnected" app_id=payment-service instance=Mac-45.lan scope=dapr.runtime.scheduler.cluster type=log ver=1.16.0
time="2025-09-25T10:33:59.108473-05:00" level=info msg="Scheduler stream disconnected" app_id=payment-service instance=Mac-45.lan scope=dapr.runtime.scheduler.cluster type=log ver=1.16.0
time="2025-09-25T10:33:59.10858-05:00" level=info msg="Scheduler stream connected for [JOB_TARGET_TYPE_JOB JOB_TARGET_TYPE_ACTOR_REMINDER]" app_id=payment-service instance=Mac-45.lan scope=dapr.runtime.scheduler.cluster type=log ver=1.16.0
time="2025-09-25T10:33:59.108593-05:00" level=info msg="Scheduler stream connected for [JOB_TARGET_TYPE_JOB JOB_TARGET_TYPE_ACTOR_REMINDER]" app_id=payment-service instance=Mac-45.lan scope=dapr.runtime.scheduler.cluster type=log ver=1.16.0
time="2025-09-25T10:33:59.108646-05:00" level=info msg="Scheduler stream connected for [JOB_TARGET_TYPE_JOB JOB_TARGET_TYPE_ACTOR_REMINDER]" app_id=payment-service instance=Mac-45.lan scope=dapr.runtime.scheduler.cluster type=log ver=1.16.0
time="2025-09-25T10:33:59.117355-05:00" level=info msg="Skipping migration, no missing scheduler reminders found" app_id=payment-service instance=Mac-45.lan scope=dapr.runtime.actors.reminders.migration type=log ver=1.16.0
time="2025-09-25T10:33:59.117376-05:00" level=info msg="Found 0 missing scheduler reminders from state store" app_id=payment-service instance=Mac-45.lan scope=dapr.runtime.actors.reminders.migration type=log ver=1.16.0
time="2025-09-25T10:33:59.117419-05:00" level=info msg="Migrated 0 reminders from state store to scheduler successfully" app_id=payment-service instance=Mac-45.lan scope=dapr.runtime.actors.reminders.migration type=log ver=1.16.0
time="2025-09-25T15:12:46.716727-05:00" level=info msg="Received signal 'interrupt'; beginning shutdown" app_id=payment-service instance=Mac-45.lan scope=dapr.signals type=log ver=1.16.0
time="2025-09-25T15:12:46.722413-05:00" level=info msg="Actor runtime shutting down" app_id=payment-service instance=Mac-45.lan scope=dapr.runtime.actor type=log ver=1.16.0
time="2025-09-25T15:12:46.722154-05:00" level=info msg="backend stopping..." app_id=payment-service instance=Mac-45.lan scope=dapr.wfengine.durabletask.backend type=log ver=1.16.0
time="2025-09-25T15:12:46.72435-05:00" level=info msg="Scheduler stream disconnected" app_id=payment-service instance=Mac-45.lan scope=dapr.runtime.scheduler.cluster type=log ver=1.16.0
time="2025-09-25T15:12:46.724359-05:00" level=info msg="Scheduler stream disconnected" app_id=payment-service instance=Mac-45.lan scope=dapr.runtime.scheduler.cluster type=log ver=1.16.0
time="2025-09-25T15:12:46.724536-05:00" level=info msg="Scheduler stream disconnected" app_id=payment-service instance=Mac-45.lan scope=dapr.runtime.scheduler.cluster type=log ver=1.16.0
time="2025-09-25T15:12:46.724109-05:00" level=info msg="orchestration-processor: worker stopped" app_id=payment-service instance=Mac-45.lan scope=dapr.wfengine.durabletask.backend type=log ver=1.16.0
time="2025-09-25T15:12:46.724434-05:00" level=info msg="workers stopping and draining..." app_id=payment-service instance=Mac-45.lan scope=dapr.wfengine.durabletask.backend type=log ver=1.16.0
time="2025-09-25T15:12:46.724525-05:00" level=info msg="activity-processor: worker stopped" app_id=payment-service instance=Mac-45.lan scope=dapr.wfengine.durabletask.backend type=log ver=1.16.0
time="2025-09-25T15:12:46.725672-05:00" level=info msg="finished stopping and draining workers!" app_id=payment-service instance=Mac-45.lan scope=dapr.wfengine.durabletask.backend type=log ver=1.16.0
time="2025-09-25T15:12:46.725936-05:00" level=info msg="Workflow engine stopped" app_id=payment-service instance=Mac-45.lan scope=dapr.runtime.wfengine type=log ver=1.16.0
time="2025-09-25T15:12:46.727911-05:00" level=error msg="Error communicating with placement: rpc error: code = Canceled desc = context canceled" app_id=payment-service instance=Mac-45.lan scope=dapr.runtime.actors.placement.client type=log ver=1.16.0

termination signal received: shutting down
time="2025-09-25T15:12:46.729046-05:00" level=info msg="Actor runtime stopped" app_id=payment-service instance=Mac-45.lan scope=dapr.runtime.actor type=log ver=1.16.0
Exited Dapr successfully
Exited App successfully
