Starting Dapr with id payment-service. HTTP Port: 3506. gRPC Port: 50015
Updating metadata for cliPID: 75932
time="2025-09-23T14:20:22.196193-05:00" level=info msg="Starting Dapr Runtime -- version 1.16.0 -- commit b68296042c975d4ede1ed93ec6b0a579c2b6a020" app_id=payment-service instance=Cassandras-MacBook-Pro.local scope=dapr.runtime type=log ver=1.16.0
time="2025-09-23T14:20:22.196242-05:00" level=info msg="Log level set to: info" app_id=payment-service instance=Cassandras-MacBook-Pro.local scope=dapr.runtime type=log ver=1.16.0
time="2025-09-23T14:20:22.196337-05:00" level=warning msg="mTLS is disabled. Skipping certificate request and tls validation" app_id=payment-service instance=Cassandras-MacBook-Pro.local scope=dapr.runtime.security type=log ver=1.16.0
time="2025-09-23T14:20:22.196637-05:00" level=info msg="Enabled features: SchedulerReminders" app_id=payment-service instance=Cassandras-MacBook-Pro.local scope=dapr.runtime type=log ver=1.16.0
time="2025-09-23T14:20:22.196683-05:00" level=info msg="metric spec: {\"enabled\":true}" app_id=payment-service instance=Cassandras-MacBook-Pro.local scope=dapr.runtime.diagnostics type=log ver=1.16.0
time="2025-09-23T14:20:22.196703-05:00" level=info msg="Using default latency distribution buckets: [1 2 3 4 5 6 8 10 13 16 20 25 30 40 50 65 80 100 130 160 200 250 300 400 500 650 800 1000 2000 5000 10000 20000 50000 100000]" app_id=payment-service instance=Cassandras-MacBook-Pro.local scope=dapr.runtime.diagnostics type=log ver=1.16.0
time="2025-09-23T14:20:22.196772-05:00" level=warning msg="The default value for 'spec.metric.http.increasedCardinality' will change to 'false' in Dapr 1.15 or later" app_id=payment-service instance=Cassandras-MacBook-Pro.local scope=dapr.runtime.diagnostics type=log ver=1.16.0
time="2025-09-23T14:20:22.197118-05:00" level=info msg="standalone mode configured" app_id=payment-service instance=Cassandras-MacBook-Pro.local scope=dapr.runtime type=log ver=1.16.0
time="2025-09-23T14:20:22.197177-05:00" level=info msg="app id: payment-service" app_id=payment-service instance=Cassandras-MacBook-Pro.local scope=dapr.runtime type=log ver=1.16.0
time="2025-09-23T14:20:22.197233-05:00" level=info msg="metrics server started on 0.0.0.0:54129/" app_id=payment-service instance=Cassandras-MacBook-Pro.local scope=dapr.runtime type=log ver=1.16.0
time="2025-09-23T14:20:22.197296-05:00" level=info msg="Dapr trace sampler initialized: ParentBased{root:AlwaysOnSampler,remoteParentSampled:AlwaysOnSampler,remoteParentNotSampled:AlwaysOffSampler,localParentSampled:AlwaysOnSampler,localParentNotSampled:AlwaysOffSampler}" app_id=payment-service instance=Cassandras-MacBook-Pro.local scope=dapr.runtime type=log ver=1.16.0
time="2025-09-23T14:20:22.197608-05:00" level=info msg="local service entry announced: payment-service -> 172.16.73.126:54130" app_id=payment-service component="nr (mdns/v1)" instance=Cassandras-MacBook-Pro.local scope=dapr.contrib type=log ver=1.16.0
time="2025-09-23T14:20:22.197623-05:00" level=info msg="Initialized name resolution to mdns" app_id=payment-service instance=Cassandras-MacBook-Pro.local scope=dapr.runtime type=log ver=1.16.0
time="2025-09-23T14:20:22.197707-05:00" level=info msg="Loading components…" app_id=payment-service instance=Cassandras-MacBook-Pro.local scope=dapr.runtime type=log ver=1.16.0
time="2025-09-23T14:20:22.197955-05:00" level=info msg="Waiting for all outstanding components to be processed…" app_id=payment-service instance=Cassandras-MacBook-Pro.local scope=dapr.runtime type=log ver=1.16.0
time="2025-09-23T14:20:22.203627-05:00" level=info msg="Connected and received scheduler hosts addresses: [localhost:50006]" app_id=payment-service instance=Cassandras-MacBook-Pro.local scope=dapr.runtime.scheduler.watchhosts type=log ver=1.16.0
time="2025-09-23T14:20:22.203717-05:00" level=info msg="Scheduler client initialized for address: localhost:50006" app_id=payment-service instance=Cassandras-MacBook-Pro.local scope=dapr.runtime.scheduler.clients type=log ver=1.16.0
time="2025-09-23T14:20:22.203725-05:00" level=info msg="Scheduler clients initialized" app_id=payment-service instance=Cassandras-MacBook-Pro.local scope=dapr.runtime.scheduler.clients type=log ver=1.16.0
time="2025-09-23T14:20:22.206873-05:00" level=info msg="Using 'statestore' as actor state store" app_id=payment-service instance=Cassandras-MacBook-Pro.local scope=dapr.runtime.processor.state type=log ver=1.16.0
time="2025-09-23T14:20:22.206893-05:00" level=info msg="Component loaded: statestore (state.redis/v1)" app_id=payment-service instance=Cassandras-MacBook-Pro.local scope=dapr.runtime.processor type=log ver=1.16.0
time="2025-09-23T14:20:22.206902-05:00" level=info msg="All outstanding components processed" app_id=payment-service instance=Cassandras-MacBook-Pro.local scope=dapr.runtime type=log ver=1.16.0
time="2025-09-23T14:20:22.206907-05:00" level=info msg="Loading endpoints…" app_id=payment-service instance=Cassandras-MacBook-Pro.local scope=dapr.runtime type=log ver=1.16.0
time="2025-09-23T14:20:22.206989-05:00" level=info msg="Waiting for all outstanding http endpoints to be processed…" app_id=payment-service instance=Cassandras-MacBook-Pro.local scope=dapr.runtime type=log ver=1.16.0
time="2025-09-23T14:20:22.206996-05:00" level=info msg="All outstanding http endpoints processed" app_id=payment-service instance=Cassandras-MacBook-Pro.local scope=dapr.runtime type=log ver=1.16.0
time="2025-09-23T14:20:22.207001-05:00" level=info msg="Loading Declarative Subscriptions…" app_id=payment-service instance=Cassandras-MacBook-Pro.local scope=dapr.runtime type=log ver=1.16.0
time="2025-09-23T14:20:22.207202-05:00" level=info msg="gRPC server listening on TCP address: :50015" app_id=payment-service instance=Cassandras-MacBook-Pro.local scope=dapr.runtime.grpc.api type=log ver=1.16.0
time="2025-09-23T14:20:22.207216-05:00" level=info msg="Enabled gRPC tracing middleware" app_id=payment-service instance=Cassandras-MacBook-Pro.local scope=dapr.runtime.grpc.api type=log ver=1.16.0
time="2025-09-23T14:20:22.20722-05:00" level=info msg="Enabled gRPC metrics middleware" app_id=payment-service instance=Cassandras-MacBook-Pro.local scope=dapr.runtime.grpc.api type=log ver=1.16.0
time="2025-09-23T14:20:22.207259-05:00" level=info msg="Registering workflow engine for gRPC endpoint: [::]:50015" app_id=payment-service instance=Cassandras-MacBook-Pro.local scope=dapr.runtime.grpc.api type=log ver=1.16.0
time="2025-09-23T14:20:22.207274-05:00" level=info msg="API gRPC server is running on port 50015" app_id=payment-service instance=Cassandras-MacBook-Pro.local scope=dapr.runtime type=log ver=1.16.0
time="2025-09-23T14:20:22.207286-05:00" level=warning msg="The default value for 'spec.metric.http.increasedCardinality' will change to 'false' in Dapr 1.15 or later" app_id=payment-service instance=Cassandras-MacBook-Pro.local scope=dapr.runtime.http type=log ver=1.16.0
time="2025-09-23T14:20:22.207313-05:00" level=info msg="Enabled max body size HTTP middleware with size 4194304 bytes" app_id=payment-service instance=Cassandras-MacBook-Pro.local scope=dapr.runtime.http type=log ver=1.16.0
time="2025-09-23T14:20:22.207318-05:00" level=info msg="Enabled tracing HTTP middleware" app_id=payment-service instance=Cassandras-MacBook-Pro.local scope=dapr.runtime.http type=log ver=1.16.0
time="2025-09-23T14:20:22.207322-05:00" level=info msg="Enabled metrics HTTP middleware" app_id=payment-service instance=Cassandras-MacBook-Pro.local scope=dapr.runtime.http type=log ver=1.16.0
time="2025-09-23T14:20:22.20749-05:00" level=info msg="HTTP server listening on TCP address: :3506" app_id=payment-service instance=Cassandras-MacBook-Pro.local scope=dapr.runtime.http type=log ver=1.16.0
time="2025-09-23T14:20:22.207503-05:00" level=info msg="HTTP server is running on port 3506" app_id=payment-service instance=Cassandras-MacBook-Pro.local scope=dapr.runtime type=log ver=1.16.0
time="2025-09-23T14:20:22.207508-05:00" level=info msg="The request body size parameter is: 4194304 bytes" app_id=payment-service instance=Cassandras-MacBook-Pro.local scope=dapr.runtime type=log ver=1.16.0
time="2025-09-23T14:20:22.207535-05:00" level=info msg="gRPC server listening on TCP address: :54130" app_id=payment-service instance=Cassandras-MacBook-Pro.local scope=dapr.runtime.grpc.internal type=log ver=1.16.0
time="2025-09-23T14:20:22.207548-05:00" level=info msg="Enabled gRPC tracing middleware" app_id=payment-service instance=Cassandras-MacBook-Pro.local scope=dapr.runtime.grpc.internal type=log ver=1.16.0
time="2025-09-23T14:20:22.207552-05:00" level=info msg="Enabled gRPC metrics middleware" app_id=payment-service instance=Cassandras-MacBook-Pro.local scope=dapr.runtime.grpc.internal type=log ver=1.16.0
time="2025-09-23T14:20:22.207564-05:00" level=info msg="Internal gRPC server is running on :54130" app_id=payment-service instance=Cassandras-MacBook-Pro.local scope=dapr.runtime type=log ver=1.16.0
time="2025-09-23T14:20:22.207612-05:00" level=info msg="Using Scheduler service for reminders." app_id=payment-service instance=Cassandras-MacBook-Pro.local scope=dapr.runtime.actor.reminders.scheduler type=log ver=1.16.0
time="2025-09-23T14:20:22.207625-05:00" level=info msg="application protocol: http. waiting on port 50002.  This will block until the app is listening on that port." app_id=payment-service instance=Cassandras-MacBook-Pro.local scope=dapr.runtime type=log ver=1.16.0
time="2025-09-23T14:20:22.20764-05:00" level=info msg="Actor runtime started" app_id=payment-service instance=Cassandras-MacBook-Pro.local scope=dapr.runtime.actor type=log ver=1.16.0
time="2025-09-23T14:20:22.207652-05:00" level=info msg="worker started with backend dapr.actors/v1" app_id=payment-service instance=Cassandras-MacBook-Pro.local scope=dapr.wfengine.durabletask.backend type=log ver=1.16.0
time="2025-09-23T14:20:22.20766-05:00" level=warning msg="Graceful shutdown timeout is infinite, will wait indefinitely to shutdown" app_id=payment-service instance=Cassandras-MacBook-Pro.local scope=dapr.runtime.actor type=log ver=1.16.0
time="2025-09-23T14:20:22.207676-05:00" level=info msg="Workflow engine started" app_id=payment-service instance=Cassandras-MacBook-Pro.local scope=dapr.runtime.wfengine type=log ver=1.16.0
Updating metadata for app command: java -jar target/payment-service-1.0.0.jar
Updating metadata for appPID: 75963
You're up and running! Dapr logs will appear here.

time="2025-09-23T14:20:30.665911-05:00" level=info msg="Received signal 'interrupt'; beginning shutdown" app_id=payment-service instance=Cassandras-MacBook-Pro.local scope=dapr.signals type=log ver=1.16.0
time="2025-09-23T14:20:30.666014-05:00" level=info msg="backend stopping..." app_id=payment-service instance=Cassandras-MacBook-Pro.local scope=dapr.wfengine.durabletask.backend type=log ver=1.16.0
time="2025-09-23T14:20:30.66603-05:00" level=info msg="workers stopping and draining..." app_id=payment-service instance=Cassandras-MacBook-Pro.local scope=dapr.wfengine.durabletask.backend type=log ver=1.16.0
time="2025-09-23T14:20:30.666202-05:00" level=info msg="orchestration-processor: worker stopped" app_id=payment-service instance=Cassandras-MacBook-Pro.local scope=dapr.wfengine.durabletask.backend type=log ver=1.16.0
time="2025-09-23T14:20:30.666232-05:00" level=info msg="activity-processor: worker stopped" app_id=payment-service instance=Cassandras-MacBook-Pro.local scope=dapr.wfengine.durabletask.backend type=log ver=1.16.0
time="2025-09-23T14:20:30.666253-05:00" level=info msg="Actor runtime shutting down" app_id=payment-service instance=Cassandras-MacBook-Pro.local scope=dapr.runtime.actor type=log ver=1.16.0
time="2025-09-23T14:20:30.666281-05:00" level=info msg="finished stopping and draining workers!" app_id=payment-service instance=Cassandras-MacBook-Pro.local scope=dapr.wfengine.durabletask.backend type=log ver=1.16.0
time="2025-09-23T14:20:30.6663-05:00" level=info msg="Workflow engine stopped" app_id=payment-service instance=Cassandras-MacBook-Pro.local scope=dapr.runtime.wfengine type=log ver=1.16.0
time="2025-09-23T14:20:30.6664-05:00" level=info msg="Actor runtime stopped" app_id=payment-service instance=Cassandras-MacBook-Pro.local scope=dapr.runtime.actor type=log ver=1.16.0
time="2025-09-23T14:20:30.666597-05:00" level=info msg="Dapr is shutting down" app_id=payment-service instance=Cassandras-MacBook-Pro.local scope=dapr.runtime type=log ver=1.16.0
time="2025-09-23T14:20:30.666626-05:00" level=info msg="Shutting down component statestore (state.redis/v1)" app_id=payment-service instance=Cassandras-MacBook-Pro.local scope=dapr.runtime type=log ver=1.16.0
time="2025-09-23T14:20:30.666664-05:00" level=info msg="Dapr runtime stopped" app_id=payment-service instance=Cassandras-MacBook-Pro.local scope=dapr.runtime type=log ver=1.16.0
time="2025-09-23T14:20:30.666729-05:00" level=info msg="Closing HTTP server [::]:3506…" app_id=payment-service instance=Cassandras-MacBook-Pro.local scope=dapr.runtime.http type=log ver=1.16.0

termination signal received: shutting down
Exited Dapr successfully
