Starting Dapr with id payment-service. HTTP Port: 3506. gRPC Port: 50015
Updating metadata for cliPID: 44914
time="2025-09-24T11:43:06.007387-05:00" level=info msg="Starting Dapr Runtime -- version 1.16.0 -- commit b68296042c975d4ede1ed93ec6b0a579c2b6a020" app_id=payment-service instance=Cassandras-MacBook-Pro.local scope=dapr.runtime type=log ver=1.16.0
time="2025-09-24T11:43:06.007415-05:00" level=info msg="Log level set to: info" app_id=payment-service instance=Cassandras-MacBook-Pro.local scope=dapr.runtime type=log ver=1.16.0
time="2025-09-24T11:43:06.00752-05:00" level=warning msg="mTLS is disabled. Skipping certificate request and tls validation" app_id=payment-service instance=Cassandras-MacBook-Pro.local scope=dapr.runtime.security type=log ver=1.16.0
time="2025-09-24T11:43:06.00788-05:00" level=info msg="Enabled features: SchedulerReminders" app_id=payment-service instance=Cassandras-MacBook-Pro.local scope=dapr.runtime type=log ver=1.16.0
time="2025-09-24T11:43:06.007918-05:00" level=info msg="metric spec: {\"enabled\":true}" app_id=payment-service instance=Cassandras-MacBook-Pro.local scope=dapr.runtime.diagnostics type=log ver=1.16.0
time="2025-09-24T11:43:06.007932-05:00" level=info msg="Using default latency distribution buckets: [1 2 3 4 5 6 8 10 13 16 20 25 30 40 50 65 80 100 130 160 200 250 300 400 500 650 800 1000 2000 5000 10000 20000 50000 100000]" app_id=payment-service instance=Cassandras-MacBook-Pro.local scope=dapr.runtime.diagnostics type=log ver=1.16.0
time="2025-09-24T11:43:06.008003-05:00" level=warning msg="The default value for 'spec.metric.http.increasedCardinality' will change to 'false' in Dapr 1.15 or later" app_id=payment-service instance=Cassandras-MacBook-Pro.local scope=dapr.runtime.diagnostics type=log ver=1.16.0
time="2025-09-24T11:43:06.008307-05:00" level=info msg="standalone mode configured" app_id=payment-service instance=Cassandras-MacBook-Pro.local scope=dapr.runtime type=log ver=1.16.0
time="2025-09-24T11:43:06.008317-05:00" level=info msg="app id: payment-service" app_id=payment-service instance=Cassandras-MacBook-Pro.local scope=dapr.runtime type=log ver=1.16.0
time="2025-09-24T11:43:06.00843-05:00" level=info msg="metrics server started on 0.0.0.0:53365/" app_id=payment-service instance=Cassandras-MacBook-Pro.local scope=dapr.runtime type=log ver=1.16.0
time="2025-09-24T11:43:06.008432-05:00" level=info msg="Dapr trace sampler initialized: ParentBased{root:AlwaysOnSampler,remoteParentSampled:AlwaysOnSampler,remoteParentNotSampled:AlwaysOffSampler,localParentSampled:AlwaysOnSampler,localParentNotSampled:AlwaysOffSampler}" app_id=payment-service instance=Cassandras-MacBook-Pro.local scope=dapr.runtime type=log ver=1.16.0
time="2025-09-24T11:43:06.008713-05:00" level=info msg="local service entry announced: payment-service -> 192.168.1.125:53366" app_id=payment-service component="nr (mdns/v1)" instance=Cassandras-MacBook-Pro.local scope=dapr.contrib type=log ver=1.16.0
time="2025-09-24T11:43:06.008727-05:00" level=info msg="Initialized name resolution to mdns" app_id=payment-service instance=Cassandras-MacBook-Pro.local scope=dapr.runtime type=log ver=1.16.0
time="2025-09-24T11:43:06.009669-05:00" level=info msg="Loading components…" app_id=payment-service instance=Cassandras-MacBook-Pro.local scope=dapr.runtime type=log ver=1.16.0
time="2025-09-24T11:43:06.01018-05:00" level=info msg="Waiting for all outstanding components to be processed…" app_id=payment-service instance=Cassandras-MacBook-Pro.local scope=dapr.runtime type=log ver=1.16.0
time="2025-09-24T11:43:06.012645-05:00" level=info msg="Connected and received scheduler hosts addresses: [localhost:50006]" app_id=payment-service instance=Cassandras-MacBook-Pro.local scope=dapr.runtime.scheduler.watchhosts type=log ver=1.16.0
time="2025-09-24T11:43:06.012786-05:00" level=info msg="Scheduler client initialized for address: localhost:50006" app_id=payment-service instance=Cassandras-MacBook-Pro.local scope=dapr.runtime.scheduler.clients type=log ver=1.16.0
time="2025-09-24T11:43:06.012802-05:00" level=info msg="Scheduler clients initialized" app_id=payment-service instance=Cassandras-MacBook-Pro.local scope=dapr.runtime.scheduler.clients type=log ver=1.16.0
time="2025-09-24T11:43:06.013779-05:00" level=info msg="Using 'statestore' as actor state store" app_id=payment-service instance=Cassandras-MacBook-Pro.local scope=dapr.runtime.processor.state type=log ver=1.16.0
time="2025-09-24T11:43:06.013809-05:00" level=info msg="Component loaded: statestore (state.redis/v1)" app_id=payment-service instance=Cassandras-MacBook-Pro.local scope=dapr.runtime.processor type=log ver=1.16.0
time="2025-09-24T11:43:06.013819-05:00" level=info msg="All outstanding components processed" app_id=payment-service instance=Cassandras-MacBook-Pro.local scope=dapr.runtime type=log ver=1.16.0
time="2025-09-24T11:43:06.013831-05:00" level=info msg="Loading endpoints…" app_id=payment-service instance=Cassandras-MacBook-Pro.local scope=dapr.runtime type=log ver=1.16.0
time="2025-09-24T11:43:06.013952-05:00" level=info msg="Waiting for all outstanding http endpoints to be processed…" app_id=payment-service instance=Cassandras-MacBook-Pro.local scope=dapr.runtime type=log ver=1.16.0
time="2025-09-24T11:43:06.013961-05:00" level=info msg="All outstanding http endpoints processed" app_id=payment-service instance=Cassandras-MacBook-Pro.local scope=dapr.runtime type=log ver=1.16.0
time="2025-09-24T11:43:06.013967-05:00" level=info msg="Loading Declarative Subscriptions…" app_id=payment-service instance=Cassandras-MacBook-Pro.local scope=dapr.runtime type=log ver=1.16.0
time="2025-09-24T11:43:06.014152-05:00" level=info msg="gRPC server listening on TCP address: :50015" app_id=payment-service instance=Cassandras-MacBook-Pro.local scope=dapr.runtime.grpc.api type=log ver=1.16.0
time="2025-09-24T11:43:06.014161-05:00" level=info msg="Enabled gRPC tracing middleware" app_id=payment-service instance=Cassandras-MacBook-Pro.local scope=dapr.runtime.grpc.api type=log ver=1.16.0
time="2025-09-24T11:43:06.014165-05:00" level=info msg="Enabled gRPC metrics middleware" app_id=payment-service instance=Cassandras-MacBook-Pro.local scope=dapr.runtime.grpc.api type=log ver=1.16.0
time="2025-09-24T11:43:06.014216-05:00" level=info msg="Registering workflow engine for gRPC endpoint: [::]:50015" app_id=payment-service instance=Cassandras-MacBook-Pro.local scope=dapr.runtime.grpc.api type=log ver=1.16.0
time="2025-09-24T11:43:06.014241-05:00" level=info msg="API gRPC server is running on port 50015" app_id=payment-service instance=Cassandras-MacBook-Pro.local scope=dapr.runtime type=log ver=1.16.0
time="2025-09-24T11:43:06.014257-05:00" level=warning msg="The default value for 'spec.metric.http.increasedCardinality' will change to 'false' in Dapr 1.15 or later" app_id=payment-service instance=Cassandras-MacBook-Pro.local scope=dapr.runtime.http type=log ver=1.16.0
time="2025-09-24T11:43:06.014283-05:00" level=info msg="Enabled max body size HTTP middleware with size 4194304 bytes" app_id=payment-service instance=Cassandras-MacBook-Pro.local scope=dapr.runtime.http type=log ver=1.16.0
time="2025-09-24T11:43:06.014288-05:00" level=info msg="Enabled tracing HTTP middleware" app_id=payment-service instance=Cassandras-MacBook-Pro.local scope=dapr.runtime.http type=log ver=1.16.0
time="2025-09-24T11:43:06.014292-05:00" level=info msg="Enabled metrics HTTP middleware" app_id=payment-service instance=Cassandras-MacBook-Pro.local scope=dapr.runtime.http type=log ver=1.16.0
time="2025-09-24T11:43:06.014457-05:00" level=info msg="HTTP server listening on TCP address: :3506" app_id=payment-service instance=Cassandras-MacBook-Pro.local scope=dapr.runtime.http type=log ver=1.16.0
time="2025-09-24T11:43:06.01447-05:00" level=info msg="HTTP server is running on port 3506" app_id=payment-service instance=Cassandras-MacBook-Pro.local scope=dapr.runtime type=log ver=1.16.0
time="2025-09-24T11:43:06.014475-05:00" level=info msg="The request body size parameter is: 4194304 bytes" app_id=payment-service instance=Cassandras-MacBook-Pro.local scope=dapr.runtime type=log ver=1.16.0
time="2025-09-24T11:43:06.014498-05:00" level=info msg="gRPC server listening on TCP address: :53366" app_id=payment-service instance=Cassandras-MacBook-Pro.local scope=dapr.runtime.grpc.internal type=log ver=1.16.0
time="2025-09-24T11:43:06.014511-05:00" level=info msg="Enabled gRPC tracing middleware" app_id=payment-service instance=Cassandras-MacBook-Pro.local scope=dapr.runtime.grpc.internal type=log ver=1.16.0
time="2025-09-24T11:43:06.014515-05:00" level=info msg="Enabled gRPC metrics middleware" app_id=payment-service instance=Cassandras-MacBook-Pro.local scope=dapr.runtime.grpc.internal type=log ver=1.16.0
time="2025-09-24T11:43:06.014531-05:00" level=info msg="Internal gRPC server is running on :53366" app_id=payment-service instance=Cassandras-MacBook-Pro.local scope=dapr.runtime type=log ver=1.16.0
time="2025-09-24T11:43:06.014582-05:00" level=info msg="Using Scheduler service for reminders." app_id=payment-service instance=Cassandras-MacBook-Pro.local scope=dapr.runtime.actor.reminders.scheduler type=log ver=1.16.0
time="2025-09-24T11:43:06.014595-05:00" level=info msg="application protocol: http. waiting on port 50002.  This will block until the app is listening on that port." app_id=payment-service instance=Cassandras-MacBook-Pro.local scope=dapr.runtime type=log ver=1.16.0
time="2025-09-24T11:43:06.014607-05:00" level=info msg="Actor runtime started" app_id=payment-service instance=Cassandras-MacBook-Pro.local scope=dapr.runtime.actor type=log ver=1.16.0
time="2025-09-24T11:43:06.014619-05:00" level=warning msg="Graceful shutdown timeout is infinite, will wait indefinitely to shutdown" app_id=payment-service instance=Cassandras-MacBook-Pro.local scope=dapr.runtime.actor type=log ver=1.16.0
time="2025-09-24T11:43:06.014624-05:00" level=info msg="worker started with backend dapr.actors/v1" app_id=payment-service instance=Cassandras-MacBook-Pro.local scope=dapr.wfengine.durabletask.backend type=log ver=1.16.0
time="2025-09-24T11:43:06.014647-05:00" level=info msg="Workflow engine started" app_id=payment-service instance=Cassandras-MacBook-Pro.local scope=dapr.runtime.wfengine type=log ver=1.16.0
time="2025-09-24T11:43:06.115573-05:00" level=info msg="application discovered on port 50002" app_id=payment-service instance=Cassandras-MacBook-Pro.local scope=dapr.runtime type=log ver=1.16.0
time="2025-09-24T11:43:06.133598-05:00" level=info msg="Application configuration loaded" app_id=payment-service instance=Cassandras-MacBook-Pro.local scope=dapr.runtime type=log ver=1.16.0
time="2025-09-24T11:43:06.133627-05:00" level=info msg="Registering hosted actors: []" app_id=payment-service instance=Cassandras-MacBook-Pro.local scope=dapr.runtime.actor type=log ver=1.16.0
time="2025-09-24T11:43:06.133643-05:00" level=info msg="dapr initialized. Status: Running. Init Elapsed 125ms" app_id=payment-service instance=Cassandras-MacBook-Pro.local scope=dapr.runtime type=log ver=1.16.0
time="2025-09-24T11:43:06.13372-05:00" level=info msg="Reporting actor types: []" app_id=payment-service instance=Cassandras-MacBook-Pro.local scope=dapr.runtime.actors.placement type=log ver=1.16.0
time="2025-09-24T11:43:06.133777-05:00" level=info msg="Scheduler stream connected for [JOB_TARGET_TYPE_JOB]" app_id=payment-service instance=Cassandras-MacBook-Pro.local scope=dapr.runtime.scheduler.cluster type=log ver=1.16.0
time="2025-09-24T11:43:06.133778-05:00" level=info msg="Scheduler stream connected for [JOB_TARGET_TYPE_JOB]" app_id=payment-service instance=Cassandras-MacBook-Pro.local scope=dapr.runtime.scheduler.cluster type=log ver=1.16.0
time="2025-09-24T11:43:06.133792-05:00" level=info msg="Scheduler stream connected for [JOB_TARGET_TYPE_JOB]" app_id=payment-service instance=Cassandras-MacBook-Pro.local scope=dapr.runtime.scheduler.cluster type=log ver=1.16.0
time="2025-09-24T11:43:06.133814-05:00" level=info msg="Connected to placement localhost:50005" app_id=payment-service instance=Cassandras-MacBook-Pro.local scope=dapr.runtime.actors.placement.client.connector.static type=log ver=1.16.0
time="2025-09-24T11:43:06.135108-05:00" level=info msg="Connected to placement localhost:50005" app_id=payment-service instance=Cassandras-MacBook-Pro.local scope=dapr.runtime.actors.placement.client type=log ver=1.16.0
time="2025-09-24T11:43:06.136586-05:00" level=info msg="Placement tables updated, version: 65" app_id=payment-service instance=Cassandras-MacBook-Pro.local scope=dapr.runtime.actors.placement type=log ver=1.16.0
time="2025-09-24T11:43:06.13661-05:00" level=info msg="Running actor reminder migration from state store to scheduler" app_id=payment-service instance=Cassandras-MacBook-Pro.local scope=dapr.runtime.actors.reminders.migration type=log ver=1.16.0
time="2025-09-24T11:43:06.136618-05:00" level=info msg="Skipping migration, no missing scheduler reminders found" app_id=payment-service instance=Cassandras-MacBook-Pro.local scope=dapr.runtime.actors.reminders.migration type=log ver=1.16.0
time="2025-09-24T11:43:06.136624-05:00" level=info msg="Found 0 missing scheduler reminders from state store" app_id=payment-service instance=Cassandras-MacBook-Pro.local scope=dapr.runtime.actors.reminders.migration type=log ver=1.16.0
time="2025-09-24T11:43:06.136629-05:00" level=info msg="Migrated 0 reminders from state store to scheduler successfully" app_id=payment-service instance=Cassandras-MacBook-Pro.local scope=dapr.runtime.actors.reminders.migration type=log ver=1.16.0
time="2025-09-24T11:43:06.446866-05:00" level=info msg="work item stream established by user-agent: [dapr-sdk-java/v1.16.0 grpc-java-netty/1.69.0]" app_id=payment-service instance=Cassandras-MacBook-Pro.local scope=dapr.runtime.wfengine type=log ver=1.16.0
time="2025-09-24T11:43:06.446943-05:00" level=info msg="Updating actor types: [dapr.internal.default.payment-service.activity dapr.internal.default.payment-service.workflow]" app_id=payment-service instance=Cassandras-MacBook-Pro.local scope=dapr.runtime.actors.placement type=log ver=1.16.0
time="2025-09-24T11:43:06.447-05:00" level=info msg="Scheduler stream disconnected" app_id=payment-service instance=Cassandras-MacBook-Pro.local scope=dapr.runtime.scheduler.cluster type=log ver=1.16.0
time="2025-09-24T11:43:06.44722-05:00" level=info msg="Scheduler stream disconnected" app_id=payment-service instance=Cassandras-MacBook-Pro.local scope=dapr.runtime.scheduler.cluster type=log ver=1.16.0
time="2025-09-24T11:43:06.447229-05:00" level=info msg="Scheduler stream disconnected" app_id=payment-service instance=Cassandras-MacBook-Pro.local scope=dapr.runtime.scheduler.cluster type=log ver=1.16.0
time="2025-09-24T11:43:06.447313-05:00" level=info msg="Scheduler stream connected for [JOB_TARGET_TYPE_JOB]" app_id=payment-service instance=Cassandras-MacBook-Pro.local scope=dapr.runtime.scheduler.cluster type=log ver=1.16.0
time="2025-09-24T11:43:06.447314-05:00" level=info msg="Scheduler stream connected for [JOB_TARGET_TYPE_JOB]" app_id=payment-service instance=Cassandras-MacBook-Pro.local scope=dapr.runtime.scheduler.cluster type=log ver=1.16.0
time="2025-09-24T11:43:06.44738-05:00" level=info msg="Scheduler stream connected for [JOB_TARGET_TYPE_JOB]" app_id=payment-service instance=Cassandras-MacBook-Pro.local scope=dapr.runtime.scheduler.cluster type=log ver=1.16.0
Updating metadata for app command: java -jar target/payment-service-1.0.0.jar
Updating metadata for appPID: 44977
You're up and running! Dapr logs will appear here.

time="2025-09-24T11:43:10.609125-05:00" level=info msg="Placement tables updated, version: 68" app_id=payment-service instance=Cassandras-MacBook-Pro.local scope=dapr.runtime.actors.placement type=log ver=1.16.0
time="2025-09-24T11:43:10.609199-05:00" level=info msg="Running actor reminder migration from state store to scheduler" app_id=payment-service instance=Cassandras-MacBook-Pro.local scope=dapr.runtime.actors.reminders.migration type=log ver=1.16.0
time="2025-09-24T11:43:10.60981-05:00" level=info msg="Scheduler stream disconnected" app_id=payment-service instance=Cassandras-MacBook-Pro.local scope=dapr.runtime.scheduler.cluster type=log ver=1.16.0
time="2025-09-24T11:43:10.609868-05:00" level=info msg="Scheduler stream disconnected" app_id=payment-service instance=Cassandras-MacBook-Pro.local scope=dapr.runtime.scheduler.cluster type=log ver=1.16.0
time="2025-09-24T11:43:10.609926-05:00" level=info msg="Scheduler stream disconnected" app_id=payment-service instance=Cassandras-MacBook-Pro.local scope=dapr.runtime.scheduler.cluster type=log ver=1.16.0
time="2025-09-24T11:43:10.610037-05:00" level=info msg="Scheduler stream connected for [JOB_TARGET_TYPE_JOB JOB_TARGET_TYPE_ACTOR_REMINDER]" app_id=payment-service instance=Cassandras-MacBook-Pro.local scope=dapr.runtime.scheduler.cluster type=log ver=1.16.0
time="2025-09-24T11:43:10.610085-05:00" level=info msg="Scheduler stream connected for [JOB_TARGET_TYPE_JOB JOB_TARGET_TYPE_ACTOR_REMINDER]" app_id=payment-service instance=Cassandras-MacBook-Pro.local scope=dapr.runtime.scheduler.cluster type=log ver=1.16.0
time="2025-09-24T11:43:10.610202-05:00" level=info msg="Scheduler stream connected for [JOB_TARGET_TYPE_JOB JOB_TARGET_TYPE_ACTOR_REMINDER]" app_id=payment-service instance=Cassandras-MacBook-Pro.local scope=dapr.runtime.scheduler.cluster type=log ver=1.16.0
time="2025-09-24T11:43:10.623141-05:00" level=info msg="Skipping migration, no missing scheduler reminders found" app_id=payment-service instance=Cassandras-MacBook-Pro.local scope=dapr.runtime.actors.reminders.migration type=log ver=1.16.0
time="2025-09-24T11:43:10.623228-05:00" level=info msg="Found 0 missing scheduler reminders from state store" app_id=payment-service instance=Cassandras-MacBook-Pro.local scope=dapr.runtime.actors.reminders.migration type=log ver=1.16.0
time="2025-09-24T11:43:10.623251-05:00" level=info msg="Migrated 0 reminders from state store to scheduler successfully" app_id=payment-service instance=Cassandras-MacBook-Pro.local scope=dapr.runtime.actors.reminders.migration type=log ver=1.16.0
time="2025-09-24T11:43:58.193178-05:00" level=info msg="Received signal 'interrupt'; beginning shutdown" app_id=payment-service instance=Cassandras-MacBook-Pro.local scope=dapr.signals type=log ver=1.16.0
time="2025-09-24T11:43:58.194182-05:00" level=info msg="backend stopping..." app_id=payment-service instance=Cassandras-MacBook-Pro.local scope=dapr.wfengine.durabletask.backend type=log ver=1.16.0
time="2025-09-24T11:43:58.194235-05:00" level=info msg="workers stopping and draining..." app_id=payment-service instance=Cassandras-MacBook-Pro.local scope=dapr.wfengine.durabletask.backend type=log ver=1.16.0

termination signal received: shutting down
Exited Dapr successfully
time="2025-09-24T11:43:58.194765-05:00" level=info msg="Actor runtime shutting down" app_id=payment-service instance=Cassandras-MacBook-Pro.local scope=dapr.runtime.actor type=log ver=1.16.0
time="2025-09-24T11:43:58.194937-05:00" level=info msg="Scheduler stream disconnected" app_id=payment-service instance=Cassandras-MacBook-Pro.local scope=dapr.runtime.scheduler.cluster type=log ver=1.16.0
time="2025-09-24T11:43:58.194986-05:00" level=info msg="Scheduler stream disconnected" app_id=payment-service instance=Cassandras-MacBook-Pro.local scope=dapr.runtime.scheduler.cluster type=log ver=1.16.0
time="2025-09-24T11:43:58.195029-05:00" level=info msg="Scheduler stream disconnected" app_id=payment-service instance=Cassandras-MacBook-Pro.local scope=dapr.runtime.scheduler.cluster type=log ver=1.16.0
Exited App successfully
