Starting Dapr with id order-orchestrator. HTTP Port: 3505. gRPC Port: 50014
Updating metadata for cliPID: 56303
time="2025-09-25T10:33:53.406779-05:00" level=info msg="Starting Dapr Runtime -- version 1.16.0 -- commit b68296042c975d4ede1ed93ec6b0a579c2b6a020" app_id=order-orchestrator instance=Mac-45.lan scope=dapr.runtime type=log ver=1.16.0
time="2025-09-25T10:33:53.406978-05:00" level=info msg="Log level set to: info" app_id=order-orchestrator instance=Mac-45.lan scope=dapr.runtime type=log ver=1.16.0
time="2025-09-25T10:33:53.408028-05:00" level=warning msg="mTLS is disabled. Skipping certificate request and tls validation" app_id=order-orchestrator instance=Mac-45.lan scope=dapr.runtime.security type=log ver=1.16.0
time="2025-09-25T10:33:53.412644-05:00" level=info msg="Enabled features: SchedulerReminders" app_id=order-orchestrator instance=Mac-45.lan scope=dapr.runtime type=log ver=1.16.0
time="2025-09-25T10:33:53.413213-05:00" level=info msg="metric spec: {\"enabled\":true}" app_id=order-orchestrator instance=Mac-45.lan scope=dapr.runtime.diagnostics type=log ver=1.16.0
time="2025-09-25T10:33:53.413256-05:00" level=info msg="Using default latency distribution buckets: [1 2 3 4 5 6 8 10 13 16 20 25 30 40 50 65 80 100 130 160 200 250 300 400 500 650 800 1000 2000 5000 10000 20000 50000 100000]" app_id=order-orchestrator instance=Mac-45.lan scope=dapr.runtime.diagnostics type=log ver=1.16.0
time="2025-09-25T10:33:53.414259-05:00" level=warning msg="The default value for 'spec.metric.http.increasedCardinality' will change to 'false' in Dapr 1.15 or later" app_id=order-orchestrator instance=Mac-45.lan scope=dapr.runtime.diagnostics type=log ver=1.16.0
time="2025-09-25T10:33:53.416937-05:00" level=info msg="standalone mode configured" app_id=order-orchestrator instance=Mac-45.lan scope=dapr.runtime type=log ver=1.16.0
time="2025-09-25T10:33:53.417063-05:00" level=info msg="app id: order-orchestrator" app_id=order-orchestrator instance=Mac-45.lan scope=dapr.runtime type=log ver=1.16.0
time="2025-09-25T10:33:53.418544-05:00" level=info msg="metrics server started on 0.0.0.0:64339/" app_id=order-orchestrator instance=Mac-45.lan scope=dapr.runtime type=log ver=1.16.0
time="2025-09-25T10:33:53.419913-05:00" level=info msg="Dapr trace sampler initialized: ParentBased{root:AlwaysOnSampler,remoteParentSampled:AlwaysOnSampler,remoteParentNotSampled:AlwaysOffSampler,localParentSampled:AlwaysOnSampler,localParentNotSampled:AlwaysOffSampler}" app_id=order-orchestrator instance=Mac-45.lan scope=dapr.runtime type=log ver=1.16.0
time="2025-09-25T10:33:53.427177-05:00" level=info msg="local service entry announced: order-orchestrator -> 192.168.1.82:64340" app_id=order-orchestrator component="nr (mdns/v1)" instance=Mac-45.lan scope=dapr.contrib type=log ver=1.16.0
time="2025-09-25T10:33:53.427288-05:00" level=info msg="Initialized name resolution to mdns" app_id=order-orchestrator instance=Mac-45.lan scope=dapr.runtime type=log ver=1.16.0
time="2025-09-25T10:33:53.428024-05:00" level=info msg="Loading components…" app_id=order-orchestrator instance=Mac-45.lan scope=dapr.runtime type=log ver=1.16.0
time="2025-09-25T10:33:53.428837-05:00" level=info msg="Waiting for all outstanding components to be processed…" app_id=order-orchestrator instance=Mac-45.lan scope=dapr.runtime type=log ver=1.16.0
time="2025-09-25T10:33:53.433154-05:00" level=info msg="Connected and received scheduler hosts addresses: [localhost:50006]" app_id=order-orchestrator instance=Mac-45.lan scope=dapr.runtime.scheduler.watchhosts type=log ver=1.16.0
time="2025-09-25T10:33:53.433282-05:00" level=info msg="Scheduler client initialized for address: localhost:50006" app_id=order-orchestrator instance=Mac-45.lan scope=dapr.runtime.scheduler.clients type=log ver=1.16.0
time="2025-09-25T10:33:53.433295-05:00" level=info msg="Scheduler clients initialized" app_id=order-orchestrator instance=Mac-45.lan scope=dapr.runtime.scheduler.clients type=log ver=1.16.0
time="2025-09-25T10:33:53.439376-05:00" level=info msg="Using 'statestore' as actor state store" app_id=order-orchestrator instance=Mac-45.lan scope=dapr.runtime.processor.state type=log ver=1.16.0
time="2025-09-25T10:33:53.441071-05:00" level=info msg="Component loaded: statestore (state.redis/v1)" app_id=order-orchestrator instance=Mac-45.lan scope=dapr.runtime.processor type=log ver=1.16.0
time="2025-09-25T10:33:53.441087-05:00" level=info msg="All outstanding components processed" app_id=order-orchestrator instance=Mac-45.lan scope=dapr.runtime type=log ver=1.16.0
time="2025-09-25T10:33:53.441094-05:00" level=info msg="Loading endpoints…" app_id=order-orchestrator instance=Mac-45.lan scope=dapr.runtime type=log ver=1.16.0
time="2025-09-25T10:33:53.441238-05:00" level=info msg="Waiting for all outstanding http endpoints to be processed…" app_id=order-orchestrator instance=Mac-45.lan scope=dapr.runtime type=log ver=1.16.0
time="2025-09-25T10:33:53.441252-05:00" level=info msg="All outstanding http endpoints processed" app_id=order-orchestrator instance=Mac-45.lan scope=dapr.runtime type=log ver=1.16.0
time="2025-09-25T10:33:53.441257-05:00" level=info msg="Loading Declarative Subscriptions…" app_id=order-orchestrator instance=Mac-45.lan scope=dapr.runtime type=log ver=1.16.0
time="2025-09-25T10:33:53.441791-05:00" level=info msg="gRPC server listening on TCP address: :50014" app_id=order-orchestrator instance=Mac-45.lan scope=dapr.runtime.grpc.api type=log ver=1.16.0
time="2025-09-25T10:33:53.442078-05:00" level=info msg="Enabled gRPC tracing middleware" app_id=order-orchestrator instance=Mac-45.lan scope=dapr.runtime.grpc.api type=log ver=1.16.0
time="2025-09-25T10:33:53.442088-05:00" level=info msg="Enabled gRPC metrics middleware" app_id=order-orchestrator instance=Mac-45.lan scope=dapr.runtime.grpc.api type=log ver=1.16.0
time="2025-09-25T10:33:53.442323-05:00" level=info msg="Registering workflow engine for gRPC endpoint: [::]:50014" app_id=order-orchestrator instance=Mac-45.lan scope=dapr.runtime.grpc.api type=log ver=1.16.0
time="2025-09-25T10:33:53.442667-05:00" level=info msg="API gRPC server is running on port 50014" app_id=order-orchestrator instance=Mac-45.lan scope=dapr.runtime type=log ver=1.16.0
time="2025-09-25T10:33:53.443156-05:00" level=warning msg="The default value for 'spec.metric.http.increasedCardinality' will change to 'false' in Dapr 1.15 or later" app_id=order-orchestrator instance=Mac-45.lan scope=dapr.runtime.http type=log ver=1.16.0
time="2025-09-25T10:33:53.443412-05:00" level=info msg="Enabled max body size HTTP middleware with size 4194304 bytes" app_id=order-orchestrator instance=Mac-45.lan scope=dapr.runtime.http type=log ver=1.16.0
time="2025-09-25T10:33:53.443466-05:00" level=info msg="Enabled tracing HTTP middleware" app_id=order-orchestrator instance=Mac-45.lan scope=dapr.runtime.http type=log ver=1.16.0
time="2025-09-25T10:33:53.443483-05:00" level=info msg="Enabled metrics HTTP middleware" app_id=order-orchestrator instance=Mac-45.lan scope=dapr.runtime.http type=log ver=1.16.0
time="2025-09-25T10:33:53.443955-05:00" level=info msg="HTTP server listening on TCP address: :3505" app_id=order-orchestrator instance=Mac-45.lan scope=dapr.runtime.http type=log ver=1.16.0
time="2025-09-25T10:33:53.444229-05:00" level=info msg="HTTP server is running on port 3505" app_id=order-orchestrator instance=Mac-45.lan scope=dapr.runtime type=log ver=1.16.0
time="2025-09-25T10:33:53.444238-05:00" level=info msg="The request body size parameter is: 4194304 bytes" app_id=order-orchestrator instance=Mac-45.lan scope=dapr.runtime type=log ver=1.16.0
time="2025-09-25T10:33:53.444269-05:00" level=info msg="gRPC server listening on TCP address: :64340" app_id=order-orchestrator instance=Mac-45.lan scope=dapr.runtime.grpc.internal type=log ver=1.16.0
time="2025-09-25T10:33:53.444278-05:00" level=info msg="Enabled gRPC tracing middleware" app_id=order-orchestrator instance=Mac-45.lan scope=dapr.runtime.grpc.internal type=log ver=1.16.0
time="2025-09-25T10:33:53.444283-05:00" level=info msg="Enabled gRPC metrics middleware" app_id=order-orchestrator instance=Mac-45.lan scope=dapr.runtime.grpc.internal type=log ver=1.16.0
time="2025-09-25T10:33:53.444313-05:00" level=info msg="Internal gRPC server is running on :64340" app_id=order-orchestrator instance=Mac-45.lan scope=dapr.runtime type=log ver=1.16.0
time="2025-09-25T10:33:53.444509-05:00" level=info msg="Using Scheduler service for reminders." app_id=order-orchestrator instance=Mac-45.lan scope=dapr.runtime.actor.reminders.scheduler type=log ver=1.16.0
time="2025-09-25T10:33:53.444558-05:00" level=info msg="application protocol: http. waiting on port 50001.  This will block until the app is listening on that port." app_id=order-orchestrator instance=Mac-45.lan scope=dapr.runtime type=log ver=1.16.0
time="2025-09-25T10:33:53.444576-05:00" level=info msg="Actor runtime started" app_id=order-orchestrator instance=Mac-45.lan scope=dapr.runtime.actor type=log ver=1.16.0
time="2025-09-25T10:33:53.444594-05:00" level=info msg="worker started with backend dapr.actors/v1" app_id=order-orchestrator instance=Mac-45.lan scope=dapr.wfengine.durabletask.backend type=log ver=1.16.0
time="2025-09-25T10:33:53.444597-05:00" level=warning msg="Graceful shutdown timeout is infinite, will wait indefinitely to shutdown" app_id=order-orchestrator instance=Mac-45.lan scope=dapr.runtime.actor type=log ver=1.16.0
time="2025-09-25T10:33:53.444942-05:00" level=info msg="Workflow engine started" app_id=order-orchestrator instance=Mac-45.lan scope=dapr.runtime.wfengine type=log ver=1.16.0
time="2025-09-25T10:33:53.764029-05:00" level=info msg="work item stream established by user-agent: [dapr-sdk-go/v1.13.0 grpc-go/1.73.0]" app_id=order-orchestrator instance=Mac-45.lan scope=dapr.runtime.wfengine type=log ver=1.16.0
time="2025-09-25T10:33:53.848855-05:00" level=info msg="application discovered on port 50001" app_id=order-orchestrator instance=Mac-45.lan scope=dapr.runtime type=log ver=1.16.0
time="2025-09-25T10:33:53.852269-05:00" level=info msg="Application configuration loaded" app_id=order-orchestrator instance=Mac-45.lan scope=dapr.runtime type=log ver=1.16.0
time="2025-09-25T10:33:53.852722-05:00" level=info msg="Registering hosted actors: []" app_id=order-orchestrator instance=Mac-45.lan scope=dapr.runtime.actor type=log ver=1.16.0
time="2025-09-25T10:33:53.852754-05:00" level=info msg="dapr initialized. Status: Running. Init Elapsed 436ms" app_id=order-orchestrator instance=Mac-45.lan scope=dapr.runtime type=log ver=1.16.0
time="2025-09-25T10:33:53.853081-05:00" level=info msg="Reporting actor types: [dapr.internal.default.order-orchestrator.workflow dapr.internal.default.order-orchestrator.activity]" app_id=order-orchestrator instance=Mac-45.lan scope=dapr.runtime.actors.placement type=log ver=1.16.0
time="2025-09-25T10:33:53.85317-05:00" level=info msg="Connected to placement localhost:50005" app_id=order-orchestrator instance=Mac-45.lan scope=dapr.runtime.actors.placement.client.connector.static type=log ver=1.16.0
time="2025-09-25T10:33:53.853689-05:00" level=info msg="Scheduler stream connected for [JOB_TARGET_TYPE_JOB]" app_id=order-orchestrator instance=Mac-45.lan scope=dapr.runtime.scheduler.cluster type=log ver=1.16.0
time="2025-09-25T10:33:53.853714-05:00" level=info msg="Scheduler stream connected for [JOB_TARGET_TYPE_JOB]" app_id=order-orchestrator instance=Mac-45.lan scope=dapr.runtime.scheduler.cluster type=log ver=1.16.0
time="2025-09-25T10:33:53.853808-05:00" level=info msg="Scheduler stream connected for [JOB_TARGET_TYPE_JOB]" app_id=order-orchestrator instance=Mac-45.lan scope=dapr.runtime.scheduler.cluster type=log ver=1.16.0
time="2025-09-25T10:33:53.85763-05:00" level=info msg="Connected to placement localhost:50005" app_id=order-orchestrator instance=Mac-45.lan scope=dapr.runtime.actors.placement.client type=log ver=1.16.0
Updating metadata for app command: go run .
Updating metadata for appPID: 56307
You're up and running! Dapr logs will appear here.

time="2025-09-25T10:33:59.108345-05:00" level=info msg="Placement tables updated, version: 102" app_id=order-orchestrator instance=Mac-45.lan scope=dapr.runtime.actors.placement type=log ver=1.16.0
time="2025-09-25T10:33:59.108398-05:00" level=info msg="Running actor reminder migration from state store to scheduler" app_id=order-orchestrator instance=Mac-45.lan scope=dapr.runtime.actors.reminders.migration type=log ver=1.16.0
time="2025-09-25T10:33:59.108482-05:00" level=info msg="Scheduler stream disconnected" app_id=order-orchestrator instance=Mac-45.lan scope=dapr.runtime.scheduler.cluster type=log ver=1.16.0
time="2025-09-25T10:33:59.108491-05:00" level=info msg="Scheduler stream disconnected" app_id=order-orchestrator instance=Mac-45.lan scope=dapr.runtime.scheduler.cluster type=log ver=1.16.0
time="2025-09-25T10:33:59.108516-05:00" level=info msg="Scheduler stream disconnected" app_id=order-orchestrator instance=Mac-45.lan scope=dapr.runtime.scheduler.cluster type=log ver=1.16.0
time="2025-09-25T10:33:59.108587-05:00" level=info msg="Scheduler stream connected for [JOB_TARGET_TYPE_JOB JOB_TARGET_TYPE_ACTOR_REMINDER]" app_id=order-orchestrator instance=Mac-45.lan scope=dapr.runtime.scheduler.cluster type=log ver=1.16.0
time="2025-09-25T10:33:59.10859-05:00" level=info msg="Scheduler stream connected for [JOB_TARGET_TYPE_JOB JOB_TARGET_TYPE_ACTOR_REMINDER]" app_id=order-orchestrator instance=Mac-45.lan scope=dapr.runtime.scheduler.cluster type=log ver=1.16.0
time="2025-09-25T10:33:59.108659-05:00" level=info msg="Scheduler stream connected for [JOB_TARGET_TYPE_JOB JOB_TARGET_TYPE_ACTOR_REMINDER]" app_id=order-orchestrator instance=Mac-45.lan scope=dapr.runtime.scheduler.cluster type=log ver=1.16.0
time="2025-09-25T10:33:59.117582-05:00" level=info msg="Skipping migration, no missing scheduler reminders found" app_id=order-orchestrator instance=Mac-45.lan scope=dapr.runtime.actors.reminders.migration type=log ver=1.16.0
time="2025-09-25T10:33:59.117609-05:00" level=info msg="Found 0 missing scheduler reminders from state store" app_id=order-orchestrator instance=Mac-45.lan scope=dapr.runtime.actors.reminders.migration type=log ver=1.16.0
time="2025-09-25T10:33:59.117618-05:00" level=info msg="Migrated 0 reminders from state store to scheduler successfully" app_id=order-orchestrator instance=Mac-45.lan scope=dapr.runtime.actors.reminders.migration type=log ver=1.16.0
time="2025-09-25T10:34:25.399652-05:00" level=warning msg="Redis does not support transaction rollbacks and should not be used in production as an actor state store." app_id=order-orchestrator component="statestore (state.redis/v1)" instance=Mac-45.lan scope=dapr.contrib type=log ver=1.16.0
time="2025-09-25T10:34:25.405283-05:00" level=info msg="ORDER-1758814465: starting new 'OrderProcessingWorkflow' instance with ID = 'ORDER-1758814465'." app_id=order-orchestrator instance=Mac-45.lan scope=dapr.wfengine.durabletask.backend type=log ver=1.16.0
time="2025-09-25T10:34:27.816434-05:00" level=info msg="ORDER-1758814465: 'OrderProcessingWorkflow' completed with a COMPLETED status." app_id=order-orchestrator instance=Mac-45.lan scope=dapr.wfengine.durabletask.backend type=log ver=1.16.0
time="2025-09-25T10:34:27.819156-05:00" level=info msg="Workflow Actor 'ORDER-1758814465': workflow completed with status 'ORCHESTRATION_STATUS_COMPLETED' workflowName 'OrderProcessingWorkflow'" app_id=order-orchestrator instance=Mac-45.lan scope=dapr.runtime.actors.targets.orchestrator type=log ver=1.16.0

termination signal received: shutting down
time="2025-09-25T15:12:46.716688-05:00" level=info msg="Received signal 'interrupt'; beginning shutdown" app_id=order-orchestrator instance=Mac-45.lan scope=dapr.signals type=log ver=1.16.0
time="2025-09-25T15:12:46.716722-05:00" level=info msg="work item stream closed" app_id=order-orchestrator instance=Mac-45.lan scope=dapr.runtime.wfengine type=log ver=1.16.0
time="2025-09-25T15:12:46.722264-05:00" level=info msg="Actor runtime shutting down" app_id=order-orchestrator instance=Mac-45.lan scope=dapr.runtime.actor type=log ver=1.16.0
time="2025-09-25T15:12:46.724057-05:00" level=info msg="Scheduler stream disconnected" app_id=order-orchestrator instance=Mac-45.lan scope=dapr.runtime.scheduler.cluster type=log ver=1.16.0
time="2025-09-25T15:12:46.721916-05:00" level=info msg="backend stopping..." app_id=order-orchestrator instance=Mac-45.lan scope=dapr.wfengine.durabletask.backend type=log ver=1.16.0
time="2025-09-25T15:12:46.724737-05:00" level=info msg="workers stopping and draining..." app_id=order-orchestrator instance=Mac-45.lan scope=dapr.wfengine.durabletask.backend type=log ver=1.16.0
time="2025-09-25T15:12:46.724114-05:00" level=info msg="activity-processor: worker stopped" app_id=order-orchestrator instance=Mac-45.lan scope=dapr.wfengine.durabletask.backend type=log ver=1.16.0
time="2025-09-25T15:12:46.724484-05:00" level=info msg="orchestration-processor: worker stopped" app_id=order-orchestrator instance=Mac-45.lan scope=dapr.wfengine.durabletask.backend type=log ver=1.16.0
time="2025-09-25T15:12:46.724082-05:00" level=info msg="Scheduler stream disconnected" app_id=order-orchestrator instance=Mac-45.lan scope=dapr.runtime.scheduler.cluster type=log ver=1.16.0
time="2025-09-25T15:12:46.724127-05:00" level=info msg="Scheduler stream disconnected" app_id=order-orchestrator instance=Mac-45.lan scope=dapr.runtime.scheduler.cluster type=log ver=1.16.0
time="2025-09-25T15:12:46.725604-05:00" level=info msg="finished stopping and draining workers!" app_id=order-orchestrator instance=Mac-45.lan scope=dapr.wfengine.durabletask.backend type=log ver=1.16.0
time="2025-09-25T15:12:46.725654-05:00" level=info msg="Workflow engine stopped" app_id=order-orchestrator instance=Mac-45.lan scope=dapr.runtime.wfengine type=log ver=1.16.0
time="2025-09-25T15:12:46.727296-05:00" level=error msg="Error communicating with placement: rpc error: code = Canceled desc = context canceled" app_id=order-orchestrator instance=Mac-45.lan scope=dapr.runtime.actors.placement.client type=log ver=1.16.0
Exited Dapr successfully
Exited App successfully
