== APP - order-orchestrator == 2025/10/21 10:05:29 OrderProcessingWorkflow registered
== APP - order-orchestrator == 2025/10/21 10:05:29 ValidateOrderActivity registered
== APP - order-orchestrator == 2025/10/21 10:05:29 CompleteOrderActivity registered
== APP - order-orchestrator == dapr client initializing for: 127.0.0.1:50014
== APP - order-orchestrator == 2025/10/21 10:05:29 Workflow client initialized
== APP - order-orchestrator == INFO: 2025/10/21 10:05:29 connecting work item listener stream
== APP - order-orchestrator == 2025/10/21 10:05:29 Workflow worker started
== APP - order-orchestrator == 2025/10/21 10:05:29 Starting HTTP server on port 50001...
== APP - order-orchestrator == INFO: 2025/10/21 10:05:29 starting background processor
== APP - order-orchestrator == 2025/10/21 10:06:35 Starting workflow execution via HTTP endpoint...
== APP - order-orchestrator == 2025/10/21 10:06:35 Scheduling workflow with input: {OrderID:ORDER-001 CustomerID:CUST-001 Items:[{ProductID:PROD-001 Name:Laptop Price:999.99 Quantity:1} {ProductID:PROD-002 Name:Mouse Price:29.99 Quantity:2}] PaymentMethod:credit_card Total:1059.97}
== APP - order-orchestrator == 2025/10/21 10:06:35 === OrderProcessingWorkflow STARTED ===
== APP - order-orchestrator == 2025/10/21 10:06:35 Processing order: ORDER-001 for customer: CUST-001
== APP - order-orchestrator == 2025/10/21 10:06:35 Full input: {OrderID:ORDER-001 CustomerID:CUST-001 Items:[{ProductID:PROD-001 Name:Laptop Price:999.99 Quantity:1} {ProductID:PROD-002 Name:Mouse Price:29.99 Quantity:2}] PaymentMethod:credit_card Total:1059.97}
== APP - order-orchestrator == 2025/10/21 10:06:35 Workflow scheduled successfully with instance ID: ORDER-1761059195
== APP - order-orchestrator == 2025/10/21 10:06:35 Waiting for workflow completion...
== APP - order-orchestrator == 2025/10/21 10:06:35 === ValidateOrderActivity (local) STARTED ===
== APP - order-orchestrator == 2025/10/21 10:06:35 Validating order: ORDER-001
== APP - order-orchestrator == 2025/10/21 10:06:36 === ValidateOrderActivity (local) COMPLETED ===
== APP - order-orchestrator == 2025/10/21 10:06:36 === OrderProcessingWorkflow STARTED ===
== APP - order-orchestrator == 2025/10/21 10:06:36 Processing order: ORDER-001 for customer: CUST-001
== APP - order-orchestrator == 2025/10/21 10:06:36 Full input: {OrderID:ORDER-001 CustomerID:CUST-001 Items:[{ProductID:PROD-001 Name:Laptop Price:999.99 Quantity:1} {ProductID:PROD-002 Name:Mouse Price:29.99 Quantity:2}] PaymentMethod:credit_card Total:1059.97}
== APP - order-orchestrator == 2025/10/21 10:06:36 === STEP 2: Starting Payment Processing activity on payment-service ===
== APP - order-orchestrator == 2025/10/21 10:06:36 === OrderProcessingWorkflow STARTED ===
== APP - order-orchestrator == 2025/10/21 10:06:36 Processing order: ORDER-001 for customer: CUST-001
== APP - order-orchestrator == 2025/10/21 10:06:36 Full input: {OrderID:ORDER-001 CustomerID:CUST-001 Items:[{ProductID:PROD-001 Name:Laptop Price:999.99 Quantity:1} {ProductID:PROD-002 Name:Mouse Price:29.99 Quantity:2}] PaymentMethod:credit_card Total:1059.97}
== APP - order-orchestrator == 2025/10/21 10:06:36 === STEP 2: Starting Payment Processing activity on payment-service ===
== APP - order-orchestrator == 2025/10/21 10:06:36 === STEP 2: Payment Processing COMPLETED ===
== APP - order-orchestrator == 2025/10/21 10:06:36 === STEP 3: Starting Inventory Reservation activity on inventory-service ===
== APP - order-orchestrator == 2025/10/21 10:06:36 === OrderProcessingWorkflow STARTED ===
== APP - order-orchestrator == 2025/10/21 10:06:36 Processing order: ORDER-001 for customer: CUST-001
== APP - order-orchestrator == 2025/10/21 10:06:36 Full input: {OrderID:ORDER-001 CustomerID:CUST-001 Items:[{ProductID:PROD-001 Name:Laptop Price:999.99 Quantity:1} {ProductID:PROD-002 Name:Mouse Price:29.99 Quantity:2}] PaymentMethod:credit_card Total:1059.97}
== APP - order-orchestrator == 2025/10/21 10:06:36 === STEP 2: Starting Payment Processing activity on payment-service ===
== APP - order-orchestrator == 2025/10/21 10:06:36 === STEP 2: Payment Processing COMPLETED ===
== APP - order-orchestrator == 2025/10/21 10:06:36 === STEP 3: Starting Inventory Reservation activity on inventory-service ===
== APP - order-orchestrator == 2025/10/21 10:06:36 === STEP 3: Inventory Reservation COMPLETED ===
== APP - order-orchestrator == 2025/10/21 10:06:36 === OrderProcessingWorkflow STARTED ===
== APP - order-orchestrator == 2025/10/21 10:06:36 Processing order: ORDER-001 for customer: CUST-001
== APP - order-orchestrator == 2025/10/21 10:06:36 Full input: {OrderID:ORDER-001 CustomerID:CUST-001 Items:[{ProductID:PROD-001 Name:Laptop Price:999.99 Quantity:1} {ProductID:PROD-002 Name:Mouse Price:29.99 Quantity:2}] PaymentMethod:credit_card Total:1059.97}
== APP - order-orchestrator == 2025/10/21 10:06:36 === STEP 2: Starting Payment Processing activity on payment-service ===
== APP - order-orchestrator == 2025/10/21 10:06:36 === STEP 2: Payment Processing COMPLETED ===
== APP - order-orchestrator == 2025/10/21 10:06:36 === STEP 3: Starting Inventory Reservation activity on inventory-service ===
== APP - order-orchestrator == 2025/10/21 10:06:36 === STEP 3: Inventory Reservation COMPLETED ===
== APP - order-orchestrator == 2025/10/21 10:06:36 === STEP 4: AI Recommendations COMPLETED ===
== APP - order-orchestrator == 2025/10/21 10:06:36 === STEP 5: Starting Order Completion activity (local) ===
== APP - order-orchestrator == 2025/10/21 10:06:36 === CompleteOrderActivity (local) STARTED ===
== APP - order-orchestrator == 2025/10/21 10:06:36 Completing order: ORDER-001
== APP - order-orchestrator == 2025/10/21 10:06:37 === CompleteOrderActivity (local) COMPLETED ===
== APP - order-orchestrator == 2025/10/21 10:06:37 === OrderProcessingWorkflow STARTED ===
== APP - order-orchestrator == 2025/10/21 10:06:37 Processing order: ORDER-001 for customer: CUST-001
== APP - order-orchestrator == 2025/10/21 10:06:37 Full input: {OrderID:ORDER-001 CustomerID:CUST-001 Items:[{ProductID:PROD-001 Name:Laptop Price:999.99 Quantity:1} {ProductID:PROD-002 Name:Mouse Price:29.99 Quantity:2}] PaymentMethod:credit_card Total:1059.97}
== APP - order-orchestrator == 2025/10/21 10:06:37 === STEP 2: Starting Payment Processing activity on payment-service ===
== APP - order-orchestrator == 2025/10/21 10:06:37 === STEP 2: Payment Processing COMPLETED ===
== APP - order-orchestrator == 2025/10/21 10:06:37 === STEP 3: Starting Inventory Reservation activity on inventory-service ===
== APP - order-orchestrator == 2025/10/21 10:06:37 === STEP 3: Inventory Reservation COMPLETED ===
== APP - order-orchestrator == 2025/10/21 10:06:37 === STEP 4: AI Recommendations COMPLETED ===
== APP - order-orchestrator == 2025/10/21 10:06:37 === STEP 5: Starting Order Completion activity (local) ===
== APP - order-orchestrator == 2025/10/21 10:06:37 === STEP 5: Order Completion COMPLETED ===
== APP - order-orchestrator == 2025/10/21 10:06:37 === OrderProcessingWorkflow COMPLETED SUCCESSFULLY ===
== APP - order-orchestrator == 2025/10/21 10:06:37 Workflow completed successfully with result: COMPLETED

termination signal received: shutting down
