Starting Dapr with id order-orchestrator. HTTP Port: 3505. gRPC Port: 50014
Updating metadata for cliPID: 43290
time="2025-10-21T10:04:49.755777-05:00" level=info msg="Starting Dapr Runtime -- version 1.16.0 -- commit b68296042c975d4ede1ed93ec6b0a579c2b6a020" app_id=order-orchestrator instance=Cassandras-MacBook-Pro.local scope=dapr.runtime type=log ver=1.16.0
time="2025-10-21T10:04:49.755822-05:00" level=info msg="Log level set to: info" app_id=order-orchestrator instance=Cassandras-MacBook-Pro.local scope=dapr.runtime type=log ver=1.16.0
time="2025-10-21T10:04:49.756439-05:00" level=warning msg="mTLS is disabled. Skipping certificate request and tls validation" app_id=order-orchestrator instance=Cassandras-MacBook-Pro.local scope=dapr.runtime.security type=log ver=1.16.0
time="2025-10-21T10:04:49.761574-05:00" level=info msg="Enabled features: SchedulerReminders" app_id=order-orchestrator instance=Cassandras-MacBook-Pro.local scope=dapr.runtime type=log ver=1.16.0
time="2025-10-21T10:04:49.761657-05:00" level=info msg="metric spec: {\"enabled\":true}" app_id=order-orchestrator instance=Cassandras-MacBook-Pro.local scope=dapr.runtime.diagnostics type=log ver=1.16.0
time="2025-10-21T10:04:49.761679-05:00" level=info msg="Using default latency distribution buckets: [1 2 3 4 5 6 8 10 13 16 20 25 30 40 50 65 80 100 130 160 200 250 300 400 500 650 800 1000 2000 5000 10000 20000 50000 100000]" app_id=order-orchestrator instance=Cassandras-MacBook-Pro.local scope=dapr.runtime.diagnostics type=log ver=1.16.0
time="2025-10-21T10:04:49.761893-05:00" level=warning msg="The default value for 'spec.metric.http.increasedCardinality' will change to 'false' in Dapr 1.15 or later" app_id=order-orchestrator instance=Cassandras-MacBook-Pro.local scope=dapr.runtime.diagnostics type=log ver=1.16.0
time="2025-10-21T10:04:49.763478-05:00" level=info msg="standalone mode configured" app_id=order-orchestrator instance=Cassandras-MacBook-Pro.local scope=dapr.runtime type=log ver=1.16.0
time="2025-10-21T10:04:49.763494-05:00" level=info msg="app id: order-orchestrator" app_id=order-orchestrator instance=Cassandras-MacBook-Pro.local scope=dapr.runtime type=log ver=1.16.0
time="2025-10-21T10:04:49.764576-05:00" level=info msg="metrics server started on 0.0.0.0:65524/" app_id=order-orchestrator instance=Cassandras-MacBook-Pro.local scope=dapr.runtime type=log ver=1.16.0
time="2025-10-21T10:04:49.76479-05:00" level=info msg="Dapr trace sampler initialized: ParentBased{root:AlwaysOnSampler,remoteParentSampled:AlwaysOnSampler,remoteParentNotSampled:AlwaysOffSampler,localParentSampled:AlwaysOnSampler,localParentNotSampled:AlwaysOffSampler}" app_id=order-orchestrator instance=Cassandras-MacBook-Pro.local scope=dapr.runtime type=log ver=1.16.0
time="2025-10-21T10:04:49.767266-05:00" level=info msg="local service entry announced: order-orchestrator -> 192.168.1.125:65525" app_id=order-orchestrator component="nr (mdns/v1)" instance=Cassandras-MacBook-Pro.local scope=dapr.contrib type=log ver=1.16.0
time="2025-10-21T10:04:49.767286-05:00" level=info msg="Initialized name resolution to mdns" app_id=order-orchestrator instance=Cassandras-MacBook-Pro.local scope=dapr.runtime type=log ver=1.16.0
time="2025-10-21T10:04:49.768244-05:00" level=info msg="Loading components…" app_id=order-orchestrator instance=Cassandras-MacBook-Pro.local scope=dapr.runtime type=log ver=1.16.0
time="2025-10-21T10:04:49.769027-05:00" level=info msg="Waiting for all outstanding components to be processed…" app_id=order-orchestrator instance=Cassandras-MacBook-Pro.local scope=dapr.runtime type=log ver=1.16.0
time="2025-10-21T10:04:49.798537-05:00" level=info msg="Using 'statestore' as actor state store" app_id=order-orchestrator instance=Cassandras-MacBook-Pro.local scope=dapr.runtime.processor.state type=log ver=1.16.0
time="2025-10-21T10:04:49.798575-05:00" level=info msg="Component loaded: statestore (state.redis/v1)" app_id=order-orchestrator instance=Cassandras-MacBook-Pro.local scope=dapr.runtime.processor type=log ver=1.16.0
time="2025-10-21T10:04:49.798589-05:00" level=info msg="All outstanding components processed" app_id=order-orchestrator instance=Cassandras-MacBook-Pro.local scope=dapr.runtime type=log ver=1.16.0
time="2025-10-21T10:04:49.798605-05:00" level=info msg="Loading endpoints…" app_id=order-orchestrator instance=Cassandras-MacBook-Pro.local scope=dapr.runtime type=log ver=1.16.0
time="2025-10-21T10:04:49.798721-05:00" level=info msg="Waiting for all outstanding http endpoints to be processed…" app_id=order-orchestrator instance=Cassandras-MacBook-Pro.local scope=dapr.runtime type=log ver=1.16.0
time="2025-10-21T10:04:49.798729-05:00" level=info msg="All outstanding http endpoints processed" app_id=order-orchestrator instance=Cassandras-MacBook-Pro.local scope=dapr.runtime type=log ver=1.16.0
time="2025-10-21T10:04:49.798735-05:00" level=info msg="Loading Declarative Subscriptions…" app_id=order-orchestrator instance=Cassandras-MacBook-Pro.local scope=dapr.runtime type=log ver=1.16.0
time="2025-10-21T10:04:49.799147-05:00" level=info msg="gRPC server listening on TCP address: :50014" app_id=order-orchestrator instance=Cassandras-MacBook-Pro.local scope=dapr.runtime.grpc.api type=log ver=1.16.0
time="2025-10-21T10:04:49.799286-05:00" level=info msg="Enabled gRPC tracing middleware" app_id=order-orchestrator instance=Cassandras-MacBook-Pro.local scope=dapr.runtime.grpc.api type=log ver=1.16.0
time="2025-10-21T10:04:49.799296-05:00" level=info msg="Enabled gRPC metrics middleware" app_id=order-orchestrator instance=Cassandras-MacBook-Pro.local scope=dapr.runtime.grpc.api type=log ver=1.16.0
time="2025-10-21T10:04:49.799497-05:00" level=info msg="Registering workflow engine for gRPC endpoint: [::]:50014" app_id=order-orchestrator instance=Cassandras-MacBook-Pro.local scope=dapr.runtime.grpc.api type=log ver=1.16.0
time="2025-10-21T10:04:49.799815-05:00" level=info msg="API gRPC server is running on port 50014" app_id=order-orchestrator instance=Cassandras-MacBook-Pro.local scope=dapr.runtime type=log ver=1.16.0
time="2025-10-21T10:04:49.800252-05:00" level=warning msg="The default value for 'spec.metric.http.increasedCardinality' will change to 'false' in Dapr 1.15 or later" app_id=order-orchestrator instance=Cassandras-MacBook-Pro.local scope=dapr.runtime.http type=log ver=1.16.0
time="2025-10-21T10:04:49.800481-05:00" level=info msg="Enabled max body size HTTP middleware with size 4194304 bytes" app_id=order-orchestrator instance=Cassandras-MacBook-Pro.local scope=dapr.runtime.http type=log ver=1.16.0
time="2025-10-21T10:04:49.800487-05:00" level=info msg="Enabled tracing HTTP middleware" app_id=order-orchestrator instance=Cassandras-MacBook-Pro.local scope=dapr.runtime.http type=log ver=1.16.0
time="2025-10-21T10:04:49.800491-05:00" level=info msg="Enabled metrics HTTP middleware" app_id=order-orchestrator instance=Cassandras-MacBook-Pro.local scope=dapr.runtime.http type=log ver=1.16.0
time="2025-10-21T10:04:49.801095-05:00" level=info msg="HTTP server listening on TCP address: :3505" app_id=order-orchestrator instance=Cassandras-MacBook-Pro.local scope=dapr.runtime.http type=log ver=1.16.0
time="2025-10-21T10:04:49.801267-05:00" level=info msg="HTTP server is running on port 3505" app_id=order-orchestrator instance=Cassandras-MacBook-Pro.local scope=dapr.runtime type=log ver=1.16.0
time="2025-10-21T10:04:49.801274-05:00" level=info msg="The request body size parameter is: 4194304 bytes" app_id=order-orchestrator instance=Cassandras-MacBook-Pro.local scope=dapr.runtime type=log ver=1.16.0
time="2025-10-21T10:04:49.801299-05:00" level=info msg="gRPC server listening on TCP address: :65525" app_id=order-orchestrator instance=Cassandras-MacBook-Pro.local scope=dapr.runtime.grpc.internal type=log ver=1.16.0
time="2025-10-21T10:04:49.801306-05:00" level=info msg="Enabled gRPC tracing middleware" app_id=order-orchestrator instance=Cassandras-MacBook-Pro.local scope=dapr.runtime.grpc.internal type=log ver=1.16.0
time="2025-10-21T10:04:49.80131-05:00" level=info msg="Enabled gRPC metrics middleware" app_id=order-orchestrator instance=Cassandras-MacBook-Pro.local scope=dapr.runtime.grpc.internal type=log ver=1.16.0
time="2025-10-21T10:04:49.801336-05:00" level=info msg="Internal gRPC server is running on :65525" app_id=order-orchestrator instance=Cassandras-MacBook-Pro.local scope=dapr.runtime type=log ver=1.16.0
time="2025-10-21T10:04:49.801404-05:00" level=info msg="Using Scheduler service for reminders." app_id=order-orchestrator instance=Cassandras-MacBook-Pro.local scope=dapr.runtime.actor.reminders.scheduler type=log ver=1.16.0
time="2025-10-21T10:04:49.801422-05:00" level=info msg="application protocol: http. waiting on port 50001.  This will block until the app is listening on that port." app_id=order-orchestrator instance=Cassandras-MacBook-Pro.local scope=dapr.runtime type=log ver=1.16.0
time="2025-10-21T10:04:49.801485-05:00" level=info msg="worker started with backend dapr.actors/v1" app_id=order-orchestrator instance=Cassandras-MacBook-Pro.local scope=dapr.wfengine.durabletask.backend type=log ver=1.16.0
time="2025-10-21T10:04:49.801519-05:00" level=info msg="Workflow engine started" app_id=order-orchestrator instance=Cassandras-MacBook-Pro.local scope=dapr.runtime.wfengine type=log ver=1.16.0
time="2025-10-21T10:04:49.801719-05:00" level=info msg="Actor runtime started" app_id=order-orchestrator instance=Cassandras-MacBook-Pro.local scope=dapr.runtime.actor type=log ver=1.16.0
time="2025-10-21T10:04:49.801892-05:00" level=warning msg="Graceful shutdown timeout is infinite, will wait indefinitely to shutdown" app_id=order-orchestrator instance=Cassandras-MacBook-Pro.local scope=dapr.runtime.actor type=log ver=1.16.0
time="2025-10-21T10:04:49.805077-05:00" level=info msg="Connected and received scheduler hosts addresses: [localhost:50006]" app_id=order-orchestrator instance=Cassandras-MacBook-Pro.local scope=dapr.runtime.scheduler.watchhosts type=log ver=1.16.0
time="2025-10-21T10:04:49.805179-05:00" level=info msg="Scheduler client initialized for address: localhost:50006" app_id=order-orchestrator instance=Cassandras-MacBook-Pro.local scope=dapr.runtime.scheduler.clients type=log ver=1.16.0
time="2025-10-21T10:04:49.805187-05:00" level=info msg="Scheduler clients initialized" app_id=order-orchestrator instance=Cassandras-MacBook-Pro.local scope=dapr.runtime.scheduler.clients type=log ver=1.16.0
Updating metadata for app command: go run .
Updating metadata for appPID: 43327
You're up and running! Dapr logs will appear here.

time="2025-10-21T10:04:51.139526-05:00" level=info msg="work item stream established by user-agent: [dapr-sdk-go/v1.13.0 grpc-go/1.73.0]" app_id=order-orchestrator instance=Cassandras-MacBook-Pro.local scope=dapr.runtime.wfengine type=log ver=1.16.0
time="2025-10-21T10:04:51.215015-05:00" level=info msg="application discovered on port 50001" app_id=order-orchestrator instance=Cassandras-MacBook-Pro.local scope=dapr.runtime type=log ver=1.16.0
time="2025-10-21T10:04:51.216598-05:00" level=info msg="Application configuration loaded" app_id=order-orchestrator instance=Cassandras-MacBook-Pro.local scope=dapr.runtime type=log ver=1.16.0
time="2025-10-21T10:04:51.217077-05:00" level=info msg="Registering hosted actors: []" app_id=order-orchestrator instance=Cassandras-MacBook-Pro.local scope=dapr.runtime.actor type=log ver=1.16.0
time="2025-10-21T10:04:51.217092-05:00" level=info msg="dapr initialized. Status: Running. Init Elapsed 1453ms" app_id=order-orchestrator instance=Cassandras-MacBook-Pro.local scope=dapr.runtime type=log ver=1.16.0
time="2025-10-21T10:04:51.21715-05:00" level=info msg="Reporting actor types: [dapr.internal.default.order-orchestrator.workflow dapr.internal.default.order-orchestrator.activity]" app_id=order-orchestrator instance=Cassandras-MacBook-Pro.local scope=dapr.runtime.actors.placement type=log ver=1.16.0
time="2025-10-21T10:04:51.2176-05:00" level=info msg="Connected to placement localhost:50005" app_id=order-orchestrator instance=Cassandras-MacBook-Pro.local scope=dapr.runtime.actors.placement.client.connector.static type=log ver=1.16.0
time="2025-10-21T10:04:51.217726-05:00" level=info msg="Scheduler stream connected for [JOB_TARGET_TYPE_JOB]" app_id=order-orchestrator instance=Cassandras-MacBook-Pro.local scope=dapr.runtime.scheduler.cluster type=log ver=1.16.0
time="2025-10-21T10:04:51.217744-05:00" level=info msg="Scheduler stream connected for [JOB_TARGET_TYPE_JOB]" app_id=order-orchestrator instance=Cassandras-MacBook-Pro.local scope=dapr.runtime.scheduler.cluster type=log ver=1.16.0
time="2025-10-21T10:04:51.217734-05:00" level=info msg="Scheduler stream connected for [JOB_TARGET_TYPE_JOB]" app_id=order-orchestrator instance=Cassandras-MacBook-Pro.local scope=dapr.runtime.scheduler.cluster type=log ver=1.16.0
time="2025-10-21T10:04:51.230672-05:00" level=info msg="Connected to placement localhost:50005" app_id=order-orchestrator instance=Cassandras-MacBook-Pro.local scope=dapr.runtime.actors.placement.client type=log ver=1.16.0
time="2025-10-21T10:04:53.702101-05:00" level=info msg="Placement tables updated, version: 107" app_id=order-orchestrator instance=Cassandras-MacBook-Pro.local scope=dapr.runtime.actors.placement type=log ver=1.16.0
time="2025-10-21T10:04:53.70231-05:00" level=info msg="Running actor reminder migration from state store to scheduler" app_id=order-orchestrator instance=Cassandras-MacBook-Pro.local scope=dapr.runtime.actors.reminders.migration type=log ver=1.16.0
time="2025-10-21T10:04:53.702834-05:00" level=info msg="Scheduler stream disconnected" app_id=order-orchestrator instance=Cassandras-MacBook-Pro.local scope=dapr.runtime.scheduler.cluster type=log ver=1.16.0
time="2025-10-21T10:04:53.702836-05:00" level=info msg="Scheduler stream disconnected" app_id=order-orchestrator instance=Cassandras-MacBook-Pro.local scope=dapr.runtime.scheduler.cluster type=log ver=1.16.0
time="2025-10-21T10:04:53.702945-05:00" level=info msg="Scheduler stream disconnected" app_id=order-orchestrator instance=Cassandras-MacBook-Pro.local scope=dapr.runtime.scheduler.cluster type=log ver=1.16.0
time="2025-10-21T10:04:53.703179-05:00" level=info msg="Scheduler stream connected for [JOB_TARGET_TYPE_JOB JOB_TARGET_TYPE_ACTOR_REMINDER]" app_id=order-orchestrator instance=Cassandras-MacBook-Pro.local scope=dapr.runtime.scheduler.cluster type=log ver=1.16.0
time="2025-10-21T10:04:53.703221-05:00" level=info msg="Scheduler stream connected for [JOB_TARGET_TYPE_JOB JOB_TARGET_TYPE_ACTOR_REMINDER]" app_id=order-orchestrator instance=Cassandras-MacBook-Pro.local scope=dapr.runtime.scheduler.cluster type=log ver=1.16.0
time="2025-10-21T10:04:53.703183-05:00" level=info msg="Scheduler stream connected for [JOB_TARGET_TYPE_JOB JOB_TARGET_TYPE_ACTOR_REMINDER]" app_id=order-orchestrator instance=Cassandras-MacBook-Pro.local scope=dapr.runtime.scheduler.cluster type=log ver=1.16.0
time="2025-10-21T10:04:53.713873-05:00" level=info msg="Skipping migration, no missing scheduler reminders found" app_id=order-orchestrator instance=Cassandras-MacBook-Pro.local scope=dapr.runtime.actors.reminders.migration type=log ver=1.16.0
time="2025-10-21T10:04:53.713982-05:00" level=info msg="Found 0 missing scheduler reminders from state store" app_id=order-orchestrator instance=Cassandras-MacBook-Pro.local scope=dapr.runtime.actors.reminders.migration type=log ver=1.16.0
time="2025-10-21T10:04:53.71401-05:00" level=info msg="Migrated 0 reminders from state store to scheduler successfully" app_id=order-orchestrator instance=Cassandras-MacBook-Pro.local scope=dapr.runtime.actors.reminders.migration type=log ver=1.16.0
time="2025-10-21T10:04:56.593228-05:00" level=info msg="Received signal 'interrupt'; beginning shutdown" app_id=order-orchestrator instance=Cassandras-MacBook-Pro.local scope=dapr.signals type=log ver=1.16.0

termination signal received: shutting down
time="2025-10-21T10:04:56.593827-05:00" level=info msg="work item stream closed" app_id=order-orchestrator instance=Cassandras-MacBook-Pro.local scope=dapr.runtime.wfengine type=log ver=1.16.0
time="2025-10-21T10:04:56.602881-05:00" level=info msg="backend stopping..." app_id=order-orchestrator instance=Cassandras-MacBook-Pro.local scope=dapr.wfengine.durabletask.backend type=log ver=1.16.0
time="2025-10-21T10:04:56.602895-05:00" level=info msg="workers stopping and draining..." app_id=order-orchestrator instance=Cassandras-MacBook-Pro.local scope=dapr.wfengine.durabletask.backend type=log ver=1.16.0
Exited Dapr successfully
Exited App successfully
time="2025-10-21T10:04:56.603025-05:00" level=info msg="orchestration-processor: worker stopped" app_id=order-orchestrator instance=Cassandras-MacBook-Pro.local scope=dapr.wfengine.durabletask.backend type=log ver=1.16.0
