Starting Dapr with id order-orchestrator. HTTP Port: 3505. gRPC Port: 50014
Updating metadata for cliPID: 32043
time="2025-09-24T11:30:44.170685-05:00" level=info msg="Starting Dapr Runtime -- version 1.16.0 -- commit b68296042c975d4ede1ed93ec6b0a579c2b6a020" app_id=order-orchestrator instance=Cassandras-MacBook-Pro.local scope=dapr.runtime type=log ver=1.16.0
time="2025-09-24T11:30:44.170731-05:00" level=info msg="Log level set to: info" app_id=order-orchestrator instance=Cassandras-MacBook-Pro.local scope=dapr.runtime type=log ver=1.16.0
time="2025-09-24T11:30:44.171518-05:00" level=warning msg="mTLS is disabled. Skipping certificate request and tls validation" app_id=order-orchestrator instance=Cassandras-MacBook-Pro.local scope=dapr.runtime.security type=log ver=1.16.0
time="2025-09-24T11:30:44.175696-05:00" level=info msg="Enabled features: SchedulerReminders" app_id=order-orchestrator instance=Cassandras-MacBook-Pro.local scope=dapr.runtime type=log ver=1.16.0
time="2025-09-24T11:30:44.175761-05:00" level=info msg="metric spec: {\"enabled\":true}" app_id=order-orchestrator instance=Cassandras-MacBook-Pro.local scope=dapr.runtime.diagnostics type=log ver=1.16.0
time="2025-09-24T11:30:44.175782-05:00" level=info msg="Using default latency distribution buckets: [1 2 3 4 5 6 8 10 13 16 20 25 30 40 50 65 80 100 130 160 200 250 300 400 500 650 800 1000 2000 5000 10000 20000 50000 100000]" app_id=order-orchestrator instance=Cassandras-MacBook-Pro.local scope=dapr.runtime.diagnostics type=log ver=1.16.0
time="2025-09-24T11:30:44.176-05:00" level=warning msg="The default value for 'spec.metric.http.increasedCardinality' will change to 'false' in Dapr 1.15 or later" app_id=order-orchestrator instance=Cassandras-MacBook-Pro.local scope=dapr.runtime.diagnostics type=log ver=1.16.0
time="2025-09-24T11:30:44.177845-05:00" level=info msg="standalone mode configured" app_id=order-orchestrator instance=Cassandras-MacBook-Pro.local scope=dapr.runtime type=log ver=1.16.0
time="2025-09-24T11:30:44.177868-05:00" level=info msg="app id: order-orchestrator" app_id=order-orchestrator instance=Cassandras-MacBook-Pro.local scope=dapr.runtime type=log ver=1.16.0
time="2025-09-24T11:30:44.178973-05:00" level=info msg="Dapr trace sampler initialized: ParentBased{root:AlwaysOnSampler,remoteParentSampled:AlwaysOnSampler,remoteParentNotSampled:AlwaysOffSampler,localParentSampled:AlwaysOnSampler,localParentNotSampled:AlwaysOffSampler}" app_id=order-orchestrator instance=Cassandras-MacBook-Pro.local scope=dapr.runtime type=log ver=1.16.0
time="2025-09-24T11:30:44.179202-05:00" level=info msg="metrics server started on 0.0.0.0:52795/" app_id=order-orchestrator instance=Cassandras-MacBook-Pro.local scope=dapr.runtime type=log ver=1.16.0
time="2025-09-24T11:30:44.181267-05:00" level=info msg="local service entry announced: order-orchestrator -> 192.168.1.125:52796" app_id=order-orchestrator component="nr (mdns/v1)" instance=Cassandras-MacBook-Pro.local scope=dapr.contrib type=log ver=1.16.0
time="2025-09-24T11:30:44.181286-05:00" level=info msg="Initialized name resolution to mdns" app_id=order-orchestrator instance=Cassandras-MacBook-Pro.local scope=dapr.runtime type=log ver=1.16.0
time="2025-09-24T11:30:44.181826-05:00" level=info msg="Loading components…" app_id=order-orchestrator instance=Cassandras-MacBook-Pro.local scope=dapr.runtime type=log ver=1.16.0
time="2025-09-24T11:30:44.182342-05:00" level=info msg="Waiting for all outstanding components to be processed…" app_id=order-orchestrator instance=Cassandras-MacBook-Pro.local scope=dapr.runtime type=log ver=1.16.0
time="2025-09-24T11:30:44.185033-05:00" level=info msg="Connected and received scheduler hosts addresses: [localhost:50006]" app_id=order-orchestrator instance=Cassandras-MacBook-Pro.local scope=dapr.runtime.scheduler.watchhosts type=log ver=1.16.0
time="2025-09-24T11:30:44.185125-05:00" level=info msg="Scheduler client initialized for address: localhost:50006" app_id=order-orchestrator instance=Cassandras-MacBook-Pro.local scope=dapr.runtime.scheduler.clients type=log ver=1.16.0
time="2025-09-24T11:30:44.185138-05:00" level=info msg="Scheduler clients initialized" app_id=order-orchestrator instance=Cassandras-MacBook-Pro.local scope=dapr.runtime.scheduler.clients type=log ver=1.16.0
time="2025-09-24T11:30:44.190422-05:00" level=info msg="Using 'statestore' as actor state store" app_id=order-orchestrator instance=Cassandras-MacBook-Pro.local scope=dapr.runtime.processor.state type=log ver=1.16.0
time="2025-09-24T11:30:44.190457-05:00" level=info msg="Component loaded: statestore (state.redis/v1)" app_id=order-orchestrator instance=Cassandras-MacBook-Pro.local scope=dapr.runtime.processor type=log ver=1.16.0
time="2025-09-24T11:30:44.190467-05:00" level=info msg="All outstanding components processed" app_id=order-orchestrator instance=Cassandras-MacBook-Pro.local scope=dapr.runtime type=log ver=1.16.0
time="2025-09-24T11:30:44.190473-05:00" level=info msg="Loading endpoints…" app_id=order-orchestrator instance=Cassandras-MacBook-Pro.local scope=dapr.runtime type=log ver=1.16.0
time="2025-09-24T11:30:44.190572-05:00" level=info msg="Waiting for all outstanding http endpoints to be processed…" app_id=order-orchestrator instance=Cassandras-MacBook-Pro.local scope=dapr.runtime type=log ver=1.16.0
time="2025-09-24T11:30:44.190579-05:00" level=info msg="All outstanding http endpoints processed" app_id=order-orchestrator instance=Cassandras-MacBook-Pro.local scope=dapr.runtime type=log ver=1.16.0
time="2025-09-24T11:30:44.190585-05:00" level=info msg="Loading Declarative Subscriptions…" app_id=order-orchestrator instance=Cassandras-MacBook-Pro.local scope=dapr.runtime type=log ver=1.16.0
time="2025-09-24T11:30:44.190863-05:00" level=info msg="gRPC server listening on TCP address: :50014" app_id=order-orchestrator instance=Cassandras-MacBook-Pro.local scope=dapr.runtime.grpc.api type=log ver=1.16.0
time="2025-09-24T11:30:44.190987-05:00" level=info msg="Enabled gRPC tracing middleware" app_id=order-orchestrator instance=Cassandras-MacBook-Pro.local scope=dapr.runtime.grpc.api type=log ver=1.16.0
time="2025-09-24T11:30:44.190993-05:00" level=info msg="Enabled gRPC metrics middleware" app_id=order-orchestrator instance=Cassandras-MacBook-Pro.local scope=dapr.runtime.grpc.api type=log ver=1.16.0
time="2025-09-24T11:30:44.191144-05:00" level=info msg="Registering workflow engine for gRPC endpoint: [::]:50014" app_id=order-orchestrator instance=Cassandras-MacBook-Pro.local scope=dapr.runtime.grpc.api type=log ver=1.16.0
time="2025-09-24T11:30:44.191312-05:00" level=info msg="API gRPC server is running on port 50014" app_id=order-orchestrator instance=Cassandras-MacBook-Pro.local scope=dapr.runtime type=log ver=1.16.0
time="2025-09-24T11:30:44.191427-05:00" level=warning msg="The default value for 'spec.metric.http.increasedCardinality' will change to 'false' in Dapr 1.15 or later" app_id=order-orchestrator instance=Cassandras-MacBook-Pro.local scope=dapr.runtime.http type=log ver=1.16.0
time="2025-09-24T11:30:44.191555-05:00" level=info msg="Enabled max body size HTTP middleware with size 4194304 bytes" app_id=order-orchestrator instance=Cassandras-MacBook-Pro.local scope=dapr.runtime.http type=log ver=1.16.0
time="2025-09-24T11:30:44.191564-05:00" level=info msg="Enabled tracing HTTP middleware" app_id=order-orchestrator instance=Cassandras-MacBook-Pro.local scope=dapr.runtime.http type=log ver=1.16.0
time="2025-09-24T11:30:44.191569-05:00" level=info msg="Enabled metrics HTTP middleware" app_id=order-orchestrator instance=Cassandras-MacBook-Pro.local scope=dapr.runtime.http type=log ver=1.16.0
time="2025-09-24T11:30:44.191759-05:00" level=info msg="HTTP server listening on TCP address: :3505" app_id=order-orchestrator instance=Cassandras-MacBook-Pro.local scope=dapr.runtime.http type=log ver=1.16.0
time="2025-09-24T11:30:44.192071-05:00" level=info msg="HTTP server is running on port 3505" app_id=order-orchestrator instance=Cassandras-MacBook-Pro.local scope=dapr.runtime type=log ver=1.16.0
time="2025-09-24T11:30:44.19208-05:00" level=info msg="The request body size parameter is: 4194304 bytes" app_id=order-orchestrator instance=Cassandras-MacBook-Pro.local scope=dapr.runtime type=log ver=1.16.0
time="2025-09-24T11:30:44.192109-05:00" level=info msg="gRPC server listening on TCP address: :52796" app_id=order-orchestrator instance=Cassandras-MacBook-Pro.local scope=dapr.runtime.grpc.internal type=log ver=1.16.0
time="2025-09-24T11:30:44.192116-05:00" level=info msg="Enabled gRPC tracing middleware" app_id=order-orchestrator instance=Cassandras-MacBook-Pro.local scope=dapr.runtime.grpc.internal type=log ver=1.16.0
time="2025-09-24T11:30:44.19212-05:00" level=info msg="Enabled gRPC metrics middleware" app_id=order-orchestrator instance=Cassandras-MacBook-Pro.local scope=dapr.runtime.grpc.internal type=log ver=1.16.0
time="2025-09-24T11:30:44.192172-05:00" level=info msg="Internal gRPC server is running on :52796" app_id=order-orchestrator instance=Cassandras-MacBook-Pro.local scope=dapr.runtime type=log ver=1.16.0
time="2025-09-24T11:30:44.192224-05:00" level=info msg="Using Scheduler service for reminders." app_id=order-orchestrator instance=Cassandras-MacBook-Pro.local scope=dapr.runtime.actor.reminders.scheduler type=log ver=1.16.0
time="2025-09-24T11:30:44.19224-05:00" level=info msg="application protocol: http. waiting on port 50001.  This will block until the app is listening on that port." app_id=order-orchestrator instance=Cassandras-MacBook-Pro.local scope=dapr.runtime type=log ver=1.16.0
time="2025-09-24T11:30:44.192249-05:00" level=info msg="Actor runtime started" app_id=order-orchestrator instance=Cassandras-MacBook-Pro.local scope=dapr.runtime.actor type=log ver=1.16.0
time="2025-09-24T11:30:44.192264-05:00" level=info msg="worker started with backend dapr.actors/v1" app_id=order-orchestrator instance=Cassandras-MacBook-Pro.local scope=dapr.wfengine.durabletask.backend type=log ver=1.16.0
time="2025-09-24T11:30:44.192436-05:00" level=info msg="Workflow engine started" app_id=order-orchestrator instance=Cassandras-MacBook-Pro.local scope=dapr.runtime.wfengine type=log ver=1.16.0
time="2025-09-24T11:30:44.192261-05:00" level=warning msg="Graceful shutdown timeout is infinite, will wait indefinitely to shutdown" app_id=order-orchestrator instance=Cassandras-MacBook-Pro.local scope=dapr.runtime.actor type=log ver=1.16.0
time="2025-09-24T11:30:44.577682-05:00" level=info msg="work item stream established by user-agent: [dapr-sdk-go/v1.13.0 grpc-go/1.73.0]" app_id=order-orchestrator instance=Cassandras-MacBook-Pro.local scope=dapr.runtime.wfengine type=log ver=1.16.0
time="2025-09-24T11:30:44.597028-05:00" level=info msg="application discovered on port 50001" app_id=order-orchestrator instance=Cassandras-MacBook-Pro.local scope=dapr.runtime type=log ver=1.16.0
time="2025-09-24T11:30:44.59944-05:00" level=info msg="Application configuration loaded" app_id=order-orchestrator instance=Cassandras-MacBook-Pro.local scope=dapr.runtime type=log ver=1.16.0
time="2025-09-24T11:30:44.599652-05:00" level=info msg="Registering hosted actors: []" app_id=order-orchestrator instance=Cassandras-MacBook-Pro.local scope=dapr.runtime.actor type=log ver=1.16.0
time="2025-09-24T11:30:44.599669-05:00" level=info msg="dapr initialized. Status: Running. Init Elapsed 422ms" app_id=order-orchestrator instance=Cassandras-MacBook-Pro.local scope=dapr.runtime type=log ver=1.16.0
time="2025-09-24T11:30:44.599837-05:00" level=info msg="Reporting actor types: [dapr.internal.default.order-orchestrator.activity dapr.internal.default.order-orchestrator.workflow]" app_id=order-orchestrator instance=Cassandras-MacBook-Pro.local scope=dapr.runtime.actors.placement type=log ver=1.16.0
time="2025-09-24T11:30:44.60016-05:00" level=info msg="Connected to placement localhost:50005" app_id=order-orchestrator instance=Cassandras-MacBook-Pro.local scope=dapr.runtime.actors.placement.client.connector.static type=log ver=1.16.0
time="2025-09-24T11:30:44.600432-05:00" level=info msg="Scheduler stream connected for [JOB_TARGET_TYPE_JOB]" app_id=order-orchestrator instance=Cassandras-MacBook-Pro.local scope=dapr.runtime.scheduler.cluster type=log ver=1.16.0
time="2025-09-24T11:30:44.600441-05:00" level=info msg="Scheduler stream connected for [JOB_TARGET_TYPE_JOB]" app_id=order-orchestrator instance=Cassandras-MacBook-Pro.local scope=dapr.runtime.scheduler.cluster type=log ver=1.16.0
time="2025-09-24T11:30:44.600433-05:00" level=info msg="Scheduler stream connected for [JOB_TARGET_TYPE_JOB]" app_id=order-orchestrator instance=Cassandras-MacBook-Pro.local scope=dapr.runtime.scheduler.cluster type=log ver=1.16.0
time="2025-09-24T11:30:44.604689-05:00" level=info msg="Connected to placement localhost:50005" app_id=order-orchestrator instance=Cassandras-MacBook-Pro.local scope=dapr.runtime.actors.placement.client type=log ver=1.16.0
Updating metadata for app command: go run .
Updating metadata for appPID: 32047
You're up and running! Dapr logs will appear here.

time="2025-09-24T11:30:49.612276-05:00" level=info msg="Placement tables updated, version: 60" app_id=order-orchestrator instance=Cassandras-MacBook-Pro.local scope=dapr.runtime.actors.placement type=log ver=1.16.0
time="2025-09-24T11:30:49.612333-05:00" level=info msg="Running actor reminder migration from state store to scheduler" app_id=order-orchestrator instance=Cassandras-MacBook-Pro.local scope=dapr.runtime.actors.reminders.migration type=log ver=1.16.0
time="2025-09-24T11:30:49.612433-05:00" level=info msg="Scheduler stream disconnected" app_id=order-orchestrator instance=Cassandras-MacBook-Pro.local scope=dapr.runtime.scheduler.cluster type=log ver=1.16.0
time="2025-09-24T11:30:49.612434-05:00" level=info msg="Scheduler stream disconnected" app_id=order-orchestrator instance=Cassandras-MacBook-Pro.local scope=dapr.runtime.scheduler.cluster type=log ver=1.16.0
time="2025-09-24T11:30:49.612438-05:00" level=info msg="Scheduler stream disconnected" app_id=order-orchestrator instance=Cassandras-MacBook-Pro.local scope=dapr.runtime.scheduler.cluster type=log ver=1.16.0
time="2025-09-24T11:30:49.612545-05:00" level=info msg="Scheduler stream connected for [JOB_TARGET_TYPE_JOB JOB_TARGET_TYPE_ACTOR_REMINDER]" app_id=order-orchestrator instance=Cassandras-MacBook-Pro.local scope=dapr.runtime.scheduler.cluster type=log ver=1.16.0
time="2025-09-24T11:30:49.612563-05:00" level=info msg="Scheduler stream connected for [JOB_TARGET_TYPE_JOB JOB_TARGET_TYPE_ACTOR_REMINDER]" app_id=order-orchestrator instance=Cassandras-MacBook-Pro.local scope=dapr.runtime.scheduler.cluster type=log ver=1.16.0
time="2025-09-24T11:30:49.612548-05:00" level=info msg="Scheduler stream connected for [JOB_TARGET_TYPE_JOB JOB_TARGET_TYPE_ACTOR_REMINDER]" app_id=order-orchestrator instance=Cassandras-MacBook-Pro.local scope=dapr.runtime.scheduler.cluster type=log ver=1.16.0
time="2025-09-24T11:30:49.623193-05:00" level=info msg="Skipping migration, no missing scheduler reminders found" app_id=order-orchestrator instance=Cassandras-MacBook-Pro.local scope=dapr.runtime.actors.reminders.migration type=log ver=1.16.0
time="2025-09-24T11:30:49.623208-05:00" level=info msg="Found 0 missing scheduler reminders from state store" app_id=order-orchestrator instance=Cassandras-MacBook-Pro.local scope=dapr.runtime.actors.reminders.migration type=log ver=1.16.0
time="2025-09-24T11:30:49.623216-05:00" level=info msg="Migrated 0 reminders from state store to scheduler successfully" app_id=order-orchestrator instance=Cassandras-MacBook-Pro.local scope=dapr.runtime.actors.reminders.migration type=log ver=1.16.0
time="2025-09-24T11:31:36.234076-05:00" level=warning msg="Redis does not support transaction rollbacks and should not be used in production as an actor state store." app_id=order-orchestrator component="statestore (state.redis/v1)" instance=Cassandras-MacBook-Pro.local scope=dapr.contrib type=log ver=1.16.0
time="2025-09-24T11:31:36.24093-05:00" level=info msg="ORDER-1758731496: starting new 'OrderProcessingWorkflow' instance with ID = 'ORDER-1758731496'." app_id=order-orchestrator instance=Cassandras-MacBook-Pro.local scope=dapr.wfengine.durabletask.backend type=log ver=1.16.0
time="2025-09-24T11:31:38.497604-05:00" level=info msg="ORDER-1758731496: 'OrderProcessingWorkflow' completed with a COMPLETED status." app_id=order-orchestrator instance=Cassandras-MacBook-Pro.local scope=dapr.wfengine.durabletask.backend type=log ver=1.16.0
time="2025-09-24T11:31:38.499255-05:00" level=info msg="Workflow Actor 'ORDER-1758731496': workflow completed with status 'ORCHESTRATION_STATUS_COMPLETED' workflowName 'OrderProcessingWorkflow'" app_id=order-orchestrator instance=Cassandras-MacBook-Pro.local scope=dapr.runtime.actors.targets.orchestrator type=log ver=1.16.0

termination signal received: shutting down
time="2025-09-24T11:42:32.223964-05:00" level=info msg="Received signal 'interrupt'; beginning shutdown" app_id=order-orchestrator instance=Cassandras-MacBook-Pro.local scope=dapr.signals type=log ver=1.16.0
time="2025-09-24T11:42:32.224607-05:00" level=info msg="work item stream closed" app_id=order-orchestrator instance=Cassandras-MacBook-Pro.local scope=dapr.runtime.wfengine type=log ver=1.16.0
Exited Dapr successfully
Exited App successfully
time="2025-09-24T11:42:32.225321-05:00" level=info msg="backend stopping..." app_id=order-orchestrator instance=Cassandras-MacBook-Pro.local scope=dapr.wfengine.durabletask.backend type=log ver=1.16.0
time="2025-09-24T11:42:32.225364-05:00" level=info msg="workers stopping and draining..." app_id=order-orchestrator instance=Cassandras-MacBook-Pro.local scope=dapr.wfengine.durabletask.backend type=log ver=1.16.0
time="2025-09-24T11:42:32.22547-05:00" level=info msg="activity-processor: worker stopped" app_id=order-orchestrator instance=Cassandras-MacBook-Pro.local scope=dapr.wfengine.durabletask.backend type=log ver=1.16.0
