== APP - order-orchestrator == 2025/09/25 10:13:05 OrderProcessingWorkflow registered
== APP - order-orchestrator == 2025/09/25 10:13:05 ValidateOrderActivity registered
== APP - order-orchestrator == 2025/09/25 10:13:05 CompleteOrderActivity registered
== APP - order-orchestrator == dapr client initializing for: 127.0.0.1:50014
== APP - order-orchestrator == 2025/09/25 10:13:05 Workflow client initialized
== APP - order-orchestrator == INFO: 2025/09/25 10:13:05 connecting work item listener stream
== APP - order-orchestrator == 2025/09/25 10:13:05 Workflow worker started
== APP - order-orchestrator == 2025/09/25 10:13:05 Starting HTTP server on port 50001...
== APP - order-orchestrator == INFO: 2025/09/25 10:13:05 starting background processor
== APP - order-orchestrator == 2025/09/25 10:13:57 Starting workflow execution via HTTP endpoint...
== APP - order-orchestrator == 2025/09/25 10:13:57 Scheduling workflow with input: {OrderID:ORDER-001 CustomerID:CUST-001 Items:[{ProductID:PROD-001 Name:Laptop Price:999.99 Quantity:1} {ProductID:PROD-002 Name:Mouse Price:29.99 Quantity:2}] PaymentMethod:credit_card Total:1059.97}
== APP - order-orchestrator == 2025/09/25 10:13:57 === OrderProcessingWorkflow STARTED ===
== APP - order-orchestrator == 2025/09/25 10:13:57 Processing order: ORDER-001 for customer: CUST-001
== APP - order-orchestrator == 2025/09/25 10:13:57 Full input: {OrderID:ORDER-001 CustomerID:CUST-001 Items:[{ProductID:PROD-001 Name:Laptop Price:999.99 Quantity:1} {ProductID:PROD-002 Name:Mouse Price:29.99 Quantity:2}] PaymentMethod:credit_card Total:1059.97}
== APP - order-orchestrator == 2025/09/25 10:13:57 === ValidateOrderActivity (local) STARTED ===
== APP - order-orchestrator == 2025/09/25 10:13:57 Validating order: ORDER-001
== APP - order-orchestrator == 2025/09/25 10:13:57 Workflow scheduled successfully with instance ID: ORDER-1758813237
== APP - order-orchestrator == 2025/09/25 10:13:57 Waiting for workflow completion...
== APP - order-orchestrator == 2025/09/25 10:13:58 === ValidateOrderActivity (local) COMPLETED ===
== APP - order-orchestrator == 2025/09/25 10:13:58 === OrderProcessingWorkflow STARTED ===
== APP - order-orchestrator == 2025/09/25 10:13:58 Processing order: ORDER-001 for customer: CUST-001
== APP - order-orchestrator == 2025/09/25 10:13:58 Full input: {OrderID:ORDER-001 CustomerID:CUST-001 Items:[{ProductID:PROD-001 Name:Laptop Price:999.99 Quantity:1} {ProductID:PROD-002 Name:Mouse Price:29.99 Quantity:2}] PaymentMethod:credit_card Total:1059.97}
== APP - order-orchestrator == 2025/09/25 10:13:58 === STEP 2: Starting Payment Processing activity on payment-service ===
== APP - order-orchestrator == 2025/09/25 10:13:59 === OrderProcessingWorkflow STARTED ===
== APP - order-orchestrator == 2025/09/25 10:13:59 Processing order: ORDER-001 for customer: CUST-001
== APP - order-orchestrator == 2025/09/25 10:13:59 Full input: {OrderID:ORDER-001 CustomerID:CUST-001 Items:[{ProductID:PROD-001 Name:Laptop Price:999.99 Quantity:1} {ProductID:PROD-002 Name:Mouse Price:29.99 Quantity:2}] PaymentMethod:credit_card Total:1059.97}
== APP - order-orchestrator == 2025/09/25 10:13:59 === STEP 2: Starting Payment Processing activity on payment-service ===
== APP - order-orchestrator == 2025/09/25 10:13:59 === STEP 2: Payment Processing COMPLETED ===
== APP - order-orchestrator == 2025/09/25 10:13:59 === STEP 3: Starting Inventory Reservation activity on inventory-service ===
== APP - order-orchestrator == 2025/09/25 10:13:59 === OrderProcessingWorkflow STARTED ===
== APP - order-orchestrator == 2025/09/25 10:13:59 Processing order: ORDER-001 for customer: CUST-001
== APP - order-orchestrator == 2025/09/25 10:13:59 Full input: {OrderID:ORDER-001 CustomerID:CUST-001 Items:[{ProductID:PROD-001 Name:Laptop Price:999.99 Quantity:1} {ProductID:PROD-002 Name:Mouse Price:29.99 Quantity:2}] PaymentMethod:credit_card Total:1059.97}
== APP - order-orchestrator == 2025/09/25 10:13:59 === STEP 2: Starting Payment Processing activity on payment-service ===
== APP - order-orchestrator == 2025/09/25 10:13:59 === STEP 2: Payment Processing COMPLETED ===
== APP - order-orchestrator == 2025/09/25 10:13:59 === STEP 3: Starting Inventory Reservation activity on inventory-service ===
== APP - order-orchestrator == 2025/09/25 10:13:59 === STEP 3: Inventory Reservation COMPLETED ===
== APP - order-orchestrator == 2025/09/25 10:13:59 === STEP 4: Starting AI Recommendations activity on ai-recommendation-service ===
== APP - order-orchestrator == 2025/09/25 10:13:59 === OrderProcessingWorkflow STARTED ===
== APP - order-orchestrator == 2025/09/25 10:13:59 Processing order: ORDER-001 for customer: CUST-001
== APP - order-orchestrator == 2025/09/25 10:13:59 Full input: {OrderID:ORDER-001 CustomerID:CUST-001 Items:[{ProductID:PROD-001 Name:Laptop Price:999.99 Quantity:1} {ProductID:PROD-002 Name:Mouse Price:29.99 Quantity:2}] PaymentMethod:credit_card Total:1059.97}
== APP - order-orchestrator == 2025/09/25 10:13:59 === STEP 2: Starting Payment Processing activity on payment-service ===
== APP - order-orchestrator == 2025/09/25 10:13:59 === STEP 2: Payment Processing COMPLETED ===
== APP - order-orchestrator == 2025/09/25 10:13:59 === STEP 3: Starting Inventory Reservation activity on inventory-service ===
== APP - order-orchestrator == 2025/09/25 10:13:59 === STEP 3: Inventory Reservation COMPLETED ===
== APP - order-orchestrator == 2025/09/25 10:13:59 === STEP 4: Starting AI Recommendations activity on ai-recommendation-service ===
== APP - order-orchestrator == 2025/09/25 10:13:59 === STEP 4: AI Recommendations COMPLETED ===
== APP - order-orchestrator == 2025/09/25 10:13:59 === STEP 5: Starting Order Completion activity (local) ===
== APP - order-orchestrator == 2025/09/25 10:13:59 === CompleteOrderActivity (local) STARTED ===
== APP - order-orchestrator == 2025/09/25 10:13:59 Completing order: ORDER-001
== APP - order-orchestrator == 2025/09/25 10:14:00 === CompleteOrderActivity (local) COMPLETED ===
== APP - order-orchestrator == 2025/09/25 10:14:00 === OrderProcessingWorkflow STARTED ===
== APP - order-orchestrator == 2025/09/25 10:14:00 Processing order: ORDER-001 for customer: CUST-001
== APP - order-orchestrator == 2025/09/25 10:14:00 Full input: {OrderID:ORDER-001 CustomerID:CUST-001 Items:[{ProductID:PROD-001 Name:Laptop Price:999.99 Quantity:1} {ProductID:PROD-002 Name:Mouse Price:29.99 Quantity:2}] PaymentMethod:credit_card Total:1059.97}
== APP - order-orchestrator == 2025/09/25 10:14:00 === STEP 2: Starting Payment Processing activity on payment-service ===
== APP - order-orchestrator == 2025/09/25 10:14:00 === STEP 2: Payment Processing COMPLETED ===
== APP - order-orchestrator == 2025/09/25 10:14:00 === STEP 3: Starting Inventory Reservation activity on inventory-service ===
== APP - order-orchestrator == 2025/09/25 10:14:00 === STEP 3: Inventory Reservation COMPLETED ===
== APP - order-orchestrator == 2025/09/25 10:14:00 === STEP 4: Starting AI Recommendations activity on ai-recommendation-service ===
== APP - order-orchestrator == 2025/09/25 10:14:00 === STEP 4: AI Recommendations COMPLETED ===
== APP - order-orchestrator == 2025/09/25 10:14:00 === STEP 5: Starting Order Completion activity (local) ===
== APP - order-orchestrator == 2025/09/25 10:14:00 === STEP 5: Order Completion COMPLETED ===
== APP - order-orchestrator == 2025/09/25 10:14:00 === OrderProcessingWorkflow COMPLETED SUCCESSFULLY ===
== APP - order-orchestrator == 2025/09/25 10:14:00 Workflow completed successfully with result: COMPLETED
== APP - order-orchestrator == signal: interrupt

termination signal received: shutting down
