Starting Dapr with id order-orchestrator. HTTP Port: 3505. gRPC Port: 50014
Updating metadata for cliPID: 55643
time="2025-09-25T10:13:05.140284-05:00" level=info msg="Starting Dapr Runtime -- version 1.16.0 -- commit b68296042c975d4ede1ed93ec6b0a579c2b6a020" app_id=order-orchestrator instance=Mac-45.lan scope=dapr.runtime type=log ver=1.16.0
time="2025-09-25T10:13:05.14033-05:00" level=info msg="Log level set to: info" app_id=order-orchestrator instance=Mac-45.lan scope=dapr.runtime type=log ver=1.16.0
time="2025-09-25T10:13:05.140857-05:00" level=warning msg="mTLS is disabled. Skipping certificate request and tls validation" app_id=order-orchestrator instance=Mac-45.lan scope=dapr.runtime.security type=log ver=1.16.0
time="2025-09-25T10:13:05.144165-05:00" level=info msg="Enabled features: SchedulerReminders" app_id=order-orchestrator instance=Mac-45.lan scope=dapr.runtime type=log ver=1.16.0
time="2025-09-25T10:13:05.144228-05:00" level=info msg="metric spec: {\"enabled\":true}" app_id=order-orchestrator instance=Mac-45.lan scope=dapr.runtime.diagnostics type=log ver=1.16.0
time="2025-09-25T10:13:05.144246-05:00" level=info msg="Using default latency distribution buckets: [1 2 3 4 5 6 8 10 13 16 20 25 30 40 50 65 80 100 130 160 200 250 300 400 500 650 800 1000 2000 5000 10000 20000 50000 100000]" app_id=order-orchestrator instance=Mac-45.lan scope=dapr.runtime.diagnostics type=log ver=1.16.0
time="2025-09-25T10:13:05.144328-05:00" level=warning msg="The default value for 'spec.metric.http.increasedCardinality' will change to 'false' in Dapr 1.15 or later" app_id=order-orchestrator instance=Mac-45.lan scope=dapr.runtime.diagnostics type=log ver=1.16.0
time="2025-09-25T10:13:05.146198-05:00" level=info msg="standalone mode configured" app_id=order-orchestrator instance=Mac-45.lan scope=dapr.runtime type=log ver=1.16.0
time="2025-09-25T10:13:05.146207-05:00" level=info msg="app id: order-orchestrator" app_id=order-orchestrator instance=Mac-45.lan scope=dapr.runtime type=log ver=1.16.0
time="2025-09-25T10:13:05.14699-05:00" level=info msg="metrics server started on 0.0.0.0:64125/" app_id=order-orchestrator instance=Mac-45.lan scope=dapr.runtime type=log ver=1.16.0
time="2025-09-25T10:13:05.147278-05:00" level=info msg="Dapr trace sampler initialized: ParentBased{root:AlwaysOnSampler,remoteParentSampled:AlwaysOnSampler,remoteParentNotSampled:AlwaysOffSampler,localParentSampled:AlwaysOnSampler,localParentNotSampled:AlwaysOffSampler}" app_id=order-orchestrator instance=Mac-45.lan scope=dapr.runtime type=log ver=1.16.0
time="2025-09-25T10:13:05.149649-05:00" level=info msg="local service entry announced: order-orchestrator -> 192.168.1.82:64126" app_id=order-orchestrator component="nr (mdns/v1)" instance=Mac-45.lan scope=dapr.contrib type=log ver=1.16.0
time="2025-09-25T10:13:05.149669-05:00" level=info msg="Initialized name resolution to mdns" app_id=order-orchestrator instance=Mac-45.lan scope=dapr.runtime type=log ver=1.16.0
time="2025-09-25T10:13:05.151095-05:00" level=info msg="Loading components…" app_id=order-orchestrator instance=Mac-45.lan scope=dapr.runtime type=log ver=1.16.0
time="2025-09-25T10:13:05.151627-05:00" level=info msg="Waiting for all outstanding components to be processed…" app_id=order-orchestrator instance=Mac-45.lan scope=dapr.runtime type=log ver=1.16.0
time="2025-09-25T10:13:05.154305-05:00" level=info msg="Connected and received scheduler hosts addresses: [localhost:50006]" app_id=order-orchestrator instance=Mac-45.lan scope=dapr.runtime.scheduler.watchhosts type=log ver=1.16.0
time="2025-09-25T10:13:05.154404-05:00" level=info msg="Scheduler client initialized for address: localhost:50006" app_id=order-orchestrator instance=Mac-45.lan scope=dapr.runtime.scheduler.clients type=log ver=1.16.0
time="2025-09-25T10:13:05.154417-05:00" level=info msg="Scheduler clients initialized" app_id=order-orchestrator instance=Mac-45.lan scope=dapr.runtime.scheduler.clients type=log ver=1.16.0
time="2025-09-25T10:13:05.158784-05:00" level=info msg="Using 'statestore' as actor state store" app_id=order-orchestrator instance=Mac-45.lan scope=dapr.runtime.processor.state type=log ver=1.16.0
time="2025-09-25T10:13:05.158838-05:00" level=info msg="Component loaded: statestore (state.redis/v1)" app_id=order-orchestrator instance=Mac-45.lan scope=dapr.runtime.processor type=log ver=1.16.0
time="2025-09-25T10:13:05.15885-05:00" level=info msg="All outstanding components processed" app_id=order-orchestrator instance=Mac-45.lan scope=dapr.runtime type=log ver=1.16.0
time="2025-09-25T10:13:05.158856-05:00" level=info msg="Loading endpoints…" app_id=order-orchestrator instance=Mac-45.lan scope=dapr.runtime type=log ver=1.16.0
time="2025-09-25T10:13:05.158975-05:00" level=info msg="Waiting for all outstanding http endpoints to be processed…" app_id=order-orchestrator instance=Mac-45.lan scope=dapr.runtime type=log ver=1.16.0
time="2025-09-25T10:13:05.158983-05:00" level=info msg="All outstanding http endpoints processed" app_id=order-orchestrator instance=Mac-45.lan scope=dapr.runtime type=log ver=1.16.0
time="2025-09-25T10:13:05.158993-05:00" level=info msg="Loading Declarative Subscriptions…" app_id=order-orchestrator instance=Mac-45.lan scope=dapr.runtime type=log ver=1.16.0
time="2025-09-25T10:13:05.159289-05:00" level=info msg="gRPC server listening on TCP address: :50014" app_id=order-orchestrator instance=Mac-45.lan scope=dapr.runtime.grpc.api type=log ver=1.16.0
time="2025-09-25T10:13:05.159426-05:00" level=info msg="Enabled gRPC tracing middleware" app_id=order-orchestrator instance=Mac-45.lan scope=dapr.runtime.grpc.api type=log ver=1.16.0
time="2025-09-25T10:13:05.159432-05:00" level=info msg="Enabled gRPC metrics middleware" app_id=order-orchestrator instance=Mac-45.lan scope=dapr.runtime.grpc.api type=log ver=1.16.0
time="2025-09-25T10:13:05.159481-05:00" level=info msg="Registering workflow engine for gRPC endpoint: [::]:50014" app_id=order-orchestrator instance=Mac-45.lan scope=dapr.runtime.grpc.api type=log ver=1.16.0
time="2025-09-25T10:13:05.15978-05:00" level=info msg="API gRPC server is running on port 50014" app_id=order-orchestrator instance=Mac-45.lan scope=dapr.runtime type=log ver=1.16.0
time="2025-09-25T10:13:05.160067-05:00" level=warning msg="The default value for 'spec.metric.http.increasedCardinality' will change to 'false' in Dapr 1.15 or later" app_id=order-orchestrator instance=Mac-45.lan scope=dapr.runtime.http type=log ver=1.16.0
time="2025-09-25T10:13:05.160466-05:00" level=info msg="Enabled max body size HTTP middleware with size 4194304 bytes" app_id=order-orchestrator instance=Mac-45.lan scope=dapr.runtime.http type=log ver=1.16.0
time="2025-09-25T10:13:05.160477-05:00" level=info msg="Enabled tracing HTTP middleware" app_id=order-orchestrator instance=Mac-45.lan scope=dapr.runtime.http type=log ver=1.16.0
time="2025-09-25T10:13:05.160485-05:00" level=info msg="Enabled metrics HTTP middleware" app_id=order-orchestrator instance=Mac-45.lan scope=dapr.runtime.http type=log ver=1.16.0
time="2025-09-25T10:13:05.16075-05:00" level=info msg="HTTP server listening on TCP address: :3505" app_id=order-orchestrator instance=Mac-45.lan scope=dapr.runtime.http type=log ver=1.16.0
time="2025-09-25T10:13:05.161093-05:00" level=info msg="HTTP server is running on port 3505" app_id=order-orchestrator instance=Mac-45.lan scope=dapr.runtime type=log ver=1.16.0
time="2025-09-25T10:13:05.1611-05:00" level=info msg="The request body size parameter is: 4194304 bytes" app_id=order-orchestrator instance=Mac-45.lan scope=dapr.runtime type=log ver=1.16.0
time="2025-09-25T10:13:05.161146-05:00" level=info msg="gRPC server listening on TCP address: :64126" app_id=order-orchestrator instance=Mac-45.lan scope=dapr.runtime.grpc.internal type=log ver=1.16.0
time="2025-09-25T10:13:05.161171-05:00" level=info msg="Enabled gRPC tracing middleware" app_id=order-orchestrator instance=Mac-45.lan scope=dapr.runtime.grpc.internal type=log ver=1.16.0
time="2025-09-25T10:13:05.161177-05:00" level=info msg="Enabled gRPC metrics middleware" app_id=order-orchestrator instance=Mac-45.lan scope=dapr.runtime.grpc.internal type=log ver=1.16.0
time="2025-09-25T10:13:05.161211-05:00" level=info msg="Internal gRPC server is running on :64126" app_id=order-orchestrator instance=Mac-45.lan scope=dapr.runtime type=log ver=1.16.0
time="2025-09-25T10:13:05.161289-05:00" level=info msg="Using Scheduler service for reminders." app_id=order-orchestrator instance=Mac-45.lan scope=dapr.runtime.actor.reminders.scheduler type=log ver=1.16.0
time="2025-09-25T10:13:05.161312-05:00" level=info msg="application protocol: http. waiting on port 50001.  This will block until the app is listening on that port." app_id=order-orchestrator instance=Mac-45.lan scope=dapr.runtime type=log ver=1.16.0
time="2025-09-25T10:13:05.161327-05:00" level=info msg="Actor runtime started" app_id=order-orchestrator instance=Mac-45.lan scope=dapr.runtime.actor type=log ver=1.16.0
time="2025-09-25T10:13:05.161336-05:00" level=info msg="worker started with backend dapr.actors/v1" app_id=order-orchestrator instance=Mac-45.lan scope=dapr.wfengine.durabletask.backend type=log ver=1.16.0
time="2025-09-25T10:13:05.161383-05:00" level=info msg="Workflow engine started" app_id=order-orchestrator instance=Mac-45.lan scope=dapr.runtime.wfengine type=log ver=1.16.0
time="2025-09-25T10:13:05.161335-05:00" level=warning msg="Graceful shutdown timeout is infinite, will wait indefinitely to shutdown" app_id=order-orchestrator instance=Mac-45.lan scope=dapr.runtime.actor type=log ver=1.16.0
time="2025-09-25T10:13:05.452887-05:00" level=info msg="work item stream established by user-agent: [dapr-sdk-go/v1.13.0 grpc-go/1.73.0]" app_id=order-orchestrator instance=Mac-45.lan scope=dapr.runtime.wfengine type=log ver=1.16.0
time="2025-09-25T10:13:05.462838-05:00" level=info msg="application discovered on port 50001" app_id=order-orchestrator instance=Mac-45.lan scope=dapr.runtime type=log ver=1.16.0
time="2025-09-25T10:13:05.464134-05:00" level=info msg="Application configuration loaded" app_id=order-orchestrator instance=Mac-45.lan scope=dapr.runtime type=log ver=1.16.0
time="2025-09-25T10:13:05.464171-05:00" level=info msg="Registering hosted actors: []" app_id=order-orchestrator instance=Mac-45.lan scope=dapr.runtime.actor type=log ver=1.16.0
time="2025-09-25T10:13:05.464182-05:00" level=info msg="dapr initialized. Status: Running. Init Elapsed 318ms" app_id=order-orchestrator instance=Mac-45.lan scope=dapr.runtime type=log ver=1.16.0
time="2025-09-25T10:13:05.464231-05:00" level=info msg="Reporting actor types: [dapr.internal.default.order-orchestrator.activity dapr.internal.default.order-orchestrator.workflow]" app_id=order-orchestrator instance=Mac-45.lan scope=dapr.runtime.actors.placement type=log ver=1.16.0
time="2025-09-25T10:13:05.46448-05:00" level=info msg="Connected to placement localhost:50005" app_id=order-orchestrator instance=Mac-45.lan scope=dapr.runtime.actors.placement.client.connector.static type=log ver=1.16.0
time="2025-09-25T10:13:05.464715-05:00" level=info msg="Scheduler stream connected for [JOB_TARGET_TYPE_JOB]" app_id=order-orchestrator instance=Mac-45.lan scope=dapr.runtime.scheduler.cluster type=log ver=1.16.0
time="2025-09-25T10:13:05.464716-05:00" level=info msg="Scheduler stream connected for [JOB_TARGET_TYPE_JOB]" app_id=order-orchestrator instance=Mac-45.lan scope=dapr.runtime.scheduler.cluster type=log ver=1.16.0
time="2025-09-25T10:13:05.464721-05:00" level=info msg="Scheduler stream connected for [JOB_TARGET_TYPE_JOB]" app_id=order-orchestrator instance=Mac-45.lan scope=dapr.runtime.scheduler.cluster type=log ver=1.16.0
time="2025-09-25T10:13:05.467036-05:00" level=info msg="Connected to placement localhost:50005" app_id=order-orchestrator instance=Mac-45.lan scope=dapr.runtime.actors.placement.client type=log ver=1.16.0
Updating metadata for app command: go run .
Updating metadata for appPID: 55647
You're up and running! Dapr logs will appear here.

time="2025-09-25T10:13:10.601653-05:00" level=info msg="Placement tables updated, version: 94" app_id=order-orchestrator instance=Mac-45.lan scope=dapr.runtime.actors.placement type=log ver=1.16.0
time="2025-09-25T10:13:10.601731-05:00" level=info msg="Running actor reminder migration from state store to scheduler" app_id=order-orchestrator instance=Mac-45.lan scope=dapr.runtime.actors.reminders.migration type=log ver=1.16.0
time="2025-09-25T10:13:10.601965-05:00" level=info msg="Scheduler stream disconnected" app_id=order-orchestrator instance=Mac-45.lan scope=dapr.runtime.scheduler.cluster type=log ver=1.16.0
time="2025-09-25T10:13:10.601996-05:00" level=info msg="Scheduler stream disconnected" app_id=order-orchestrator instance=Mac-45.lan scope=dapr.runtime.scheduler.cluster type=log ver=1.16.0
time="2025-09-25T10:13:10.60202-05:00" level=info msg="Scheduler stream disconnected" app_id=order-orchestrator instance=Mac-45.lan scope=dapr.runtime.scheduler.cluster type=log ver=1.16.0
time="2025-09-25T10:13:10.602127-05:00" level=info msg="Scheduler stream connected for [JOB_TARGET_TYPE_JOB JOB_TARGET_TYPE_ACTOR_REMINDER]" app_id=order-orchestrator instance=Mac-45.lan scope=dapr.runtime.scheduler.cluster type=log ver=1.16.0
time="2025-09-25T10:13:10.602177-05:00" level=info msg="Scheduler stream connected for [JOB_TARGET_TYPE_JOB JOB_TARGET_TYPE_ACTOR_REMINDER]" app_id=order-orchestrator instance=Mac-45.lan scope=dapr.runtime.scheduler.cluster type=log ver=1.16.0
time="2025-09-25T10:13:10.602178-05:00" level=info msg="Scheduler stream connected for [JOB_TARGET_TYPE_JOB JOB_TARGET_TYPE_ACTOR_REMINDER]" app_id=order-orchestrator instance=Mac-45.lan scope=dapr.runtime.scheduler.cluster type=log ver=1.16.0
time="2025-09-25T10:13:10.62164-05:00" level=info msg="Skipping migration, no missing scheduler reminders found" app_id=order-orchestrator instance=Mac-45.lan scope=dapr.runtime.actors.reminders.migration type=log ver=1.16.0
time="2025-09-25T10:13:10.621665-05:00" level=info msg="Found 0 missing scheduler reminders from state store" app_id=order-orchestrator instance=Mac-45.lan scope=dapr.runtime.actors.reminders.migration type=log ver=1.16.0
time="2025-09-25T10:13:10.621678-05:00" level=info msg="Migrated 0 reminders from state store to scheduler successfully" app_id=order-orchestrator instance=Mac-45.lan scope=dapr.runtime.actors.reminders.migration type=log ver=1.16.0
time="2025-09-25T10:13:57.951879-05:00" level=warning msg="Redis does not support transaction rollbacks and should not be used in production as an actor state store." app_id=order-orchestrator component="statestore (state.redis/v1)" instance=Mac-45.lan scope=dapr.contrib type=log ver=1.16.0
time="2025-09-25T10:13:57.957179-05:00" level=info msg="ORDER-1758813237: starting new 'OrderProcessingWorkflow' instance with ID = 'ORDER-1758813237'." app_id=order-orchestrator instance=Mac-45.lan scope=dapr.wfengine.durabletask.backend type=log ver=1.16.0
time="2025-09-25T10:14:00.164516-05:00" level=info msg="ORDER-1758813237: 'OrderProcessingWorkflow' completed with a COMPLETED status." app_id=order-orchestrator instance=Mac-45.lan scope=dapr.wfengine.durabletask.backend type=log ver=1.16.0
time="2025-09-25T10:14:00.165418-05:00" level=info msg="Workflow Actor 'ORDER-1758813237': workflow completed with status 'ORCHESTRATION_STATUS_COMPLETED' workflowName 'OrderProcessingWorkflow'" app_id=order-orchestrator instance=Mac-45.lan scope=dapr.runtime.actors.targets.orchestrator type=log ver=1.16.0
time="2025-09-25T10:16:24.310102-05:00" level=info msg="Received signal 'interrupt'; beginning shutdown" app_id=order-orchestrator instance=Mac-45.lan scope=dapr.signals type=log ver=1.16.0

termination signal received: shutting down
time="2025-09-25T10:16:24.311037-05:00" level=info msg="Scheduler stream disconnected" app_id=order-orchestrator instance=Mac-45.lan scope=dapr.runtime.scheduler.cluster type=log ver=1.16.0
time="2025-09-25T10:16:24.311141-05:00" level=info msg="Scheduler stream disconnected" app_id=order-orchestrator instance=Mac-45.lan scope=dapr.runtime.scheduler.cluster type=log ver=1.16.0
time="2025-09-25T10:16:24.311263-05:00" level=info msg="Scheduler stream disconnected" app_id=order-orchestrator instance=Mac-45.lan scope=dapr.runtime.scheduler.cluster type=log ver=1.16.0
time="2025-09-25T10:16:24.310647-05:00" level=info msg="work item stream closed" app_id=order-orchestrator instance=Mac-45.lan scope=dapr.runtime.wfengine type=log ver=1.16.0
time="2025-09-25T10:16:24.311484-05:00" level=info msg="backend stopping..." app_id=order-orchestrator instance=Mac-45.lan scope=dapr.wfengine.durabletask.backend type=log ver=1.16.0
time="2025-09-25T10:16:24.311503-05:00" level=info msg="workers stopping and draining..." app_id=order-orchestrator instance=Mac-45.lan scope=dapr.wfengine.durabletask.backend type=log ver=1.16.0
time="2025-09-25T10:16:24.311485-05:00" level=error msg="Error communicating with placement: rpc error: code = Canceled desc = context canceled" app_id=order-orchestrator instance=Mac-45.lan scope=dapr.runtime.actors.placement.client type=log ver=1.16.0
time="2025-09-25T10:16:24.311411-05:00" level=info msg="Actor runtime shutting down" app_id=order-orchestrator instance=Mac-45.lan scope=dapr.runtime.actor type=log ver=1.16.0
time="2025-09-25T10:16:24.311512-05:00" level=info msg="orchestration-processor: worker stopped" app_id=order-orchestrator instance=Mac-45.lan scope=dapr.wfengine.durabletask.backend type=log ver=1.16.0
time="2025-09-25T10:16:24.311618-05:00" level=info msg="Actor runtime stopped" app_id=order-orchestrator instance=Mac-45.lan scope=dapr.runtime.actor type=log ver=1.16.0
time="2025-09-25T10:16:24.311535-05:00" level=info msg="activity-processor: worker stopped" app_id=order-orchestrator instance=Mac-45.lan scope=dapr.wfengine.durabletask.backend type=log ver=1.16.0
time="2025-09-25T10:16:24.311647-05:00" level=info msg="finished stopping and draining workers!" app_id=order-orchestrator instance=Mac-45.lan scope=dapr.wfengine.durabletask.backend type=log ver=1.16.0
time="2025-09-25T10:16:24.311666-05:00" level=info msg="Workflow engine stopped" app_id=order-orchestrator instance=Mac-45.lan scope=dapr.runtime.wfengine type=log ver=1.16.0
Exited Dapr successfully
Exited App successfully
