Starting Dapr with id order-orchestrator. HTTP Port: 3505. gRPC Port: 50014
Updating metadata for cliPID: 75932
time="2025-09-23T14:20:21.165082-05:00" level=info msg="Starting Dapr Runtime -- version 1.16.0 -- commit b68296042c975d4ede1ed93ec6b0a579c2b6a020" app_id=order-orchestrator instance=Cassandras-MacBook-Pro.local scope=dapr.runtime type=log ver=1.16.0
time="2025-09-23T14:20:21.165508-05:00" level=info msg="Log level set to: info" app_id=order-orchestrator instance=Cassandras-MacBook-Pro.local scope=dapr.runtime type=log ver=1.16.0
time="2025-09-23T14:20:21.165782-05:00" level=warning msg="mTLS is disabled. Skipping certificate request and tls validation" app_id=order-orchestrator instance=Cassandras-MacBook-Pro.local scope=dapr.runtime.security type=log ver=1.16.0
time="2025-09-23T14:20:21.166406-05:00" level=info msg="Enabled features: SchedulerReminders" app_id=order-orchestrator instance=Cassandras-MacBook-Pro.local scope=dapr.runtime type=log ver=1.16.0
time="2025-09-23T14:20:21.166563-05:00" level=info msg="metric spec: {\"enabled\":true}" app_id=order-orchestrator instance=Cassandras-MacBook-Pro.local scope=dapr.runtime.diagnostics type=log ver=1.16.0
time="2025-09-23T14:20:21.16662-05:00" level=info msg="Using default latency distribution buckets: [1 2 3 4 5 6 8 10 13 16 20 25 30 40 50 65 80 100 130 160 200 250 300 400 500 650 800 1000 2000 5000 10000 20000 50000 100000]" app_id=order-orchestrator instance=Cassandras-MacBook-Pro.local scope=dapr.runtime.diagnostics type=log ver=1.16.0
time="2025-09-23T14:20:21.166768-05:00" level=warning msg="The default value for 'spec.metric.http.increasedCardinality' will change to 'false' in Dapr 1.15 or later" app_id=order-orchestrator instance=Cassandras-MacBook-Pro.local scope=dapr.runtime.diagnostics type=log ver=1.16.0
time="2025-09-23T14:20:21.16722-05:00" level=info msg="standalone mode configured" app_id=order-orchestrator instance=Cassandras-MacBook-Pro.local scope=dapr.runtime type=log ver=1.16.0
time="2025-09-23T14:20:21.167246-05:00" level=info msg="app id: order-orchestrator" app_id=order-orchestrator instance=Cassandras-MacBook-Pro.local scope=dapr.runtime type=log ver=1.16.0
time="2025-09-23T14:20:21.167261-05:00" level=info msg="metrics server started on 0.0.0.0:54100/" app_id=order-orchestrator instance=Cassandras-MacBook-Pro.local scope=dapr.runtime type=log ver=1.16.0
time="2025-09-23T14:20:21.167397-05:00" level=info msg="Dapr trace sampler initialized: ParentBased{root:AlwaysOnSampler,remoteParentSampled:AlwaysOnSampler,remoteParentNotSampled:AlwaysOffSampler,localParentSampled:AlwaysOnSampler,localParentNotSampled:AlwaysOffSampler}" app_id=order-orchestrator instance=Cassandras-MacBook-Pro.local scope=dapr.runtime type=log ver=1.16.0
time="2025-09-23T14:20:21.168654-05:00" level=info msg="local service entry announced: order-orchestrator -> 172.16.73.126:54101" app_id=order-orchestrator component="nr (mdns/v1)" instance=Cassandras-MacBook-Pro.local scope=dapr.contrib type=log ver=1.16.0
time="2025-09-23T14:20:21.16868-05:00" level=info msg="Initialized name resolution to mdns" app_id=order-orchestrator instance=Cassandras-MacBook-Pro.local scope=dapr.runtime type=log ver=1.16.0
time="2025-09-23T14:20:21.168807-05:00" level=info msg="Loading components…" app_id=order-orchestrator instance=Cassandras-MacBook-Pro.local scope=dapr.runtime type=log ver=1.16.0
time="2025-09-23T14:20:21.169135-05:00" level=info msg="Waiting for all outstanding components to be processed…" app_id=order-orchestrator instance=Cassandras-MacBook-Pro.local scope=dapr.runtime type=log ver=1.16.0
time="2025-09-23T14:20:21.171787-05:00" level=info msg="Connected and received scheduler hosts addresses: [localhost:50006]" app_id=order-orchestrator instance=Cassandras-MacBook-Pro.local scope=dapr.runtime.scheduler.watchhosts type=log ver=1.16.0
time="2025-09-23T14:20:21.171996-05:00" level=info msg="Scheduler client initialized for address: localhost:50006" app_id=order-orchestrator instance=Cassandras-MacBook-Pro.local scope=dapr.runtime.scheduler.clients type=log ver=1.16.0
time="2025-09-23T14:20:21.172017-05:00" level=info msg="Scheduler clients initialized" app_id=order-orchestrator instance=Cassandras-MacBook-Pro.local scope=dapr.runtime.scheduler.clients type=log ver=1.16.0
time="2025-09-23T14:20:21.175391-05:00" level=info msg="Using 'statestore' as actor state store" app_id=order-orchestrator instance=Cassandras-MacBook-Pro.local scope=dapr.runtime.processor.state type=log ver=1.16.0
time="2025-09-23T14:20:21.175429-05:00" level=info msg="Component loaded: statestore (state.redis/v1)" app_id=order-orchestrator instance=Cassandras-MacBook-Pro.local scope=dapr.runtime.processor type=log ver=1.16.0
time="2025-09-23T14:20:21.175443-05:00" level=info msg="All outstanding components processed" app_id=order-orchestrator instance=Cassandras-MacBook-Pro.local scope=dapr.runtime type=log ver=1.16.0
time="2025-09-23T14:20:21.175452-05:00" level=info msg="Loading endpoints…" app_id=order-orchestrator instance=Cassandras-MacBook-Pro.local scope=dapr.runtime type=log ver=1.16.0
time="2025-09-23T14:20:21.175631-05:00" level=info msg="Waiting for all outstanding http endpoints to be processed…" app_id=order-orchestrator instance=Cassandras-MacBook-Pro.local scope=dapr.runtime type=log ver=1.16.0
time="2025-09-23T14:20:21.175648-05:00" level=info msg="All outstanding http endpoints processed" app_id=order-orchestrator instance=Cassandras-MacBook-Pro.local scope=dapr.runtime type=log ver=1.16.0
time="2025-09-23T14:20:21.175656-05:00" level=info msg="Loading Declarative Subscriptions…" app_id=order-orchestrator instance=Cassandras-MacBook-Pro.local scope=dapr.runtime type=log ver=1.16.0
time="2025-09-23T14:20:21.175877-05:00" level=info msg="gRPC server listening on TCP address: :50014" app_id=order-orchestrator instance=Cassandras-MacBook-Pro.local scope=dapr.runtime.grpc.api type=log ver=1.16.0
time="2025-09-23T14:20:21.175889-05:00" level=info msg="Enabled gRPC tracing middleware" app_id=order-orchestrator instance=Cassandras-MacBook-Pro.local scope=dapr.runtime.grpc.api type=log ver=1.16.0
time="2025-09-23T14:20:21.175895-05:00" level=info msg="Enabled gRPC metrics middleware" app_id=order-orchestrator instance=Cassandras-MacBook-Pro.local scope=dapr.runtime.grpc.api type=log ver=1.16.0
time="2025-09-23T14:20:21.175936-05:00" level=info msg="Registering workflow engine for gRPC endpoint: [::]:50014" app_id=order-orchestrator instance=Cassandras-MacBook-Pro.local scope=dapr.runtime.grpc.api type=log ver=1.16.0
time="2025-09-23T14:20:21.175956-05:00" level=info msg="API gRPC server is running on port 50014" app_id=order-orchestrator instance=Cassandras-MacBook-Pro.local scope=dapr.runtime type=log ver=1.16.0
time="2025-09-23T14:20:21.17597-05:00" level=warning msg="The default value for 'spec.metric.http.increasedCardinality' will change to 'false' in Dapr 1.15 or later" app_id=order-orchestrator instance=Cassandras-MacBook-Pro.local scope=dapr.runtime.http type=log ver=1.16.0
time="2025-09-23T14:20:21.176007-05:00" level=info msg="Enabled max body size HTTP middleware with size 4194304 bytes" app_id=order-orchestrator instance=Cassandras-MacBook-Pro.local scope=dapr.runtime.http type=log ver=1.16.0
time="2025-09-23T14:20:21.176014-05:00" level=info msg="Enabled tracing HTTP middleware" app_id=order-orchestrator instance=Cassandras-MacBook-Pro.local scope=dapr.runtime.http type=log ver=1.16.0
time="2025-09-23T14:20:21.176019-05:00" level=info msg="Enabled metrics HTTP middleware" app_id=order-orchestrator instance=Cassandras-MacBook-Pro.local scope=dapr.runtime.http type=log ver=1.16.0
time="2025-09-23T14:20:21.176188-05:00" level=info msg="HTTP server listening on TCP address: :3505" app_id=order-orchestrator instance=Cassandras-MacBook-Pro.local scope=dapr.runtime.http type=log ver=1.16.0
time="2025-09-23T14:20:21.176209-05:00" level=info msg="HTTP server is running on port 3505" app_id=order-orchestrator instance=Cassandras-MacBook-Pro.local scope=dapr.runtime type=log ver=1.16.0
time="2025-09-23T14:20:21.176216-05:00" level=info msg="The request body size parameter is: 4194304 bytes" app_id=order-orchestrator instance=Cassandras-MacBook-Pro.local scope=dapr.runtime type=log ver=1.16.0
time="2025-09-23T14:20:21.176247-05:00" level=info msg="gRPC server listening on TCP address: :54101" app_id=order-orchestrator instance=Cassandras-MacBook-Pro.local scope=dapr.runtime.grpc.internal type=log ver=1.16.0
time="2025-09-23T14:20:21.176255-05:00" level=info msg="Enabled gRPC tracing middleware" app_id=order-orchestrator instance=Cassandras-MacBook-Pro.local scope=dapr.runtime.grpc.internal type=log ver=1.16.0
time="2025-09-23T14:20:21.176264-05:00" level=info msg="Enabled gRPC metrics middleware" app_id=order-orchestrator instance=Cassandras-MacBook-Pro.local scope=dapr.runtime.grpc.internal type=log ver=1.16.0
time="2025-09-23T14:20:21.176276-05:00" level=info msg="Internal gRPC server is running on :54101" app_id=order-orchestrator instance=Cassandras-MacBook-Pro.local scope=dapr.runtime type=log ver=1.16.0
time="2025-09-23T14:20:21.176347-05:00" level=info msg="Using Scheduler service for reminders." app_id=order-orchestrator instance=Cassandras-MacBook-Pro.local scope=dapr.runtime.actor.reminders.scheduler type=log ver=1.16.0
time="2025-09-23T14:20:21.176366-05:00" level=info msg="application protocol: http. waiting on port 50001.  This will block until the app is listening on that port." app_id=order-orchestrator instance=Cassandras-MacBook-Pro.local scope=dapr.runtime type=log ver=1.16.0
time="2025-09-23T14:20:21.176411-05:00" level=info msg="Actor runtime started" app_id=order-orchestrator instance=Cassandras-MacBook-Pro.local scope=dapr.runtime.actor type=log ver=1.16.0
time="2025-09-23T14:20:21.176427-05:00" level=info msg="worker started with backend dapr.actors/v1" app_id=order-orchestrator instance=Cassandras-MacBook-Pro.local scope=dapr.wfengine.durabletask.backend type=log ver=1.16.0
time="2025-09-23T14:20:21.176434-05:00" level=warning msg="Graceful shutdown timeout is infinite, will wait indefinitely to shutdown" app_id=order-orchestrator instance=Cassandras-MacBook-Pro.local scope=dapr.runtime.actor type=log ver=1.16.0
time="2025-09-23T14:20:21.176457-05:00" level=info msg="Workflow engine started" app_id=order-orchestrator instance=Cassandras-MacBook-Pro.local scope=dapr.runtime.wfengine type=log ver=1.16.0
time="2025-09-23T14:20:21.42931-05:00" level=info msg="work item stream established by user-agent: [dapr-sdk-go/v1.13.0 grpc-go/1.73.0]" app_id=order-orchestrator instance=Cassandras-MacBook-Pro.local scope=dapr.runtime.wfengine type=log ver=1.16.0
time="2025-09-23T14:20:21.480373-05:00" level=info msg="application discovered on port 50001" app_id=order-orchestrator instance=Cassandras-MacBook-Pro.local scope=dapr.runtime type=log ver=1.16.0
time="2025-09-23T14:20:21.480873-05:00" level=info msg="Application configuration loaded" app_id=order-orchestrator instance=Cassandras-MacBook-Pro.local scope=dapr.runtime type=log ver=1.16.0
time="2025-09-23T14:20:21.480901-05:00" level=info msg="Registering hosted actors: []" app_id=order-orchestrator instance=Cassandras-MacBook-Pro.local scope=dapr.runtime.actor type=log ver=1.16.0
time="2025-09-23T14:20:21.480913-05:00" level=info msg="dapr initialized. Status: Running. Init Elapsed 313ms" app_id=order-orchestrator instance=Cassandras-MacBook-Pro.local scope=dapr.runtime type=log ver=1.16.0
time="2025-09-23T14:20:21.480962-05:00" level=info msg="Reporting actor types: [dapr.internal.default.order-orchestrator.workflow dapr.internal.default.order-orchestrator.activity]" app_id=order-orchestrator instance=Cassandras-MacBook-Pro.local scope=dapr.runtime.actors.placement type=log ver=1.16.0
time="2025-09-23T14:20:21.481066-05:00" level=info msg="Scheduler stream connected for [JOB_TARGET_TYPE_JOB]" app_id=order-orchestrator instance=Cassandras-MacBook-Pro.local scope=dapr.runtime.scheduler.cluster type=log ver=1.16.0
time="2025-09-23T14:20:21.481081-05:00" level=info msg="Connected to placement localhost:50005" app_id=order-orchestrator instance=Cassandras-MacBook-Pro.local scope=dapr.runtime.actors.placement.client.connector.static type=log ver=1.16.0
time="2025-09-23T14:20:21.481071-05:00" level=info msg="Scheduler stream connected for [JOB_TARGET_TYPE_JOB]" app_id=order-orchestrator instance=Cassandras-MacBook-Pro.local scope=dapr.runtime.scheduler.cluster type=log ver=1.16.0
time="2025-09-23T14:20:21.481074-05:00" level=info msg="Scheduler stream connected for [JOB_TARGET_TYPE_JOB]" app_id=order-orchestrator instance=Cassandras-MacBook-Pro.local scope=dapr.runtime.scheduler.cluster type=log ver=1.16.0
time="2025-09-23T14:20:21.486268-05:00" level=info msg="Connected to placement localhost:50005" app_id=order-orchestrator instance=Cassandras-MacBook-Pro.local scope=dapr.runtime.actors.placement.client type=log ver=1.16.0
Updating metadata for app command: go run .
Updating metadata for appPID: 75936
You're up and running! Dapr logs will appear here.

time="2025-09-23T14:20:23.686788-05:00" level=info msg="Placement tables updated, version: 47" app_id=order-orchestrator instance=Cassandras-MacBook-Pro.local scope=dapr.runtime.actors.placement type=log ver=1.16.0
time="2025-09-23T14:20:23.686963-05:00" level=info msg="Running actor reminder migration from state store to scheduler" app_id=order-orchestrator instance=Cassandras-MacBook-Pro.local scope=dapr.runtime.actors.reminders.migration type=log ver=1.16.0
time="2025-09-23T14:20:23.68713-05:00" level=info msg="Scheduler stream disconnected" app_id=order-orchestrator instance=Cassandras-MacBook-Pro.local scope=dapr.runtime.scheduler.cluster type=log ver=1.16.0
time="2025-09-23T14:20:23.687179-05:00" level=info msg="Scheduler stream disconnected" app_id=order-orchestrator instance=Cassandras-MacBook-Pro.local scope=dapr.runtime.scheduler.cluster type=log ver=1.16.0
time="2025-09-23T14:20:23.687247-05:00" level=info msg="Scheduler stream disconnected" app_id=order-orchestrator instance=Cassandras-MacBook-Pro.local scope=dapr.runtime.scheduler.cluster type=log ver=1.16.0
time="2025-09-23T14:20:23.687408-05:00" level=info msg="Scheduler stream connected for [JOB_TARGET_TYPE_JOB JOB_TARGET_TYPE_ACTOR_REMINDER]" app_id=order-orchestrator instance=Cassandras-MacBook-Pro.local scope=dapr.runtime.scheduler.cluster type=log ver=1.16.0
time="2025-09-23T14:20:23.687409-05:00" level=info msg="Scheduler stream connected for [JOB_TARGET_TYPE_JOB JOB_TARGET_TYPE_ACTOR_REMINDER]" app_id=order-orchestrator instance=Cassandras-MacBook-Pro.local scope=dapr.runtime.scheduler.cluster type=log ver=1.16.0
time="2025-09-23T14:20:23.687414-05:00" level=info msg="Scheduler stream connected for [JOB_TARGET_TYPE_JOB JOB_TARGET_TYPE_ACTOR_REMINDER]" app_id=order-orchestrator instance=Cassandras-MacBook-Pro.local scope=dapr.runtime.scheduler.cluster type=log ver=1.16.0
time="2025-09-23T14:20:23.691528-05:00" level=info msg="Skipping migration, no missing scheduler reminders found" app_id=order-orchestrator instance=Cassandras-MacBook-Pro.local scope=dapr.runtime.actors.reminders.migration type=log ver=1.16.0
time="2025-09-23T14:20:23.69164-05:00" level=info msg="Found 0 missing scheduler reminders from state store" app_id=order-orchestrator instance=Cassandras-MacBook-Pro.local scope=dapr.runtime.actors.reminders.migration type=log ver=1.16.0
time="2025-09-23T14:20:23.691665-05:00" level=info msg="Migrated 0 reminders from state store to scheduler successfully" app_id=order-orchestrator instance=Cassandras-MacBook-Pro.local scope=dapr.runtime.actors.reminders.migration type=log ver=1.16.0
time="2025-09-23T14:20:30.664457-05:00" level=info msg="Received signal 'interrupt'; beginning shutdown" app_id=order-orchestrator instance=Cassandras-MacBook-Pro.local scope=dapr.signals type=log ver=1.16.0
time="2025-09-23T14:20:30.664675-05:00" level=info msg="backend stopping..." app_id=order-orchestrator instance=Cassandras-MacBook-Pro.local scope=dapr.wfengine.durabletask.backend type=log ver=1.16.0
time="2025-09-23T14:20:30.664697-05:00" level=info msg="workers stopping and draining..." app_id=order-orchestrator instance=Cassandras-MacBook-Pro.local scope=dapr.wfengine.durabletask.backend type=log ver=1.16.0
time="2025-09-23T14:20:30.664963-05:00" level=info msg="Scheduler stream disconnected" app_id=order-orchestrator instance=Cassandras-MacBook-Pro.local scope=dapr.runtime.scheduler.cluster type=log ver=1.16.0
time="2025-09-23T14:20:30.665032-05:00" level=info msg="Scheduler stream disconnected" app_id=order-orchestrator instance=Cassandras-MacBook-Pro.local scope=dapr.runtime.scheduler.cluster type=log ver=1.16.0
time="2025-09-23T14:20:30.665053-05:00" level=info msg="Scheduler stream disconnected" app_id=order-orchestrator instance=Cassandras-MacBook-Pro.local scope=dapr.runtime.scheduler.cluster type=log ver=1.16.0
time="2025-09-23T14:20:30.665078-05:00" level=info msg="orchestration-processor: worker stopped" app_id=order-orchestrator instance=Cassandras-MacBook-Pro.local scope=dapr.wfengine.durabletask.backend type=log ver=1.16.0
time="2025-09-23T14:20:30.6651-05:00" level=info msg="activity-processor: worker stopped" app_id=order-orchestrator instance=Cassandras-MacBook-Pro.local scope=dapr.wfengine.durabletask.backend type=log ver=1.16.0
time="2025-09-23T14:20:30.665134-05:00" level=info msg="Actor runtime shutting down" app_id=order-orchestrator instance=Cassandras-MacBook-Pro.local scope=dapr.runtime.actor type=log ver=1.16.0
time="2025-09-23T14:20:30.665219-05:00" level=error msg="Error communicating with placement: rpc error: code = Canceled desc = context canceled" app_id=order-orchestrator instance=Cassandras-MacBook-Pro.local scope=dapr.runtime.actors.placement.client type=log ver=1.16.0
time="2025-09-23T14:20:30.665249-05:00" level=info msg="finished stopping and draining workers!" app_id=order-orchestrator instance=Cassandras-MacBook-Pro.local scope=dapr.wfengine.durabletask.backend type=log ver=1.16.0
time="2025-09-23T14:20:30.665286-05:00" level=info msg="Workflow engine stopped" app_id=order-orchestrator instance=Cassandras-MacBook-Pro.local scope=dapr.runtime.wfengine type=log ver=1.16.0
time="2025-09-23T14:20:30.665477-05:00" level=info msg="Actor runtime stopped" app_id=order-orchestrator instance=Cassandras-MacBook-Pro.local scope=dapr.runtime.actor type=log ver=1.16.0

termination signal received: shutting down
Exited Dapr successfully
Exited App successfully
time="2025-09-23T14:20:30.667158-05:00" level=info msg="work item stream closed" app_id=order-orchestrator instance=Cassandras-MacBook-Pro.local scope=dapr.runtime.wfengine type=log ver=1.16.0
