Starting Dapr with id order-orchestrator. HTTP Port: 3505. gRPC Port: 50014
Updating metadata for cliPID: 76384
time="2025-09-23T14:20:43.25536-05:00" level=info msg="Starting Dapr Runtime -- version 1.16.0 -- commit b68296042c975d4ede1ed93ec6b0a579c2b6a020" app_id=order-orchestrator instance=Cassandras-MacBook-Pro.local scope=dapr.runtime type=log ver=1.16.0
time="2025-09-23T14:20:43.255451-05:00" level=info msg="Log level set to: info" app_id=order-orchestrator instance=Cassandras-MacBook-Pro.local scope=dapr.runtime type=log ver=1.16.0
time="2025-09-23T14:20:43.255789-05:00" level=warning msg="mTLS is disabled. Skipping certificate request and tls validation" app_id=order-orchestrator instance=Cassandras-MacBook-Pro.local scope=dapr.runtime.security type=log ver=1.16.0
time="2025-09-23T14:20:43.256372-05:00" level=info msg="Enabled features: SchedulerReminders" app_id=order-orchestrator instance=Cassandras-MacBook-Pro.local scope=dapr.runtime type=log ver=1.16.0
time="2025-09-23T14:20:43.256426-05:00" level=info msg="metric spec: {\"enabled\":true}" app_id=order-orchestrator instance=Cassandras-MacBook-Pro.local scope=dapr.runtime.diagnostics type=log ver=1.16.0
time="2025-09-23T14:20:43.256445-05:00" level=info msg="Using default latency distribution buckets: [1 2 3 4 5 6 8 10 13 16 20 25 30 40 50 65 80 100 130 160 200 250 300 400 500 650 800 1000 2000 5000 10000 20000 50000 100000]" app_id=order-orchestrator instance=Cassandras-MacBook-Pro.local scope=dapr.runtime.diagnostics type=log ver=1.16.0
time="2025-09-23T14:20:43.256504-05:00" level=warning msg="The default value for 'spec.metric.http.increasedCardinality' will change to 'false' in Dapr 1.15 or later" app_id=order-orchestrator instance=Cassandras-MacBook-Pro.local scope=dapr.runtime.diagnostics type=log ver=1.16.0
time="2025-09-23T14:20:43.256905-05:00" level=info msg="standalone mode configured" app_id=order-orchestrator instance=Cassandras-MacBook-Pro.local scope=dapr.runtime type=log ver=1.16.0
time="2025-09-23T14:20:43.256932-05:00" level=info msg="app id: order-orchestrator" app_id=order-orchestrator instance=Cassandras-MacBook-Pro.local scope=dapr.runtime type=log ver=1.16.0
time="2025-09-23T14:20:43.257057-05:00" level=info msg="metrics server started on 0.0.0.0:54423/" app_id=order-orchestrator instance=Cassandras-MacBook-Pro.local scope=dapr.runtime type=log ver=1.16.0
time="2025-09-23T14:20:43.257184-05:00" level=info msg="Dapr trace sampler initialized: ParentBased{root:AlwaysOnSampler,remoteParentSampled:AlwaysOnSampler,remoteParentNotSampled:AlwaysOffSampler,localParentSampled:AlwaysOnSampler,localParentNotSampled:AlwaysOffSampler}" app_id=order-orchestrator instance=Cassandras-MacBook-Pro.local scope=dapr.runtime type=log ver=1.16.0
time="2025-09-23T14:20:43.257929-05:00" level=info msg="local service entry announced: order-orchestrator -> 172.16.73.126:54424" app_id=order-orchestrator component="nr (mdns/v1)" instance=Cassandras-MacBook-Pro.local scope=dapr.contrib type=log ver=1.16.0
time="2025-09-23T14:20:43.257945-05:00" level=info msg="Initialized name resolution to mdns" app_id=order-orchestrator instance=Cassandras-MacBook-Pro.local scope=dapr.runtime type=log ver=1.16.0
time="2025-09-23T14:20:43.258112-05:00" level=info msg="Loading components…" app_id=order-orchestrator instance=Cassandras-MacBook-Pro.local scope=dapr.runtime type=log ver=1.16.0
time="2025-09-23T14:20:43.258474-05:00" level=info msg="Waiting for all outstanding components to be processed…" app_id=order-orchestrator instance=Cassandras-MacBook-Pro.local scope=dapr.runtime type=log ver=1.16.0
time="2025-09-23T14:20:43.262577-05:00" level=info msg="Connected and received scheduler hosts addresses: [localhost:50006]" app_id=order-orchestrator instance=Cassandras-MacBook-Pro.local scope=dapr.runtime.scheduler.watchhosts type=log ver=1.16.0
time="2025-09-23T14:20:43.262791-05:00" level=info msg="Scheduler client initialized for address: localhost:50006" app_id=order-orchestrator instance=Cassandras-MacBook-Pro.local scope=dapr.runtime.scheduler.clients type=log ver=1.16.0
time="2025-09-23T14:20:43.262818-05:00" level=info msg="Scheduler clients initialized" app_id=order-orchestrator instance=Cassandras-MacBook-Pro.local scope=dapr.runtime.scheduler.clients type=log ver=1.16.0
time="2025-09-23T14:20:43.265755-05:00" level=info msg="Using 'statestore' as actor state store" app_id=order-orchestrator instance=Cassandras-MacBook-Pro.local scope=dapr.runtime.processor.state type=log ver=1.16.0
time="2025-09-23T14:20:43.265785-05:00" level=info msg="Component loaded: statestore (state.redis/v1)" app_id=order-orchestrator instance=Cassandras-MacBook-Pro.local scope=dapr.runtime.processor type=log ver=1.16.0
time="2025-09-23T14:20:43.265797-05:00" level=info msg="All outstanding components processed" app_id=order-orchestrator instance=Cassandras-MacBook-Pro.local scope=dapr.runtime type=log ver=1.16.0
time="2025-09-23T14:20:43.265804-05:00" level=info msg="Loading endpoints…" app_id=order-orchestrator instance=Cassandras-MacBook-Pro.local scope=dapr.runtime type=log ver=1.16.0
time="2025-09-23T14:20:43.265907-05:00" level=info msg="Waiting for all outstanding http endpoints to be processed…" app_id=order-orchestrator instance=Cassandras-MacBook-Pro.local scope=dapr.runtime type=log ver=1.16.0
time="2025-09-23T14:20:43.26592-05:00" level=info msg="All outstanding http endpoints processed" app_id=order-orchestrator instance=Cassandras-MacBook-Pro.local scope=dapr.runtime type=log ver=1.16.0
time="2025-09-23T14:20:43.265927-05:00" level=info msg="Loading Declarative Subscriptions…" app_id=order-orchestrator instance=Cassandras-MacBook-Pro.local scope=dapr.runtime type=log ver=1.16.0
time="2025-09-23T14:20:43.266138-05:00" level=info msg="gRPC server listening on TCP address: :50014" app_id=order-orchestrator instance=Cassandras-MacBook-Pro.local scope=dapr.runtime.grpc.api type=log ver=1.16.0
time="2025-09-23T14:20:43.266149-05:00" level=info msg="Enabled gRPC tracing middleware" app_id=order-orchestrator instance=Cassandras-MacBook-Pro.local scope=dapr.runtime.grpc.api type=log ver=1.16.0
time="2025-09-23T14:20:43.266154-05:00" level=info msg="Enabled gRPC metrics middleware" app_id=order-orchestrator instance=Cassandras-MacBook-Pro.local scope=dapr.runtime.grpc.api type=log ver=1.16.0
time="2025-09-23T14:20:43.266192-05:00" level=info msg="Registering workflow engine for gRPC endpoint: [::]:50014" app_id=order-orchestrator instance=Cassandras-MacBook-Pro.local scope=dapr.runtime.grpc.api type=log ver=1.16.0
time="2025-09-23T14:20:43.266208-05:00" level=info msg="API gRPC server is running on port 50014" app_id=order-orchestrator instance=Cassandras-MacBook-Pro.local scope=dapr.runtime type=log ver=1.16.0
time="2025-09-23T14:20:43.266224-05:00" level=warning msg="The default value for 'spec.metric.http.increasedCardinality' will change to 'false' in Dapr 1.15 or later" app_id=order-orchestrator instance=Cassandras-MacBook-Pro.local scope=dapr.runtime.http type=log ver=1.16.0
time="2025-09-23T14:20:43.266254-05:00" level=info msg="Enabled max body size HTTP middleware with size 4194304 bytes" app_id=order-orchestrator instance=Cassandras-MacBook-Pro.local scope=dapr.runtime.http type=log ver=1.16.0
time="2025-09-23T14:20:43.266261-05:00" level=info msg="Enabled tracing HTTP middleware" app_id=order-orchestrator instance=Cassandras-MacBook-Pro.local scope=dapr.runtime.http type=log ver=1.16.0
time="2025-09-23T14:20:43.266266-05:00" level=info msg="Enabled metrics HTTP middleware" app_id=order-orchestrator instance=Cassandras-MacBook-Pro.local scope=dapr.runtime.http type=log ver=1.16.0
time="2025-09-23T14:20:43.266443-05:00" level=info msg="HTTP server listening on TCP address: :3505" app_id=order-orchestrator instance=Cassandras-MacBook-Pro.local scope=dapr.runtime.http type=log ver=1.16.0
time="2025-09-23T14:20:43.266459-05:00" level=info msg="HTTP server is running on port 3505" app_id=order-orchestrator instance=Cassandras-MacBook-Pro.local scope=dapr.runtime type=log ver=1.16.0
time="2025-09-23T14:20:43.266463-05:00" level=info msg="The request body size parameter is: 4194304 bytes" app_id=order-orchestrator instance=Cassandras-MacBook-Pro.local scope=dapr.runtime type=log ver=1.16.0
time="2025-09-23T14:20:43.266494-05:00" level=info msg="gRPC server listening on TCP address: :54424" app_id=order-orchestrator instance=Cassandras-MacBook-Pro.local scope=dapr.runtime.grpc.internal type=log ver=1.16.0
time="2025-09-23T14:20:43.2665-05:00" level=info msg="Enabled gRPC tracing middleware" app_id=order-orchestrator instance=Cassandras-MacBook-Pro.local scope=dapr.runtime.grpc.internal type=log ver=1.16.0
time="2025-09-23T14:20:43.266509-05:00" level=info msg="Enabled gRPC metrics middleware" app_id=order-orchestrator instance=Cassandras-MacBook-Pro.local scope=dapr.runtime.grpc.internal type=log ver=1.16.0
time="2025-09-23T14:20:43.266528-05:00" level=info msg="Internal gRPC server is running on :54424" app_id=order-orchestrator instance=Cassandras-MacBook-Pro.local scope=dapr.runtime type=log ver=1.16.0
time="2025-09-23T14:20:43.266587-05:00" level=info msg="Using Scheduler service for reminders." app_id=order-orchestrator instance=Cassandras-MacBook-Pro.local scope=dapr.runtime.actor.reminders.scheduler type=log ver=1.16.0
time="2025-09-23T14:20:43.266603-05:00" level=info msg="application protocol: http. waiting on port 50001.  This will block until the app is listening on that port." app_id=order-orchestrator instance=Cassandras-MacBook-Pro.local scope=dapr.runtime type=log ver=1.16.0
time="2025-09-23T14:20:43.266615-05:00" level=info msg="Actor runtime started" app_id=order-orchestrator instance=Cassandras-MacBook-Pro.local scope=dapr.runtime.actor type=log ver=1.16.0
time="2025-09-23T14:20:43.266634-05:00" level=info msg="worker started with backend dapr.actors/v1" app_id=order-orchestrator instance=Cassandras-MacBook-Pro.local scope=dapr.wfengine.durabletask.backend type=log ver=1.16.0
time="2025-09-23T14:20:43.266645-05:00" level=warning msg="Graceful shutdown timeout is infinite, will wait indefinitely to shutdown" app_id=order-orchestrator instance=Cassandras-MacBook-Pro.local scope=dapr.runtime.actor type=log ver=1.16.0
time="2025-09-23T14:20:43.266657-05:00" level=info msg="Workflow engine started" app_id=order-orchestrator instance=Cassandras-MacBook-Pro.local scope=dapr.runtime.wfengine type=log ver=1.16.0
time="2025-09-23T14:20:43.299576-05:00" level=info msg="work item stream established by user-agent: [dapr-sdk-go/v1.13.0 grpc-go/1.73.0]" app_id=order-orchestrator instance=Cassandras-MacBook-Pro.local scope=dapr.runtime.wfengine type=log ver=1.16.0
time="2025-09-23T14:20:43.368028-05:00" level=info msg="application discovered on port 50001" app_id=order-orchestrator instance=Cassandras-MacBook-Pro.local scope=dapr.runtime type=log ver=1.16.0
time="2025-09-23T14:20:43.368551-05:00" level=info msg="Application configuration loaded" app_id=order-orchestrator instance=Cassandras-MacBook-Pro.local scope=dapr.runtime type=log ver=1.16.0
time="2025-09-23T14:20:43.368585-05:00" level=info msg="Registering hosted actors: []" app_id=order-orchestrator instance=Cassandras-MacBook-Pro.local scope=dapr.runtime.actor type=log ver=1.16.0
time="2025-09-23T14:20:43.368603-05:00" level=info msg="dapr initialized. Status: Running. Init Elapsed 111ms" app_id=order-orchestrator instance=Cassandras-MacBook-Pro.local scope=dapr.runtime type=log ver=1.16.0
time="2025-09-23T14:20:43.368649-05:00" level=info msg="Reporting actor types: [dapr.internal.default.order-orchestrator.activity dapr.internal.default.order-orchestrator.workflow]" app_id=order-orchestrator instance=Cassandras-MacBook-Pro.local scope=dapr.runtime.actors.placement type=log ver=1.16.0
time="2025-09-23T14:20:43.368753-05:00" level=info msg="Scheduler stream connected for [JOB_TARGET_TYPE_JOB]" app_id=order-orchestrator instance=Cassandras-MacBook-Pro.local scope=dapr.runtime.scheduler.cluster type=log ver=1.16.0
time="2025-09-23T14:20:43.368776-05:00" level=info msg="Scheduler stream connected for [JOB_TARGET_TYPE_JOB]" app_id=order-orchestrator instance=Cassandras-MacBook-Pro.local scope=dapr.runtime.scheduler.cluster type=log ver=1.16.0
time="2025-09-23T14:20:43.368757-05:00" level=info msg="Scheduler stream connected for [JOB_TARGET_TYPE_JOB]" app_id=order-orchestrator instance=Cassandras-MacBook-Pro.local scope=dapr.runtime.scheduler.cluster type=log ver=1.16.0
time="2025-09-23T14:20:43.368784-05:00" level=info msg="Connected to placement localhost:50005" app_id=order-orchestrator instance=Cassandras-MacBook-Pro.local scope=dapr.runtime.actors.placement.client.connector.static type=log ver=1.16.0
time="2025-09-23T14:20:43.370811-05:00" level=info msg="Connected to placement localhost:50005" app_id=order-orchestrator instance=Cassandras-MacBook-Pro.local scope=dapr.runtime.actors.placement.client type=log ver=1.16.0
Updating metadata for app command: go run .
Updating metadata for appPID: 76388
You're up and running! Dapr logs will appear here.

time="2025-09-23T14:20:49.186125-05:00" level=info msg="Placement tables updated, version: 52" app_id=order-orchestrator instance=Cassandras-MacBook-Pro.local scope=dapr.runtime.actors.placement type=log ver=1.16.0
time="2025-09-23T14:20:49.186809-05:00" level=info msg="Running actor reminder migration from state store to scheduler" app_id=order-orchestrator instance=Cassandras-MacBook-Pro.local scope=dapr.runtime.actors.reminders.migration type=log ver=1.16.0
time="2025-09-23T14:20:49.186949-05:00" level=info msg="Scheduler stream disconnected" app_id=order-orchestrator instance=Cassandras-MacBook-Pro.local scope=dapr.runtime.scheduler.cluster type=log ver=1.16.0
time="2025-09-23T14:20:49.186969-05:00" level=info msg="Scheduler stream disconnected" app_id=order-orchestrator instance=Cassandras-MacBook-Pro.local scope=dapr.runtime.scheduler.cluster type=log ver=1.16.0
time="2025-09-23T14:20:49.186963-05:00" level=info msg="Scheduler stream disconnected" app_id=order-orchestrator instance=Cassandras-MacBook-Pro.local scope=dapr.runtime.scheduler.cluster type=log ver=1.16.0
time="2025-09-23T14:20:49.187128-05:00" level=info msg="Scheduler stream connected for [JOB_TARGET_TYPE_JOB JOB_TARGET_TYPE_ACTOR_REMINDER]" app_id=order-orchestrator instance=Cassandras-MacBook-Pro.local scope=dapr.runtime.scheduler.cluster type=log ver=1.16.0
time="2025-09-23T14:20:49.187129-05:00" level=info msg="Scheduler stream connected for [JOB_TARGET_TYPE_JOB JOB_TARGET_TYPE_ACTOR_REMINDER]" app_id=order-orchestrator instance=Cassandras-MacBook-Pro.local scope=dapr.runtime.scheduler.cluster type=log ver=1.16.0
time="2025-09-23T14:20:49.18713-05:00" level=info msg="Scheduler stream connected for [JOB_TARGET_TYPE_JOB JOB_TARGET_TYPE_ACTOR_REMINDER]" app_id=order-orchestrator instance=Cassandras-MacBook-Pro.local scope=dapr.runtime.scheduler.cluster type=log ver=1.16.0
time="2025-09-23T14:20:49.196562-05:00" level=info msg="Skipping migration, no missing scheduler reminders found" app_id=order-orchestrator instance=Cassandras-MacBook-Pro.local scope=dapr.runtime.actors.reminders.migration type=log ver=1.16.0
time="2025-09-23T14:20:49.196697-05:00" level=info msg="Found 0 missing scheduler reminders from state store" app_id=order-orchestrator instance=Cassandras-MacBook-Pro.local scope=dapr.runtime.actors.reminders.migration type=log ver=1.16.0
time="2025-09-23T14:20:49.196723-05:00" level=info msg="Migrated 0 reminders from state store to scheduler successfully" app_id=order-orchestrator instance=Cassandras-MacBook-Pro.local scope=dapr.runtime.actors.reminders.migration type=log ver=1.16.0
time="2025-09-23T14:21:12.477963-05:00" level=warning msg="Redis does not support transaction rollbacks and should not be used in production as an actor state store." app_id=order-orchestrator component="statestore (state.redis/v1)" instance=Cassandras-MacBook-Pro.local scope=dapr.contrib type=log ver=1.16.0
time="2025-09-23T14:21:12.481933-05:00" level=info msg="ORDER-1758655272: starting new 'OrderProcessingWorkflow' instance with ID = 'ORDER-1758655272'." app_id=order-orchestrator instance=Cassandras-MacBook-Pro.local scope=dapr.wfengine.durabletask.backend type=log ver=1.16.0
time="2025-09-23T14:21:14.701639-05:00" level=info msg="ORDER-1758655272: 'OrderProcessingWorkflow' completed with a COMPLETED status." app_id=order-orchestrator instance=Cassandras-MacBook-Pro.local scope=dapr.wfengine.durabletask.backend type=log ver=1.16.0
time="2025-09-23T14:21:14.702967-05:00" level=info msg="Workflow Actor 'ORDER-1758655272': workflow completed with status 'ORCHESTRATION_STATUS_COMPLETED' workflowName 'OrderProcessingWorkflow'" app_id=order-orchestrator instance=Cassandras-MacBook-Pro.local scope=dapr.runtime.actors.targets.orchestrator type=log ver=1.16.0
time="2025-09-23T14:23:05.272135-05:00" level=info msg="Received signal 'interrupt'; beginning shutdown" app_id=order-orchestrator instance=Cassandras-MacBook-Pro.local scope=dapr.signals type=log ver=1.16.0
time="2025-09-23T14:23:05.273205-05:00" level=info msg="work item stream closed" app_id=order-orchestrator instance=Cassandras-MacBook-Pro.local scope=dapr.runtime.wfengine type=log ver=1.16.0
time="2025-09-23T14:23:05.273434-05:00" level=info msg="backend stopping..." app_id=order-orchestrator instance=Cassandras-MacBook-Pro.local scope=dapr.wfengine.durabletask.backend type=log ver=1.16.0
time="2025-09-23T14:23:05.273462-05:00" level=info msg="workers stopping and draining..." app_id=order-orchestrator instance=Cassandras-MacBook-Pro.local scope=dapr.wfengine.durabletask.backend type=log ver=1.16.0
time="2025-09-23T14:23:05.273674-05:00" level=info msg="activity-processor: worker stopped" app_id=order-orchestrator instance=Cassandras-MacBook-Pro.local scope=dapr.wfengine.durabletask.backend type=log ver=1.16.0
time="2025-09-23T14:23:05.273713-05:00" level=info msg="Actor runtime shutting down" app_id=order-orchestrator instance=Cassandras-MacBook-Pro.local scope=dapr.runtime.actor type=log ver=1.16.0
time="2025-09-23T14:23:05.273785-05:00" level=error msg="Error communicating with placement: rpc error: code = Canceled desc = context canceled" app_id=order-orchestrator instance=Cassandras-MacBook-Pro.local scope=dapr.runtime.actors.placement.client type=log ver=1.16.0
time="2025-09-23T14:23:05.273954-05:00" level=info msg="Scheduler stream disconnected" app_id=order-orchestrator instance=Cassandras-MacBook-Pro.local scope=dapr.runtime.scheduler.cluster type=log ver=1.16.0
time="2025-09-23T14:23:05.273986-05:00" level=info msg="Scheduler stream disconnected" app_id=order-orchestrator instance=Cassandras-MacBook-Pro.local scope=dapr.runtime.scheduler.cluster type=log ver=1.16.0
time="2025-09-23T14:23:05.274012-05:00" level=info msg="Scheduler stream disconnected" app_id=order-orchestrator instance=Cassandras-MacBook-Pro.local scope=dapr.runtime.scheduler.cluster type=log ver=1.16.0
time="2025-09-23T14:23:05.274041-05:00" level=info msg="orchestration-processor: worker stopped" app_id=order-orchestrator instance=Cassandras-MacBook-Pro.local scope=dapr.wfengine.durabletask.backend type=log ver=1.16.0
time="2025-09-23T14:23:05.274111-05:00" level=info msg="finished stopping and draining workers!" app_id=order-orchestrator instance=Cassandras-MacBook-Pro.local scope=dapr.wfengine.durabletask.backend type=log ver=1.16.0
time="2025-09-23T14:23:05.27414-05:00" level=info msg="Workflow engine stopped" app_id=order-orchestrator instance=Cassandras-MacBook-Pro.local scope=dapr.runtime.wfengine type=log ver=1.16.0
time="2025-09-23T14:23:05.274176-05:00" level=info msg="Actor runtime stopped" app_id=order-orchestrator instance=Cassandras-MacBook-Pro.local scope=dapr.runtime.actor type=log ver=1.16.0

termination signal received: shutting down
Exited Dapr successfully
Exited App successfully
