== APP - order-orchestrator == 2025/09/25 10:33:53 OrderProcessingWorkflow registered
== APP - order-orchestrator == 2025/09/25 10:33:53 ValidateOrderActivity registered
== APP - order-orchestrator == 2025/09/25 10:33:53 CompleteOrderActivity registered
== APP - order-orchestrator == dapr client initializing for: 127.0.0.1:50014
== APP - order-orchestrator == 2025/09/25 10:33:53 Workflow client initialized
== APP - order-orchestrator == INFO: 2025/09/25 10:33:53 connecting work item listener stream
== APP - order-orchestrator == 2025/09/25 10:33:53 Workflow worker started
== APP - order-orchestrator == 2025/09/25 10:33:53 Starting HTTP server on port 50001...
== APP - order-orchestrator == INFO: 2025/09/25 10:33:53 starting background processor
== APP - order-orchestrator == 2025/09/25 10:34:25 Starting workflow execution via HTTP endpoint...
== APP - order-orchestrator == 2025/09/25 10:34:25 Scheduling workflow with input: {OrderID:ORDER-001 CustomerID:CUST-001 Items:[{ProductID:PROD-001 Name:Laptop Price:999.99 Quantity:1} {ProductID:PROD-002 Name:Mouse Price:29.99 Quantity:2}] PaymentMethod:credit_card Total:1059.97}
== APP - order-orchestrator == 2025/09/25 10:34:25 === OrderProcessingWorkflow STARTED ===
== APP - order-orchestrator == 2025/09/25 10:34:25 Processing order: ORDER-001 for customer: CUST-001
== APP - order-orchestrator == 2025/09/25 10:34:25 Full input: {OrderID:ORDER-001 CustomerID:CUST-001 Items:[{ProductID:PROD-001 Name:Laptop Price:999.99 Quantity:1} {ProductID:PROD-002 Name:Mouse Price:29.99 Quantity:2}] PaymentMethod:credit_card Total:1059.97}
== APP - order-orchestrator == 2025/09/25 10:34:25 Workflow scheduled successfully with instance ID: ORDER-1758814465
== APP - order-orchestrator == 2025/09/25 10:34:25 Waiting for workflow completion...
== APP - order-orchestrator == 2025/09/25 10:34:25 === ValidateOrderActivity (local) STARTED ===
== APP - order-orchestrator == 2025/09/25 10:34:25 Validating order: ORDER-001
== APP - order-orchestrator == 2025/09/25 10:34:26 === ValidateOrderActivity (local) COMPLETED ===
== APP - order-orchestrator == 2025/09/25 10:34:26 === OrderProcessingWorkflow STARTED ===
== APP - order-orchestrator == 2025/09/25 10:34:26 Processing order: ORDER-001 for customer: CUST-001
== APP - order-orchestrator == 2025/09/25 10:34:26 Full input: {OrderID:ORDER-001 CustomerID:CUST-001 Items:[{ProductID:PROD-001 Name:Laptop Price:999.99 Quantity:1} {ProductID:PROD-002 Name:Mouse Price:29.99 Quantity:2}] PaymentMethod:credit_card Total:1059.97}
== APP - order-orchestrator == 2025/09/25 10:34:26 === STEP 2: Starting Payment Processing activity on payment-service ===
== APP - order-orchestrator == 2025/09/25 10:34:26 === OrderProcessingWorkflow STARTED ===
== APP - order-orchestrator == 2025/09/25 10:34:26 Processing order: ORDER-001 for customer: CUST-001
== APP - order-orchestrator == 2025/09/25 10:34:26 Full input: {OrderID:ORDER-001 CustomerID:CUST-001 Items:[{ProductID:PROD-001 Name:Laptop Price:999.99 Quantity:1} {ProductID:PROD-002 Name:Mouse Price:29.99 Quantity:2}] PaymentMethod:credit_card Total:1059.97}
== APP - order-orchestrator == 2025/09/25 10:34:26 === STEP 2: Starting Payment Processing activity on payment-service ===
== APP - order-orchestrator == 2025/09/25 10:34:26 === STEP 2: Payment Processing COMPLETED ===
== APP - order-orchestrator == 2025/09/25 10:34:26 === STEP 3: Starting Inventory Reservation activity on inventory-service ===
== APP - order-orchestrator == 2025/09/25 10:34:26 === OrderProcessingWorkflow STARTED ===
== APP - order-orchestrator == 2025/09/25 10:34:26 Processing order: ORDER-001 for customer: CUST-001
== APP - order-orchestrator == 2025/09/25 10:34:26 Full input: {OrderID:ORDER-001 CustomerID:CUST-001 Items:[{ProductID:PROD-001 Name:Laptop Price:999.99 Quantity:1} {ProductID:PROD-002 Name:Mouse Price:29.99 Quantity:2}] PaymentMethod:credit_card Total:1059.97}
== APP - order-orchestrator == 2025/09/25 10:34:26 === STEP 2: Starting Payment Processing activity on payment-service ===
== APP - order-orchestrator == 2025/09/25 10:34:26 === STEP 2: Payment Processing COMPLETED ===
== APP - order-orchestrator == 2025/09/25 10:34:26 === STEP 3: Starting Inventory Reservation activity on inventory-service ===
== APP - order-orchestrator == 2025/09/25 10:34:26 === STEP 3: Inventory Reservation COMPLETED ===
== APP - order-orchestrator == 2025/09/25 10:34:26 === STEP 4: Starting AI Recommendations activity on ai-recommendation-service ===
== APP - order-orchestrator == 2025/09/25 10:34:26 === OrderProcessingWorkflow STARTED ===
== APP - order-orchestrator == 2025/09/25 10:34:26 Processing order: ORDER-001 for customer: CUST-001
== APP - order-orchestrator == 2025/09/25 10:34:26 Full input: {OrderID:ORDER-001 CustomerID:CUST-001 Items:[{ProductID:PROD-001 Name:Laptop Price:999.99 Quantity:1} {ProductID:PROD-002 Name:Mouse Price:29.99 Quantity:2}] PaymentMethod:credit_card Total:1059.97}
== APP - order-orchestrator == 2025/09/25 10:34:26 === STEP 2: Starting Payment Processing activity on payment-service ===
== APP - order-orchestrator == 2025/09/25 10:34:26 === STEP 2: Payment Processing COMPLETED ===
== APP - order-orchestrator == 2025/09/25 10:34:26 === STEP 3: Starting Inventory Reservation activity on inventory-service ===
== APP - order-orchestrator == 2025/09/25 10:34:26 === STEP 3: Inventory Reservation COMPLETED ===
== APP - order-orchestrator == 2025/09/25 10:34:26 === STEP 4: Starting AI Recommendations activity on ai-recommendation-service ===
== APP - order-orchestrator == 2025/09/25 10:34:26 === STEP 4: AI Recommendations COMPLETED ===
== APP - order-orchestrator == 2025/09/25 10:34:26 === STEP 5: Starting Order Completion activity (local) ===
== APP - order-orchestrator == 2025/09/25 10:34:26 === CompleteOrderActivity (local) STARTED ===
== APP - order-orchestrator == 2025/09/25 10:34:26 Completing order: ORDER-001
== APP - order-orchestrator == 2025/09/25 10:34:27 === CompleteOrderActivity (local) COMPLETED ===
== APP - order-orchestrator == 2025/09/25 10:34:27 === OrderProcessingWorkflow STARTED ===
== APP - order-orchestrator == 2025/09/25 10:34:27 Processing order: ORDER-001 for customer: CUST-001
== APP - order-orchestrator == 2025/09/25 10:34:27 Full input: {OrderID:ORDER-001 CustomerID:CUST-001 Items:[{ProductID:PROD-001 Name:Laptop Price:999.99 Quantity:1} {ProductID:PROD-002 Name:Mouse Price:29.99 Quantity:2}] PaymentMethod:credit_card Total:1059.97}
== APP - order-orchestrator == 2025/09/25 10:34:27 === STEP 2: Starting Payment Processing activity on payment-service ===
== APP - order-orchestrator == 2025/09/25 10:34:27 === STEP 2: Payment Processing COMPLETED ===
== APP - order-orchestrator == 2025/09/25 10:34:27 === STEP 3: Starting Inventory Reservation activity on inventory-service ===
== APP - order-orchestrator == 2025/09/25 10:34:27 === STEP 3: Inventory Reservation COMPLETED ===
== APP - order-orchestrator == 2025/09/25 10:34:27 === STEP 4: Starting AI Recommendations activity on ai-recommendation-service ===
== APP - order-orchestrator == 2025/09/25 10:34:27 === STEP 4: AI Recommendations COMPLETED ===
== APP - order-orchestrator == 2025/09/25 10:34:27 === STEP 5: Starting Order Completion activity (local) ===
== APP - order-orchestrator == 2025/09/25 10:34:27 === STEP 5: Order Completion COMPLETED ===
== APP - order-orchestrator == 2025/09/25 10:34:27 === OrderProcessingWorkflow COMPLETED SUCCESSFULLY ===
== APP - order-orchestrator == 2025/09/25 10:34:27 Workflow completed successfully with result: COMPLETED

termination signal received: shutting down
== APP - order-orchestrator == signal: interrupt
