Starting Dapr with id order-orchestrator. HTTP Port: 3505. gRPC Port: 50014
Updating metadata for cliPID: 54929
time="2025-09-25T09:58:33.293087-05:00" level=info msg="Starting Dapr Runtime -- version 1.16.0 -- commit b68296042c975d4ede1ed93ec6b0a579c2b6a020" app_id=order-orchestrator instance=Mac-45.lan scope=dapr.runtime type=log ver=1.16.0
time="2025-09-25T09:58:33.293129-05:00" level=info msg="Log level set to: info" app_id=order-orchestrator instance=Mac-45.lan scope=dapr.runtime type=log ver=1.16.0
time="2025-09-25T09:58:33.293556-05:00" level=warning msg="mTLS is disabled. Skipping certificate request and tls validation" app_id=order-orchestrator instance=Mac-45.lan scope=dapr.runtime.security type=log ver=1.16.0
time="2025-09-25T09:58:33.297103-05:00" level=info msg="Enabled features: SchedulerReminders" app_id=order-orchestrator instance=Mac-45.lan scope=dapr.runtime type=log ver=1.16.0
time="2025-09-25T09:58:33.297557-05:00" level=info msg="metric spec: {\"enabled\":true}" app_id=order-orchestrator instance=Mac-45.lan scope=dapr.runtime.diagnostics type=log ver=1.16.0
time="2025-09-25T09:58:33.297579-05:00" level=info msg="Using default latency distribution buckets: [1 2 3 4 5 6 8 10 13 16 20 25 30 40 50 65 80 100 130 160 200 250 300 400 500 650 800 1000 2000 5000 10000 20000 50000 100000]" app_id=order-orchestrator instance=Mac-45.lan scope=dapr.runtime.diagnostics type=log ver=1.16.0
time="2025-09-25T09:58:33.297782-05:00" level=warning msg="The default value for 'spec.metric.http.increasedCardinality' will change to 'false' in Dapr 1.15 or later" app_id=order-orchestrator instance=Mac-45.lan scope=dapr.runtime.diagnostics type=log ver=1.16.0
time="2025-09-25T09:58:33.300046-05:00" level=info msg="standalone mode configured" app_id=order-orchestrator instance=Mac-45.lan scope=dapr.runtime type=log ver=1.16.0
time="2025-09-25T09:58:33.300057-05:00" level=info msg="app id: order-orchestrator" app_id=order-orchestrator instance=Mac-45.lan scope=dapr.runtime type=log ver=1.16.0
time="2025-09-25T09:58:33.301152-05:00" level=info msg="Dapr trace sampler initialized: ParentBased{root:AlwaysOnSampler,remoteParentSampled:AlwaysOnSampler,remoteParentNotSampled:AlwaysOffSampler,localParentSampled:AlwaysOnSampler,localParentNotSampled:AlwaysOffSampler}" app_id=order-orchestrator instance=Mac-45.lan scope=dapr.runtime type=log ver=1.16.0
time="2025-09-25T09:58:33.301606-05:00" level=info msg="metrics server started on 0.0.0.0:63683/" app_id=order-orchestrator instance=Mac-45.lan scope=dapr.runtime type=log ver=1.16.0
time="2025-09-25T09:58:33.303903-05:00" level=info msg="local service entry announced: order-orchestrator -> 192.168.1.82:63684" app_id=order-orchestrator component="nr (mdns/v1)" instance=Mac-45.lan scope=dapr.contrib type=log ver=1.16.0
time="2025-09-25T09:58:33.303922-05:00" level=info msg="Initialized name resolution to mdns" app_id=order-orchestrator instance=Mac-45.lan scope=dapr.runtime type=log ver=1.16.0
time="2025-09-25T09:58:33.304222-05:00" level=info msg="Loading components…" app_id=order-orchestrator instance=Mac-45.lan scope=dapr.runtime type=log ver=1.16.0
time="2025-09-25T09:58:33.304759-05:00" level=info msg="Waiting for all outstanding components to be processed…" app_id=order-orchestrator instance=Mac-45.lan scope=dapr.runtime type=log ver=1.16.0
time="2025-09-25T09:58:33.322868-05:00" level=info msg="Connected and received scheduler hosts addresses: [localhost:50006]" app_id=order-orchestrator instance=Mac-45.lan scope=dapr.runtime.scheduler.watchhosts type=log ver=1.16.0
time="2025-09-25T09:58:33.322966-05:00" level=info msg="Scheduler client initialized for address: localhost:50006" app_id=order-orchestrator instance=Mac-45.lan scope=dapr.runtime.scheduler.clients type=log ver=1.16.0
time="2025-09-25T09:58:33.32298-05:00" level=info msg="Scheduler clients initialized" app_id=order-orchestrator instance=Mac-45.lan scope=dapr.runtime.scheduler.clients type=log ver=1.16.0
time="2025-09-25T09:58:33.326462-05:00" level=info msg="Using 'statestore' as actor state store" app_id=order-orchestrator instance=Mac-45.lan scope=dapr.runtime.processor.state type=log ver=1.16.0
time="2025-09-25T09:58:33.326527-05:00" level=info msg="Component loaded: statestore (state.redis/v1)" app_id=order-orchestrator instance=Mac-45.lan scope=dapr.runtime.processor type=log ver=1.16.0
time="2025-09-25T09:58:33.326537-05:00" level=info msg="All outstanding components processed" app_id=order-orchestrator instance=Mac-45.lan scope=dapr.runtime type=log ver=1.16.0
time="2025-09-25T09:58:33.326543-05:00" level=info msg="Loading endpoints…" app_id=order-orchestrator instance=Mac-45.lan scope=dapr.runtime type=log ver=1.16.0
time="2025-09-25T09:58:33.326661-05:00" level=info msg="Waiting for all outstanding http endpoints to be processed…" app_id=order-orchestrator instance=Mac-45.lan scope=dapr.runtime type=log ver=1.16.0
time="2025-09-25T09:58:33.326672-05:00" level=info msg="All outstanding http endpoints processed" app_id=order-orchestrator instance=Mac-45.lan scope=dapr.runtime type=log ver=1.16.0
time="2025-09-25T09:58:33.326677-05:00" level=info msg="Loading Declarative Subscriptions…" app_id=order-orchestrator instance=Mac-45.lan scope=dapr.runtime type=log ver=1.16.0
time="2025-09-25T09:58:33.327014-05:00" level=info msg="gRPC server listening on TCP address: :50014" app_id=order-orchestrator instance=Mac-45.lan scope=dapr.runtime.grpc.api type=log ver=1.16.0
time="2025-09-25T09:58:33.32709-05:00" level=info msg="Enabled gRPC tracing middleware" app_id=order-orchestrator instance=Mac-45.lan scope=dapr.runtime.grpc.api type=log ver=1.16.0
time="2025-09-25T09:58:33.327099-05:00" level=info msg="Enabled gRPC metrics middleware" app_id=order-orchestrator instance=Mac-45.lan scope=dapr.runtime.grpc.api type=log ver=1.16.0
time="2025-09-25T09:58:33.327143-05:00" level=info msg="Registering workflow engine for gRPC endpoint: [::]:50014" app_id=order-orchestrator instance=Mac-45.lan scope=dapr.runtime.grpc.api type=log ver=1.16.0
time="2025-09-25T09:58:33.327462-05:00" level=info msg="API gRPC server is running on port 50014" app_id=order-orchestrator instance=Mac-45.lan scope=dapr.runtime type=log ver=1.16.0
time="2025-09-25T09:58:33.327886-05:00" level=warning msg="The default value for 'spec.metric.http.increasedCardinality' will change to 'false' in Dapr 1.15 or later" app_id=order-orchestrator instance=Mac-45.lan scope=dapr.runtime.http type=log ver=1.16.0
time="2025-09-25T09:58:33.328173-05:00" level=info msg="Enabled max body size HTTP middleware with size 4194304 bytes" app_id=order-orchestrator instance=Mac-45.lan scope=dapr.runtime.http type=log ver=1.16.0
time="2025-09-25T09:58:33.32818-05:00" level=info msg="Enabled tracing HTTP middleware" app_id=order-orchestrator instance=Mac-45.lan scope=dapr.runtime.http type=log ver=1.16.0
time="2025-09-25T09:58:33.328185-05:00" level=info msg="Enabled metrics HTTP middleware" app_id=order-orchestrator instance=Mac-45.lan scope=dapr.runtime.http type=log ver=1.16.0
time="2025-09-25T09:58:33.328493-05:00" level=info msg="HTTP server listening on TCP address: :3505" app_id=order-orchestrator instance=Mac-45.lan scope=dapr.runtime.http type=log ver=1.16.0
time="2025-09-25T09:58:33.328725-05:00" level=info msg="HTTP server is running on port 3505" app_id=order-orchestrator instance=Mac-45.lan scope=dapr.runtime type=log ver=1.16.0
time="2025-09-25T09:58:33.328734-05:00" level=info msg="The request body size parameter is: 4194304 bytes" app_id=order-orchestrator instance=Mac-45.lan scope=dapr.runtime type=log ver=1.16.0
time="2025-09-25T09:58:33.328759-05:00" level=info msg="gRPC server listening on TCP address: :63684" app_id=order-orchestrator instance=Mac-45.lan scope=dapr.runtime.grpc.internal type=log ver=1.16.0
time="2025-09-25T09:58:33.328766-05:00" level=info msg="Enabled gRPC tracing middleware" app_id=order-orchestrator instance=Mac-45.lan scope=dapr.runtime.grpc.internal type=log ver=1.16.0
time="2025-09-25T09:58:33.32877-05:00" level=info msg="Enabled gRPC metrics middleware" app_id=order-orchestrator instance=Mac-45.lan scope=dapr.runtime.grpc.internal type=log ver=1.16.0
time="2025-09-25T09:58:33.32879-05:00" level=info msg="Internal gRPC server is running on :63684" app_id=order-orchestrator instance=Mac-45.lan scope=dapr.runtime type=log ver=1.16.0
time="2025-09-25T09:58:33.328848-05:00" level=info msg="Using Scheduler service for reminders." app_id=order-orchestrator instance=Mac-45.lan scope=dapr.runtime.actor.reminders.scheduler type=log ver=1.16.0
time="2025-09-25T09:58:33.328864-05:00" level=info msg="application protocol: http. waiting on port 50001.  This will block until the app is listening on that port." app_id=order-orchestrator instance=Mac-45.lan scope=dapr.runtime type=log ver=1.16.0
time="2025-09-25T09:58:33.328872-05:00" level=info msg="Actor runtime started" app_id=order-orchestrator instance=Mac-45.lan scope=dapr.runtime.actor type=log ver=1.16.0
time="2025-09-25T09:58:33.328886-05:00" level=info msg="worker started with backend dapr.actors/v1" app_id=order-orchestrator instance=Mac-45.lan scope=dapr.wfengine.durabletask.backend type=log ver=1.16.0
time="2025-09-25T09:58:33.328881-05:00" level=warning msg="Graceful shutdown timeout is infinite, will wait indefinitely to shutdown" app_id=order-orchestrator instance=Mac-45.lan scope=dapr.runtime.actor type=log ver=1.16.0
time="2025-09-25T09:58:33.329156-05:00" level=info msg="Workflow engine started" app_id=order-orchestrator instance=Mac-45.lan scope=dapr.runtime.wfengine type=log ver=1.16.0
time="2025-09-25T09:58:33.682462-05:00" level=info msg="work item stream established by user-agent: [dapr-sdk-go/v1.13.0 grpc-go/1.73.0]" app_id=order-orchestrator instance=Mac-45.lan scope=dapr.runtime.wfengine type=log ver=1.16.0
time="2025-09-25T09:58:33.731853-05:00" level=info msg="application discovered on port 50001" app_id=order-orchestrator instance=Mac-45.lan scope=dapr.runtime type=log ver=1.16.0
time="2025-09-25T09:58:33.733658-05:00" level=info msg="Application configuration loaded" app_id=order-orchestrator instance=Mac-45.lan scope=dapr.runtime type=log ver=1.16.0
time="2025-09-25T09:58:33.733871-05:00" level=info msg="Registering hosted actors: []" app_id=order-orchestrator instance=Mac-45.lan scope=dapr.runtime.actor type=log ver=1.16.0
time="2025-09-25T09:58:33.73389-05:00" level=info msg="dapr initialized. Status: Running. Init Elapsed 433ms" app_id=order-orchestrator instance=Mac-45.lan scope=dapr.runtime type=log ver=1.16.0
time="2025-09-25T09:58:33.734071-05:00" level=info msg="Reporting actor types: [dapr.internal.default.order-orchestrator.activity dapr.internal.default.order-orchestrator.workflow]" app_id=order-orchestrator instance=Mac-45.lan scope=dapr.runtime.actors.placement type=log ver=1.16.0
time="2025-09-25T09:58:33.73434-05:00" level=info msg="Connected to placement localhost:50005" app_id=order-orchestrator instance=Mac-45.lan scope=dapr.runtime.actors.placement.client.connector.static type=log ver=1.16.0
time="2025-09-25T09:58:33.734852-05:00" level=info msg="Scheduler stream connected for [JOB_TARGET_TYPE_JOB]" app_id=order-orchestrator instance=Mac-45.lan scope=dapr.runtime.scheduler.cluster type=log ver=1.16.0
time="2025-09-25T09:58:33.734873-05:00" level=info msg="Scheduler stream connected for [JOB_TARGET_TYPE_JOB]" app_id=order-orchestrator instance=Mac-45.lan scope=dapr.runtime.scheduler.cluster type=log ver=1.16.0
time="2025-09-25T09:58:33.734898-05:00" level=info msg="Scheduler stream connected for [JOB_TARGET_TYPE_JOB]" app_id=order-orchestrator instance=Mac-45.lan scope=dapr.runtime.scheduler.cluster type=log ver=1.16.0
time="2025-09-25T09:58:33.738428-05:00" level=info msg="Connected to placement localhost:50005" app_id=order-orchestrator instance=Mac-45.lan scope=dapr.runtime.actors.placement.client type=log ver=1.16.0
Updating metadata for app command: go run .
Updating metadata for appPID: 54933
You're up and running! Dapr logs will appear here.

time="2025-09-25T09:58:39.082435-05:00" level=info msg="Placement tables updated, version: 78" app_id=order-orchestrator instance=Mac-45.lan scope=dapr.runtime.actors.placement type=log ver=1.16.0
time="2025-09-25T09:58:39.082534-05:00" level=info msg="Running actor reminder migration from state store to scheduler" app_id=order-orchestrator instance=Mac-45.lan scope=dapr.runtime.actors.reminders.migration type=log ver=1.16.0
time="2025-09-25T09:58:39.083041-05:00" level=info msg="Scheduler stream disconnected" app_id=order-orchestrator instance=Mac-45.lan scope=dapr.runtime.scheduler.cluster type=log ver=1.16.0
time="2025-09-25T09:58:39.083204-05:00" level=info msg="Scheduler stream disconnected" app_id=order-orchestrator instance=Mac-45.lan scope=dapr.runtime.scheduler.cluster type=log ver=1.16.0
time="2025-09-25T09:58:39.083207-05:00" level=info msg="Scheduler stream disconnected" app_id=order-orchestrator instance=Mac-45.lan scope=dapr.runtime.scheduler.cluster type=log ver=1.16.0
time="2025-09-25T09:58:39.083425-05:00" level=info msg="Scheduler stream connected for [JOB_TARGET_TYPE_JOB JOB_TARGET_TYPE_ACTOR_REMINDER]" app_id=order-orchestrator instance=Mac-45.lan scope=dapr.runtime.scheduler.cluster type=log ver=1.16.0
time="2025-09-25T09:58:39.083473-05:00" level=info msg="Scheduler stream connected for [JOB_TARGET_TYPE_JOB JOB_TARGET_TYPE_ACTOR_REMINDER]" app_id=order-orchestrator instance=Mac-45.lan scope=dapr.runtime.scheduler.cluster type=log ver=1.16.0
time="2025-09-25T09:58:39.083578-05:00" level=info msg="Scheduler stream connected for [JOB_TARGET_TYPE_JOB JOB_TARGET_TYPE_ACTOR_REMINDER]" app_id=order-orchestrator instance=Mac-45.lan scope=dapr.runtime.scheduler.cluster type=log ver=1.16.0
time="2025-09-25T09:58:39.091823-05:00" level=info msg="Skipping migration, no missing scheduler reminders found" app_id=order-orchestrator instance=Mac-45.lan scope=dapr.runtime.actors.reminders.migration type=log ver=1.16.0
time="2025-09-25T09:58:39.091847-05:00" level=info msg="Found 0 missing scheduler reminders from state store" app_id=order-orchestrator instance=Mac-45.lan scope=dapr.runtime.actors.reminders.migration type=log ver=1.16.0
time="2025-09-25T09:58:39.091861-05:00" level=info msg="Migrated 0 reminders from state store to scheduler successfully" app_id=order-orchestrator instance=Mac-45.lan scope=dapr.runtime.actors.reminders.migration type=log ver=1.16.0
time="2025-09-25T09:58:58.444475-05:00" level=warning msg="Redis does not support transaction rollbacks and should not be used in production as an actor state store." app_id=order-orchestrator component="statestore (state.redis/v1)" instance=Mac-45.lan scope=dapr.contrib type=log ver=1.16.0
time="2025-09-25T09:58:58.453961-05:00" level=info msg="ORDER-1758812338: starting new 'OrderProcessingWorkflow' instance with ID = 'ORDER-1758812338'." app_id=order-orchestrator instance=Mac-45.lan scope=dapr.wfengine.durabletask.backend type=log ver=1.16.0
time="2025-09-25T09:59:00.672895-05:00" level=info msg="ORDER-1758812338: 'OrderProcessingWorkflow' completed with a COMPLETED status." app_id=order-orchestrator instance=Mac-45.lan scope=dapr.wfengine.durabletask.backend type=log ver=1.16.0
time="2025-09-25T09:59:00.674406-05:00" level=info msg="Workflow Actor 'ORDER-1758812338': workflow completed with status 'ORCHESTRATION_STATUS_COMPLETED' workflowName 'OrderProcessingWorkflow'" app_id=order-orchestrator instance=Mac-45.lan scope=dapr.runtime.actors.targets.orchestrator type=log ver=1.16.0

termination signal received: shutting down
Exited Dapr successfully
time="2025-09-25T09:59:44.449604-05:00" level=info msg="Received signal 'interrupt'; beginning shutdown" app_id=order-orchestrator instance=Mac-45.lan scope=dapr.signals type=log ver=1.16.0
Exited App successfully
