Starting Dapr with id order-orchestrator. HTTP Port: 3505. gRPC Port: 50014
Updating metadata for cliPID: 44416
time="2025-10-21T10:05:29.148565-05:00" level=info msg="Starting Dapr Runtime -- version 1.16.0 -- commit b68296042c975d4ede1ed93ec6b0a579c2b6a020" app_id=order-orchestrator instance=Cassandras-MacBook-Pro.local scope=dapr.runtime type=log ver=1.16.0
time="2025-10-21T10:05:29.148634-05:00" level=info msg="Log level set to: info" app_id=order-orchestrator instance=Cassandras-MacBook-Pro.local scope=dapr.runtime type=log ver=1.16.0
time="2025-10-21T10:05:29.149446-05:00" level=warning msg="mTLS is disabled. Skipping certificate request and tls validation" app_id=order-orchestrator instance=Cassandras-MacBook-Pro.local scope=dapr.runtime.security type=log ver=1.16.0
time="2025-10-21T10:05:29.154785-05:00" level=info msg="Enabled features: SchedulerReminders" app_id=order-orchestrator instance=Cassandras-MacBook-Pro.local scope=dapr.runtime type=log ver=1.16.0
time="2025-10-21T10:05:29.155033-05:00" level=info msg="metric spec: {\"enabled\":true}" app_id=order-orchestrator instance=Cassandras-MacBook-Pro.local scope=dapr.runtime.diagnostics type=log ver=1.16.0
time="2025-10-21T10:05:29.155057-05:00" level=info msg="Using default latency distribution buckets: [1 2 3 4 5 6 8 10 13 16 20 25 30 40 50 65 80 100 130 160 200 250 300 400 500 650 800 1000 2000 5000 10000 20000 50000 100000]" app_id=order-orchestrator instance=Cassandras-MacBook-Pro.local scope=dapr.runtime.diagnostics type=log ver=1.16.0
time="2025-10-21T10:05:29.155284-05:00" level=warning msg="The default value for 'spec.metric.http.increasedCardinality' will change to 'false' in Dapr 1.15 or later" app_id=order-orchestrator instance=Cassandras-MacBook-Pro.local scope=dapr.runtime.diagnostics type=log ver=1.16.0
time="2025-10-21T10:05:29.156938-05:00" level=info msg="standalone mode configured" app_id=order-orchestrator instance=Cassandras-MacBook-Pro.local scope=dapr.runtime type=log ver=1.16.0
time="2025-10-21T10:05:29.156956-05:00" level=info msg="app id: order-orchestrator" app_id=order-orchestrator instance=Cassandras-MacBook-Pro.local scope=dapr.runtime type=log ver=1.16.0
time="2025-10-21T10:05:29.158138-05:00" level=info msg="Dapr trace sampler initialized: ParentBased{root:AlwaysOnSampler,remoteParentSampled:AlwaysOnSampler,remoteParentNotSampled:AlwaysOffSampler,localParentSampled:AlwaysOnSampler,localParentNotSampled:AlwaysOffSampler}" app_id=order-orchestrator instance=Cassandras-MacBook-Pro.local scope=dapr.runtime type=log ver=1.16.0
time="2025-10-21T10:05:29.158143-05:00" level=info msg="metrics server started on 0.0.0.0:49403/" app_id=order-orchestrator instance=Cassandras-MacBook-Pro.local scope=dapr.runtime type=log ver=1.16.0
time="2025-10-21T10:05:29.161952-05:00" level=info msg="local service entry announced: order-orchestrator -> 192.168.1.125:49404" app_id=order-orchestrator component="nr (mdns/v1)" instance=Cassandras-MacBook-Pro.local scope=dapr.contrib type=log ver=1.16.0
time="2025-10-21T10:05:29.161992-05:00" level=info msg="Initialized name resolution to mdns" app_id=order-orchestrator instance=Cassandras-MacBook-Pro.local scope=dapr.runtime type=log ver=1.16.0
time="2025-10-21T10:05:29.164082-05:00" level=info msg="Loading components…" app_id=order-orchestrator instance=Cassandras-MacBook-Pro.local scope=dapr.runtime type=log ver=1.16.0
time="2025-10-21T10:05:29.167538-05:00" level=info msg="Waiting for all outstanding components to be processed…" app_id=order-orchestrator instance=Cassandras-MacBook-Pro.local scope=dapr.runtime type=log ver=1.16.0
time="2025-10-21T10:05:29.176948-05:00" level=info msg="Connected and received scheduler hosts addresses: [localhost:50006]" app_id=order-orchestrator instance=Cassandras-MacBook-Pro.local scope=dapr.runtime.scheduler.watchhosts type=log ver=1.16.0
time="2025-10-21T10:05:29.177032-05:00" level=info msg="Scheduler client initialized for address: localhost:50006" app_id=order-orchestrator instance=Cassandras-MacBook-Pro.local scope=dapr.runtime.scheduler.clients type=log ver=1.16.0
time="2025-10-21T10:05:29.177052-05:00" level=info msg="Scheduler clients initialized" app_id=order-orchestrator instance=Cassandras-MacBook-Pro.local scope=dapr.runtime.scheduler.clients type=log ver=1.16.0
time="2025-10-21T10:05:29.179338-05:00" level=info msg="Using 'statestore' as actor state store" app_id=order-orchestrator instance=Cassandras-MacBook-Pro.local scope=dapr.runtime.processor.state type=log ver=1.16.0
time="2025-10-21T10:05:29.179376-05:00" level=info msg="Component loaded: statestore (state.redis/v1)" app_id=order-orchestrator instance=Cassandras-MacBook-Pro.local scope=dapr.runtime.processor type=log ver=1.16.0
time="2025-10-21T10:05:29.179388-05:00" level=info msg="All outstanding components processed" app_id=order-orchestrator instance=Cassandras-MacBook-Pro.local scope=dapr.runtime type=log ver=1.16.0
time="2025-10-21T10:05:29.179396-05:00" level=info msg="Loading endpoints…" app_id=order-orchestrator instance=Cassandras-MacBook-Pro.local scope=dapr.runtime type=log ver=1.16.0
time="2025-10-21T10:05:29.179585-05:00" level=info msg="Waiting for all outstanding http endpoints to be processed…" app_id=order-orchestrator instance=Cassandras-MacBook-Pro.local scope=dapr.runtime type=log ver=1.16.0
time="2025-10-21T10:05:29.179613-05:00" level=info msg="All outstanding http endpoints processed" app_id=order-orchestrator instance=Cassandras-MacBook-Pro.local scope=dapr.runtime type=log ver=1.16.0
time="2025-10-21T10:05:29.179622-05:00" level=info msg="Loading Declarative Subscriptions…" app_id=order-orchestrator instance=Cassandras-MacBook-Pro.local scope=dapr.runtime type=log ver=1.16.0
time="2025-10-21T10:05:29.18009-05:00" level=info msg="gRPC server listening on TCP address: :50014" app_id=order-orchestrator instance=Cassandras-MacBook-Pro.local scope=dapr.runtime.grpc.api type=log ver=1.16.0
time="2025-10-21T10:05:29.180283-05:00" level=info msg="Enabled gRPC tracing middleware" app_id=order-orchestrator instance=Cassandras-MacBook-Pro.local scope=dapr.runtime.grpc.api type=log ver=1.16.0
time="2025-10-21T10:05:29.180291-05:00" level=info msg="Enabled gRPC metrics middleware" app_id=order-orchestrator instance=Cassandras-MacBook-Pro.local scope=dapr.runtime.grpc.api type=log ver=1.16.0
time="2025-10-21T10:05:29.180699-05:00" level=info msg="Registering workflow engine for gRPC endpoint: [::]:50014" app_id=order-orchestrator instance=Cassandras-MacBook-Pro.local scope=dapr.runtime.grpc.api type=log ver=1.16.0
time="2025-10-21T10:05:29.181373-05:00" level=info msg="API gRPC server is running on port 50014" app_id=order-orchestrator instance=Cassandras-MacBook-Pro.local scope=dapr.runtime type=log ver=1.16.0
time="2025-10-21T10:05:29.181774-05:00" level=warning msg="The default value for 'spec.metric.http.increasedCardinality' will change to 'false' in Dapr 1.15 or later" app_id=order-orchestrator instance=Cassandras-MacBook-Pro.local scope=dapr.runtime.http type=log ver=1.16.0
time="2025-10-21T10:05:29.182201-05:00" level=info msg="Enabled max body size HTTP middleware with size 4194304 bytes" app_id=order-orchestrator instance=Cassandras-MacBook-Pro.local scope=dapr.runtime.http type=log ver=1.16.0
time="2025-10-21T10:05:29.182209-05:00" level=info msg="Enabled tracing HTTP middleware" app_id=order-orchestrator instance=Cassandras-MacBook-Pro.local scope=dapr.runtime.http type=log ver=1.16.0
time="2025-10-21T10:05:29.182214-05:00" level=info msg="Enabled metrics HTTP middleware" app_id=order-orchestrator instance=Cassandras-MacBook-Pro.local scope=dapr.runtime.http type=log ver=1.16.0
time="2025-10-21T10:05:29.182411-05:00" level=info msg="HTTP server listening on TCP address: :3505" app_id=order-orchestrator instance=Cassandras-MacBook-Pro.local scope=dapr.runtime.http type=log ver=1.16.0
time="2025-10-21T10:05:29.182547-05:00" level=info msg="HTTP server is running on port 3505" app_id=order-orchestrator instance=Cassandras-MacBook-Pro.local scope=dapr.runtime type=log ver=1.16.0
time="2025-10-21T10:05:29.182558-05:00" level=info msg="The request body size parameter is: 4194304 bytes" app_id=order-orchestrator instance=Cassandras-MacBook-Pro.local scope=dapr.runtime type=log ver=1.16.0
time="2025-10-21T10:05:29.182594-05:00" level=info msg="gRPC server listening on TCP address: :49404" app_id=order-orchestrator instance=Cassandras-MacBook-Pro.local scope=dapr.runtime.grpc.internal type=log ver=1.16.0
time="2025-10-21T10:05:29.182603-05:00" level=info msg="Enabled gRPC tracing middleware" app_id=order-orchestrator instance=Cassandras-MacBook-Pro.local scope=dapr.runtime.grpc.internal type=log ver=1.16.0
time="2025-10-21T10:05:29.182609-05:00" level=info msg="Enabled gRPC metrics middleware" app_id=order-orchestrator instance=Cassandras-MacBook-Pro.local scope=dapr.runtime.grpc.internal type=log ver=1.16.0
time="2025-10-21T10:05:29.18263-05:00" level=info msg="Internal gRPC server is running on :49404" app_id=order-orchestrator instance=Cassandras-MacBook-Pro.local scope=dapr.runtime type=log ver=1.16.0
time="2025-10-21T10:05:29.182693-05:00" level=info msg="Using Scheduler service for reminders." app_id=order-orchestrator instance=Cassandras-MacBook-Pro.local scope=dapr.runtime.actor.reminders.scheduler type=log ver=1.16.0
time="2025-10-21T10:05:29.182715-05:00" level=info msg="application protocol: http. waiting on port 50001.  This will block until the app is listening on that port." app_id=order-orchestrator instance=Cassandras-MacBook-Pro.local scope=dapr.runtime type=log ver=1.16.0
time="2025-10-21T10:05:29.182736-05:00" level=info msg="Actor runtime started" app_id=order-orchestrator instance=Cassandras-MacBook-Pro.local scope=dapr.runtime.actor type=log ver=1.16.0
time="2025-10-21T10:05:29.18276-05:00" level=warning msg="Graceful shutdown timeout is infinite, will wait indefinitely to shutdown" app_id=order-orchestrator instance=Cassandras-MacBook-Pro.local scope=dapr.runtime.actor type=log ver=1.16.0
time="2025-10-21T10:05:29.183135-05:00" level=info msg="worker started with backend dapr.actors/v1" app_id=order-orchestrator instance=Cassandras-MacBook-Pro.local scope=dapr.wfengine.durabletask.backend type=log ver=1.16.0
time="2025-10-21T10:05:29.183404-05:00" level=info msg="Workflow engine started" app_id=order-orchestrator instance=Cassandras-MacBook-Pro.local scope=dapr.runtime.wfengine type=log ver=1.16.0
time="2025-10-21T10:05:29.55154-05:00" level=info msg="work item stream established by user-agent: [dapr-sdk-go/v1.13.0 grpc-go/1.73.0]" app_id=order-orchestrator instance=Cassandras-MacBook-Pro.local scope=dapr.runtime.wfengine type=log ver=1.16.0
time="2025-10-21T10:05:29.587067-05:00" level=info msg="application discovered on port 50001" app_id=order-orchestrator instance=Cassandras-MacBook-Pro.local scope=dapr.runtime type=log ver=1.16.0
time="2025-10-21T10:05:29.588772-05:00" level=info msg="Application configuration loaded" app_id=order-orchestrator instance=Cassandras-MacBook-Pro.local scope=dapr.runtime type=log ver=1.16.0
time="2025-10-21T10:05:29.589054-05:00" level=info msg="Registering hosted actors: []" app_id=order-orchestrator instance=Cassandras-MacBook-Pro.local scope=dapr.runtime.actor type=log ver=1.16.0
time="2025-10-21T10:05:29.589072-05:00" level=info msg="dapr initialized. Status: Running. Init Elapsed 432ms" app_id=order-orchestrator instance=Cassandras-MacBook-Pro.local scope=dapr.runtime type=log ver=1.16.0
time="2025-10-21T10:05:29.589251-05:00" level=info msg="Reporting actor types: [dapr.internal.default.order-orchestrator.workflow dapr.internal.default.order-orchestrator.activity]" app_id=order-orchestrator instance=Cassandras-MacBook-Pro.local scope=dapr.runtime.actors.placement type=log ver=1.16.0
time="2025-10-21T10:05:29.589418-05:00" level=info msg="Connected to placement localhost:50005" app_id=order-orchestrator instance=Cassandras-MacBook-Pro.local scope=dapr.runtime.actors.placement.client.connector.static type=log ver=1.16.0
time="2025-10-21T10:05:29.589785-05:00" level=info msg="Scheduler stream connected for [JOB_TARGET_TYPE_JOB]" app_id=order-orchestrator instance=Cassandras-MacBook-Pro.local scope=dapr.runtime.scheduler.cluster type=log ver=1.16.0
time="2025-10-21T10:05:29.589793-05:00" level=info msg="Scheduler stream connected for [JOB_TARGET_TYPE_JOB]" app_id=order-orchestrator instance=Cassandras-MacBook-Pro.local scope=dapr.runtime.scheduler.cluster type=log ver=1.16.0
time="2025-10-21T10:05:29.589797-05:00" level=info msg="Scheduler stream connected for [JOB_TARGET_TYPE_JOB]" app_id=order-orchestrator instance=Cassandras-MacBook-Pro.local scope=dapr.runtime.scheduler.cluster type=log ver=1.16.0
time="2025-10-21T10:05:29.591674-05:00" level=info msg="Connected to placement localhost:50005" app_id=order-orchestrator instance=Cassandras-MacBook-Pro.local scope=dapr.runtime.actors.placement.client type=log ver=1.16.0
Updating metadata for app command: go run .
Updating metadata for appPID: 44421
You're up and running! Dapr logs will appear here.

time="2025-10-21T10:05:34.698664-05:00" level=info msg="Placement tables updated, version: 112" app_id=order-orchestrator instance=Cassandras-MacBook-Pro.local scope=dapr.runtime.actors.placement type=log ver=1.16.0
time="2025-10-21T10:05:34.698846-05:00" level=info msg="Running actor reminder migration from state store to scheduler" app_id=order-orchestrator instance=Cassandras-MacBook-Pro.local scope=dapr.runtime.actors.reminders.migration type=log ver=1.16.0
time="2025-10-21T10:05:34.698975-05:00" level=info msg="Scheduler stream disconnected" app_id=order-orchestrator instance=Cassandras-MacBook-Pro.local scope=dapr.runtime.scheduler.cluster type=log ver=1.16.0
time="2025-10-21T10:05:34.698992-05:00" level=info msg="Scheduler stream disconnected" app_id=order-orchestrator instance=Cassandras-MacBook-Pro.local scope=dapr.runtime.scheduler.cluster type=log ver=1.16.0
time="2025-10-21T10:05:34.699012-05:00" level=info msg="Scheduler stream disconnected" app_id=order-orchestrator instance=Cassandras-MacBook-Pro.local scope=dapr.runtime.scheduler.cluster type=log ver=1.16.0
time="2025-10-21T10:05:34.699113-05:00" level=info msg="Scheduler stream connected for [JOB_TARGET_TYPE_JOB JOB_TARGET_TYPE_ACTOR_REMINDER]" app_id=order-orchestrator instance=Cassandras-MacBook-Pro.local scope=dapr.runtime.scheduler.cluster type=log ver=1.16.0
time="2025-10-21T10:05:34.699115-05:00" level=info msg="Scheduler stream connected for [JOB_TARGET_TYPE_JOB JOB_TARGET_TYPE_ACTOR_REMINDER]" app_id=order-orchestrator instance=Cassandras-MacBook-Pro.local scope=dapr.runtime.scheduler.cluster type=log ver=1.16.0
time="2025-10-21T10:05:34.699128-05:00" level=info msg="Scheduler stream connected for [JOB_TARGET_TYPE_JOB JOB_TARGET_TYPE_ACTOR_REMINDER]" app_id=order-orchestrator instance=Cassandras-MacBook-Pro.local scope=dapr.runtime.scheduler.cluster type=log ver=1.16.0
time="2025-10-21T10:05:34.70645-05:00" level=info msg="Skipping migration, no missing scheduler reminders found" app_id=order-orchestrator instance=Cassandras-MacBook-Pro.local scope=dapr.runtime.actors.reminders.migration type=log ver=1.16.0
time="2025-10-21T10:05:34.706506-05:00" level=info msg="Found 0 missing scheduler reminders from state store" app_id=order-orchestrator instance=Cassandras-MacBook-Pro.local scope=dapr.runtime.actors.reminders.migration type=log ver=1.16.0
time="2025-10-21T10:05:34.706532-05:00" level=info msg="Migrated 0 reminders from state store to scheduler successfully" app_id=order-orchestrator instance=Cassandras-MacBook-Pro.local scope=dapr.runtime.actors.reminders.migration type=log ver=1.16.0
time="2025-10-21T10:06:35.011097-05:00" level=warning msg="Redis does not support transaction rollbacks and should not be used in production as an actor state store." app_id=order-orchestrator component="statestore (state.redis/v1)" instance=Cassandras-MacBook-Pro.local scope=dapr.contrib type=log ver=1.16.0
time="2025-10-21T10:06:35.03354-05:00" level=info msg="ORDER-1761059195: starting new 'OrderProcessingWorkflow' instance with ID = 'ORDER-1761059195'." app_id=order-orchestrator instance=Cassandras-MacBook-Pro.local scope=dapr.wfengine.durabletask.backend type=log ver=1.16.0
time="2025-10-21T10:06:37.360545-05:00" level=info msg="ORDER-1761059195: 'OrderProcessingWorkflow' completed with a COMPLETED status." app_id=order-orchestrator instance=Cassandras-MacBook-Pro.local scope=dapr.wfengine.durabletask.backend type=log ver=1.16.0
time="2025-10-21T10:06:37.362616-05:00" level=info msg="Workflow Actor 'ORDER-1761059195': workflow completed with status 'ORCHESTRATION_STATUS_COMPLETED' workflowName 'OrderProcessingWorkflow'" app_id=order-orchestrator instance=Cassandras-MacBook-Pro.local scope=dapr.runtime.actors.targets.orchestrator type=log ver=1.16.0
time="2025-10-21T10:06:47.402228-05:00" level=info msg="Received signal 'interrupt'; beginning shutdown" app_id=order-orchestrator instance=Cassandras-MacBook-Pro.local scope=dapr.signals type=log ver=1.16.0

termination signal received: shutting down
time="2025-10-21T10:06:47.402669-05:00" level=info msg="work item stream closed" app_id=order-orchestrator instance=Cassandras-MacBook-Pro.local scope=dapr.runtime.wfengine type=log ver=1.16.0
time="2025-10-21T10:06:47.402475-05:00" level=info msg="backend stopping..." app_id=order-orchestrator instance=Cassandras-MacBook-Pro.local scope=dapr.wfengine.durabletask.backend type=log ver=1.16.0
time="2025-10-21T10:06:47.402723-05:00" level=info msg="workers stopping and draining..." app_id=order-orchestrator instance=Cassandras-MacBook-Pro.local scope=dapr.wfengine.durabletask.backend type=log ver=1.16.0
Exited Dapr successfully
Exited App successfully
